guest-module: name=failover source=/lib/modules/7.2.0-rc1-io-slots-nvme/kernel/net/core/failover.ko.xz vermagic=7.2.0-rc1-io-slots-nvme
guest-module: name=net_failover source=/lib/modules/7.2.0-rc1-io-slots-nvme/kernel/drivers/net/net_failover.ko.xz vermagic=7.2.0-rc1-io-slots-nvme
guest-module: name=virtio_net source=/lib/modules/7.2.0-rc1-io-slots-nvme/kernel/drivers/net/virtio_net.ko.xz vermagic=7.2.0-rc1-io-slots-nvme
guest-module: name=configfs source=/lib/modules/7.2.0-rc1-io-slots-nvme/kernel/fs/configfs/configfs.ko.xz vermagic=7.2.0-rc1-io-slots-nvme
guest-module: name=ib_core source=/lib/modules/7.2.0-rc1-io-slots-nvme/kernel/drivers/infiniband/core/ib_core.ko.xz vermagic=7.2.0-rc1-io-slots-nvme
guest-module: name=ib_uverbs_support source=/lib/modules/7.2.0-rc1-io-slots-nvme/kernel/drivers/infiniband/core/ib_uverbs_support.ko.xz vermagic=7.2.0-rc1-io-slots-nvme
guest-module: name=ib_uverbs source=/lib/modules/7.2.0-rc1-io-slots-nvme/kernel/drivers/infiniband/core/ib_uverbs.ko.xz vermagic=7.2.0-rc1-io-slots-nvme
guest-module: name=ib_cm source=/lib/modules/7.2.0-rc1-io-slots-nvme/kernel/drivers/infiniband/core/ib_cm.ko.xz vermagic=7.2.0-rc1-io-slots-nvme
guest-module: name=iw_cm source=/lib/modules/7.2.0-rc1-io-slots-nvme/kernel/drivers/infiniband/core/iw_cm.ko.xz vermagic=7.2.0-rc1-io-slots-nvme
guest-module: name=rdma_cm source=/lib/modules/7.2.0-rc1-io-slots-nvme/kernel/drivers/infiniband/core/rdma_cm.ko.xz vermagic=7.2.0-rc1-io-slots-nvme
guest-module: name=rdma_ucm source=/lib/modules/7.2.0-rc1-io-slots-nvme/kernel/drivers/infiniband/core/rdma_ucm.ko.xz vermagic=7.2.0-rc1-io-slots-nvme
guest-module: name=udp_tunnel source=/lib/modules/7.2.0-rc1-io-slots-nvme/kernel/net/ipv4/udp_tunnel.ko.xz vermagic=7.2.0-rc1-io-slots-nvme
guest-module: name=ip6_udp_tunnel source=/lib/modules/7.2.0-rc1-io-slots-nvme/kernel/net/ipv6/ip6_udp_tunnel.ko.xz vermagic=7.2.0-rc1-io-slots-nvme
guest-module: name=rdma_rxe source=/lib/modules/7.2.0-rc1-io-slots-nvme/kernel/drivers/infiniband/sw/rxe/rdma_rxe.ko.xz vermagic=7.2.0-rc1-io-slots-nvme
guest-module: name=psample source=/lib/modules/7.2.0-rc1-io-slots-nvme/kernel/net/psample/psample.ko.xz vermagic=7.2.0-rc1-io-slots-nvme
guest-module: name=llc source=/lib/modules/7.2.0-rc1-io-slots-nvme/kernel/net/llc/llc.ko.xz vermagic=7.2.0-rc1-io-slots-nvme
guest-module: name=stp source=/lib/modules/7.2.0-rc1-io-slots-nvme/kernel/net/802/stp.ko.xz vermagic=7.2.0-rc1-io-slots-nvme
guest-module: name=bridge source=/lib/modules/7.2.0-rc1-io-slots-nvme/kernel/net/bridge/bridge.ko.xz vermagic=7.2.0-rc1-io-slots-nvme
guest-module: name=netdevsim source=/lib/modules/7.2.0-rc1-io-slots-nvme/kernel/drivers/net/netdevsim/netdevsim.ko.xz vermagic=7.2.0-rc1-io-slots-nvme
guest-module: name=zcnblk_client_mod source=/home/rob/zcutils/kmods/zcnblk_client_mod.ko vermagic=7.2.0-rc1-io-slots-nvme
