CASE proto=udp size=14 cpu=96 rss=1 irq=96 busy_poll=50
sockperf: [2;35m== version #3.7-no.git == [0m
sockperf[CLIENT] send on:sockperf: using recvfrom() to block on socket(s)

[ 0] IP = 172.31.4.211    PORT = 11112 # UDP
sockperf: Warmup stage (sending a few dummy messages)...
sockperf: Starting test...
sockperf: Test end (interrupted by timer)
sockperf: Test ended
sockperf: [Total Run] RunTime=10.000 sec; Warm up time=400 msec; SentMessages=361716; ReceivedMessages=361715
sockperf: ========= Printing statistics for Server No: 0
sockperf: [Valid Duration] RunTime=10.000 sec; SentMessages=361715; ReceivedMessages=361715
sockperf: [2;35m====> avg-rtt=27.606 (std-dev=3.940)[0m
sockperf: # dropped messages = 0; # duplicated messages = 0; # out-of-order messages = 0
sockperf: Summary: Round trip is 27.606 usec
sockperf: [2;35mTotal 361715 observations[0m; each percentile contains 3617.15 observations
sockperf: ---> <MAX> observation =  668.403
sockperf: ---> percentile 99.999 =  324.756
sockperf: ---> percentile 99.990 =  261.084
sockperf: ---> percentile 99.900 =   35.580
sockperf: ---> percentile 99.000 =   30.749
sockperf: ---> percentile 90.000 =   28.748
sockperf: ---> percentile 75.000 =   28.032
sockperf: ---> percentile 50.000 =   27.381
sockperf: ---> percentile 25.000 =   26.885
sockperf: ---> <MIN> observation =   25.139
TIME voluntary=84 involuntary=47 cpu=81% elapCASE proto=udp size=4096 cpu=96 rss=1 irq=96 busy_poll=50
sed=12.26
sockperf: [2;35m== version #3.7-no.git == [0m
sockperf[CLIENT] send on:sockperf: using recvfrom() to block on socket(s)

[ 0] IP = 172.31.4.211    PORT = 11112 # UDP
sockperf: Warmup stage (sending a few dummy messages)...
sockperf: Starting test...
sockperf: Test end (interrupted by timer)
sockperf: Test ended
sockperf: [Total Run] RunTime=10.000 sec; Warm up time=400 msec; SentMessages=296683; ReceivedMessages=296682
sockperf: ========= Printing statistics for Server No: 0
sockperf: [Valid Duration] RunTime=10.000 sec; SentMessages=296682; ReceivedMessages=296682
sockperf: [2;35m====> avg-rtt=33.666 (std-dev=5.006)[0m
sockperf: # dropped messages = 0; # duplicated messages = 0; # out-of-order messages = 0
sockperf: Summary: Round trip is 33.666 usec
sockperf: [2;35mTotal 296682 observations[0m; each percentile contains 2966.82 observations
sockperf: ---> <MAX> observation =  608.099
sockperf: ---> percentile 99.999 =  349.590
sockperf: ---> percentile 99.990 =  261.137
sockperf: ---> percentile 99.900 =   54.353
sockperf: ---> percentile 99.000 =   47.762
sockperf: ---> percentile 90.000 =   34.581
sockperf: ---> percentile 75.000 =   33.808
sockperf: ---> percentile 50.000 =   33.115
sockperf: ---> percentile 25.000 =   32.500
sockperf: ---> <MIN> observation =   30.467
TIME voluCASE proto=tcp size=14 cpu=96 rss=1 irq=96 busy_poll=50
ntary=172 involuntary=800 cpu=81% elapsed=12.25
sockperf: [2;35m== version #3.7-no.git == [0m
sockperf[CLIENT] send on:sockperf: using recvfrom() to block on socket(s)

[ 0] IP = 172.31.4.211    PORT = 11111 # TCP
sockperf: Warmup stage (sending a few dummy messages)...
sockperf: Starting test...
sockperf: Test end (interrupted by timer)
sockperf: Test ended
sockperf: [Total Run] RunTime=10.000 sec; Warm up time=400 msec; SentMessages=353308; ReceivedMessages=353307
sockperf: ========= Printing statistics for Server No: 0
sockperf: [Valid Duration] RunTime=10.000 sec; SentMessages=353307; ReceivedMessages=353307
sockperf: [2;35m====> avg-rtt=28.264 (std-dev=3.191)[0m
sockperf: # dropped messages = 0; # duplicated messages = 0; # out-of-order messages = 0
sockperf: Summary: Round trip is 28.264 usec
sockperf: [2;35mTotal 353307 observations[0m; each percentile contains 3533.07 observations
sockperf: ---> <MAX> observation =  648.139
sockperf: ---> percentile 99.999 =  339.744
sockperf: ---> percentile 99.990 =  201.373
sockperf: ---> percentile 99.900 =   35.814
sockperf: ---> percentile 99.000 =   31.509
sockperf: ---> percentile 90.000 =   29.395
sockperf: ---> percentile 75.000 =   28.732
sockperf: ---> percentile 50.000 =   28.091
sockperf: ---> percentile 25.000 =   27.541
sockperf: ---> <MIN> observation =   25.649
CASE proto=tcp size=4096 cpu=96 rss=1 irq=96 busy_poll=50
TIME voluntary=69 involuntary=587 cpu=81% elapsed=12.26
sockperf: [2;35m== version #3.7-no.git == [0m
sockperf[CLIENT] send on:sockperf: using recvfrom() to block on socket(s)

[ 0] IP = 172.31.4.211    PORT = 11111 # TCP
sockperf: Warmup stage (sending a few dummy messages)...
sockperf: Starting test...
sockperf: Test end (interrupted by timer)
sockperf: Test ended
sockperf: [Total Run] RunTime=10.000 sec; Warm up time=400 msec; SentMessages=299038; ReceivedMessages=299037
sockperf: ========= Printing statistics for Server No: 0
sockperf: [Valid Duration] RunTime=10.000 sec; SentMessages=299037; ReceivedMessages=299037
sockperf: [2;35m====> avg-rtt=33.401 (std-dev=4.666)[0m
sockperf: # dropped messages = 0; # duplicated messages = 0; # out-of-order messages = 0
sockperf: Summary: Round trip is 33.401 usec
sockperf: [2;35mTotal 299037 observations[0m; each percentile contains 2990.37 observations
sockperf: ---> <MAX> observation =  621.534
sockperf: ---> percentile 99.999 =  340.960
sockperf: ---> percentile 99.990 =  261.142
sockperf: ---> percentile 99.900 =   53.709
sockperf: ---> percentile 99.000 =   47.935
sockperf: ---> percentile 90.000 =   34.173
sockperf: ---> percentile 75.000 =   33.474
sockperf: ---> percentile 50.000 =   32.882
sockperf: ---> percentile 25.000 =   32.333
sockperf: ---> <MIN> observation =   30.346
TIME voluntary=91 involuntary=232 cpu=81% elapsed=12.25
