zcnblk-send: addr=172.31.34.212 shard_count=1 base_port=19600 ports=64 connections_per_port=1 total_connections=64 bytes_per_connection=16777216 chunk_bytes=4096 workers=64 op_mode=mixed read_window=16 write_window=16 verify_reads=no wait_write_acks=yes batch_depth=16 payload_pattern=fill:0x00 source_ip=kernel-route source_ports=kernel-ephemeral latency=yes encryption=none aes_frame_bytes=65536
zcnblk-send-worker: affinity_index=0 target_cpu=64 status=ok
zcnblk-send-worker: affinity_index=1 target_cpu=160 status=ok
zcnblk-send-stream: worker=0 lane=0 port=19600 conn=0 shard=0 base_offset=0
PERF WARNING: zcnblk-send write_window=16 is below batch_depth(16) * fan_batch_window(16); this forces upstream-idle drains in fan WAL and keeps effective leaf batches smaller than the configured topology window
zcnblk-send-stream: worker=1 lane=1 port=19601 conn=0 shard=0 base_offset=16777216
zcnblk-send-worker: affinity_index=2 target_cpu=65 status=ok
zcnblk-send-worker: affinity_index=4 target_cpu=66 status=ok
zcnblk-send-worker: affinity_index=5 target_cpu=162 status=ok
zcnblk-send-stream: worker=2 lane=2 port=19602 conn=0 shard=0 base_offset=33554432
zcnblk-send-worker: affinity_index=3 target_cpu=161 status=ok
zcnblk-send-stream: worker=4 lane=4 port=19604 conn=0 shard=0 base_offset=67108864
zcnblk-send-worker: affinity_index=6 target_cpu=67 status=ok
zcnblk-send-stream: worker=5 lane=5 port=19605 conn=0 shard=0 base_offset=83886080
zcnblk-send-stream: worker=3 lane=3 port=19603 conn=0 shard=0 base_offset=50331648
zcnblk-send-stream: worker=6 lane=6 port=19606 conn=0 shard=0 base_offset=100663296
zcnblk-send-worker: affinity_index=7 target_cpu=163 status=ok
zcnblk-send-worker: affinity_index=10 target_cpu=69 status=ok
zcnblk-send-worker: affinity_index=8 target_cpu=68 status=ok
zcnblk-send-worker: affinity_index=9 target_cpu=164 status=ok
zcnblk-send-stream: worker=7 lane=7 port=19607 conn=0 shard=0 base_offset=117440512
zcnblk-send-stream: worker=10 lane=10 port=19610 conn=0 shard=0 base_offset=167772160
zcnblk-send-stream: worker=8 lane=8 port=19608 conn=0 shard=0 base_offset=134217728
zcnblk-send-worker: affinity_index=13 target_cpu=166 status=ok
zcnblk-send-stream: worker=9 lane=9 port=19609 conn=0 shard=0 base_offset=150994944
zcnblk-send-worker: affinity_index=14 target_cpu=71 status=ok
zcnblk-send-worker: affinity_index=12 target_cpu=70 status=ok
zcnblk-send-worker: affinity_index=11 target_cpu=165 status=ok
zcnblk-send-stream: worker=13 lane=13 port=19613 conn=0 shard=0 base_offset=218103808
zcnblk-send-stream: worker=14 lane=14 port=19614 conn=0 shard=0 base_offset=234881024
zcnblk-send-worker: affinity_index=16 target_cpu=72 status=ok
zcnblk-send-stream: worker=12 lane=12 port=19612 conn=0 shard=0 base_offset=201326592
zcnblk-send-worker: affinity_index=17 target_cpu=168 status=ok
zcnblk-send-worker: affinity_index=15 target_cpu=167 status=ok
zcnblk-send-stream: worker=11 lane=11 port=19611 conn=0 shard=0 base_offset=184549376
zcnblk-send-stream: worker=16 lane=16 port=19616 conn=0 shard=0 base_offset=268435456
zcnblk-send-stream: worker=17 lane=17 port=19617 conn=0 shard=0 base_offset=285212672
zcnblk-send-stream: worker=15 lane=15 port=19615 conn=0 shard=0 base_offset=251658240
zcnblk-send-worker: affinity_index=20 target_cpu=74 status=ok
zcnblk-send-worker: affinity_index=18 target_cpu=73 status=ok
zcnblk-send-worker: affinity_index=19 target_cpu=169 status=ok
zcnblk-send-stream: worker=20 lane=20 port=19620 conn=0 shard=0 base_offset=335544320
zcnblk-send-stream: worker=18 lane=18 port=19618 conn=0 shard=0 base_offset=301989888
zcnblk-send-stream: worker=19 lane=19 port=19619 conn=0 shard=0 base_offset=318767104
zcnblk-send-worker: affinity_index=21 target_cpu=170 status=ok
zcnblk-send-worker: affinity_index=22 target_cpu=75 status=ok
zcnblk-send-worker: affinity_index=24 target_cpu=76 status=ok
zcnblk-send-worker: affinity_index=23 target_cpu=171 status=ok
zcnblk-send-stream: worker=21 lane=21 port=19621 conn=0 shard=0 base_offset=352321536
zcnblk-send-stream: worker=22 lane=22 port=19622 conn=0 shard=0 base_offset=369098752
zcnblk-send-stream: worker=23 lane=23 port=19623 conn=0 shard=0 base_offset=385875968
zcnblk-send-stream: worker=24 lane=24 port=19624 conn=0 shard=0 base_offset=402653184
zcnblk-send-worker: affinity_index=25 target_cpu=172 status=ok
zcnblk-send-worker: affinity_index=26 target_cpu=77 status=ok
zcnblk-send-worker: affinity_index=27 target_cpu=173 status=ok
zcnblk-send-stream: worker=26 lane=26 port=19626 conn=0 shard=0 base_offset=436207616
zcnblk-send-stream: worker=25 lane=25 port=19625 conn=0 shard=0 base_offset=419430400
zcnblk-send-stream: worker=27 lane=27 port=19627 conn=0 shard=0 base_offset=452984832
zcnblk-send-worker: affinity_index=28 target_cpu=78 status=ok
zcnblk-send-worker: affinity_index=30 target_cpu=79 status=ok
zcnblk-send-stream: worker=28 lane=28 port=19628 conn=0 shard=0 base_offset=469762048
zcnblk-send-worker: affinity_index=29 target_cpu=174 status=ok
zcnblk-send-worker: affinity_index=31 target_cpu=175 status=ok
zcnblk-send-stream: worker=30 lane=30 port=19630 conn=0 shard=0 base_offset=503316480
zcnblk-send-worker: affinity_index=32 target_cpu=80 status=ok
zcnblk-send-stream: worker=29 lane=29 port=19629 conn=0 shard=0 base_offset=486539264
zcnblk-send-worker: affinity_index=33 target_cpu=176 status=ok
zcnblk-send-stream: worker=31 lane=31 port=19631 conn=0 shard=0 base_offset=520093696
zcnblk-send-worker: affinity_index=34 target_cpu=81 status=ok
zcnblk-send-stream: worker=32 lane=32 port=19632 conn=0 shard=0 base_offset=536870912
zcnblk-send-stream: worker=33 lane=33 port=19633 conn=0 shard=0 base_offset=553648128
zcnblk-send-worker: affinity_index=36 target_cpu=82 status=ok
zcnblk-send-stream: worker=34 lane=34 port=19634 conn=0 shard=0 base_offset=570425344
zcnblk-send-worker: affinity_index=35 target_cpu=177 status=ok
zcnblk-send-stream: worker=36 lane=36 port=19636 conn=0 shard=0 base_offset=603979776
zcnblk-send-worker: affinity_index=38 target_cpu=83 status=ok
zcnblk-send-worker: affinity_index=37 target_cpu=178 status=ok
zcnblk-send-stream: worker=35 lane=35 port=19635 conn=0 shard=0 base_offset=587202560
zcnblk-send-worker: affinity_index=39 target_cpu=179 status=ok
zcnblk-send-stream: worker=38 lane=38 port=19638 conn=0 shard=0 base_offset=637534208
zcnblk-send-worker: affinity_index=40 target_cpu=84 status=ok
zcnblk-send-stream: worker=37 lane=37 port=19637 conn=0 shard=0 base_offset=620756992
zcnblk-send-stream: worker=39 lane=39 port=19639 conn=0 shard=0 base_offset=654311424
zcnblk-send-stream: worker=40 lane=40 port=19640 conn=0 shard=0 base_offset=671088640
zcnblk-send-worker: affinity_index=41 target_cpu=180 status=ok
zcnblk-send-stream: worker=41 lane=41 port=19641 conn=0 shard=0 base_offset=687865856
zcnblk-send-worker: affinity_index=44 target_cpu=86 status=ok
zcnblk-send-worker: affinity_index=43 target_cpu=181 status=ok
zcnblk-send-worker: affinity_index=42 target_cpu=85 status=ok
zcnblk-send-stream: worker=44 lane=44 port=19644 conn=0 shard=0 base_offset=738197504
zcnblk-send-worker: affinity_index=46 target_cpu=87 status=ok
zcnblk-send-worker: affinity_index=45 target_cpu=182 status=ok
zcnblk-send-stream: worker=43 lane=43 port=19643 conn=0 shard=0 base_offset=721420288
zcnblk-send-stream: worker=42 lane=42 port=19642 conn=0 shard=0 base_offset=704643072
zcnblk-send-stream: worker=46 lane=46 port=19646 conn=0 shard=0 base_offset=771751936
zcnblk-send-worker: affinity_index=47 target_cpu=183 status=ok
zcnblk-send-stream: worker=45 lane=45 port=19645 conn=0 shard=0 base_offset=754974720
zcnblk-send-stream: worker=47 lane=47 port=19647 conn=0 shard=0 base_offset=788529152
zcnblk-send-worker: affinity_index=48 target_cpu=88 status=ok
zcnblk-send-worker: affinity_index=50 target_cpu=89 status=ok
zcnblk-send-stream: worker=50 lane=50 port=19650 conn=0 shard=0 base_offset=838860800
zcnblk-send-stream: worker=48 lane=48 port=19648 conn=0 shard=0 base_offset=805306368
zcnblk-send-worker: affinity_index=51 target_cpu=185 status=ok
zcnblk-send-worker: affinity_index=49 target_cpu=184 status=ok
zcnblk-send-stream: worker=51 lane=51 port=19651 conn=0 shard=0 base_offset=855638016
zcnblk-send-stream: worker=49 lane=49 port=19649 conn=0 shard=0 base_offset=822083584
zcnblk-send-worker: affinity_index=52 target_cpu=90 status=ok
zcnblk-send-worker: affinity_index=54 target_cpu=91 status=ok
zcnblk-send-worker: affinity_index=55 target_cpu=187 status=ok
zcnblk-send-stream: worker=52 lane=52 port=19652 conn=0 shard=0 base_offset=872415232
zcnblk-send-stream: worker=54 lane=54 port=19654 conn=0 shard=0 base_offset=905969664
zcnblk-send-worker: affinity_index=56 target_cpu=92 status=ok
zcnblk-send-stream: worker=55 lane=55 port=19655 conn=0 shard=0 base_offset=922746880
zcnblk-send-worker: affinity_index=57 target_cpu=188 status=ok
zcnblk-send-stream: worker=56 lane=56 port=19656 conn=0 shard=0 base_offset=939524096
zcnblk-send-worker: affinity_index=53 target_cpu=186 status=ok
zcnblk-send-worker: affinity_index=58 target_cpu=93 status=ok
zcnblk-send-stream: worker=57 lane=57 port=19657 conn=0 shard=0 base_offset=956301312
zcnblk-send-stream: worker=53 lane=53 port=19653 conn=0 shard=0 base_offset=889192448
zcnblk-send-stream: worker=58 lane=58 port=19658 conn=0 shard=0 base_offset=973078528
zcnblk-send-worker: affinity_index=60 target_cpu=94 status=ok
zcnblk-send-worker: affinity_index=59 target_cpu=189 status=ok
zcnblk-send-worker: affinity_index=61 target_cpu=190 status=ok
zcnblk-send-stream: worker=60 lane=60 port=19660 conn=0 shard=0 base_offset=1006632960
zcnblk-send-worker: affinity_index=62 target_cpu=95 status=ok
zcnblk-send-stream: worker=59 lane=59 port=19659 conn=0 shard=0 base_offset=989855744
zcnblk-send-worker: affinity_index=63 target_cpu=191 status=ok
zcnblk-send-stream: worker=61 lane=61 port=19661 conn=0 shard=0 base_offset=1023410176
zcnblk-send-stream: worker=62 lane=62 port=19662 conn=0 shard=0 base_offset=1040187392
zcnblk-send-stream: worker=63 lane=63 port=19663 conn=0 shard=0 base_offset=1056964608
zcnblk-send-worker: worker=0 streams=1 write_bytes=8388608 read_bytes=8388608 verified_read_bytes=0 read_checksum=0x0000000000000000 expected_checksum=0x0000000000000000 wire_bytes=17301504 frames=4096 read_frames=2048 write_frames=2048 frames_per_sec=5193 seconds=0.788708 logical_MiBps=20.29 target_cpu=64 affinity_applied=true
zcnblk-send-worker-latency: worker=0 write_ack_count=2048 write_ack_avg_ns=6135426 write_ack_min_ns=2593618 write_ack_p50_ns=7000000 write_ack_p95_ns=8000000 write_ack_p99_ns=9000000 write_ack_p999_ns=9000000 write_ack_max_ns=8659464 read_count=2048 read_avg_ns=6136727 read_min_ns=2789147 read_p50_ns=7000000 read_p95_ns=8000000 read_p99_ns=9000000 read_p999_ns=9000000 read_max_ns=8689937
zcnblk-send-worker: worker=1 streams=1 write_bytes=8388608 read_bytes=8388608 verified_read_bytes=0 read_checksum=0x0000000000000000 expected_checksum=0x0000000000000000 wire_bytes=17301504 frames=4096 read_frames=2048 write_frames=2048 frames_per_sec=3832 seconds=1.068905 logical_MiBps=14.97 target_cpu=160 affinity_applied=true
zcnblk-send-worker-latency: worker=1 write_ack_count=2048 write_ack_avg_ns=8319064 write_ack_min_ns=2428638 write_ack_p50_ns=9000000 write_ack_p95_ns=11000000 write_ack_p99_ns=12000000 write_ack_p999_ns=13000000 write_ack_max_ns=12430699 read_count=2048 read_avg_ns=8320976 read_min_ns=2767173 read_p50_ns=9000000 read_p95_ns=11000000 read_p99_ns=12000000 read_p999_ns=13000000 read_max_ns=12554488
zcnblk-send-worker: worker=2 streams=1 write_bytes=8388608 read_bytes=8388608 verified_read_bytes=0 read_checksum=0x0000000000000000 expected_checksum=0x0000000000000000 wire_bytes=17301504 frames=4096 read_frames=2048 write_frames=2048 frames_per_sec=4275 seconds=0.958194 logical_MiBps=16.70 target_cpu=65 affinity_applied=true
zcnblk-send-worker-latency: worker=2 write_ack_count=2048 write_ack_avg_ns=7452634 write_ack_min_ns=2423849 write_ack_p50_ns=8000000 write_ack_p95_ns=9000000 write_ack_p99_ns=9000000 write_ack_p999_ns=10000000 write_ack_max_ns=9373042 read_count=2048 read_avg_ns=7454665 read_min_ns=2907573 read_p50_ns=8000000 read_p95_ns=9000000 read_p99_ns=9000000 read_p999_ns=10000000 read_max_ns=9386367
zcnblk-send-worker: worker=3 streams=1 write_bytes=8388608 read_bytes=8388608 verified_read_bytes=0 read_checksum=0x0000000000000000 expected_checksum=0x0000000000000000 wire_bytes=17301504 frames=4096 read_frames=2048 write_frames=2048 frames_per_sec=4279 seconds=0.957256 logical_MiBps=16.71 target_cpu=161 affinity_applied=true
zcnblk-send-worker-latency: worker=3 write_ack_count=2048 write_ack_avg_ns=7445217 write_ack_min_ns=2456721 write_ack_p50_ns=8000000 write_ack_p95_ns=10000000 write_ack_p99_ns=11000000 write_ack_p999_ns=11000000 write_ack_max_ns=11121198 read_count=2048 read_avg_ns=7447690 read_min_ns=2758760 read_p50_ns=8000000 read_p95_ns=10000000 read_p99_ns=11000000 read_p999_ns=11000000 read_max_ns=11116159
zcnblk-send-worker: worker=4 streams=1 write_bytes=8388608 read_bytes=8388608 verified_read_bytes=0 read_checksum=0x0000000000000000 expected_checksum=0x0000000000000000 wire_bytes=17301504 frames=4096 read_frames=2048 write_frames=2048 frames_per_sec=4399 seconds=0.931027 logical_MiBps=17.19 target_cpu=66 affinity_applied=true
zcnblk-send-worker-latency: worker=4 write_ack_count=2048 write_ack_avg_ns=7233688 write_ack_min_ns=2519025 write_ack_p50_ns=8000000 write_ack_p95_ns=9000000 write_ack_p99_ns=10000000 write_ack_p999_ns=11000000 write_ack_max_ns=10510429 read_count=2048 read_avg_ns=7235461 read_min_ns=2939021 read_p50_ns=8000000 read_p95_ns=9000000 read_p99_ns=10000000 read_p999_ns=11000000 read_max_ns=10514924
zcnblk-send-worker: worker=5 streams=1 write_bytes=8388608 read_bytes=8388608 verified_read_bytes=0 read_checksum=0x0000000000000000 expected_checksum=0x0000000000000000 wire_bytes=17301504 frames=4096 read_frames=2048 write_frames=2048 frames_per_sec=4781 seconds=0.856711 logical_MiBps=18.68 target_cpu=162 affinity_applied=true
zcnblk-send-worker-latency: worker=5 write_ack_count=2048 write_ack_avg_ns=6669598 write_ack_min_ns=2650729 write_ack_p50_ns=7000000 write_ack_p95_ns=8000000 write_ack_p99_ns=8000000 write_ack_p999_ns=9000000 write_ack_max_ns=9523929 read_count=2048 read_avg_ns=6670639 read_min_ns=2898044 read_p50_ns=7000000 read_p95_ns=8000000 read_p99_ns=8000000 read_p999_ns=10000000 read_max_ns=9654354
zcnblk-send-worker: worker=6 streams=1 write_bytes=8388608 read_bytes=8388608 verified_read_bytes=0 read_checksum=0x0000000000000000 expected_checksum=0x0000000000000000 wire_bytes=17301504 frames=4096 read_frames=2048 write_frames=2048 frames_per_sec=4098 seconds=0.999416 logical_MiBps=16.01 target_cpu=67 affinity_applied=true
zcnblk-send-worker-latency: worker=6 write_ack_count=2048 write_ack_avg_ns=7774920 write_ack_min_ns=2638545 write_ack_p50_ns=8000000 write_ack_p95_ns=11000000 write_ack_p99_ns=11000000 write_ack_p999_ns=12000000 write_ack_max_ns=11461268 read_count=2048 read_avg_ns=7776907 read_min_ns=3023805 read_p50_ns=8000000 read_p95_ns=11000000 read_p99_ns=11000000 read_p999_ns=12000000 read_max_ns=11593168
zcnblk-send-worker: worker=7 streams=1 write_bytes=8388608 read_bytes=8388608 verified_read_bytes=0 read_checksum=0x0000000000000000 expected_checksum=0x0000000000000000 wire_bytes=17301504 frames=4096 read_frames=2048 write_frames=2048 frames_per_sec=5163 seconds=0.793298 logical_MiBps=20.17 target_cpu=163 affinity_applied=true
zcnblk-send-worker-latency: worker=7 write_ack_count=2048 write_ack_avg_ns=6168626 write_ack_min_ns=3028483 write_ack_p50_ns=7000000 write_ack_p95_ns=8000000 write_ack_p99_ns=8000000 write_ack_p999_ns=8000000 write_ack_max_ns=8206603 read_count=2048 read_avg_ns=6170151 read_min_ns=3210915 read_p50_ns=7000000 read_p95_ns=8000000 read_p99_ns=8000000 read_p999_ns=8000000 read_max_ns=8396956
zcnblk-send-worker: worker=8 streams=1 write_bytes=8388608 read_bytes=8388608 verified_read_bytes=0 read_checksum=0x0000000000000000 expected_checksum=0x0000000000000000 wire_bytes=17301504 frames=4096 read_frames=2048 write_frames=2048 frames_per_sec=5438 seconds=0.753212 logical_MiBps=21.24 target_cpu=68 affinity_applied=true
zcnblk-send-worker-latency: worker=8 write_ack_count=2048 write_ack_avg_ns=5863021 write_ack_min_ns=2652062 write_ack_p50_ns=6000000 write_ack_p95_ns=8000000 write_ack_p99_ns=9000000 write_ack_p999_ns=9000000 write_ack_max_ns=8903048 read_count=2048 read_avg_ns=5864123 read_min_ns=3205369 read_p50_ns=6000000 read_p95_ns=8000000 read_p99_ns=9000000 read_p999_ns=9000000 read_max_ns=8935948
zcnblk-send-worker: worker=9 streams=1 write_bytes=8388608 read_bytes=8388608 verified_read_bytes=0 read_checksum=0x0000000000000000 expected_checksum=0x0000000000000000 wire_bytes=17301504 frames=4096 read_frames=2048 write_frames=2048 frames_per_sec=4716 seconds=0.868546 logical_MiBps=18.42 target_cpu=164 affinity_applied=true
zcnblk-send-worker-latency: worker=9 write_ack_count=2048 write_ack_avg_ns=6754070 write_ack_min_ns=2719616 write_ack_p50_ns=8000000 write_ack_p95_ns=9000000 write_ack_p99_ns=9000000 write_ack_p999_ns=9000000 write_ack_max_ns=8726923 read_count=2048 read_avg_ns=6755984 read_min_ns=3112045 read_p50_ns=8000000 read_p95_ns=9000000 read_p99_ns=9000000 read_p999_ns=9000000 read_max_ns=8789627
zcnblk-send-worker: worker=10 streams=1 write_bytes=8388608 read_bytes=8388608 verified_read_bytes=0 read_checksum=0x0000000000000000 expected_checksum=0x0000000000000000 wire_bytes=17301504 frames=4096 read_frames=2048 write_frames=2048 frames_per_sec=4954 seconds=0.826818 logical_MiBps=19.35 target_cpu=69 affinity_applied=true
zcnblk-send-worker-latency: worker=10 write_ack_count=2048 write_ack_avg_ns=6429645 write_ack_min_ns=2717564 write_ack_p50_ns=7000000 write_ack_p95_ns=8000000 write_ack_p99_ns=9000000 write_ack_p999_ns=12000000 write_ack_max_ns=12507527 read_count=2048 read_avg_ns=6431818 read_min_ns=3276442 read_p50_ns=7000000 read_p95_ns=8000000 read_p99_ns=9000000 read_p999_ns=12000000 read_max_ns=12716362
zcnblk-send-worker: worker=11 streams=1 write_bytes=8388608 read_bytes=8388608 verified_read_bytes=0 read_checksum=0x0000000000000000 expected_checksum=0x0000000000000000 wire_bytes=17301504 frames=4096 read_frames=2048 write_frames=2048 frames_per_sec=4467 seconds=0.917049 logical_MiBps=17.45 target_cpu=165 affinity_applied=true
zcnblk-send-worker-latency: worker=11 write_ack_count=2048 write_ack_avg_ns=7124800 write_ack_min_ns=2780240 write_ack_p50_ns=8000000 write_ack_p95_ns=10000000 write_ack_p99_ns=10000000 write_ack_p999_ns=10000000 write_ack_max_ns=9804446 read_count=2048 read_avg_ns=7126944 read_min_ns=3032542 read_p50_ns=8000000 read_p95_ns=10000000 read_p99_ns=10000000 read_p999_ns=10000000 read_max_ns=9798113
zcnblk-send-worker: worker=12 streams=1 write_bytes=8388608 read_bytes=8388608 verified_read_bytes=0 read_checksum=0x0000000000000000 expected_checksum=0x0000000000000000 wire_bytes=17301504 frames=4096 read_frames=2048 write_frames=2048 frames_per_sec=3949 seconds=1.037322 logical_MiBps=15.42 target_cpu=70 affinity_applied=true
zcnblk-send-worker-latency: worker=12 write_ack_count=2048 write_ack_avg_ns=8080261 write_ack_min_ns=2904140 write_ack_p50_ns=9000000 write_ack_p95_ns=10000000 write_ack_p99_ns=12000000 write_ack_p999_ns=13000000 write_ack_max_ns=12714427 read_count=2048 read_avg_ns=8081982 read_min_ns=3195113 read_p50_ns=9000000 read_p95_ns=10000000 read_p99_ns=12000000 read_p999_ns=13000000 read_max_ns=12601034
zcnblk-send-worker: worker=13 streams=1 write_bytes=8388608 read_bytes=8388608 verified_read_bytes=0 read_checksum=0x0000000000000000 expected_checksum=0x0000000000000000 wire_bytes=17301504 frames=4096 read_frames=2048 write_frames=2048 frames_per_sec=5367 seconds=0.763126 logical_MiBps=20.97 target_cpu=166 affinity_applied=true
zcnblk-send-worker-latency: worker=13 write_ack_count=2048 write_ack_avg_ns=5936649 write_ack_min_ns=2849840 write_ack_p50_ns=6000000 write_ack_p95_ns=8000000 write_ack_p99_ns=9000000 write_ack_p999_ns=10000000 write_ack_max_ns=10685028 read_count=2048 read_avg_ns=5938467 read_min_ns=3503869 read_p50_ns=6000000 read_p95_ns=8000000 read_p99_ns=9000000 read_p999_ns=11000000 read_max_ns=10841907
zcnblk-send-worker: worker=14 streams=1 write_bytes=8388608 read_bytes=8388608 verified_read_bytes=0 read_checksum=0x0000000000000000 expected_checksum=0x0000000000000000 wire_bytes=17301504 frames=4096 read_frames=2048 write_frames=2048 frames_per_sec=4649 seconds=0.880986 logical_MiBps=18.16 target_cpu=71 affinity_applied=true
zcnblk-send-worker-latency: worker=14 write_ack_count=2048 write_ack_avg_ns=6849856 write_ack_min_ns=2978981 write_ack_p50_ns=7000000 write_ack_p95_ns=8000000 write_ack_p99_ns=9000000 write_ack_p999_ns=10000000 write_ack_max_ns=9316589 read_count=2048 read_avg_ns=6850929 read_min_ns=3351725 read_p50_ns=7000000 read_p95_ns=8000000 read_p99_ns=9000000 read_p999_ns=10000000 read_max_ns=9329532
zcnblk-send-worker: worker=15 streams=1 write_bytes=8388608 read_bytes=8388608 verified_read_bytes=0 read_checksum=0x0000000000000000 expected_checksum=0x0000000000000000 wire_bytes=17301504 frames=4096 read_frames=2048 write_frames=2048 frames_per_sec=5124 seconds=0.799300 logical_MiBps=20.02 target_cpu=167 affinity_applied=true
zcnblk-send-worker-latency: worker=15 write_ack_count=2048 write_ack_avg_ns=6221553 write_ack_min_ns=2965168 write_ack_p50_ns=7000000 write_ack_p95_ns=8000000 write_ack_p99_ns=8000000 write_ack_p999_ns=8000000 write_ack_max_ns=7968978 read_count=2048 read_avg_ns=6223282 read_min_ns=3350219 read_p50_ns=7000000 read_p95_ns=8000000 read_p99_ns=8000000 read_p999_ns=8000000 read_max_ns=8153668
zcnblk-send-worker: worker=16 streams=1 write_bytes=8388608 read_bytes=8388608 verified_read_bytes=0 read_checksum=0x0000000000000000 expected_checksum=0x0000000000000000 wire_bytes=17301504 frames=4096 read_frames=2048 write_frames=2048 frames_per_sec=4674 seconds=0.876340 logical_MiBps=18.26 target_cpu=72 affinity_applied=true
zcnblk-send-worker-latency: worker=16 write_ack_count=2048 write_ack_avg_ns=6819972 write_ack_min_ns=3138648 write_ack_p50_ns=7000000 write_ack_p95_ns=8000000 write_ack_p99_ns=9000000 write_ack_p999_ns=9000000 write_ack_max_ns=9077810 read_count=2048 read_avg_ns=6821338 read_min_ns=3447363 read_p50_ns=7000000 read_p95_ns=8000000 read_p99_ns=9000000 read_p999_ns=9000000 read_max_ns=9230114
zcnblk-send-worker: worker=17 streams=1 write_bytes=8388608 read_bytes=8388608 verified_read_bytes=0 read_checksum=0x0000000000000000 expected_checksum=0x0000000000000000 wire_bytes=17301504 frames=4096 read_frames=2048 write_frames=2048 frames_per_sec=4393 seconds=0.932348 logical_MiBps=17.16 target_cpu=168 affinity_applied=true
zcnblk-send-worker-latency: worker=17 write_ack_count=2048 write_ack_avg_ns=7243150 write_ack_min_ns=3050372 write_ack_p50_ns=8000000 write_ack_p95_ns=10000000 write_ack_p99_ns=11000000 write_ack_p999_ns=11000000 write_ack_max_ns=10879959 read_count=2048 read_avg_ns=7244962 read_min_ns=3468652 read_p50_ns=8000000 read_p95_ns=10000000 read_p99_ns=11000000 read_p999_ns=11000000 read_max_ns=10875352
zcnblk-send-worker: worker=18 streams=1 write_bytes=8388608 read_bytes=8388608 verified_read_bytes=0 read_checksum=0x0000000000000000 expected_checksum=0x0000000000000000 wire_bytes=17301504 frames=4096 read_frames=2048 write_frames=2048 frames_per_sec=4826 seconds=0.848809 logical_MiBps=18.85 target_cpu=73 affinity_applied=true
zcnblk-send-worker-latency: worker=18 write_ack_count=2048 write_ack_avg_ns=6604699 write_ack_min_ns=3161082 write_ack_p50_ns=7000000 write_ack_p95_ns=9000000 write_ack_p99_ns=11000000 write_ack_p999_ns=12000000 write_ack_max_ns=11048645 read_count=2048 read_avg_ns=6605757 read_min_ns=3596618 read_p50_ns=7000000 read_p95_ns=9000000 read_p99_ns=11000000 read_p999_ns=12000000 read_max_ns=11049112
zcnblk-send-worker: worker=19 streams=1 write_bytes=8388608 read_bytes=8388608 verified_read_bytes=0 read_checksum=0x0000000000000000 expected_checksum=0x0000000000000000 wire_bytes=17301504 frames=4096 read_frames=2048 write_frames=2048 frames_per_sec=4936 seconds=0.829797 logical_MiBps=19.28 target_cpu=169 affinity_applied=true
zcnblk-send-worker-latency: worker=19 write_ack_count=2048 write_ack_avg_ns=6453170 write_ack_min_ns=3248538 write_ack_p50_ns=7000000 write_ack_p95_ns=8000000 write_ack_p99_ns=9000000 write_ack_p999_ns=10000000 write_ack_max_ns=9966082 read_count=2048 read_avg_ns=6454587 read_min_ns=3691054 read_p50_ns=7000000 read_p95_ns=8000000 read_p99_ns=9000000 read_p999_ns=10000000 read_max_ns=10118172
zcnblk-send-worker: worker=20 streams=1 write_bytes=8388608 read_bytes=8388608 verified_read_bytes=0 read_checksum=0x0000000000000000 expected_checksum=0x0000000000000000 wire_bytes=17301504 frames=4096 read_frames=2048 write_frames=2048 frames_per_sec=5014 seconds=0.816946 logical_MiBps=19.59 target_cpu=74 affinity_applied=true
zcnblk-send-worker-latency: worker=20 write_ack_count=2048 write_ack_avg_ns=6355410 write_ack_min_ns=3136161 write_ack_p50_ns=7000000 write_ack_p95_ns=8000000 write_ack_p99_ns=9000000 write_ack_p999_ns=10000000 write_ack_max_ns=10921444 read_count=2048 read_avg_ns=6356474 read_min_ns=3788579 read_p50_ns=7000000 read_p95_ns=8000000 read_p99_ns=9000000 read_p999_ns=11000000 read_max_ns=11058203
zcnblk-send-worker: worker=21 streams=1 write_bytes=8388608 read_bytes=8388608 verified_read_bytes=0 read_checksum=0x0000000000000000 expected_checksum=0x0000000000000000 wire_bytes=17301504 frames=4096 read_frames=2048 write_frames=2048 frames_per_sec=3953 seconds=1.036241 logical_MiBps=15.44 target_cpu=170 affinity_applied=true
zcnblk-send-worker-latency: worker=21 write_ack_count=2048 write_ack_avg_ns=8057562 write_ack_min_ns=3330838 write_ack_p50_ns=8000000 write_ack_p95_ns=12000000 write_ack_p99_ns=13000000 write_ack_p999_ns=14000000 write_ack_max_ns=13905160 read_count=2048 read_avg_ns=8059080 read_min_ns=3713281 read_p50_ns=8000000 read_p95_ns=12000000 read_p99_ns=13000000 read_p999_ns=14000000 read_max_ns=13981630
zcnblk-send-worker: worker=22 streams=1 write_bytes=8388608 read_bytes=8388608 verified_read_bytes=0 read_checksum=0x0000000000000000 expected_checksum=0x0000000000000000 wire_bytes=17301504 frames=4096 read_frames=2048 write_frames=2048 frames_per_sec=3810 seconds=1.074978 logical_MiBps=14.88 target_cpu=75 affinity_applied=true
zcnblk-send-worker-latency: worker=22 write_ack_count=2048 write_ack_avg_ns=8364341 write_ack_min_ns=3414788 write_ack_p50_ns=9000000 write_ack_p95_ns=10000000 write_ack_p99_ns=12000000 write_ack_p999_ns=13000000 write_ack_max_ns=12311261 read_count=2048 read_avg_ns=8367316 read_min_ns=3794702 read_p50_ns=9000000 read_p95_ns=10000000 read_p99_ns=12000000 read_p999_ns=13000000 read_max_ns=12241501
zcnblk-send-worker: worker=23 streams=1 write_bytes=8388608 read_bytes=8388608 verified_read_bytes=0 read_checksum=0x0000000000000000 expected_checksum=0x0000000000000000 wire_bytes=17301504 frames=4096 read_frames=2048 write_frames=2048 frames_per_sec=4403 seconds=0.930333 logical_MiBps=17.20 target_cpu=171 affinity_applied=true
zcnblk-send-worker-latency: worker=23 write_ack_count=2048 write_ack_avg_ns=7229085 write_ack_min_ns=3602245 write_ack_p50_ns=8000000 write_ack_p95_ns=9000000 write_ack_p99_ns=10000000 write_ack_p999_ns=11000000 write_ack_max_ns=10391861 read_count=2048 read_avg_ns=7230405 read_min_ns=4152046 read_p50_ns=8000000 read_p95_ns=9000000 read_p99_ns=10000000 read_p999_ns=11000000 read_max_ns=10548742
zcnblk-send-worker: worker=24 streams=1 write_bytes=8388608 read_bytes=8388608 verified_read_bytes=0 read_checksum=0x0000000000000000 expected_checksum=0x0000000000000000 wire_bytes=17301504 frames=4096 read_frames=2048 write_frames=2048 frames_per_sec=4164 seconds=0.983708 logical_MiBps=16.26 target_cpu=76 affinity_applied=true
zcnblk-send-worker-latency: worker=24 write_ack_count=2048 write_ack_avg_ns=7648372 write_ack_min_ns=3395052 write_ack_p50_ns=8000000 write_ack_p95_ns=9000000 write_ack_p99_ns=10000000 write_ack_p999_ns=11000000 write_ack_max_ns=10336683 read_count=2048 read_avg_ns=7651407 read_min_ns=3886500 read_p50_ns=8000000 read_p95_ns=9000000 read_p99_ns=10000000 read_p999_ns=11000000 read_max_ns=10296471
zcnblk-send-worker: worker=25 streams=1 write_bytes=8388608 read_bytes=8388608 verified_read_bytes=0 read_checksum=0x0000000000000000 expected_checksum=0x0000000000000000 wire_bytes=17301504 frames=4096 read_frames=2048 write_frames=2048 frames_per_sec=4769 seconds=0.858834 logical_MiBps=18.63 target_cpu=172 affinity_applied=true
zcnblk-send-worker-latency: worker=25 write_ack_count=2048 write_ack_avg_ns=6682420 write_ack_min_ns=3554576 write_ack_p50_ns=7000000 write_ack_p95_ns=9000000 write_ack_p99_ns=9000000 write_ack_p999_ns=9000000 write_ack_max_ns=9107621 read_count=2048 read_avg_ns=6684052 read_min_ns=3996586 read_p50_ns=7000000 read_p95_ns=9000000 read_p99_ns=9000000 read_p999_ns=9000000 read_max_ns=9297057
zcnblk-send-worker: worker=26 streams=1 write_bytes=8388608 read_bytes=8388608 verified_read_bytes=0 read_checksum=0x0000000000000000 expected_checksum=0x0000000000000000 wire_bytes=17301504 frames=4096 read_frames=2048 write_frames=2048 frames_per_sec=5200 seconds=0.787691 logical_MiBps=20.31 target_cpu=77 affinity_applied=true
zcnblk-send-worker-latency: worker=26 write_ack_count=2048 write_ack_avg_ns=6127589 write_ack_min_ns=3618912 write_ack_p50_ns=7000000 write_ack_p95_ns=8000000 write_ack_p99_ns=9000000 write_ack_p999_ns=10000000 write_ack_max_ns=10074808 read_count=2048 read_avg_ns=6128651 read_min_ns=4084205 read_p50_ns=7000000 read_p95_ns=8000000 read_p99_ns=9000000 read_p999_ns=10000000 read_max_ns=10274497
zcnblk-send-worker: worker=27 streams=1 write_bytes=8388608 read_bytes=8388608 verified_read_bytes=0 read_checksum=0x0000000000000000 expected_checksum=0x0000000000000000 wire_bytes=17301504 frames=4096 read_frames=2048 write_frames=2048 frames_per_sec=4632 seconds=0.884200 logical_MiBps=18.10 target_cpu=173 affinity_applied=true
zcnblk-send-worker-latency: worker=27 write_ack_count=2048 write_ack_avg_ns=6877680 write_ack_min_ns=3646829 write_ack_p50_ns=7000000 write_ack_p95_ns=8000000 write_ack_p99_ns=9000000 write_ack_p999_ns=10000000 write_ack_max_ns=9108711 read_count=2048 read_avg_ns=6879673 read_min_ns=4076515 read_p50_ns=7000000 read_p95_ns=8000000 read_p99_ns=9000000 read_p999_ns=10000000 read_max_ns=9027766
zcnblk-send-worker: worker=28 streams=1 write_bytes=8388608 read_bytes=8388608 verified_read_bytes=0 read_checksum=0x0000000000000000 expected_checksum=0x0000000000000000 wire_bytes=17301504 frames=4096 read_frames=2048 write_frames=2048 frames_per_sec=4165 seconds=0.983393 logical_MiBps=16.27 target_cpu=78 affinity_applied=true
zcnblk-send-worker-latency: worker=28 write_ack_count=2048 write_ack_avg_ns=7642047 write_ack_min_ns=3729084 write_ack_p50_ns=8000000 write_ack_p95_ns=10000000 write_ack_p99_ns=12000000 write_ack_p999_ns=12000000 write_ack_max_ns=11968237 read_count=2048 read_avg_ns=7644184 read_min_ns=4175332 read_p50_ns=8000000 read_p95_ns=10000000 read_p99_ns=12000000 read_p999_ns=12000000 read_max_ns=11925707
zcnblk-send-worker: worker=29 streams=1 write_bytes=8388608 read_bytes=8388608 verified_read_bytes=0 read_checksum=0x0000000000000000 expected_checksum=0x0000000000000000 wire_bytes=17301504 frames=4096 read_frames=2048 write_frames=2048 frames_per_sec=4293 seconds=0.954149 logical_MiBps=16.77 target_cpu=174 affinity_applied=true
zcnblk-send-worker-latency: worker=29 write_ack_count=2048 write_ack_avg_ns=7411617 write_ack_min_ns=3806446 write_ack_p50_ns=8000000 write_ack_p95_ns=9000000 write_ack_p99_ns=11000000 write_ack_p999_ns=11000000 write_ack_max_ns=10679486 read_count=2048 read_avg_ns=7414503 read_min_ns=4294190 read_p50_ns=8000000 read_p95_ns=9000000 read_p99_ns=11000000 read_p999_ns=11000000 read_max_ns=10630586
zcnblk-send-worker: worker=30 streams=1 write_bytes=8388608 read_bytes=8388608 verified_read_bytes=0 read_checksum=0x0000000000000000 expected_checksum=0x0000000000000000 wire_bytes=17301504 frames=4096 read_frames=2048 write_frames=2048 frames_per_sec=5949 seconds=0.688536 logical_MiBps=23.24 target_cpu=79 affinity_applied=true
zcnblk-send-worker-latency: worker=30 write_ack_count=2048 write_ack_avg_ns=5357446 write_ack_min_ns=3743234 write_ack_p50_ns=6000000 write_ack_p95_ns=7000000 write_ack_p99_ns=7000000 write_ack_p999_ns=9000000 write_ack_max_ns=9222841 read_count=2048 read_avg_ns=5358509 read_min_ns=4333580 read_p50_ns=6000000 read_p95_ns=7000000 read_p99_ns=7000000 read_p999_ns=9000000 read_max_ns=9382328
zcnblk-send-worker: worker=31 streams=1 write_bytes=8388608 read_bytes=8388608 verified_read_bytes=0 read_checksum=0x0000000000000000 expected_checksum=0x0000000000000000 wire_bytes=17301504 frames=4096 read_frames=2048 write_frames=2048 frames_per_sec=3906 seconds=1.048512 logical_MiBps=15.26 target_cpu=175 affinity_applied=true
zcnblk-send-worker-latency: worker=31 write_ack_count=2048 write_ack_avg_ns=8166576 write_ack_min_ns=3855772 write_ack_p50_ns=9000000 write_ack_p95_ns=11000000 write_ack_p99_ns=12000000 write_ack_p999_ns=12000000 write_ack_max_ns=12232656 read_count=2048 read_avg_ns=8167854 read_min_ns=4379167 read_p50_ns=9000000 read_p95_ns=11000000 read_p99_ns=12000000 read_p999_ns=13000000 read_max_ns=12218035
zcnblk-send-worker: worker=32 streams=1 write_bytes=8388608 read_bytes=8388608 verified_read_bytes=0 read_checksum=0x0000000000000000 expected_checksum=0x0000000000000000 wire_bytes=17301504 frames=4096 read_frames=2048 write_frames=2048 frames_per_sec=4550 seconds=0.900154 logical_MiBps=17.77 target_cpu=80 affinity_applied=true
zcnblk-send-worker-latency: worker=32 write_ack_count=2048 write_ack_avg_ns=6999880 write_ack_min_ns=3908343 write_ack_p50_ns=7000000 write_ack_p95_ns=10000000 write_ack_p99_ns=10000000 write_ack_p999_ns=10000000 write_ack_max_ns=9970931 read_count=2048 read_avg_ns=7001724 read_min_ns=4567985 read_p50_ns=7000000 read_p95_ns=10000000 read_p99_ns=10000000 read_p999_ns=10000000 read_max_ns=10119331
zcnblk-send-worker: worker=33 streams=1 write_bytes=8388608 read_bytes=8388608 verified_read_bytes=0 read_checksum=0x0000000000000000 expected_checksum=0x0000000000000000 wire_bytes=17301504 frames=4096 read_frames=2048 write_frames=2048 frames_per_sec=4857 seconds=0.843349 logical_MiBps=18.97 target_cpu=176 affinity_applied=true
zcnblk-send-worker-latency: worker=33 write_ack_count=2048 write_ack_avg_ns=6558133 write_ack_min_ns=4116529 write_ack_p50_ns=7000000 write_ack_p95_ns=9000000 write_ack_p99_ns=9000000 write_ack_p999_ns=12000000 write_ack_max_ns=11758862 read_count=2048 read_avg_ns=6559907 read_min_ns=4685641 read_p50_ns=7000000 read_p95_ns=9000000 read_p99_ns=9000000 read_p999_ns=12000000 read_max_ns=11891376
zcnblk-send-worker: worker=34 streams=1 write_bytes=8388608 read_bytes=8388608 verified_read_bytes=0 read_checksum=0x0000000000000000 expected_checksum=0x0000000000000000 wire_bytes=17301504 frames=4096 read_frames=2048 write_frames=2048 frames_per_sec=4572 seconds=0.895879 logical_MiBps=17.86 target_cpu=81 affinity_applied=true
zcnblk-send-worker-latency: worker=34 write_ack_count=2048 write_ack_avg_ns=6964752 write_ack_min_ns=4015228 write_ack_p50_ns=7000000 write_ack_p95_ns=9000000 write_ack_p99_ns=10000000 write_ack_p999_ns=11000000 write_ack_max_ns=11027932 read_count=2048 read_avg_ns=6966688 read_min_ns=4468690 read_p50_ns=7000000 read_p95_ns=9000000 read_p99_ns=10000000 read_p999_ns=11000000 read_max_ns=11214936
zcnblk-send-worker: worker=35 streams=1 write_bytes=8388608 read_bytes=8388608 verified_read_bytes=0 read_checksum=0x0000000000000000 expected_checksum=0x0000000000000000 wire_bytes=17301504 frames=4096 read_frames=2048 write_frames=2048 frames_per_sec=4285 seconds=0.955930 logical_MiBps=16.74 target_cpu=177 affinity_applied=true
zcnblk-send-worker-latency: worker=35 write_ack_count=2048 write_ack_avg_ns=7447130 write_ack_min_ns=4202808 write_ack_p50_ns=8000000 write_ack_p95_ns=9000000 write_ack_p99_ns=10000000 write_ack_p999_ns=11000000 write_ack_max_ns=11155481 read_count=2048 read_avg_ns=7448553 read_min_ns=4950428 read_p50_ns=8000000 read_p95_ns=9000000 read_p99_ns=10000000 read_p999_ns=11000000 read_max_ns=11299170
zcnblk-send-worker: worker=36 streams=1 write_bytes=8388608 read_bytes=8388608 verified_read_bytes=0 read_checksum=0x0000000000000000 expected_checksum=0x0000000000000000 wire_bytes=17301504 frames=4096 read_frames=2048 write_frames=2048 frames_per_sec=4949 seconds=0.827577 logical_MiBps=19.33 target_cpu=82 affinity_applied=true
zcnblk-send-worker-latency: worker=36 write_ack_count=2048 write_ack_avg_ns=6430663 write_ack_min_ns=4139849 write_ack_p50_ns=7000000 write_ack_p95_ns=8000000 write_ack_p99_ns=9000000 write_ack_p999_ns=10000000 write_ack_max_ns=9819194 read_count=2048 read_avg_ns=6432822 read_min_ns=4830639 read_p50_ns=7000000 read_p95_ns=8000000 read_p99_ns=9000000 read_p999_ns=10000000 read_max_ns=10018430
zcnblk-send-worker: worker=37 streams=1 write_bytes=8388608 read_bytes=8388608 verified_read_bytes=0 read_checksum=0x0000000000000000 expected_checksum=0x0000000000000000 wire_bytes=17301504 frames=4096 read_frames=2048 write_frames=2048 frames_per_sec=3903 seconds=1.049359 logical_MiBps=15.25 target_cpu=178 affinity_applied=true
zcnblk-send-worker-latency: worker=37 write_ack_count=2048 write_ack_avg_ns=8169631 write_ack_min_ns=4192594 write_ack_p50_ns=9000000 write_ack_p95_ns=11000000 write_ack_p99_ns=12000000 write_ack_p999_ns=13000000 write_ack_max_ns=12222409 read_count=2048 read_avg_ns=8172103 read_min_ns=5182432 read_p50_ns=9000000 read_p95_ns=11000000 read_p99_ns=12000000 read_p999_ns=13000000 read_max_ns=12252414
zcnblk-send-worker: worker=38 streams=1 write_bytes=8388608 read_bytes=8388608 verified_read_bytes=0 read_checksum=0x0000000000000000 expected_checksum=0x0000000000000000 wire_bytes=17301504 frames=4096 read_frames=2048 write_frames=2048 frames_per_sec=4315 seconds=0.949256 logical_MiBps=16.86 target_cpu=83 affinity_applied=true
zcnblk-send-worker-latency: worker=38 write_ack_count=2048 write_ack_avg_ns=7382699 write_ack_min_ns=4293974 write_ack_p50_ns=8000000 write_ack_p95_ns=9000000 write_ack_p99_ns=11000000 write_ack_p999_ns=11000000 write_ack_max_ns=10594693 read_count=2048 read_avg_ns=7384589 read_min_ns=5129747 read_p50_ns=8000000 read_p95_ns=9000000 read_p99_ns=11000000 read_p999_ns=11000000 read_max_ns=10589551
zcnblk-send-worker: worker=39 streams=1 write_bytes=8388608 read_bytes=8388608 verified_read_bytes=0 read_checksum=0x0000000000000000 expected_checksum=0x0000000000000000 wire_bytes=17301504 frames=4096 read_frames=2048 write_frames=2048 frames_per_sec=4731 seconds=0.865845 logical_MiBps=18.48 target_cpu=179 affinity_applied=true
zcnblk-send-worker-latency: worker=39 write_ack_count=2048 write_ack_avg_ns=6735770 write_ack_min_ns=4544261 write_ack_p50_ns=7000000 write_ack_p95_ns=9000000 write_ack_p99_ns=10000000 write_ack_p999_ns=10000000 write_ack_max_ns=9963885 read_count=2048 read_avg_ns=6738023 read_min_ns=4569379 read_p50_ns=7000000 read_p95_ns=9000000 read_p99_ns=10000000 read_p999_ns=10000000 read_max_ns=10167554
zcnblk-send-worker: worker=40 streams=1 write_bytes=8388608 read_bytes=8388608 verified_read_bytes=0 read_checksum=0x0000000000000000 expected_checksum=0x0000000000000000 wire_bytes=17301504 frames=4096 read_frames=2048 write_frames=2048 frames_per_sec=4420 seconds=0.926675 logical_MiBps=17.27 target_cpu=84 affinity_applied=true
zcnblk-send-worker-latency: worker=40 write_ack_count=2048 write_ack_avg_ns=7216965 write_ack_min_ns=4407993 write_ack_p50_ns=8000000 write_ack_p95_ns=9000000 write_ack_p99_ns=10000000 write_ack_p999_ns=11000000 write_ack_max_ns=11230542 read_count=2048 read_avg_ns=7218670 read_min_ns=5367563 read_p50_ns=8000000 read_p95_ns=9000000 read_p99_ns=10000000 read_p999_ns=11000000 read_max_ns=11423302
zcnblk-send-worker: worker=41 streams=1 write_bytes=8388608 read_bytes=8388608 verified_read_bytes=0 read_checksum=0x0000000000000000 expected_checksum=0x0000000000000000 wire_bytes=17301504 frames=4096 read_frames=2048 write_frames=2048 frames_per_sec=4946 seconds=0.828201 logical_MiBps=19.32 target_cpu=180 affinity_applied=true
zcnblk-send-worker-latency: worker=41 write_ack_count=2048 write_ack_avg_ns=6446363 write_ack_min_ns=4621509 write_ack_p50_ns=7000000 write_ack_p95_ns=8000000 write_ack_p99_ns=9000000 write_ack_p999_ns=11000000 write_ack_max_ns=10872991 read_count=2048 read_avg_ns=6447685 read_min_ns=5233321 read_p50_ns=7000000 read_p95_ns=8000000 read_p99_ns=9000000 read_p999_ns=11000000 read_max_ns=11010850
zcnblk-send-worker: worker=42 streams=1 write_bytes=8388608 read_bytes=8388608 verified_read_bytes=0 read_checksum=0x0000000000000000 expected_checksum=0x0000000000000000 wire_bytes=17301504 frames=4096 read_frames=2048 write_frames=2048 frames_per_sec=4248 seconds=0.964303 logical_MiBps=16.59 target_cpu=85 affinity_applied=true
zcnblk-send-worker-latency: worker=42 write_ack_count=2048 write_ack_avg_ns=7503560 write_ack_min_ns=4669675 write_ack_p50_ns=8000000 write_ack_p95_ns=11000000 write_ack_p99_ns=11000000 write_ack_p999_ns=11000000 write_ack_max_ns=11160662 read_count=2048 read_avg_ns=7505642 read_min_ns=5041133 read_p50_ns=8000000 read_p95_ns=11000000 read_p99_ns=11000000 read_p999_ns=11000000 read_max_ns=11215575
zcnblk-send-worker: worker=43 streams=1 write_bytes=8388608 read_bytes=8388608 verified_read_bytes=0 read_checksum=0x0000000000000000 expected_checksum=0x0000000000000000 wire_bytes=17301504 frames=4096 read_frames=2048 write_frames=2048 frames_per_sec=4775 seconds=0.857853 logical_MiBps=18.65 target_cpu=181 affinity_applied=true
zcnblk-send-worker-latency: worker=43 write_ack_count=2048 write_ack_avg_ns=6679120 write_ack_min_ns=4593846 write_ack_p50_ns=7000000 write_ack_p95_ns=8000000 write_ack_p99_ns=9000000 write_ack_p999_ns=11000000 write_ack_max_ns=10747962 read_count=2048 read_avg_ns=6680330 read_min_ns=5509197 read_p50_ns=7000000 read_p95_ns=8000000 read_p99_ns=9000000 read_p999_ns=11000000 read_max_ns=10928517
zcnblk-send-worker: worker=44 streams=1 write_bytes=8388608 read_bytes=8388608 verified_read_bytes=0 read_checksum=0x0000000000000000 expected_checksum=0x0000000000000000 wire_bytes=17301504 frames=4096 read_frames=2048 write_frames=2048 frames_per_sec=4580 seconds=0.894355 logical_MiBps=17.89 target_cpu=86 affinity_applied=true
zcnblk-send-worker-latency: worker=44 write_ack_count=2048 write_ack_avg_ns=6956505 write_ack_min_ns=4810070 write_ack_p50_ns=7000000 write_ack_p95_ns=9000000 write_ack_p99_ns=9000000 write_ack_p999_ns=11000000 write_ack_max_ns=11590450 read_count=2048 read_avg_ns=6957586 read_min_ns=5588038 read_p50_ns=7000000 read_p95_ns=9000000 read_p99_ns=9000000 read_p999_ns=11000000 read_max_ns=11807447
zcnblk-send-worker: worker=45 streams=1 write_bytes=8388608 read_bytes=8388608 verified_read_bytes=0 read_checksum=0x0000000000000000 expected_checksum=0x0000000000000000 wire_bytes=17301504 frames=4096 read_frames=2048 write_frames=2048 frames_per_sec=4105 seconds=0.997890 logical_MiBps=16.03 target_cpu=182 affinity_applied=true
zcnblk-send-worker-latency: worker=45 write_ack_count=2048 write_ack_avg_ns=7768763 write_ack_min_ns=4890262 write_ack_p50_ns=8000000 write_ack_p95_ns=9000000 write_ack_p99_ns=10000000 write_ack_p999_ns=11000000 write_ack_max_ns=11429545 read_count=2048 read_avg_ns=7770218 read_min_ns=5892274 read_p50_ns=8000000 read_p95_ns=9000000 read_p99_ns=10000000 read_p999_ns=11000000 read_max_ns=11612461
zcnblk-send-worker: worker=46 streams=1 write_bytes=8388608 read_bytes=8388608 verified_read_bytes=0 read_checksum=0x0000000000000000 expected_checksum=0x0000000000000000 wire_bytes=17301504 frames=4096 read_frames=2048 write_frames=2048 frames_per_sec=4612 seconds=0.888056 logical_MiBps=18.02 target_cpu=87 affinity_applied=true
zcnblk-send-worker-latency: worker=46 write_ack_count=2048 write_ack_avg_ns=6911277 write_ack_min_ns=5158357 write_ack_p50_ns=7000000 write_ack_p95_ns=10000000 write_ack_p99_ns=11000000 write_ack_p999_ns=11000000 write_ack_max_ns=10701471 read_count=2048 read_avg_ns=6912720 read_min_ns=5160018 read_p50_ns=7000000 read_p95_ns=10000000 read_p99_ns=11000000 read_p999_ns=11000000 read_max_ns=10913263
zcnblk-send-worker: worker=47 streams=1 write_bytes=8388608 read_bytes=8388608 verified_read_bytes=0 read_checksum=0x0000000000000000 expected_checksum=0x0000000000000000 wire_bytes=17301504 frames=4096 read_frames=2048 write_frames=2048 frames_per_sec=4633 seconds=0.884102 logical_MiBps=18.10 target_cpu=183 affinity_applied=true
zcnblk-send-worker-latency: worker=47 write_ack_count=2048 write_ack_avg_ns=6879099 write_ack_min_ns=5064770 write_ack_p50_ns=7000000 write_ack_p95_ns=9000000 write_ack_p99_ns=9000000 write_ack_p999_ns=11000000 write_ack_max_ns=11507097 read_count=2048 read_avg_ns=6880760 read_min_ns=5223102 read_p50_ns=7000000 read_p95_ns=9000000 read_p99_ns=9000000 read_p999_ns=11000000 read_max_ns=11703043
zcnblk-send-worker: worker=48 streams=1 write_bytes=8388608 read_bytes=8388608 verified_read_bytes=0 read_checksum=0x0000000000000000 expected_checksum=0x0000000000000000 wire_bytes=17301504 frames=4096 read_frames=2048 write_frames=2048 frames_per_sec=5257 seconds=0.779153 logical_MiBps=20.54 target_cpu=88 affinity_applied=true
zcnblk-send-worker-latency: worker=48 write_ack_count=2048 write_ack_avg_ns=6062839 write_ack_min_ns=4961025 write_ack_p50_ns=6000000 write_ack_p95_ns=8000000 write_ack_p99_ns=8000000 write_ack_p999_ns=10000000 write_ack_max_ns=10377309 read_count=2048 read_avg_ns=6064245 read_min_ns=4941109 read_p50_ns=6000000 read_p95_ns=8000000 read_p99_ns=8000000 read_p999_ns=10000000 read_max_ns=10529682
zcnblk-send-worker: worker=49 streams=1 write_bytes=8388608 read_bytes=8388608 verified_read_bytes=0 read_checksum=0x0000000000000000 expected_checksum=0x0000000000000000 wire_bytes=17301504 frames=4096 read_frames=2048 write_frames=2048 frames_per_sec=4839 seconds=0.846519 logical_MiBps=18.90 target_cpu=184 affinity_applied=true
zcnblk-send-worker-latency: worker=49 write_ack_count=2048 write_ack_avg_ns=6592829 write_ack_min_ns=4937161 write_ack_p50_ns=7000000 write_ack_p95_ns=9000000 write_ack_p99_ns=10000000 write_ack_p999_ns=10000000 write_ack_max_ns=10555460 read_count=2048 read_avg_ns=6594107 read_min_ns=4892952 read_p50_ns=7000000 read_p95_ns=9000000 read_p99_ns=10000000 read_p999_ns=11000000 read_max_ns=10717104
zcnblk-send-worker: worker=50 streams=1 write_bytes=8388608 read_bytes=8388608 verified_read_bytes=0 read_checksum=0x0000000000000000 expected_checksum=0x0000000000000000 wire_bytes=17301504 frames=4096 read_frames=2048 write_frames=2048 frames_per_sec=3752 seconds=1.091550 logical_MiBps=14.66 target_cpu=89 affinity_applied=true
zcnblk-send-worker-latency: worker=50 write_ack_count=2048 write_ack_avg_ns=8494680 write_ack_min_ns=5369860 write_ack_p50_ns=9000000 write_ack_p95_ns=11000000 write_ack_p99_ns=12000000 write_ack_p999_ns=13000000 write_ack_max_ns=12966119 read_count=2048 read_avg_ns=8495767 read_min_ns=6175645 read_p50_ns=9000000 read_p95_ns=11000000 read_p99_ns=12000000 read_p999_ns=13000000 read_max_ns=12870393
zcnblk-send-worker: worker=51 streams=1 write_bytes=8388608 read_bytes=8388608 verified_read_bytes=0 read_checksum=0x0000000000000000 expected_checksum=0x0000000000000000 wire_bytes=17301504 frames=4096 read_frames=2048 write_frames=2048 frames_per_sec=4604 seconds=0.889645 logical_MiBps=17.98 target_cpu=185 affinity_applied=true
zcnblk-send-worker-latency: worker=51 write_ack_count=2048 write_ack_avg_ns=6919406 write_ack_min_ns=5318464 write_ack_p50_ns=7000000 write_ack_p95_ns=9000000 write_ack_p99_ns=11000000 write_ack_p999_ns=12000000 write_ack_max_ns=11404967 read_count=2048 read_avg_ns=6920495 read_min_ns=5315529 read_p50_ns=7000000 read_p95_ns=9000000 read_p99_ns=11000000 read_p999_ns=12000000 read_max_ns=11546362
zcnblk-send-worker: worker=52 streams=1 write_bytes=8388608 read_bytes=8388608 verified_read_bytes=0 read_checksum=0x0000000000000000 expected_checksum=0x0000000000000000 wire_bytes=17301504 frames=4096 read_frames=2048 write_frames=2048 frames_per_sec=4098 seconds=0.999537 logical_MiBps=16.01 target_cpu=90 affinity_applied=true
zcnblk-send-worker-latency: worker=52 write_ack_count=2048 write_ack_avg_ns=7779039 write_ack_min_ns=5529595 write_ack_p50_ns=8000000 write_ack_p95_ns=10000000 write_ack_p99_ns=11000000 write_ack_p999_ns=12000000 write_ack_max_ns=11489847 read_count=2048 read_avg_ns=7781144 read_min_ns=5532014 read_p50_ns=8000000 read_p95_ns=10000000 read_p99_ns=11000000 read_p999_ns=12000000 read_max_ns=11658815
zcnblk-send-worker: worker=53 streams=1 write_bytes=8388608 read_bytes=8388608 verified_read_bytes=0 read_checksum=0x0000000000000000 expected_checksum=0x0000000000000000 wire_bytes=17301504 frames=4096 read_frames=2048 write_frames=2048 frames_per_sec=4153 seconds=0.986241 logical_MiBps=16.22 target_cpu=186 affinity_applied=true
zcnblk-send-worker-latency: worker=53 write_ack_count=2048 write_ack_avg_ns=7657031 write_ack_min_ns=5232072 write_ack_p50_ns=8000000 write_ack_p95_ns=10000000 write_ack_p99_ns=13000000 write_ack_p999_ns=13000000 write_ack_max_ns=12416355 read_count=2048 read_avg_ns=7658723 read_min_ns=5211302 read_p50_ns=8000000 read_p95_ns=10000000 read_p99_ns=13000000 read_p999_ns=13000000 read_max_ns=12518761
zcnblk-send-worker: worker=54 streams=1 write_bytes=8388608 read_bytes=8388608 verified_read_bytes=0 read_checksum=0x0000000000000000 expected_checksum=0x0000000000000000 wire_bytes=17301504 frames=4096 read_frames=2048 write_frames=2048 frames_per_sec=4470 seconds=0.916399 logical_MiBps=17.46 target_cpu=91 affinity_applied=true
zcnblk-send-worker-latency: worker=54 write_ack_count=2048 write_ack_avg_ns=7127180 write_ack_min_ns=5447376 write_ack_p50_ns=8000000 write_ack_p95_ns=9000000 write_ack_p99_ns=10000000 write_ack_p999_ns=12000000 write_ack_max_ns=12772643 read_count=2048 read_avg_ns=7128261 read_min_ns=5458442 read_p50_ns=8000000 read_p95_ns=9000000 read_p99_ns=10000000 read_p999_ns=13000000 read_max_ns=12966618
zcnblk-send-worker: worker=55 streams=1 write_bytes=8388608 read_bytes=8388608 verified_read_bytes=0 read_checksum=0x0000000000000000 expected_checksum=0x0000000000000000 wire_bytes=17301504 frames=4096 read_frames=2048 write_frames=2048 frames_per_sec=4915 seconds=0.833447 logical_MiBps=19.20 target_cpu=187 affinity_applied=true
zcnblk-send-worker-latency: worker=55 write_ack_count=2048 write_ack_avg_ns=6486597 write_ack_min_ns=5230115 write_ack_p50_ns=7000000 write_ack_p95_ns=8000000 write_ack_p99_ns=8000000 write_ack_p999_ns=12000000 write_ack_max_ns=12064169 read_count=2048 read_avg_ns=6487691 read_min_ns=5256719 read_p50_ns=7000000 read_p95_ns=8000000 read_p99_ns=8000000 read_p999_ns=12000000 read_max_ns=12230457
zcnblk-send-worker: worker=56 streams=1 write_bytes=8388608 read_bytes=8388608 verified_read_bytes=0 read_checksum=0x0000000000000000 expected_checksum=0x0000000000000000 wire_bytes=17301504 frames=4096 read_frames=2048 write_frames=2048 frames_per_sec=5039 seconds=0.812886 logical_MiBps=19.68 target_cpu=92 affinity_applied=true
zcnblk-send-worker-latency: worker=56 write_ack_count=2048 write_ack_avg_ns=6332083 write_ack_min_ns=4448898 write_ack_p50_ns=7000000 write_ack_p95_ns=8000000 write_ack_p99_ns=9000000 write_ack_p999_ns=12000000 write_ack_max_ns=12652251 read_count=2048 read_avg_ns=6333178 read_min_ns=4447345 read_p50_ns=7000000 read_p95_ns=8000000 read_p99_ns=9000000 read_p999_ns=13000000 read_max_ns=12907538
zcnblk-send-worker: worker=57 streams=1 write_bytes=8388608 read_bytes=8388608 verified_read_bytes=0 read_checksum=0x0000000000000000 expected_checksum=0x0000000000000000 wire_bytes=17301504 frames=4096 read_frames=2048 write_frames=2048 frames_per_sec=4411 seconds=0.928577 logical_MiBps=17.23 target_cpu=188 affinity_applied=true
zcnblk-send-worker-latency: worker=57 write_ack_count=2048 write_ack_avg_ns=7211578 write_ack_min_ns=5308579 write_ack_p50_ns=7000000 write_ack_p95_ns=11000000 write_ack_p99_ns=12000000 write_ack_p999_ns=13000000 write_ack_max_ns=12945693 read_count=2048 read_avg_ns=7214044 read_min_ns=5299476 read_p50_ns=7000000 read_p95_ns=11000000 read_p99_ns=12000000 read_p999_ns=13000000 read_max_ns=13156515
zcnblk-send-worker: worker=58 streams=1 write_bytes=8388608 read_bytes=8388608 verified_read_bytes=0 read_checksum=0x0000000000000000 expected_checksum=0x0000000000000000 wire_bytes=17301504 frames=4096 read_frames=2048 write_frames=2048 frames_per_sec=5092 seconds=0.804405 logical_MiBps=19.89 target_cpu=93 affinity_applied=true
zcnblk-send-worker-latency: worker=58 write_ack_count=2048 write_ack_avg_ns=6264135 write_ack_min_ns=4944231 write_ack_p50_ns=7000000 write_ack_p95_ns=7000000 write_ack_p99_ns=8000000 write_ack_p999_ns=13000000 write_ack_max_ns=12814387 read_count=2048 read_avg_ns=6265506 read_min_ns=4939435 read_p50_ns=7000000 read_p95_ns=8000000 read_p99_ns=8000000 read_p999_ns=13000000 read_max_ns=13002856
zcnblk-send-worker: worker=59 streams=1 write_bytes=8388608 read_bytes=8388608 verified_read_bytes=0 read_checksum=0x0000000000000000 expected_checksum=0x0000000000000000 wire_bytes=17301504 frames=4096 read_frames=2048 write_frames=2048 frames_per_sec=5484 seconds=0.746958 logical_MiBps=21.42 target_cpu=189 affinity_applied=true
zcnblk-send-worker-latency: worker=59 write_ack_count=2048 write_ack_avg_ns=5811226 write_ack_min_ns=4842265 write_ack_p50_ns=6000000 write_ack_p95_ns=7000000 write_ack_p99_ns=7000000 write_ack_p999_ns=13000000 write_ack_max_ns=12811022 read_count=2048 read_avg_ns=5812918 read_min_ns=4845605 read_p50_ns=6000000 read_p95_ns=7000000 read_p99_ns=7000000 read_p999_ns=13000000 read_max_ns=12964568
zcnblk-send-worker: worker=60 streams=1 write_bytes=8388608 read_bytes=8388608 verified_read_bytes=0 read_checksum=0x0000000000000000 expected_checksum=0x0000000000000000 wire_bytes=17301504 frames=4096 read_frames=2048 write_frames=2048 frames_per_sec=4519 seconds=0.906458 logical_MiBps=17.65 target_cpu=94 affinity_applied=true
zcnblk-send-worker-latency: worker=60 write_ack_count=2048 write_ack_avg_ns=7042090 write_ack_min_ns=5423919 write_ack_p50_ns=7000000 write_ack_p95_ns=9000000 write_ack_p99_ns=10000000 write_ack_p999_ns=13000000 write_ack_max_ns=13437068 read_count=2048 read_avg_ns=7044151 read_min_ns=5420895 read_p50_ns=7000000 read_p95_ns=9000000 read_p99_ns=10000000 read_p999_ns=13000000 read_max_ns=13583450
zcnblk-send-worker: worker=61 streams=1 write_bytes=8388608 read_bytes=8388608 verified_read_bytes=0 read_checksum=0x0000000000000000 expected_checksum=0x0000000000000000 wire_bytes=17301504 frames=4096 read_frames=2048 write_frames=2048 frames_per_sec=4564 seconds=0.897548 logical_MiBps=17.83 target_cpu=190 affinity_applied=true
zcnblk-send-worker-latency: worker=61 write_ack_count=2048 write_ack_avg_ns=6975629 write_ack_min_ns=5230310 write_ack_p50_ns=7000000 write_ack_p95_ns=9000000 write_ack_p99_ns=10000000 write_ack_p999_ns=14000000 write_ack_max_ns=14840760 read_count=2048 read_avg_ns=6977611 read_min_ns=5225982 read_p50_ns=7000000 read_p95_ns=9000000 read_p99_ns=10000000 read_p999_ns=14000000 read_max_ns=15200805
zcnblk-send-worker: worker=62 streams=1 write_bytes=8388608 read_bytes=8388608 verified_read_bytes=0 read_checksum=0x0000000000000000 expected_checksum=0x0000000000000000 wire_bytes=17301504 frames=4096 read_frames=2048 write_frames=2048 frames_per_sec=4238 seconds=0.966427 logical_MiBps=16.56 target_cpu=95 affinity_applied=true
zcnblk-send-worker-latency: worker=62 write_ack_count=2048 write_ack_avg_ns=7509489 write_ack_min_ns=5224637 write_ack_p50_ns=8000000 write_ack_p95_ns=9000000 write_ack_p99_ns=10000000 write_ack_p999_ns=12000000 write_ack_max_ns=12587892 read_count=2048 read_avg_ns=7512021 read_min_ns=5210258 read_p50_ns=8000000 read_p95_ns=9000000 read_p99_ns=11000000 read_p999_ns=13000000 read_max_ns=12734732
zcnblk-send-worker: worker=63 streams=1 write_bytes=8388608 read_bytes=8388608 verified_read_bytes=0 read_checksum=0x0000000000000000 expected_checksum=0x0000000000000000 wire_bytes=17301504 frames=4096 read_frames=2048 write_frames=2048 frames_per_sec=4397 seconds=0.931516 logical_MiBps=17.18 target_cpu=191 affinity_applied=true
zcnblk-send-worker-latency: worker=63 write_ack_count=2048 write_ack_avg_ns=7244607 write_ack_min_ns=4997514 write_ack_p50_ns=8000000 write_ack_p95_ns=10000000 write_ack_p99_ns=11000000 write_ack_p999_ns=12000000 write_ack_max_ns=12324245 read_count=2048 read_avg_ns=7247228 read_min_ns=5012206 read_p50_ns=8000000 read_p95_ns=10000000 read_p99_ns=11000000 read_p999_ns=12000000 read_max_ns=12458380
zcnblk-send-summary: write_bytes=536870912 read_bytes=536870912 verified_read_bytes=0 read_checksum=0x0000000000000000 expected_checksum=0x0000000000000000 wire_bytes=1107296256 frames=262144 read_frames=131072 write_frames=131072 frames_per_sec=240158
zcnblk-send-latency-summary: write_ack_count=131072 write_ack_avg_ns=7000952 write_ack_min_ns=2423849 write_ack_p50_ns=7000000 write_ack_p95_ns=10000000 write_ack_p99_ns=11000000 write_ack_p999_ns=13000000 write_ack_max_ns=14840760 read_count=131072 read_avg_ns=7002666 read_min_ns=2758760 read_p50_ns=7000000 read_p95_ns=10000000 read_p99_ns=11000000 read_p999_ns=13000000 read_max_ns=15200805
zcnblk-send: bytes=1073741824 seconds=1.091550 GiBps=0.916 Gbitps=7.869
