source_head=c89137fa9d6810a92d20d394f4664a51724db92e
 M AGENTS.md
 M Cargo.toml
 M docs/cost-management-strategy.md
 M docs/ec2-c8gn-pair-wal-transport-benchmark.md
 M docs/ec2-forest-high-iops-runbook.md
 M docs/ec2-graviton-custom-kernel.md
 M docs/topology-aware-zero-copy-planner.md
 M docs/wal-extent-framing.md
 M docs/zcnblk-log-fanout-architecture.md
 M docs/zcnblk-wal-fan-topology.md
 M docs/zcutils-commands.md
 M kmods/zcnblk_client_mod.c
 M kmods/zcnblk_shm_abi.h
 M scripts/ec2-graviton-kernel-build.sh
 M scripts/zcnblk-shm-block-bench.sh
 M src/lib.rs
 M src/zcnblk_shm_target.rs
?? .zcworkload-test-retries.csv
?? bench-results/arm64-t4g-sendzc-lane-owned-20260711T1720Z/
?? bench-results/arm64-t4g-sendzc-lane-owned-long-20260711T1725Z/
?? bench-results/baremetal-wal-mirror-20260606T122836Z/
?? bench-results/baremetal-wal-mirror-b2048-20260606T122931Z/
?? bench-results/baremetal-wal-mirror-coalescedleaf-20260606T123940Z/
?? bench-results/baremetal-wal-mirror-noarena-16lane-20260606T123134Z/
?? bench-results/baremetal-wal-mirror-noarena-20260606T123039Z/
?? bench-results/baremetal-wal-mirror-noarena-noacks-20260606T123624Z/
?? bench-results/baremetal-wal-mirror-noarena-nolat-20260606T123543Z/
?? bench-results/cloud-owner-ingress-x48-20260712/
?? bench-results/cloud-owner-recovery-20260712T155342Z/
?? bench-results/cloud-readyorder-c7gn2-20260711/
?? bench-results/cloud-zc-shmwal-adhoc-c8gn16-20260711T111020Z/
?? bench-results/cloud-zcnblk-shm-c8gn4-20260711T094835Z/
?? bench-results/dirtycache-32lane-20260607T022545Z/
?? bench-results/dirtycache-32lane-arena-20260607T022830Z/
?? bench-results/dirtycache-32lane-arena-fixed-20260607T023543Z/
?? bench-results/dirtycache-32lane-earlycached-quick-20260607T033554Z/
?? bench-results/dirtycache-32lane-fastread-20260607T024521Z/
?? bench-results/dirtycache-32lane-insubmit-quick-20260607T034442Z/
?? bench-results/dirtycache-32lane-noack-fixed-20260607T032523Z/
?? bench-results/dirtycache-32lane-noack-fixed-quick-20260607T032928Z/
?? bench-results/dirtycache-64lane-b512-20260607T023013Z/
?? bench-results/dirtycache-smoke-20260607T022421Z/
?? bench-results/dualnic-real4k-20260712T154509Z/
?? bench-results/end-to-end-zcnblk-fan-zcmem-20260606T225456Z/
?? bench-results/end-to-end-zcnblk-fan-zcmem-20260606T225614Z/
?? bench-results/end-to-end-zcnblk-fan-zcmem-balanced-20260606T225818Z/
?? bench-results/fanwal-plan-20260608T224528Z/
?? bench-results/fanwal-plan-20260608T224551Z/
?? bench-results/iops-collapse-diagnosis-20260606T123401Z/
?? bench-results/latest-local-bridge-fanwal-wrsame.txt
?? bench-results/latest-local-readcache-cachethen-phase
?? bench-results/latest-local-readcache-cachethen-phase-4lane
?? bench-results/latest-local-readcache-cachethen-phase-4lane.txt
?? bench-results/latest-local-readcache-cachethen-phase.txt
?? bench-results/latest-local-readcache-cold-8lane-counted.txt
?? bench-results/latest-local-readcache-cold-counted.txt
?? bench-results/latest-local-readcache-cold-fixedleaf
?? bench-results/latest-local-readcache-cold-fixedleaf.txt
?? bench-results/latest-local-readcache-cold-lowat.txt
?? bench-results/latest-local-readcache-cold-recv-counted
?? bench-results/latest-local-readcache-cold-recv-counted.txt
?? bench-results/latest-local-readcache-cpu-accounting.txt
?? bench-results/latest-local-readcache-cpu-accounting2.txt
?? bench-results/latest-local-readcache-lanesplice-cpu.txt
?? bench-results/latest-local-readcache-rcvlowat-sweep.txt
?? bench-results/latest-local-readcache-recv-counted
?? bench-results/latest-local-readcache-recv-counted.txt
?? bench-results/latest-local-readcache-splice-instrument.txt
?? bench-results/latest-local-shmlease-lane-sweep.txt
?? bench-results/latest-local-shmlease-random-dirty-sweep.txt
?? bench-results/latest-local-shmlease-wrsame-sweep.txt
?? bench-results/local-async-lease-smoke-20260607T115823Z/
?? bench-results/local-asyncwriteback-20260607T093911Z/
?? bench-results/local-asyncwriteback-built-512m-20260607T094417Z/
?? bench-results/local-asyncwriteback-built-tight-20260607T094329Z/
?? bench-results/local-asyncwriteback-tight-20260607T094223Z/
?? bench-results/local-bridge-3lane-wrsame-20260708T135615Z.driver.log
?? bench-results/local-bridge-3lane-wrsame-20260708T135615Z/
?? bench-results/local-bridge-4lane-wrsame-20260708T135559Z.driver.log
?? bench-results/local-bridge-4lane-wrsame-20260708T135559Z/
?? bench-results/local-bridge-fanwal-wrsame-20260708T134936Z/
?? bench-results/local-bridge-ingress0-rep1-20260708T135223Z/
?? bench-results/local-bridge-ingress0-rep2-20260708T135257Z.driver.log
?? bench-results/local-bridge-ingress0-rep2-20260708T135257Z/
?? bench-results/local-bridge-ingress0-rep3-20260708T135259Z.driver.log
?? bench-results/local-bridge-ingress0-rep3-20260708T135259Z/
?? bench-results/local-bridge-ingress1-rep1-20260708T135224Z/
?? bench-results/local-bridge-ingress1-rep2-20260708T135258Z.driver.log
?? bench-results/local-bridge-ingress1-rep2-20260708T135258Z/
?? bench-results/local-bridge-ingress1-rep3-20260708T135300Z.driver.log
?? bench-results/local-bridge-ingress1-rep3-20260708T135300Z/
?? bench-results/local-copyacct-1lane-wrsame-20260609T003821Z/
?? bench-results/local-copyacct-3lane-wrsame-20260609T003831Z/
?? bench-results/local-dirty-budget-smoke-20260606T121816Z/
?? bench-results/local-dirtycache-arena-smoke-20260607T023343Z/
?? bench-results/local-dirtycache-copyledger-20260708T183605Z/
?? bench-results/local-dirtycache-fastread-smoke-20260607T024311Z/
?? bench-results/local-dirtycache-lanelocal-smoke-20260607T025434Z/
?? bench-results/local-fan-mixed-pipeline-admitack-20260606T193144Z/
?? bench-results/local-fan-mixed-pipeline-smoke-20260606T192707Z/
?? bench-results/local-fanwal-1k-mixed-diagnostic-20260711T221956Z/
?? bench-results/local-fanwal-2lane-async-immediate-512m-20260607T231109Z/
?? bench-results/local-fanwal-2lane-async-immediate-default-rwin-256m-20260607T231337Z/
?? bench-results/local-fanwal-2lane-async-immediate-rwin4096-512m-20260607T231146Z/
?? bench-results/local-fanwal-2lane-direct-512m-20260607T231108Z/
?? bench-results/local-fanwal-4lane-batchdepth-sweep-20260708T172508Z/
?? bench-results/local-fanwal-8lane-b512-20260708T172558Z/
?? bench-results/local-fanwal-8lane-defer-20260607T183240Z/
?? bench-results/local-fanwal-8lane-early-20260607T182642Z/
?? bench-results/local-fanwal-async-cap256k-leafheap-128m-20260607T220706Z/
?? bench-results/local-fanwal-async-cap8m-splicepipe8m-128m-20260607T220804Z/
?? bench-results/local-fanwal-async-heaplease-leafspin4096-maxreq256k-512m-20260607T230325Z/
?? bench-results/local-fanwal-async-heaplease-leafspin4096-maxreq256k-512m-20260607T230427Z/
?? bench-results/local-fanwal-async-immediate-asyncsplit-leafheap-leafspin4096-maxreq256k-512m-20260607T230650Z/
?? bench-results/local-fanwal-async-immediate-leafheap-leafspin4096-maxreq256k-512m-20260607T230553Z/
?? bench-results/local-fanwal-async-leafheap-leafspin4096-maxreq256k-512m-20260607T230511Z/
?? bench-results/local-fanwal-async-leafspin4096-512m-20260607T230039Z/
?? bench-results/local-fanwal-async-leafspin4096-512m-20260607T230136Z/
?? bench-results/local-fanwal-async-leafspin4096-maxreq256k-512m-20260607T230230Z/
?? bench-results/local-fanwal-async-merge-size-sweep-20260607T184628Z/
?? bench-results/local-fanwal-async-mergecap-4lane-b2048-leafcap64-mr960-20260607T174832Z/
?? bench-results/local-fanwal-async-mergecap-4lane-b2048-leafcap64-mr960-pinned-20260607T174923Z/
?? bench-results/local-fanwal-async-mergecap-4lane-b2048-leafcap64-mr960-splitcpu-20260607T175007Z/
?? bench-results/local-fanwal-async-mergecap-ingress-memfd-sweep-20260607T220556Z/
?? bench-results/local-fanwal-async-result-window-ab-20260607T184529Z/
?? bench-results/local-fanwal-async-wsr-livewait-20260607T190244Z/
?? bench-results/local-fanwal-async-wsr-strace-20260607T190334Z/
?? bench-results/local-fanwal-async-wsr-traceread-20260607T190712Z/
?? bench-results/local-fanwal-async-wsr-tracesync-20260607T190541Z/
?? bench-results/local-fanwal-batch-sweep-early-20260607T182535Z/
?? bench-results/local-fanwal-batchdepth-sweep-20260708T172348Z/
?? bench-results/local-fanwal-coldread-2mstripe-nossplice-zcleasemem-4lane-2m-spin-20260607T205834Z/
?? bench-results/local-fanwal-coldread-2mstripe-nossplice-zcleasemem-8lane-2m-spin-20260607T205924Z/
?? bench-results/local-fanwal-coldread-2mstripe-splice-pipe1m-zcleasemem-4lane-2m-spin-20260607T205730Z/
?? bench-results/local-fanwal-coldread-2mstripe-splice-zcleasemem-4lane-2m-spin-20260607T205538Z/
?? bench-results/local-fanwal-coldread-batchedleaf-greedy-zcleasemem-4lane-2m-spin-20260607T205450Z/
?? bench-results/local-fanwal-coldread-batchedleaf-splice-zcleasemem-4lane-2m-spin-20260607T205346Z/
?? bench-results/local-fanwal-coldread-emptycache-nomaterialize-4lane-2m-20260607T211042Z/
?? bench-results/local-fanwal-coldread-emptycache-nomaterialize-4lane-4m-20260607T211044Z/
?? bench-results/local-fanwal-coldread-emptycache-nomaterialize-4lane-8m-20260607T211047Z/
?? bench-results/local-fanwal-coldread-emptycachefast-4lane-2m-20260607T210907Z/
?? bench-results/local-fanwal-coldread-emptycachefast-4lane-4m-20260607T210909Z/
?? bench-results/local-fanwal-coldread-emptycachefast-4lane-8m-20260607T210913Z/
?? bench-results/local-fanwal-coldread-pipelined-readextents-4lane-2m-20260607T210614Z/
?? bench-results/local-fanwal-coldread-pipelined-readextents-4lane-4m-20260607T210650Z/
?? bench-results/local-fanwal-coldread-pipelined-readextents-4lane-8m-20260607T210654Z/
?? bench-results/local-fanwal-coldread-small-extent-256k-window16-20260607T211201Z/
?? bench-results/local-fanwal-coldread-small-extent-512k-window16-20260607T211158Z/
?? bench-results/local-fanwal-coldread-splice-zcleasemem-4lane-2m-spin-20260607T204801Z/
?? bench-results/local-fanwal-coldread-tiny-extent-128k-window16-20260607T211231Z/
?? bench-results/local-fanwal-coldread-tiny-extent-64k-window16-20260607T211234Z/
?? bench-results/local-fanwal-coldread-window-sweep-1m-window16-20260607T211126Z/
?? bench-results/local-fanwal-coldread-window-sweep-2m-window16-20260607T211123Z/
?? bench-results/local-fanwal-coldread-zcleasemem-4lane-2m-spin-20260607T204700Z/
?? bench-results/local-fanwal-compact-ab-20260607T181101Z/
?? bench-results/local-fanwal-compactext-physfront-b512-verify-20260607T180623Z/
?? bench-results/local-fanwal-compactext-physfront-b512-wrsame-verify-20260607T180707Z/
?? bench-results/local-fanwal-completed-range-zcleasemem-20260607T192405Z/
?? bench-results/local-fanwal-copyacct-smoke-20260708T174921Z/
?? bench-results/local-fanwal-copyacct-smoke-repeat-20260708T174946Z/
?? bench-results/local-fanwal-copyledger-split-20260708T194525Z-rep1/
?? bench-results/local-fanwal-copyledger-split-20260708T194525Z-rep2/
?? bench-results/local-fanwal-copyledger-split-20260708T194525Z-rep3/
?? bench-results/local-fanwal-copyledger-split-long-20260708T194608Z-rep1/
?? bench-results/local-fanwal-copyledger-split-long-20260708T194608Z-rep2/
?? bench-results/local-fanwal-defaults-b512-smoke-20260708T172827Z.driver.log
?? bench-results/local-fanwal-defaults-b512-smoke-20260708T172827Z/
?? bench-results/local-fanwal-defer-ab-20260607T183047Z/
?? bench-results/local-fanwal-defer-long-20260607T183149Z/
?? bench-results/local-fanwal-defer-noverify-20260607T183855Z/
?? bench-results/local-fanwal-defer-noverify-nodrain-20260607T184005Z/
?? bench-results/local-fanwal-defer-noverify-wait-20260607T183934Z/
?? bench-results/local-fanwal-defer-noverify-window-20260607T184039Z/
?? bench-results/local-fanwal-direct-ingress-memfd-leaflease-128m-20260607T221014Z/
?? bench-results/local-fanwal-earlyresp-ab-20260607T182422Z/
?? bench-results/local-fanwal-extent-1m-20260708T1935Z.driver.log
?? bench-results/local-fanwal-extent-1m-20260708T1935Z/
?? bench-results/local-fanwal-extent-4m-20260708T1935Z.driver.log
?? bench-results/local-fanwal-extent-4m-20260708T1935Z/
?? bench-results/local-fanwal-extent-8m-20260708T1935Z.driver.log
?? bench-results/local-fanwal-extent-8m-20260708T1935Z/
?? bench-results/local-fanwal-ingress-heap-baseline-20260708T1925Z.driver.log
?? bench-results/local-fanwal-ingress-heap-baseline-20260708T1925Z/
?? bench-results/local-fanwal-ingress-memfd-20260708T1925Z.driver.log
?? bench-results/local-fanwal-ingress-memfd-20260708T1925Z/
?? bench-results/local-fanwal-ingress-memfd-async-512m-20260607T220427Z/
?? bench-results/local-fanwal-ingress-memfd-async-noext-512m-20260607T220506Z/
?? bench-results/local-fanwal-ingress-memfd-coalesce1m-20260708T1925Z.driver.log
?? bench-results/local-fanwal-ingress-memfd-coalesce1m-20260708T1925Z/
?? bench-results/local-fanwal-ingress-memfd-direct-ab-20260607T220302Z/
?? bench-results/local-fanwal-ingress-memfd-direct-offset-smoke-20260607T220147Z/
?? bench-results/local-fanwal-ingress-memfd-direct-offset-smoke-20260607T220226Z/
?? bench-results/local-fanwal-ingress-memfd-direct-smoke-20260607T220111Z/
?? bench-results/local-fanwal-ingress-memfd-smoke-20260607T220029Z/
?? bench-results/local-fanwal-inline-runner-smoke-20260708T191022Z.driver.log
?? bench-results/local-fanwal-inline-runner-smoke-20260708T191022Z/
?? bench-results/local-fanwal-integrated-inline-20260708T190734Z.driver.log
?? bench-results/local-fanwal-integrated-inline-20260708T190734Z/
?? bench-results/local-fanwal-integrated-inline-noverify-20260708T190806Z.driver.log
?? bench-results/local-fanwal-integrated-inline-noverify-20260708T190806Z/
?? bench-results/local-fanwal-integrated-inline-upspin-20260708T190753Z.driver.log
?? bench-results/local-fanwal-integrated-inline-upspin-20260708T190753Z/
?? bench-results/local-fanwal-integrated-long-20260708T190138Z.driver.log
?? bench-results/local-fanwal-integrated-long-20260708T190138Z/
?? bench-results/local-fanwal-integrated-retake-20260708T190108Z-rep1.driver.log
?? bench-results/local-fanwal-integrated-retake-20260708T190108Z-rep1/
?? bench-results/local-fanwal-integrated-retake-20260708T190108Z-rep2.driver.log
?? bench-results/local-fanwal-integrated-retake-20260708T190108Z-rep2/
?? bench-results/local-fanwal-leafadaptive-default-512m-20260607T225450Z/
?? bench-results/local-fanwal-leafadaptive-min4096-512m-20260607T225452Z/
?? bench-results/local-fanwal-leafio-blocking-20260708T1945Z.driver.log
?? bench-results/local-fanwal-leafio-blocking-20260708T1945Z/
?? bench-results/local-fanwal-leafio-uring-hot-20260708T1945Z.driver.log
?? bench-results/local-fanwal-leafio-uring-hot-20260708T1945Z/
?? bench-results/local-fanwal-leafmedia-control-20260607T184735Z/
?? bench-results/local-fanwal-leafphase-split-direct-extents-128m-20260607T223818Z/
?? bench-results/local-fanwal-leafphase-split-direct-extents-128m-20260607T223908Z/
?? bench-results/local-fanwal-leafphase-split-direct-extents-1m-128m-20260607T223958Z/
?? bench-results/local-fanwal-leafphase-split-direct-extents-physsep-128m-20260607T224057Z/
?? bench-results/local-fanwal-leafphases-async-heap-cap256k-extents-128m-20260607T222453Z/
?? bench-results/local-fanwal-leafphases-async-heap-extents-128m-20260607T222345Z/
?? bench-results/local-fanwal-leafphases-async-memfd-cap256k-extents-128m-20260607T222518Z/
?? bench-results/local-fanwal-leafphases-direct-128m-20260607T222205Z/
?? bench-results/local-fanwal-leafphases-direct-extents-128m-20260607T222316Z/
?? bench-results/local-fanwal-leafphases-direct-extents-smoke-32m-20260607T222730Z/
?? bench-results/local-fanwal-leafspin-fanresult-senderspin4096-512m-20260607T225041Z/
?? bench-results/local-fanwal-leafspin-off-512m-20260607T224839Z/
?? bench-results/local-fanwal-leafspin-off-512m-20260607T224938Z/
?? bench-results/local-fanwal-leafspin-spin4096-512m-20260607T224940Z/
?? bench-results/local-fanwal-localleaf-4lane-8m-20260708T2005Z.driver.log
?? bench-results/local-fanwal-localleaf-4lane-8m-20260708T2005Z/
?? bench-results/local-fanwal-localleaf-4lane-8m-20260708T2015Z.driver.log
?? bench-results/local-fanwal-localleaf-4lane-8m-20260708T2015Z/
?? bench-results/local-fanwal-localleaf-4lane-8m-20260708T2030Z.driver.log
?? bench-results/local-fanwal-localleaf-4lane-8m-20260708T2030Z/
?? bench-results/local-fanwal-localleaf-4lane-8m-cleanmap-20260708T2045Z.driver.log
?? bench-results/local-fanwal-localleaf-4lane-8m-cleanmap-20260708T2045Z/
?? bench-results/local-fanwal-localleaf-4lane-8m-repeat-20260708T2040Z.driver.log
?? bench-results/local-fanwal-localleaf-4lane-8m-repeat-20260708T2040Z/
?? bench-results/local-fanwal-localleaf-4lane-hwm1-repeat-20260708T202513Z-rep1/
?? bench-results/local-fanwal-localleaf-4lane-hwm1-repeat-20260708T202514Z-rep2/
?? bench-results/local-fanwal-localleaf-4lane-hwm1-repeat-20260708T202515Z-rep3/
?? bench-results/local-fanwal-localleaf-6lane-8m-20260708T2005Z.driver.log
?? bench-results/local-fanwal-localleaf-6lane-8m-20260708T2005Z/
?? bench-results/local-fanwal-localleaf-6lane-8m-20260708T2015Z.driver.log
?? bench-results/local-fanwal-localleaf-6lane-8m-20260708T2015Z/
?? bench-results/local-fanwal-localleaf-6lane-8m-20260708T2030Z.driver.log
?? bench-results/local-fanwal-localleaf-6lane-8m-20260708T2030Z/
?? bench-results/local-fanwal-localleaf-8m-20260708T1955Z.driver.log
?? bench-results/local-fanwal-localleaf-8m-20260708T1955Z/
?? bench-results/local-fanwal-localleaf-hwm1-repeat-20260708T202441Z-rep1/
?? bench-results/local-fanwal-localleaf-hwm1-repeat-20260708T202442Z-rep2/
?? bench-results/local-fanwal-localleaf-hwm1-repeat-20260708T202443Z-rep3/
?? bench-results/local-fanwal-localleaf-inline-3lane-hwm1-repeat-20260708T202543Z-rep1/
?? bench-results/local-fanwal-localleaf-inline-3lane-hwm1-repeat-20260708T202543Z-rep2/
?? bench-results/local-fanwal-localleaf-inline-3lane-hwm1-repeat-20260708T202544Z-rep3/
?? bench-results/local-fanwal-logical-batch-counters-20260708T172111Z.driver.log
?? bench-results/local-fanwal-logical-batch-counters-20260708T172111Z/
?? bench-results/local-fanwal-memfd-coalesce-sweep-20260607T215105Z/
?? bench-results/local-fanwal-memfd-coalesced-ab-20260607T214832Z/
?? bench-results/local-fanwal-memfd-default-verify-20260607T215156Z/
?? bench-results/local-fanwal-phase-b2048-lanelocal-diagnostic-20260607T125311Z/
?? bench-results/local-fanwal-physfront-b512-verify-20260607T175352Z/
?? bench-results/local-fanwal-physfront-b512-verify-20260607T175428Z/
?? bench-results/local-fanwal-random-dirtycache-1lane-smoke-20260708T205735Z/
?? bench-results/local-fanwal-random-dirtycache-4lane-64m-batch2048-noverify-20260708T210943Z/
?? bench-results/local-fanwal-random-dirtycache-4lane-64m-batch2048-noverify-wm2048-20260708T210956Z/
?? bench-results/local-fanwal-random-dirtycache-4lane-64m-bulkverify-20260708T210634Z/
?? bench-results/local-fanwal-random-dirtycache-4lane-64m-nosplit-bulkverify-20260708T210919Z/
?? bench-results/local-fanwal-random-dirtycache-4lane-64m-nosplit-noverify-repeat-20260708T211009Z/
?? bench-results/local-fanwal-random-dirtycache-4lane-64m-nosplit-noverify-repeat2-20260708T211415Z/
?? bench-results/local-fanwal-random-dirtycache-4lane-64m-window256-20260708T205807Z/
?? bench-results/local-fanwal-random-dirtycache-4lane-64m-window8192-after-pairfix-20260708T205949Z/
?? bench-results/local-fanwal-random-dirtycache-4lane-64m-window8192-after-watermark-20260708T210333Z/
?? bench-results/local-fanwal-random-dirtycache-4lane-tiny-20260708T205750Z/
?? bench-results/local-fanwal-random-dirtycache-smoke-20260708T205539Z/
?? bench-results/local-fanwal-range-batch-sweep-20260607T192451Z/
?? bench-results/local-fanwal-range-chunked-4lane-b2048-leafcap64-20260607T174159Z/
?? bench-results/local-fanwal-range-off-4lane-20260607T173528Z/
?? bench-results/local-fanwal-range-on-4lane-20260607T173456Z/
?? bench-results/local-fanwal-range-on-4lane-b2048-20260607T173605Z/
?? bench-results/local-fanwal-range-on-4lane-b2048-leafcap64-20260607T173639Z/
?? bench-results/local-fanwal-readcache-extentshard-4lane-20260607T171948Z/
?? bench-results/local-fanwal-readcache-extentshard-8lane-20260607T172025Z/
?? bench-results/local-fanwal-readcache-extentshard-8lane-noverify-20260607T172127Z/
?? bench-results/local-fanwal-readcache-iovsend-8lane-noverify-20260607T172348Z/
?? bench-results/local-fanwal-readcache-localruns-20260607T171553Z/
?? bench-results/local-fanwal-readcache-localruns-4lane-20260607T171632Z/
?? bench-results/local-fanwal-readcache-observe-20260607T171123Z/
?? bench-results/local-fanwal-readpolicy-extent-1m-20260708T1915Z.driver.log
?? bench-results/local-fanwal-readpolicy-extent-1m-20260708T1915Z/
?? bench-results/local-fanwal-readpolicy-extent-20260708T1915Z.driver.log
?? bench-results/local-fanwal-readpolicy-extent-20260708T1915Z/
?? bench-results/local-fanwal-readpolicy-stripe-20260708T1915Z.driver.log
?? bench-results/local-fanwal-readpolicy-stripe-20260708T1915Z/
?? bench-results/local-fanwal-requestchunk-ab-20260607T181557Z/
?? bench-results/local-fanwal-requestchunk-clean-20260607T181733Z/
?? bench-results/local-fanwal-retained-cache-20260607T193049Z/
?? bench-results/local-fanwal-retained-cache-fastdrain-20260607T193519Z/
?? bench-results/local-fanwal-retained-cache-nocopywrite-20260607T193720Z/
?? bench-results/local-fanwal-rw-wsr-perf-2g-20260607T211458Z/
?? bench-results/local-fanwal-rw-wsr-verify-256m-20260607T211455Z/
?? bench-results/local-fanwal-spin-ab-20260607T181830Z/
?? bench-results/local-fanwal-spin-adaptive-min1-20260708T1900Z.driver.log
?? bench-results/local-fanwal-spin-adaptive-min1-20260708T1900Z/
?? bench-results/local-fanwal-spin-default-20260708T1900Z.driver.log
?? bench-results/local-fanwal-spin-default-20260708T1900Z/
?? bench-results/local-fanwal-spin-greedy4096-20260708T1900Z.driver.log
?? bench-results/local-fanwal-spin-greedy4096-20260708T1900Z/
?? bench-results/local-fanwal-spin-greedy4096-upspin-20260708T1900Z.driver.log
?? bench-results/local-fanwal-spin-greedy4096-upspin-20260708T1900Z/
?? bench-results/local-fanwal-splitcpu-b128-verify-20260607T175101Z/
?? bench-results/local-fanwal-splitcpu-b2048-noverify-fill-20260607T175204Z/
?? bench-results/local-fanwal-splitcpu-b512-verify-20260607T175102Z/
?? bench-results/local-fanwal-splitcpu-b512-verify-20260607T175141Z/
?? bench-results/local-fanwal-splitcpu-b512-verify-leafspin-20260607T175300Z/
?? bench-results/local-fanwal-tcp-batch-autowin-hwm1-copy-20260708T201622Z/
?? bench-results/local-fanwal-tcp-batch-hwm0-20260708T201201Z/
?? bench-results/local-fanwal-tcp-batch-hwm0-20260708T201224Z/
?? bench-results/local-fanwal-tcp-batch-hwm0-copy-20260708T201239Z/
?? bench-results/local-fanwal-tcp-batch-hwm1-copy-20260708T201249Z/
?? bench-results/local-fanwal-tcp-hwm0-20260708T201056Z/
?? bench-results/local-fanwal-tcp-hwm0-20260708T201132Z/
?? bench-results/local-fanwal-tcp-hwm1-20260708T201303Z/
?? bench-results/local-fanwal-tcp-hwm1-autowin-printcheck-20260708T202236Z/
?? bench-results/local-fanwal-tcp-hwm1-autowin-repeat-20260708T202115Z-rep1/
?? bench-results/local-fanwal-tcp-hwm1-autowin-repeat-20260708T202116Z-rep2/
?? bench-results/local-fanwal-tcp-hwm1-autowin-repeat-20260708T202117Z-rep3/
?? bench-results/local-fanwal-tcp-printline-tiny-20260708T202344Z/
?? bench-results/local-fanwal-transport-field-smoke-20260708T173509Z.driver.log
?? bench-results/local-fanwal-transport-field-smoke-20260708T173509Z/
?? bench-results/local-fanwal-uninitrecv-ab-20260607T182042Z/
?? bench-results/local-fanwal-upstream-readextents-lease-smoke-20260607T195853Z/
?? bench-results/local-fanwal-upstream-readextents-smoke-20260607T195438Z/
?? bench-results/local-fanwal-upstream-readextents-smoke-20260607T195637Z/
?? bench-results/local-fanwal-upstream-readwrite-extents-16m-uninit-spin-20260607T200559Z/
?? bench-results/local-fanwal-upstream-readwrite-extents-8lane-2m-spin-20260607T200656Z/
?? bench-results/local-fanwal-upstream-readwrite-extents-bulkdefer-4lane-2m-spin-20260607T201319Z/
?? bench-results/local-fanwal-upstream-readwrite-extents-directmemfd-zcleasemem-4lane-2m-spin-20260607T204551Z/
?? bench-results/local-fanwal-upstream-readwrite-extents-fastdrain-20260607T200331Z/
?? bench-results/local-fanwal-upstream-readwrite-extents-fastdrain-spin-long-20260607T200457Z/
?? bench-results/local-fanwal-upstream-readwrite-extents-memfd-zcleasemem-4lane-2m-spin-20260607T202951Z/
?? bench-results/local-fanwal-upstream-readwrite-extents-memfd-zcleasemem-4lane-2m-spin-20260607T203050Z/
?? bench-results/local-fanwal-upstream-readwrite-extents-mergefix-4lane-2m-merge5ms-20260607T201025Z/
?? bench-results/local-fanwal-upstream-readwrite-extents-mergefix-4lane-2m-spin-20260607T200915Z/
?? bench-results/local-fanwal-upstream-readwrite-extents-nodefer-4lane-2m-spin-20260607T201425Z/
?? bench-results/local-fanwal-upstream-readwrite-extents-nodefer-uninit-4lane-2m-spin-20260607T201527Z/
?? bench-results/local-fanwal-upstream-readwrite-extents-nodefer-zcdevnull-4lane-2m-spin-20260607T201759Z/
?? bench-results/local-fanwal-upstream-write-extents-async-perf-20260607T194345Z/
?? bench-results/local-fanwal-upstream-write-extents-async-smoke-20260607T194310Z/
?? bench-results/local-fanwal-upstream-write-extents-sendspin-20260607T194615Z/
?? bench-results/local-fanwal-upstream-write-extents-smoke-20260607T194126Z/
?? bench-results/local-fanwal-upstream-write-extents-sweep-20260607T194433Z/
?? bench-results/local-fanwal-vs-shm-20260708T1815Z.driver.log
?? bench-results/local-fanwal-vs-shm-20260708T1815Z/
?? bench-results/local-fanwal-vs-shm-3lane-20260708T1815Z.driver.log
?? bench-results/local-fanwal-vs-shm-3lane-20260708T1815Z/
?? bench-results/local-fanwal-vs-shm-3lane-leasefix-20260708T1830Z.driver.log
?? bench-results/local-fanwal-vs-shm-3lane-leasefix-20260708T1830Z/
?? bench-results/local-fanwal-vs-shm-3lane-leasefix-repeat-20260708T1835Z.driver.log
?? bench-results/local-fanwal-vs-shm-3lane-leasefix-repeat-20260708T1835Z/
?? bench-results/local-fanwal-wsr-dirtyextent-fastpath-8m-4lane-256k-20260607T213140Z/
?? bench-results/local-fanwal-wsr-dirtymode-memfd-fill-20260607T211550Z/
?? bench-results/local-fanwal-wsr-dirtymode-normal-fill-20260607T211546Z/
?? bench-results/local-fanwal-wsr-leafmedia-fixed-20260607T190959Z/
?? bench-results/local-fanwal-wsr-merge-sweep-16m-4lane-256k-20260607T212909Z/
?? bench-results/local-fanwal-wsr-merge-sweep-32m-4lane-256k-20260607T212911Z/
?? bench-results/local-fanwal-wsr-merge64m-result256-4lane-256k-20260607T212642Z/
?? bench-results/local-fanwal-wsr-merge64m-result256-4lane-256k-20260607T212734Z/
?? bench-results/local-fanwal-wsr-nodefer-8m-4lane-256k-20260607T212828Z/
?? bench-results/local-fanwal-wsr-uninitrecv-8m-4lane-256k-20260607T213246Z/
?? bench-results/local-fanwal-zcleasemem-async-wsr-fixed-20260607T190909Z/
?? bench-results/local-fanwal-zcleasemem-conformance-20260607T185206Z/
?? bench-results/local-fanwal-zcleasemem-conformance-20260607T185402Z/
?? bench-results/local-fanwal-zcleasemem-conformance-noack-20260607T185735Z/
?? bench-results/local-fanwal-zcleasemem-conformance-noack-batched-20260607T185926Z/
?? bench-results/local-fanwal-zcleasemem-conformance-syncwb-batched-20260607T190100Z/
?? bench-results/local-fanwal-zcleasemem-lease-read-perf-20260607T191255Z/
?? bench-results/local-fanwal-zcleasemem-lease-read-verify-20260607T191219Z/
?? bench-results/local-fanwal-zcleasemem-memfd-ab-20260607T214245Z/
?? bench-results/local-fanwal-zcleasemem-memfd-smoke-20260607T214206Z/
?? bench-results/local-fanwal-zcleasemem-splice-perf-20260607T191802Z/
?? bench-results/local-fanwal-zcleasemem-splice-verify-20260607T191730Z/
?? bench-results/local-fanwal-zcmem-async-wsr-batched-20260607T190143Z/
?? bench-results/local-fanwal-zipper-lease-20260607T192825Z/
?? bench-results/local-ofi-direct-2lane-w64-64m-20260606T132728Z/
?? bench-results/local-ofi-multitail-relay-1lane-20260606T125547Z/
?? bench-results/local-ofi-multitail-relay-20260606T125417Z/
?? bench-results/local-ofi-multitail-relay-2lane-20260606T125621Z/
?? bench-results/local-ofi-multitail-relay-2lane-branchpost-w64-64m-20260606T132624Z/
?? bench-results/local-ofi-multitail-relay-2lane-bulk-noack-20260606T125647Z/
?? bench-results/local-ofi-multitail-relay-2lane-fastheaders-w64-64m-20260606T132658Z/
?? bench-results/local-ofi-multitail-relay-2lane-finaldefault-w64-64m-20260606T132911Z/
?? bench-results/local-ofi-multitail-relay-2lane-noack-64m-64k-20260606T132031Z/
?? bench-results/local-ofi-multitail-relay-2lane-noack-64m-64k-cleanports-20260606T132114Z/
?? bench-results/local-ofi-multitail-relay-2lane-rangeack-20260606T130720Z/
?? bench-results/local-ofi-multitail-relay-2lane-sendmany-rangeack-20260606T131322Z/
?? bench-results/local-ofi-multitail-relay-2lane-sendmany-rangeack-cleanports-20260606T131414Z/
?? bench-results/local-ofi-multitail-relay-2lane-tailrangeack-20260606T131913Z/
?? bench-results/local-ofi-multitail-relay-2lane-tailrangeack-w128-64m-20260606T132005Z/
?? bench-results/local-ofi-multitail-relay-2lane-tailrangeack-w256-64m-20260606T132006Z/
?? bench-results/local-ofi-multitail-relay-2lane-tailrangeack-w64-64m-20260606T131937Z/
?? bench-results/local-ofi-multitail-relay-4lane-tailrangeack-w64-64m-physcores-20260606T132151Z/
?? bench-results/local-owner-current-fill0-20260712.leaf.log
?? bench-results/local-owner-current-fill0-20260712/
?? bench-results/local-owner-deadlinefix-f16-20260712.console
?? bench-results/local-owner-deadlinefix-f16-20260712.leaf.log
?? bench-results/local-owner-deadlinefix-f16-20260712/
?? bench-results/local-owner-deadlinefix-f64-20260712.console
?? bench-results/local-owner-deadlinefix-f64-20260712.leaf.log
?? bench-results/local-owner-deadlinefix-f64-20260712/
?? bench-results/local-owner-dispatch-deep-rw-20260712T010909Z/
?? bench-results/local-owner-dispatch-deep-write-20260712T010906Z/
?? bench-results/local-owner-dispatch-deep-write-direct-20260712T011256Z/
?? bench-results/local-owner-dispatch-deep-write-direct-greedy-20260712T011426Z/
?? bench-results/local-owner-dispatch-deep-write-kickfill-20260712T011148Z/
?? bench-results/local-owner-dispatch-deep-write-zcleasemem-20260712T011514Z/
?? bench-results/local-owner-dispatch-deep-write-zcleasemem-memfd-20260712T011607Z/
?? bench-results/local-owner-dispatch-pipelined-smoke-20260712T014225Z/
?? bench-results/local-owner-dispatch-sendzc-20260712T011630Z/
?? bench-results/local-owner-dispatch-sendzc-autosplit-20260712T012252Z/
?? bench-results/local-owner-dispatch-sendzc-bounded-20260712T011714Z/
?? bench-results/local-owner-dispatch-seqwindow-smoke-20260712T015112Z/
?? bench-results/local-owner-dispatch-smoke-20260712T010406Z/
?? bench-results/local-owner-dispatch-smoke2-20260712T010611Z/
?? bench-results/local-owner-dispatch-spin0-20260712T010833Z/
?? bench-results/local-owner-dispatch-spin4096-20260712T010835Z/
?? bench-results/local-owner-dispatch-spin65536-20260712T010837Z/
?? bench-results/local-owner-fillsweep-0-20260712.console
?? bench-results/local-owner-fillsweep-0-20260712.leaf.log
?? bench-results/local-owner-fillsweep-0-20260712/
?? bench-results/local-owner-fillsweep-100-20260712.console
?? bench-results/local-owner-fillsweep-100-20260712.leaf.log
?? bench-results/local-owner-fillsweep-100-20260712/
?? bench-results/local-owner-fillsweep-1000-20260712.console
?? bench-results/local-owner-fillsweep-1000-20260712.leaf.log
?? bench-results/local-owner-fillsweep-1000-20260712/
?? bench-results/local-owner-fillsweep-20-20260712.console
?? bench-results/local-owner-fillsweep-20-20260712.leaf.log
?? bench-results/local-owner-fillsweep-20-20260712/
?? bench-results/local-owner-fillsweep-50-20260712.console
?? bench-results/local-owner-fillsweep-50-20260712.leaf.log
?? bench-results/local-owner-fillsweep-50-20260712/
?? bench-results/local-owner-fillsweep-500-20260712.console
?? bench-results/local-owner-fillsweep-500-20260712.leaf.log
?? bench-results/local-owner-fillsweep-500-20260712/
?? bench-results/local-owner-fragsweep-f1-20260712.console
?? bench-results/local-owner-fragsweep-f1-20260712.leaf.log
?? bench-results/local-owner-fragsweep-f1-20260712/
?? bench-results/local-owner-fragsweep-f2-20260712.console
?? bench-results/local-owner-fragsweep-f2-20260712.leaf.log
?? bench-results/local-owner-fragsweep-f2-20260712/
?? bench-results/local-owner-fragsweep-f4-20260712.console
?? bench-results/local-owner-fragsweep-f4-20260712.leaf.log
?? bench-results/local-owner-fragsweep-f4-20260712/
?? bench-results/local-owner-fragsweep-f64-20260712.console
?? bench-results/local-owner-fragsweep-f64-20260712.leaf.log
?? bench-results/local-owner-fragsweep-f64-20260712/
?? bench-results/local-owner-fragsweep-f8-20260712.console
?? bench-results/local-owner-fragsweep-f8-20260712.leaf.log
?? bench-results/local-owner-fragsweep-f8-20260712/
?? bench-results/local-owner-hybrid-smoke-20260712.leaf.log
?? bench-results/local-owner-hybrid-smoke-20260712/
?? bench-results/local-owner-ingress-deadline-20260712T022548Z/
?? bench-results/local-owner-ingress-fragment64-20260712T022118Z/
?? bench-results/local-owner-ingress-leaf/
?? bench-results/local-owner-ingress-mixed-frag16-20260712T023132Z/
?? bench-results/local-owner-ingress-q1-adaptive-20260712/
?? bench-results/local-owner-ingress-q16-adaptive-leaffixed65536-20260712/
?? bench-results/local-owner-ingress-q16-adaptive-leafspin65536-20260712/
?? bench-results/local-owner-ingress-q16-hysteresis-20260712/
?? bench-results/local-owner-ingress-q16-kpoll1000-20260712/
?? bench-results/local-owner-ingress-q16-spins-adaptive-20260712/
?? bench-results/local-owner-ingress-q16-spins4096-20260712/
?? bench-results/local-owner-ingress-q16-spins65536-20260712/
?? bench-results/local-owner-ingress-smoke-20260712T020939Z/
?? bench-results/local-owner-lowqd-default-verify-20260712.leaf.log
?? bench-results/local-owner-lowqd-default-verify-20260712/
?? bench-results/local-owner-lowqd-rw-qd1-20260712.leaf.log
?? bench-results/local-owner-lowqd-rw-qd1-20260712/
?? bench-results/local-owner-lowqd-rw-qd1-urgentread-20260712.leaf.log
?? bench-results/local-owner-lowqd-rw-qd1-urgentread-20260712/
?? bench-results/local-owner-lowqd-rw-qd4-20260712.leaf.log
?? bench-results/local-owner-lowqd-rw-qd4-20260712/
?? bench-results/local-owner-lowqd-sync-rw-20260712.leaf.log
?? bench-results/local-owner-lowqd-sync-rw-20260712/
?? bench-results/local-owner-lowqd-uring256-rw-20260712.leaf.log
?? bench-results/local-owner-lowqd-uring256-rw-20260712/
?? bench-results/local-owner-lowqd-uring64-rw-20260712.leaf.log
?? bench-results/local-owner-lowqd-uring64-rw-20260712/
?? bench-results/local-owner-lowqd-write-qd1-20260712.leaf.log
?? bench-results/local-owner-lowqd-write-qd1-20260712/
?? bench-results/local-owner-lowqd-write-qd4-20260712.leaf.log
?? bench-results/local-owner-lowqd-write-qd4-20260712/
?? bench-results/local-owner-mixed-final-fixed-20260712.leaf.log
?? bench-results/local-owner-mixed-final-fixed-20260712/
?? bench-results/local-owner-mixed-hyst100000-20260712.leaf.log
?? bench-results/local-owner-mixed-hyst100000-20260712/
?? bench-results/local-owner-mixed-hyst1000000-20260712.leaf.log
?? bench-results/local-owner-mixed-hyst1000000-20260712/
?? bench-results/local-owner-mixed-hysteresis-final-20260712.leaf.log
?? bench-results/local-owner-mixed-hysteresis-final-20260712/
?? bench-results/local-owner-opaware-default-20260712.console
?? bench-results/local-owner-opaware-default-20260712.leaf.log
?? bench-results/local-owner-opaware-default-20260712/
?? bench-results/local-owner-rw-qd16-urgentread-20260712.leaf.log
?? bench-results/local-owner-rw-qd16-urgentread-20260712/
?? bench-results/local-owner-write-default-final-20260712.leaf.log
?? bench-results/local-owner-write-default-final-20260712/
?? bench-results/local-owner-write-fillsweep-0-20260712.leaf.log
?? bench-results/local-owner-write-fillsweep-0-20260712/
?? bench-results/local-owner-write-fillsweep-20-20260712.leaf.log
?? bench-results/local-owner-write-fillsweep-20-20260712/
?? bench-results/local-owner-write-fillsweep-200-20260712.leaf.log
?? bench-results/local-owner-write-fillsweep-200-20260712/
?? bench-results/local-owner-write-final-20260712.leaf.log
?? bench-results/local-owner-write-final-20260712/
?? bench-results/local-plan-1lane-wrsame-coalesced-smoke-20260609T003025Z/
?? bench-results/local-plan-3lane-write-defer-512m-2m-20260608T224714Z.driver.log
?? bench-results/local-plan-3lane-write-defer-512m-2m-20260608T224714Z/
?? bench-results/local-plan-3lane-write-defer-ingressmemfd-20260608T224820Z.driver.log
?? bench-results/local-plan-3lane-write-defer-ingressmemfd-20260608T224820Z/
?? bench-results/local-plan-3lane-write-defer-zcmem-512m-2m-20260608T224737Z.driver.log
?? bench-results/local-plan-3lane-write-defer-zcmem-512m-2m-20260608T224737Z/
?? bench-results/local-plan-3lane-write-defer-zcmem-merge64m-20260608T224755Z.driver.log
?? bench-results/local-plan-3lane-write-defer-zcmem-merge64m-20260608T224755Z/
?? bench-results/local-plan-3lane-writeonly-ingressmemfd-256m-preflight-20260608T233532Z/
?? bench-results/local-plan-3lane-wrsame-coalesced-20260609T003039Z/
?? bench-results/local-plan-3lane-wrsame-coalesced-zcmem-20260609T003107Z/
?? bench-results/local-plan-3lane-wrsame-current-20260609T002003Z/
?? bench-results/local-plan-3lane-wrsame-ingressmemfd-128m-coalesce2m-preflight-20260608T232344Z/
?? bench-results/local-plan-3lane-wrsame-ingressmemfd-128m-coalesce2m-preflight-no8-20260608T232508Z/
?? bench-results/local-plan-3lane-wrsame-ingressmemfd-128m-coalesce2m-verifier-restored-20260608T233240Z/
?? bench-results/local-plan-3lane-wrsame-ingressmemfd-128m-coalesce2m-verify-onepass-20260608T233011Z/
?? bench-results/local-plan-3lane-wrsame-ingressmemfd-128m-coalesce2m-verify-onepass2-20260608T233048Z/
?? bench-results/local-plan-3lane-wrsame-ingressmemfd-128m-coalesce2m-verifycache-20260608T232829Z/
?? bench-results/local-plan-3lane-wrsame-ingressmemfd-256m-20260608T224837Z.driver.log
?? bench-results/local-plan-3lane-wrsame-ingressmemfd-256m-20260608T224837Z/
?? bench-results/local-plan-3lane-wrsame-ingressmemfd-256m-b2048-8m-verify-20260608T230339Z/
?? bench-results/local-plan-3lane-wrsame-ingressmemfd-256m-coalesce2m-20260608T225651Z/
?? bench-results/local-plan-3lane-wrsame-ingressmemfd-256m-coalesce2m-noverify-20260608T230027Z/
?? bench-results/local-plan-3lane-wrsame-ingressmemfd-256m-coalesce2m-noverify-drain4k-20260608T230107Z/
?? bench-results/local-plan-3lane-wrsame-ingressmemfd-256m-coalesce2m-noverify-readonce-20260608T230716Z/
?? bench-results/local-plan-3lane-wrsame-ingressmemfd-256m-coalesce2m-noverify-spin64k-20260608T230305Z/
?? bench-results/local-plan-3lane-wrsame-ingressmemfd-256m-coalesce2m-noverify-spinreset-20260608T230216Z/
?? bench-results/local-plan-3lane-wrsame-ingressmemfd-256m-coalesce2m-verify-avx2sum-20260608T231037Z/
?? bench-results/local-plan-3lane-wrsame-ingressmemfd-256m-coalesce2m-verify-avx2sum-spin16k-20260608T231109Z/
?? bench-results/local-plan-3lane-wrsame-ingressmemfd-256m-coalesce2m-verify-explicitcpus-20260608T231838Z/
?? bench-results/local-plan-3lane-wrsame-ingressmemfd-256m-coalesce2m-verify-performancegov-20260608T231722Z/
?? bench-results/local-plan-3lane-wrsame-ingressmemfd-256m-coalesce2m-verify-readonce-20260608T230743Z/
?? bench-results/local-plan-3lane-wrsame-ingressmemfd-256m-coalesce2m-verify-restored-20260608T231557Z/
?? bench-results/local-plan-3lane-wrsame-ingressmemfd-256m-coalesce2m-verify-scalar-default-20260608T231339Z/
?? bench-results/local-plan-3lane-wrsame-ingressmemfd-256m-noverify-20260608T225134Z/
?? bench-results/local-plan-3lane-wsr-defer-512m-20260608T224551Z.driver.log
?? bench-results/local-plan-3lane-wsr-defer-512m-2m-20260608T224657Z.driver.log
?? bench-results/local-plan-3lane-wsr-defer-512m-2m-20260608T224657Z/
?? bench-results/local-plan-4lane-wrsame-current-20260609T001950Z/
?? bench-results/local-plan-4lane-wsr-defer-512m-20260608T224528Z.driver.log
?? bench-results/local-plan-preflight-fatal-smoke-20260608T232430Z/
?? bench-results/local-plan-smoke-20260608T222811Z/
?? bench-results/local-plan-smoke2-20260608T222908Z/
?? bench-results/local-plan-splitrole-fan-20260608T224322Z.driver.log
?? bench-results/local-plan-splitrole-fan-20260608T224322Z/
?? bench-results/local-plan-splitrole-leaf-20260608T224322Z.driver.log
?? bench-results/local-plan-splitrole-leaf-20260608T224322Z/
?? bench-results/local-plan-write-smoke-20260608T222953Z/
?? bench-results/local-plan-wsr-async-256m-20260608T223332Z/
?? bench-results/local-plan-wsr-async-fixed-20260608T223319Z/
?? bench-results/local-plan-wsr-async-trace-20260608T223047Z/
?? bench-results/local-plan-wsr-async-trace2-20260608T223107Z/
?? bench-results/local-plan-wsr-direct-20260608T223006Z/
?? bench-results/local-plan-wsr-leaf-srcips-20260608T223847Z/
?? bench-results/local-readcache-batched-prlimit-compare-20260607T162251Z/
?? bench-results/local-readcache-cachethen-phase-20260609T001416Z/
?? bench-results/local-readcache-cachethen-phase-4lane-20260609T001517Z/
?? bench-results/local-readcache-cold-8lane-counted-20260608T234959Z/
?? bench-results/local-readcache-cold-counted-20260608T234915Z/
?? bench-results/local-readcache-cold-fixedleaf-20260609T000900Z/
?? bench-results/local-readcache-cold-lowat-20260608T234636Z/
?? bench-results/local-readcache-cold-recv-counted-20260609T000504Z/
?? bench-results/local-readcache-cpu-accounting-20260608T235614Z/
?? bench-results/local-readcache-cpu-accounting2-20260608T235746Z/
?? bench-results/local-readcache-fixed-mode-compare-20260607T161631Z/
?? bench-results/local-readcache-fixed-prlimit-compare-20260607T161815Z/
?? bench-results/local-readcache-hot-3lane-readmodes-20260608T233447Z/
?? bench-results/local-readcache-hot-3lane-splicenull-20260608T233435Z/
?? bench-results/local-readcache-hot-8lane-long-20260608T233532Z/
?? bench-results/local-readcache-hot-control-20260708T135502Z/
?? bench-results/local-readcache-hot-lane-sweep-20260608T233504Z/
?? bench-results/local-readcache-hot-waitall-control-20260708T135534Z/
?? bench-results/local-readcache-lanesplice-cpu-20260608T235817Z/
?? bench-results/local-readcache-mode-compare-20260607T161138Z/
?? bench-results/local-readcache-rcvlowat-sweep-20260608T234418Z/
?? bench-results/local-readcache-recv-counted-20260609T000358Z/
?? bench-results/local-readcache-splice-instrument-20260608T234154Z/
?? bench-results/local-readcache-streamtee-baseline-20260607T162650Z/
?? bench-results/local-readcache-streamtee-reusedpipes-20260607T162905Z/
?? bench-results/local-readcache-totalfield-smoke-20260608T235122Z/
?? bench-results/local-readcache-uringzc-batched-smoke-20260607T162225Z/
?? bench-results/local-readcache-uringzc-fixed-smoke-20260607T161607Z/
?? bench-results/local-readcache-uringzc-smoke-20260607T161043Z/
?? bench-results/local-readcache-uringzc-strict-smoke-20260607T162501Z/
?? bench-results/local-reusepipe-1lane-wrsame-20260609T004118Z/
?? bench-results/local-reusepipe-3lane-wrsame-20260609T004128Z/
?? bench-results/local-reusepipe-3lane-wrsame-4m-20260609T004155Z/
?? bench-results/local-reusepipe-3lane-wrsame-4m-pipe4m-20260609T004210Z/
?? bench-results/local-reusepipe-4lane-wrsame-1m-20260609T004246Z/
?? bench-results/local-reusepipe-4lane-wrsame-1m-smt-20260609T004300Z/
?? bench-results/local-reusepipe-4lane-wrsame-1m-smt-20260609T004315Z/
?? bench-results/local-shm-contract-ledger-20260708T1754Z/
?? bench-results/local-shm-null-frontedge-20260711T222706Z/
?? bench-results/local-shm-onramp-firsthop-field-20260708T173218Z.log
?? bench-results/local-shm-stage-memory-write-1lane-20260711T234122Z/
?? bench-results/local-shm-stage-memory-write-4lane-20260711T234053Z/
?? bench-results/local-shm-stage-wal-memory-write-1lane-20260711T234124Z/
?? bench-results/local-shm-stage-wal-memory-write-4lane-20260711T234101Z/
?? bench-results/local-shm-vs-tcp-refresh-20260708T173047Z/
?? bench-results/local-shm-wait-latency-20260708T180242Z/
?? bench-results/local-shmleaf-bulkverify-ab-20260708T151630Z/
?? bench-results/local-shmleaf-copyacct-counter-smoke-20260708T153256Z/
?? bench-results/local-shmleaf-copyacct-matrix-20260708T152758Z/
?? bench-results/local-shmleaf-copyacct-matrix-20260708T152921Z/
?? bench-results/local-shmleaf-readextentbatch-ab-20260708T151008Z/
?? bench-results/local-shmleaf-readextentbatch-smoke-20260708T150910Z/
?? bench-results/local-shmleaf-readmiss-20260708T141844Z/
?? bench-results/local-shmleaf-readops-ab-20260708T152119Z/
?? bench-results/local-shmleaf-readops-repeat-20260708T152545Z/
?? bench-results/local-shmleaf-repeat-20260708T141737Z/
?? bench-results/local-shmleaf-smoke-20260708T141603Z/
?? bench-results/local-shmleaf-smoke-20260708T141638Z/
?? bench-results/local-shmleaf-wsr-20260708T143155Z/
?? bench-results/local-shmleaf-wsr-fill-extent-20260708T144450Z/
?? bench-results/local-shmleaf-wsr-fill-extent-4lane-20260708T144533Z/
?? bench-results/local-shmleaf-wsr-fill-extent-4lane-smt-20260708T144646Z/
?? bench-results/local-shmleaf-wsr-fill-extent-8lane-20260708T144602Z/
?? bench-results/local-shmleaf-wsr-fill-extent-repeat-20260708T144312Z/
?? bench-results/local-shmleaf-wsr-fill-extent-size-corrected-20260708T145157Z/
?? bench-results/local-shmleaf-wsr-fill-extent-size-sweep-20260708T145036Z/
?? bench-results/local-shmleaf-wsr-fill-repeat-20260708T143910Z/
?? bench-results/local-shmleaf-wsr-offset-20260708T143814Z/
?? bench-results/local-shmleaf-wsr-spin-matrix-20260708T145310Z/
?? bench-results/local-shmleaf-wsr-spin-matrix-20260708T145406Z/
?? bench-results/local-shmleaf-wsr-spin-matrix-20260708T145948Z/
?? bench-results/local-shmleaf-wsr-spin-matrix-20260708T150055Z/
?? bench-results/local-shmleaf-wsr-spin-matrix-20260708T150202Z/
?? bench-results/local-shmleaf-wsr-spin-matrix-20260708T150255Z/
?? bench-results/local-shmleaf-wsr-spin-repeat-20260708T150454Z/
?? bench-results/local-shmlease-8lane-20260708T193603Z/
?? bench-results/local-shmlease-ack-20260708T192653Z/
?? bench-results/local-shmlease-clean-window-cacheline-20260708T203706Z/
?? bench-results/local-shmlease-clean-window-clienttouch-20260708T203748Z/
?? bench-results/local-shmlease-clean-window-long-20260708T203639Z/
?? bench-results/local-shmlease-compactpayload-20260708T193441Z/
?? bench-results/local-shmlease-copyledger-20260708T183531Z.driver.log
?? bench-results/local-shmlease-copyledger2-20260708T183851Z.driver.log
?? bench-results/local-shmlease-copyledger2-20260708T183851Z/
?? bench-results/local-shmlease-current-20260708T195158Z/
?? bench-results/local-shmlease-current-repeat-20260708T153437Z/
?? bench-results/local-shmlease-dirty-general-20260708T185542Z/
?? bench-results/local-shmlease-dirtybridge-20260708T185030Z/
?? bench-results/local-shmlease-dirtybridge-direct-20260708T185051Z/
?? bench-results/local-shmlease-dirtyhwm-20260708T185531Z/
?? bench-results/local-shmlease-early-delay-20260708T213014Z/
?? bench-results/local-shmlease-hwm-smoke-20260708T200134Z/
?? bench-results/local-shmlease-hwm0-20260708T195944Z/
?? bench-results/local-shmlease-hwm0-seq-20260708T200001Z/
?? bench-results/local-shmlease-hwm1-20260708T195944Z/
?? bench-results/local-shmlease-hwm1-seq-20260708T200009Z/
?? bench-results/local-shmlease-hwmfix-20260708T191836Z/
?? bench-results/local-shmlease-hwmresp-delay-20260708T213014Z/
?? bench-results/local-shmlease-ladder-20260708T1815Z.driver.log
?? bench-results/local-shmlease-ladder-20260708T1815Z/
?? bench-results/local-shmlease-ladder-20260708T183531Z/
?? bench-results/local-shmlease-ladder-smoke-20260708T203411Z/
?? bench-results/local-shmlease-ladder-smoke-20260708T203551Z/
?? bench-results/local-shmlease-ladder-working-set-smoke-20260708T204446Z/
?? bench-results/local-shmlease-ladder-working-set-smoke-20260708T204711Z/
?? bench-results/local-shmlease-ladder-working-set-smoke-20260708T204856Z/
?? bench-results/local-shmlease-lane-sweep-20260708T132909Z/
?? bench-results/local-shmlease-ledger-smoke-20260708T183838Z/
?? bench-results/local-shmlease-mirror-dirty-corrected-20260708T213027Z/
?? bench-results/local-shmlease-mirror-dirty-early-20260708T212053Z/
?? bench-results/local-shmlease-mirror-dirty-hwmresp-20260708T212101Z/
?? bench-results/local-shmlease-onramp-refresh-20260708T163213Z/
?? bench-results/local-shmlease-prefault-20260708T192954Z/
?? bench-results/local-shmlease-random-dirty-forwarding-20260708T204732Z/
?? bench-results/local-shmlease-random-dirty-forwarding-20260708T204916Z/
?? bench-results/local-shmlease-random-dirty-sweep-20260708T134546Z/
?? bench-results/local-shmlease-random-zcnblk-20260708T163951Z/
?? bench-results/local-shmlease-random-zcnblk-decode-20260708T164221Z/
?? bench-results/local-shmlease-random-zcnblk-repeat-20260708T164800Z/
?? bench-results/local-shmlease-refresh-20260708T163147Z/
?? bench-results/local-shmlease-retake-20260708T191347Z/
?? bench-results/local-shmlease-stage-ladder-20260708T202918Z/
?? bench-results/local-shmlease-stage-ladder-desc-20260708T202957Z/
?? bench-results/local-shmlease-sync-sweep-desc-20260708T203044Z/
?? bench-results/local-shmlease-syncbatch-20260708T191558Z/
?? bench-results/local-shmlease-window-compare-20260708T203447Z-w65536/
?? bench-results/local-shmlease-window-compare-20260708T203447Z-w8192/
?? bench-results/local-shmlease-windowsweep-20260708T193513Z/
?? bench-results/local-shmlease-wrsame-sweep-20260708T133729Z/
?? bench-results/local-shmlease-zeroinspect-20260708T191433Z/
?? bench-results/local-strict-fanwal-4lane-20260607T121352Z/
?? bench-results/local-strict-fanwal-4lane-syncleaf-20260607T121435Z/
?? bench-results/local-strict-fanwal-4lane-syncleaf-b2048-20260607T121516Z/
?? bench-results/local-strict-fanwal-4lane-syncleaf-b2048-bigbuf-pinned-20260607T122900Z/
?? bench-results/local-strict-fanwal-4lane-syncleaf-b2048-coalesce-bigbuf-pinned-20260607T123213Z/
?? bench-results/local-strict-fanwal-4lane-syncleaf-b2048-leafcap64-20260607T122623Z/
?? bench-results/local-strict-fanwal-4lane-syncleaf-b2048-leafcap64-pinned-20260607T122727Z/
?? bench-results/local-strict-fanwal-4lane-syncleaf-b2048-leafcap64-rr-bigbuf-pinned-20260607T123125Z/
?? bench-results/local-strict-fanwal-4lane-syncleaf-b64-256m-bigbuf-pinned-20260607T122943Z/
?? bench-results/local-strict-fanwal-batch-sweep-20260607T121601Z/
?? bench-results/local-strict-fanwal-copycoalesce-b128-20260607T131848Z/
?? bench-results/local-strict-fanwal-extcache-b128-20260607T132416Z/
?? bench-results/local-strict-fanwal-extcache-b128-fix-20260607T132736Z/
?? bench-results/local-strict-fanwal-extcache-runmerge-20260607T134124Z/
?? bench-results/local-strict-fanwal-extcache-seqshard-b128-20260607T133436Z/
?? bench-results/local-strict-fanwal-extcache-seqshard-b64-20260607T133515Z/
?? bench-results/local-strict-fanwal-extcache-sharded-b128-20260607T133056Z/
?? bench-results/local-strict-fanwal-iovmerge-long-20260607T131754Z/
?? bench-results/local-strict-fanwal-lease-long-20260607T130702Z/
?? bench-results/local-strict-fanwal-lease-sweep-20260607T130554Z/
?? bench-results/local-strict-fanwal-perf-b2048-orderfix-20260607T125411Z/
?? bench-results/local-strict-fanwal-perf-iovmerge-b128-20260607T131934Z/
?? bench-results/local-strict-fanwal-phase-8lane-b128-sortfix-20260607T125804Z/
?? bench-results/local-strict-fanwal-phase-b1024-orderfix-sweep-20260607T124944Z/
?? bench-results/local-strict-fanwal-phase-b128-lease-20260607T130512Z/
?? bench-results/local-strict-fanwal-phase-b128-orderfix-sweep-20260607T124944Z/
?? bench-results/local-strict-fanwal-phase-b128-sortfix-sweep-20260607T125707Z/
?? bench-results/local-strict-fanwal-phase-b2048-20260607T124602Z/
?? bench-results/local-strict-fanwal-phase-b2048-lanelocal-20260607T125101Z/
?? bench-results/local-strict-fanwal-phase-b2048-orderfix-20260607T124819Z/
?? bench-results/local-strict-fanwal-phase-b2048-sortfix-20260607T125533Z/
?? bench-results/local-strict-fanwal-phase-b2048-sortfix-leafcap64-20260607T125623Z/
?? bench-results/local-strict-fanwal-phase-b256-orderfix-sweep-20260607T124944Z/
?? bench-results/local-strict-fanwal-phase-b256-sortfix-sweep-20260607T125707Z/
?? bench-results/local-strict-fanwal-phase-b512-orderfix-sweep-20260607T124944Z/
?? bench-results/local-strict-fanwal-phase-b512-sortfix-sweep-20260607T125707Z/
?? bench-results/local-strict-fanwal-phase-b64-20260607T124602Z/
?? bench-results/local-strict-fanwal-phase-b64-orderfix-20260607T124903Z/
?? bench-results/local-strict-fanwal-phase-b64-sortfix-sweep-20260607T125707Z/
?? bench-results/local-strict-fanwal-stripe-runmerge-20260607T134551Z/
?? bench-results/local-strict-fanwal-zcmem-dirty-read-extcache-20260607T133548Z/
?? bench-results/local-strict-fanwal-zcmem-dirty-read-lease-20260607T130902Z/
?? bench-results/local-strict-fanwal-zcmem-dirty-read-lease-phases-20260607T131152Z/
?? bench-results/local-strict-fanwal-zcmem-dirty-read-runmerge-20260607T134224Z/
?? bench-results/local-strict-fanwal-zcmem-verify-lease-20260607T130826Z/
?? bench-results/local-strict-logzip-20260607T121241Z/
?? bench-results/local-tcp-payload-control-20260606T124037Z/
?? bench-results/local-tcp-payload-control-20260606T124111Z/
?? bench-results/local-transfer-hugetlb-mixed-20260711T214115Z/
?? bench-results/local-transfer-hugetlb-write-20260711T214201Z/
?? bench-results/local-transfer-scaling-2lane-20260711T220638Z/
?? bench-results/local-transfer-scaling-2lane-20260711T220648Z/
?? bench-results/local-transfer-scaling-4lane-20260711T220705Z/
?? bench-results/local-transfer-scaling-4lane-qd128-20260711T220806Z/
?? bench-results/local-transfer-slots-burst-20260711T213351Z/
?? bench-results/local-transfer-slots-smoke-20260711T212855Z/
?? bench-results/local-transfer-slots-smoke-20260711T212917Z/
?? bench-results/local-transfer-slots-smoke2-20260711T213044Z/
?? bench-results/local-transfer-slots-sustained-20260711T213411Z/
?? bench-results/local-transfer-slots-sync-smoke-20260711T213516Z/
?? bench-results/local-transfer-smallpage-mixed-ab-20260711T214223Z/
?? bench-results/local-userspace-ram-hugetlb-mixed-20260711T214317Z/
?? bench-results/local-userspace-ram-hugetlb-write-20260711T214421Z/
?? bench-results/local-userspace-ram-scaling-4lane-20260711T220825Z/
?? bench-results/local-wal-adaptive-default-smoke-20260711T235009Z/
?? bench-results/local-wal-batched-hwm-4lane-20260711T2248Z/
?? bench-results/local-wal-batched-hwm-poll1000-4lane-20260711T2243Z/
?? bench-results/local-wal-coalesce-control-fill50-w16-20260711T221733Z/
?? bench-results/local-wal-coalesce-fill500-w16-20260711T222304Z/
?? bench-results/local-wal-compact-ab-0-4lane-20260711T235800Z/
?? bench-results/local-wal-compact-ab-1-4lane-20260711T235806Z/
?? bench-results/local-wal-compact-default20-order-smoke-20260712/
?? bench-results/local-wal-compact-fill-0us-4lane-20260712/
?? bench-results/local-wal-compact-fill-10us-4lane-20260712/
?? bench-results/local-wal-compact-fill-160us-4lane-20260712/
?? bench-results/local-wal-compact-fill-20us-4lane-20260712/
?? bench-results/local-wal-compact-fill-2us-4lane-20260712/
?? bench-results/local-wal-compact-fill-40us-4lane-20260712/
?? bench-results/local-wal-compact-fill-5us-4lane-20260712/
?? bench-results/local-wal-compact-fill-80us-4lane-20260712/
?? bench-results/local-wal-compact-fixedspin-4lane-20260711T235842Z/
?? bench-results/local-wal-compact-qd1-mixed-fill-20us-4lane-20260712/
?? bench-results/local-wal-compact-qd1-mixed-fill-2us-4lane-20260712/
?? bench-results/local-wal-compact-qd1-mixed-fill-5us-4lane-20260712/
?? bench-results/local-wal-compact-smoke-1lane-20260711T235744Z/
?? bench-results/local-wal-direct-lanebatch-smoke-20260711T233151Z/
?? bench-results/local-wal-direct-mixed-repeat-4lane-20260711T234537Z/
?? bench-results/local-wal-direct-mixed-smoke-1lane-20260711T234526Z/
?? bench-results/local-wal-direct-rw50-e128-fill2-spin-4lane-20260711T233826Z/
?? bench-results/local-wal-direct-sendzc-required-1lane-20260711T234200Z/
?? bench-results/local-wal-direct-smoke-20260711T233029Z/
?? bench-results/local-wal-direct-write-4lane-20260711T233212Z/
?? bench-results/local-wal-direct-write-debug-4lane-20260711T233510Z/
?? bench-results/local-wal-direct-write-e128-fill2-spin-4lane-20260711T233752Z/
?? bench-results/local-wal-direct-write-fill10-slots32k-4lane-20260711T233723Z/
?? bench-results/local-wal-direct-write-profile-4lane-20260711T2340Z/
?? bench-results/local-wal-direct-write-qd128-wait1-ab-4lane-20260711T234714Z/
?? bench-results/local-wal-direct-write-qd128-wait16-4lane-20260711T234654Z/
?? bench-results/local-wal-direct-write-qd512-4lane-20260711T234602Z/
?? bench-results/local-wal-dirty-cache-smoke-20260606T142639Z/
?? bench-results/local-wal-dirty-cache-smoke-20260606T142810Z/
?? bench-results/local-wal-dirty-smoke-20260606T142119Z/
?? bench-results/local-wal-dirtyref-4lane-20260711T223448Z/
?? bench-results/local-wal-dirtyref-nullleaf-final-20260711T223642Z/
?? bench-results/local-wal-dirtyref-smoke-20260711T223417Z/
?? bench-results/local-wal-dirtyref-wait16-4lane-20260711T223550Z/
?? bench-results/local-wal-dirtyref-wait32-20260711T223619Z/
?? bench-results/local-wal-dirtyref-wait64-20260711T223619Z/
?? bench-results/local-wal-dirtyref-zcleasemem-4lane-20260711T223531Z/
?? bench-results/local-wal-edge-wake-coalesced-write-4lane-20260712/
?? bench-results/local-wal-edge-worker-wake-coalesced-write-4lane-20260712/
?? bench-results/local-wal-final-default-write-4lane-20260711T235018Z/
?? bench-results/local-wal-final-order-smoke-20260711T2250Z/
?? bench-results/local-wal-inline-write-zcmem-current-20260711T2343Z/
?? bench-results/local-wal-kernel-batchwake-ab-1-mode-0-4lane-20260712/
?? bench-results/local-wal-kernel-batchwake-ab-2-mode-1-4lane-20260712/
?? bench-results/local-wal-kernel-batchwake-ab-3-mode-1-4lane-20260712/
?? bench-results/local-wal-kernel-batchwake-ab-4-mode-0-4lane-20260712/
?? bench-results/local-wal-kernel-profile-write-4lane-20260712/
?? bench-results/local-wal-kernel-symbol-profile-write-4lane-20260712/
?? bench-results/local-wal-ladder-20260606T193701Z/
?? bench-results/local-wal-mirror-admit-20260606T140737Z/
?? bench-results/local-wal-mirror-noack-control-20260606T140819Z/
?? bench-results/local-wal-new-defaults-smoke-20260711T234853Z/
?? bench-results/local-wal-nullleaf-control-20260711T222322Z/
?? bench-results/local-wal-nullleaf-write-control-20260711T222343Z/
?? bench-results/local-wal-nullleaf-write-leafadaptive-20260711T222554Z/
?? bench-results/local-wal-nullleaf-write-leafspin-20260711T222510Z/
?? bench-results/local-wal-o1-completion-count-4lane-20260711T2248Z/
?? bench-results/local-wal-perf-sustained-20260711T221823Z/
?? bench-results/local-wal-pressure-hysteresis-4lane-20260711T2245Z/
?? bench-results/local-wal-prevalidated-sustained-20260711T222232Z/
?? bench-results/local-wal-profile-after-hwm-20260711T2247Z/
?? bench-results/local-wal-profile-after-hwm-20260711T2250Z/
?? bench-results/local-wal-reduce-1k-vs-4k-20260711T233922Z/
?? bench-results/local-wal-reduce-1k-vs-4k-long-20260711T233938Z/
?? bench-results/local-wal-retained-default-order-smoke-20260712/
?? bench-results/local-wal-retained-long-write-4lane-20260712/
?? bench-results/local-wal-sector-slots-1048576-windowfix-write-4lane-20260712/
?? bench-results/local-wal-sector-slots-1048576-write-4lane-20260712/
?? bench-results/local-wal-sector-slots-16384-write-4lane-20260712/
?? bench-results/local-wal-sector-slots-262144-write-4lane-20260712/
?? bench-results/local-wal-sector-slots-65536-write-4lane-20260712/
?? bench-results/local-wal-selective-ab-1-compact-0-4lane-20260712/
?? bench-results/local-wal-selective-ab-2-compact-1-4lane-20260712/
?? bench-results/local-wal-selective-ab-3-compact-1-4lane-20260712/
?? bench-results/local-wal-selective-ab-4-compact-0-4lane-20260712/
?? bench-results/local-wal-selective-mixed-compact-0-4lane-20260712/
?? bench-results/local-wal-selective-mixed-rw-compact-0-4lane-20260712/
?? bench-results/local-wal-selective-mixed-rw-compact-1-4lane-20260712/
?? bench-results/local-wal-seqbatch-confirm-1-batch-1-4lane-20260712/
?? bench-results/local-wal-seqbatch-confirm-2-batch-16-4lane-20260712/
?? bench-results/local-wal-seqbatch-confirm-3-batch-16-4lane-20260712/
?? bench-results/local-wal-seqbatch-confirm-4-batch-1-4lane-20260712/
?? bench-results/local-wal-seqbatch16-capacityfix-order-smoke-20260712/
?? bench-results/local-wal-seqbatch16-order-smoke-20260712/
?? bench-results/local-wal-sequence-batch-1-write-4lane-20260712/
?? bench-results/local-wal-sequence-batch-16-write-4lane-20260712/
?? bench-results/local-wal-sequence-batch-4-write-4lane-20260712/
?? bench-results/local-wal-sequence-batch-64-write-4lane-20260712/
?? bench-results/local-wal-split-1lane-smoke-20260711T2310Z/
?? bench-results/local-wal-split-channel-4lane-20260711T2311Z/
?? bench-results/local-wal-split-leafpair-null-repeat-20260711T2330Z/
?? bench-results/local-wal-split-leafpair-zcmem-repeat-20260711T2330Z/
?? bench-results/local-wal-split-physical-transport-4lane-20260711T2333Z/
?? bench-results/local-wal-split-physical-write-20260711T2340Z/
?? bench-results/local-wal-split-physical-write-20260711T2341Z/
?? bench-results/local-wal-split-read-zcmem-20260711T2337Z/
?? bench-results/local-wal-split-smt-client-20260711T2328Z/
?? bench-results/local-wal-split-smt-kernel-20260711T2328Z/
?? bench-results/local-wal-split-smt-leaf-20260711T2328Z/
?? bench-results/local-wal-split-spsc-1lane-smoke-20260711T2318Z/
?? bench-results/local-wal-split-spsc-greedy-1lane-20260711T2325Z/
?? bench-results/local-wal-split-spsc-greedy-4lane-20260711T2326Z/
?? bench-results/local-wal-split-write-zcmem-20260711T2337Z/
?? bench-results/local-wal-stage-read-null-20260711T2300Z/
?? bench-results/local-wal-stage-write-null-20260711T2300Z/
?? bench-results/local-wal-target-profile-final/
?? bench-results/local-wal-waitall-compact-0-4lane-20260712T000018Z/
?? bench-results/local-wal-waitall-compact-1-4lane-20260712T000025Z/
?? bench-results/local-wal-zcleasemem-control-w16-20260711T221750Z/
?? bench-results/local-wal-zcmem-mixed-leafspin-20260711T222613Z/
?? bench-results/local-wal40m-20260712T153450Z/
?? bench-results/local-zcmem-conformance-20260607T013647Z/
?? bench-results/local-zcmem-conformance-20260607T014055Z/
?? bench-results/local-zcmem-conformance-20260607T014330Z/
?? bench-results/local-zcmem-conformance-20260607T014536Z/
?? bench-results/local-zcmem-conformance-smallbatch-20260607T014426Z/
?? bench-results/local-zcmem-conformance-splitoff-20260607T014158Z/
?? bench-results/local-zcnblk-client-cqe-adaptive-20260711T2031Z/
?? bench-results/local-zcnblk-client-cqe-fixed-20260711T2027Z/
?? bench-results/local-zcnblk-client-cqe-spin0-20260711T2033Z.driver.log
?? bench-results/local-zcnblk-client-cqe-spin0-20260711T2033Z/
?? bench-results/local-zcnblk-client-cqe-spin1024-20260711T2033Z.driver.log
?? bench-results/local-zcnblk-client-cqe-spin1024-20260711T2033Z/
?? bench-results/local-zcnblk-client-cqe-spin16384-20260711T2033Z.driver.log
?? bench-results/local-zcnblk-client-cqe-spin16384-20260711T2033Z/
?? bench-results/local-zcnblk-client-cqe-spin4096-20260711T2033Z.driver.log
?? bench-results/local-zcnblk-client-cqe-spin4096-20260711T2033Z/
?? bench-results/local-zcnblk-client-cqe-spin8192-20260711T2033Z.driver.log
?? bench-results/local-zcnblk-client-cqe-spin8192-20260711T2033Z/
?? bench-results/local-zcnblk-client-waitmin1-20260711T2036Z.driver.log
?? bench-results/local-zcnblk-client-waitmin1-20260711T2036Z/
?? bench-results/local-zcnblk-client-waitmin16-20260711T2036Z.driver.log
?? bench-results/local-zcnblk-client-waitmin16-20260711T2036Z/
?? bench-results/local-zcnblk-client-waitmin2-20260711T2036Z.driver.log
?? bench-results/local-zcnblk-client-waitmin2-20260711T2036Z/
?? bench-results/local-zcnblk-client-waitmin4-20260711T2036Z.driver.log
?? bench-results/local-zcnblk-client-waitmin4-20260711T2036Z/
?? bench-results/local-zcnblk-client-waitmin8-20260711T2036Z.driver.log
?? bench-results/local-zcnblk-client-waitmin8-20260711T2036Z/
?? bench-results/local-zcnblk-dirty-cache-direct-20260708T165932Z/
?? bench-results/local-zcnblk-dirty-cache-direct-small-20260708T170119Z/
?? bench-results/local-zcnblk-dirty-cache-overlay-repeat-20260708T171136Z/
?? bench-results/local-zcnblk-dirty-cache-recordpath-20260708T170529Z/
?? bench-results/local-zcnblk-dirty-cache-recordpath-cacheline-20260708T170554Z/
?? bench-results/local-zcnblk-dirty-cache-recordpath-long-20260708T170540Z/
?? bench-results/local-zcnblk-dirty-cache-recordpath-repeat-20260708T170615Z/
?? bench-results/local-zcnblk-memory-current-20260711T121825Z/
?? bench-results/local-zcnblk-ooo-default-final-20260711T204854Z/
?? bench-results/local-zcnblk-ooo-default-qd1-final-20260711T205012Z/
?? bench-results/local-zcnblk-ooo-mixed-fill0-cqadaptive-20260711T204557Z/
?? bench-results/local-zcnblk-ooo-mixed-fill0-qd16-20260711T204527Z/
?? bench-results/local-zcnblk-ooo-qd16-20260711T204328Z/
?? bench-results/local-zcnblk-ooo-read-qd16-20260711T204457Z/
?? bench-results/local-zcnblk-ooo-waitmin2-20260711T204416Z/
?? bench-results/local-zcnblk-ooo-write-fill0-qd16-20260711T204621Z/
?? bench-results/local-zcnblk-ooo-write-qd16-20260711T204445Z/
?? bench-results/local-zcnblk-shm-20260711T092248Z/
?? bench-results/local-zcnblk-shm-20260711T142233Z/
?? bench-results/local-zcnblk-shm-20260711T142314Z/
?? bench-results/local-zcnblk-shm-20260711T142336Z/
?? bench-results/local-zcnblk-shm-20260711T142349Z/
?? bench-results/local-zcnblk-shm-abi-v2-4k-20260711T1003Z/
?? bench-results/local-zcnblk-shm-abi-v2-4k-repeat-20260711T1003Z/
?? bench-results/local-zcnblk-shm-abi-v2-fastcap-20260711T1004Z/
?? bench-results/local-zcnblk-shm-abi-v2-kpoll50-20260711T1004Z/
?? bench-results/local-zcnblk-shm-abi-v2-wide-kpoll50-20260711T1004Z/
?? bench-results/local-zcnblk-shm-abi-v2-wide-slot-20260711T1003Z/
?? bench-results/local-zcnblk-shm-kickbatch-20260711T091447Z/
?? bench-results/local-zcnblk-shm-memory-control-20260711T102048Z/
?? bench-results/local-zcnblk-shm-mirror-repeat-20260708T155937Z/
?? bench-results/local-zcnblk-shm-mirror-smoke-20260708T155916Z/
?? bench-results/local-zcnblk-shm-mirror-touchpolicy-20260708T160726Z/
?? bench-results/local-zcnblk-shm-onramp-repeat-20260708T154104Z/
?? bench-results/local-zcnblk-shm-onramp-smoke-20260708T154028Z/
?? bench-results/local-zcnblk-shm-onramp-touchpolicy-20260708T160801Z/
?? bench-results/local-zcnblk-shm-pipeline-hwm-repeat-20260708T155208Z/
?? bench-results/local-zcnblk-shm-pipeline-hwm-smoke-20260708T155149Z/
?? bench-results/local-zcnblk-shm-pipeline-repeat-20260708T154827Z/
?? bench-results/local-zcnblk-shm-pipeline-smoke-20260708T154809Z/
?? bench-results/local-zcnblk-shm-real-6lane-20260711T090649Z/
?? bench-results/local-zcnblk-shm-tcp-blocking-20260711T163448Z/
?? bench-results/local-zcnblk-shm-tcp-coalesced-20260711T154552Z/
?? bench-results/local-zcnblk-shm-tcp-coalesced-stats-20260711T154850Z/
?? bench-results/local-zcnblk-shm-tcp-coldread-batch128-20260711T1100Z/
?? bench-results/local-zcnblk-shm-tcp-coldread-batch128-fill5-20260711T1100Z/
?? bench-results/local-zcnblk-shm-tcp-coldread-long-fill0-20260711T1100Z/
?? bench-results/local-zcnblk-shm-tcp-coldread-long-fill0-paired-20260711T1110Z/
?? bench-results/local-zcnblk-shm-tcp-coldread-long-fill5-20260711T1100Z/
?? bench-results/local-zcnblk-shm-tcp-coldread-long-fill5-valid-20260711T1110Z/
?? bench-results/local-zcnblk-shm-tcp-coldread-qd1-adaptivefill5-20260711T1110Z/
?? bench-results/local-zcnblk-shm-tcp-coldread-qd1-fill0-20260711T1110Z/
?? bench-results/local-zcnblk-shm-tcp-coldread-qd1-fill5-20260711T1110Z/
?? bench-results/local-zcnblk-shm-tcp-default-adaptive-20260711T1740Z/
?? bench-results/local-zcnblk-shm-tcp-default-adaptive-totalwait-20260711T1742Z/
?? bench-results/local-zcnblk-shm-tcp-leaf-batchedread-correctness-20260711T1100Z/
?? bench-results/local-zcnblk-shm-tcp-leaf-concurrent-order-20260711T1110Z/
?? bench-results/local-zcnblk-shm-tcp-leaf-correctness-20260711T103930Z/
?? bench-results/local-zcnblk-shm-tcp-leaf-mixedwindow-correctness-20260711T1100Z/
?? bench-results/local-zcnblk-shm-tcp-leaf-smokeperf-20260711T104144Z/
?? bench-results/local-zcnblk-shm-tcp-leaf-writeonly-20260711T104204Z/
?? bench-results/local-zcnblk-shm-tcp-mixed50-batchedread-20260711T1100Z/
?? bench-results/local-zcnblk-shm-tcp-mixed50-requestwindow-20260711T1100Z/
?? bench-results/local-zcnblk-shm-tcp-mixed50-requestwindow-fixed-20260711T1100Z/
?? bench-results/local-zcnblk-shm-tcp-mixed50-requestwindow-smoke2-20260711T1100Z/
?? bench-results/local-zcnblk-shm-tcp-sendzc-20260711T163455Z/
?? bench-results/local-zcnblk-shm-tcp-sendzc-initdiag-20260711T163609Z/
?? bench-results/local-zcnblk-shm-tcp-write-baseline-tids-20260711T1100Z/
?? bench-results/local-zcnblk-shm-tcp-write-zcleasemem-20260711T1050Z/
?? bench-results/local-zcnblk-shm-tcp-write-zcmem-adaptive64-4096-20260711T1050Z/
?? bench-results/local-zcnblk-shm-tcp-write-zcmem-baseline-20260711T1050Z/
?? bench-results/local-zcnblk-shm-tcp-write-zcmem-spin4096-20260711T1050Z/
?? bench-results/local-zcnblk-shm-walmem-correctness-20260711T101740Z/
?? bench-results/local-zcnblk-shm-walmem-correctness-20260711T101844Z/
?? bench-results/local-zcnblk-shm-walmem-correctness-20260711T101937Z/
?? bench-results/local-zcnblk-shm-walmem-correctness-20260711T102010Z/
?? bench-results/local-zcnblk-shm-walmem-correctness-20260711T102444Z/
?? bench-results/local-zcnblk-shm-walmem-correctness-20260711T102640Z/
?? bench-results/local-zcnblk-shm-walmem-directhwm-20260711T102513Z/
?? bench-results/local-zcnblk-shm-walmem-releasebitmap-20260711T102640Z/
?? bench-results/local-zcnblk-shm-walmem-repeat-20260711T102028Z/
?? bench-results/local-zcnblk-shm-walmem-smoke-20260711T101542Z/
?? bench-results/local-zcnblk-wal-batched-completion-20260711T144917Z/
?? bench-results/local-zcnblk-wal-client-trace-20260711T125843Z/
?? bench-results/local-zcnblk-wal-cqe-spin-sweep-20260711T125714Z/
?? bench-results/local-zcnblk-wal-depth-sweep-20260711T130558Z/
?? bench-results/local-zcnblk-wal-direct-recv-mixed-20260711T144235Z/
?? bench-results/local-zcnblk-wal-extent-correctness-20260711T135512Z/
?? bench-results/local-zcnblk-wal-extent-correctness2-20260711T135742Z/
?? bench-results/local-zcnblk-wal-extent-correctness3-20260711T140353Z/
?? bench-results/local-zcnblk-wal-extent-debug-20260711T140741Z/
?? bench-results/local-zcnblk-wal-extent-debug2-20260711T140947Z/
?? bench-results/local-zcnblk-wal-extent-steady-20260711T141004Z/
?? bench-results/local-zcnblk-wal-lane-sound-repeat-20260711T125130Z/
?? bench-results/local-zcnblk-wal-lane-sync-smoke-20260711T124932Z/
?? bench-results/local-zcnblk-wal-lane1-control-20260711T122748Z/
?? bench-results/local-zcnblk-wal-lane1-fill-sweep-20260711T123548Z/
?? bench-results/local-zcnblk-wal-lane1-fill-sweep-20260711T123615Z/
?? bench-results/local-zcnblk-wal-lane1-window-wide-20260711T123735Z/
?? bench-results/local-zcnblk-wal-lane1-window1-20260711T123204Z/
?? bench-results/local-zcnblk-wal-lane1-window2-20260711T123205Z/
?? bench-results/local-zcnblk-wal-lane1-window4-20260711T123207Z/
?? bench-results/local-zcnblk-wal-lanebatch2-smoke-20260711T122552Z/
?? bench-results/local-zcnblk-wal-lanebatch2-v2-20260711T122717Z/
?? bench-results/local-zcnblk-wal-lanebatch4-v2-20260711T122733Z/
?? bench-results/local-zcnblk-wal-latency-overhead-20260711T145833Z-sample0.driver.log
?? bench-results/local-zcnblk-wal-latency-overhead-20260711T145833Z-sample0/
?? bench-results/local-zcnblk-wal-latency-overhead-20260711T145833Z-sample64.driver.log
?? bench-results/local-zcnblk-wal-latency-overhead-fixed-20260711T150721Z-sample0.driver.log
?? bench-results/local-zcnblk-wal-latency-overhead-fixed-20260711T150721Z-sample0/
?? bench-results/local-zcnblk-wal-latency-overhead-fixed-20260711T150721Z-sample0b.driver.log
?? bench-results/local-zcnblk-wal-latency-overhead-fixed-20260711T150721Z-sample0b/
?? bench-results/local-zcnblk-wal-latency-overhead-fixed-20260711T150721Z-sample64.driver.log
?? bench-results/local-zcnblk-wal-latency-overhead-fixed-20260711T150721Z-sample64/
?? bench-results/local-zcnblk-wal-leaf-phase-20260711T143636Z.zeroed.log
?? bench-results/local-zcnblk-wal-leaf-phase-20260711T143636Z/
?? bench-results/local-zcnblk-wal-leaf-phase-uninit-20260711T143754Z/
?? bench-results/local-zcnblk-wal-leaf-phase-zeroed-20260711T143739Z/
?? bench-results/local-zcnblk-wal-leaf-spin-sweep-20260711T125600Z/
?? bench-results/local-zcnblk-wal-lease-leaf-ab-20260711T131213Z/
?? bench-results/local-zcnblk-wal-lowqd-20260711T145558Z/
?? bench-results/local-zcnblk-wal-mixed-fixed-20260711T142750Z/
?? bench-results/local-zcnblk-wal-ordered1-control-20260711T122747Z/
?? bench-results/local-zcnblk-wal-payload-layout-20260711T151830Z.driver.log
?? bench-results/local-zcnblk-wal-payload-layout-20260711T151830Z/
?? bench-results/local-zcnblk-wal-predecessor-20260711T124505Z/
?? bench-results/local-zcnblk-wal-pressure-wrap-20260711T150630Z.driver.log
?? bench-results/local-zcnblk-wal-pressure-wrap-20260711T150657Z.driver.log
?? bench-results/local-zcnblk-wal-pressure-wrap-20260711T150657Z/
?? bench-results/local-zcnblk-wal-recv-adaptive-20260711T1735Z/
?? bench-results/local-zcnblk-wal-recv-adaptive-zero-min-20260711T1737Z/
?? bench-results/local-zcnblk-wal-recv-default-final-20260711T1743Z/
?? bench-results/local-zcnblk-wal-recv-fixed-20260711T1735Z/
?? bench-results/local-zcnblk-wal-recv-fixed-repeat-20260711T1735Z/
?? bench-results/local-zcnblk-wal-recv-leaf-adaptive-20260711T1736Z/
?? bench-results/local-zcnblk-wal-recv-spin-sweep-20260711T125510Z/
?? bench-results/local-zcnblk-wal-recv-target-adaptive-20260711T1736Z/
?? bench-results/local-zcnblk-wal-recv-target-adaptive-true-zero-20260711T1738Z/
?? bench-results/local-zcnblk-wal-retained-4g-20260711T141718Z/
?? bench-results/local-zcnblk-wal-retained-correctness-20260711T141546Z/
?? bench-results/local-zcnblk-wal-retained-fill0-20260711T141802Z.driver.log
?? bench-results/local-zcnblk-wal-retained-fill0-20260711T141802Z/
?? bench-results/local-zcnblk-wal-retained-fill100-20260711T141802Z.driver.log
?? bench-results/local-zcnblk-wal-retained-fill100-20260711T141802Z/
?? bench-results/local-zcnblk-wal-retained-fill20-20260711T141802Z.driver.log
?? bench-results/local-zcnblk-wal-retained-fill20-20260711T141802Z/
?? bench-results/local-zcnblk-wal-retained-fill500-20260711T141802Z.driver.log
?? bench-results/local-zcnblk-wal-retained-fill500-20260711T141802Z/
?? bench-results/local-zcnblk-wal-retained-steady-20260711T141559Z/
?? bench-results/local-zcnblk-wal-retained-warm-20260711T141827Z/
?? bench-results/local-zcnblk-wal-retained-write-20260711T141853Z/
?? bench-results/local-zcnblk-wal-rw-split-20260711T130711Z/
?? bench-results/local-zcnblk-wal-spin-sweep-20260711T142940Z/
?? bench-results/local-zcnblk-wal-sqpoll-ab-20260711T130043Z/
?? bench-results/local-zcnblk-wal-sqpoll-fixed-20260711T130446Z/
?? bench-results/local-zcnblk-wal-sqpoll-hot-20260711T130210Z/
?? bench-results/local-zcnblk-wal-target-profile-20260711T144328Z.driver.log
?? bench-results/local-zcnblk-wal-target-profile-20260711T144328Z.target.perf.data
?? bench-results/local-zcnblk-wal-target-profile-20260711T144328Z.target.perf.txt
?? bench-results/local-zcnblk-wal-target-profile-20260711T144328Z/
?? bench-results/local-zcnblk-wal-target-profile-batched-20260711T150826Z.driver.log
?? bench-results/local-zcnblk-wal-target-profile-batched-20260711T150826Z/
?? bench-results/local-zcnblk-wal-write-debug-long-20260711T142405Z/
?? bench-results/local-zcnblk-wal-write-fixed-20260711T142730Z/
?? bench-results/local-zcnblk-wal-write-only-20260711T130836Z/
?? bench-results/local-zcnblk-wal-zcleasemem-spin-20260711T143305Z/
?? bench-results/local-zcnblk-workerctx-qd1-20260711T203818Z/
?? bench-results/local-zcnblk-workerctx-qd1-linked-20260711T204047Z/
?? bench-results/local-zcnblk-workerctx-waitmin1-20260711T203724Z/
?? bench-results/local-zcnblk-workerctx-waitmin16-20260711T203748Z/
?? bench-results/local-zcwal-cqe-adaptive-retune-20260607T010632Z/
?? bench-results/local-zcwal-cqe-smoke-20260607T010310Z/
?? bench-results/local-zcwal-cqe-spin-sweep-20260607T010333Z/
?? bench-results/local-zcwal-frame-sweep-20260607T004527Z/
?? bench-results/local-zcwal-lease-forward-baseline-20260607T163156Z/
?? bench-results/local-zcwal-lease-forward-extent-indexed-20260607T163740Z/
?? bench-results/local-zcwal-lease-forward-extent-long-20260607T163429Z/
?? bench-results/local-zcwal-lease-forward-extent-long2-20260607T163523Z/
?? bench-results/local-zcwal-lease-forward-extent-sweep-20260607T163411Z/
?? bench-results/local-zcwal-recv-pipeline-smoke-20260607T011617Z/
?? bench-results/local-zcwal-reduce-current-repeat-20260708T165055Z/
?? bench-results/local-zcwal-shared-extent-20260607T164815Z/
?? bench-results/local-zcwal-shared-extent-iovmerge-20260607T165507Z/
?? bench-results/local-zero-copy-strict-localleaf-20260708T162322Z.driver.log
?? bench-results/local-zero-copy-strict-localleaf-20260708T162322Z/
?? bench-results/local-zero-copy-strict-localleaf-20260708T162722Z.driver.log
?? bench-results/local-zero-copy-strict-localleaf-20260708T162722Z/
?? bench-results/local-zero-copy-strict-localleaf-20260708T162937Z.driver.log
?? bench-results/local-zero-copy-strict-localleaf-20260708T162937Z/
?? bench-results/local-zero-copy-strict-localleaf-lanes-20260708T163052Z/
?? bench-results/local-zero-copy-strict-localleaf-long-20260708T163013Z.driver.log
?? bench-results/local-zero-copy-strict-localleaf-long-20260708T163013Z/
?? bench-results/local-zero-copy-strict-localleaf-overlay-20260708T171326Z/
?? bench-results/local-zero-copy-strict-localleaf-overlay-4lane-20260708T171404Z/
?? bench-results/local-zero-copy-strict-repeat-20260708T162115Z/
?? bench-results/local-zero-copy-strict-repeat-20260708T162201Z/
?? bench-results/local-zero-copy-strict-smoke-20260708T161521Z/
?? bench-results/local-zero-copy-strict-smoke-20260708T161903Z/
?? bench-results/local-zipper-hwm-20260606T185837Z/
?? bench-results/qemu-kvm-mirror-perf-20260606T122513Z/
?? bench-results/qemu-kvm-mirror-perf-20260606T122609Z/
?? bench-results/rdma-parallel-local-20260606T183414Z/
?? bench-results/remote-asyncmerge-card1-20260607T113142Z/
?? bench-results/remote-asyncmerge-card1-leafruns-20260607T114017Z/
?? bench-results/remote-asyncmerge-card1-leafruns-20260607T114125Z/
?? bench-results/remote-asyncmerge-card1-zcdevnull-20260607T114410Z/
?? bench-results/remote-asyncmerge-card1-zcdevnull-spin-20260607T114606Z/
?? bench-results/remote-asyncmerge-card1-zcdevnull-upstreamspin-20260607T115148Z/
?? bench-results/zc-asyncwb-adhoc-c8gn48-20260607T094602Z-remote-4node-20260607T095728Z/
?? bench-results/zc-asyncwb-adhoc-c8gn48-20260607T094602Z.apt-lock-check.log
?? bench-results/zc-asyncwb-adhoc-c8gn48-20260607T094602Z.apt-lock-check2.log
?? bench-results/zc-asyncwb-adhoc-c8gn48-20260607T094602Z.apt-lock-check3.log
?? bench-results/zc-asyncwb-adhoc-c8gn48-20260607T094602Z.apt-lock-check4.log
?? bench-results/zc-asyncwb-adhoc-c8gn48-20260607T094602Z.bootstrap-nobuild.log
?? bench-results/zc-asyncwb-adhoc-c8gn48-20260607T094602Z.build-client.log
?? bench-results/zc-asyncwb-adhoc-c8gn48-20260607T094602Z.direct-prep.log
?? bench-results/zc-asyncwb-adhoc-c8gn48-20260607T094602Z.latest-remote-art-dir
?? bench-results/zc-asyncwb-adhoc-c8gn48-20260607T094602Z.launch-leaf2.log
?? bench-results/zc-asyncwb-adhoc-c8gn48-20260607T094602Z.launch.env
?? bench-results/zc-asyncwb-adhoc-c8gn48-20260607T094602Z.launch.log
?? bench-results/zc-asyncwb-adhoc-c8gn48-20260607T094602Z.ssh-commands.txt
?? bench-results/zc-asyncwb-adhoc-c8gn48-20260607T094602Z.sync-4node.log
?? bench-results/zc-asyncwb-adhoc-c8gn48-20260607T094602Z.sync.log
?? bench-results/zc-asyncwb-adhoc-c8gn48-20260607T094602Z.verify-bootstrap.log
?? bench-results/zc-bottleneck-adhoc-c8gn48-20260607T103305Z.cleanup-eips.log
?? bench-results/zc-bottleneck-adhoc-c8gn48-20260607T103305Z/
?? bench-results/zc-direct8m-regression-adhoc-c8gn48-20260712T2107Z/
?? bench-results/zc-forwardref-adhoc-c8gn48-20260607T002221Z-adaptive-middle-20260607T012312Z/
?? bench-results/zc-forwardref-adhoc-c8gn48-20260607T002221Z-control-retag-20260607T011244Z/
?? bench-results/zc-forwardref-adhoc-c8gn48-20260607T002221Z-cqe-spin-20260607T010853Z/
?? bench-results/zc-forwardref-adhoc-c8gn48-20260607T002221Z-dual-adapt16-128-20260607T012749Z/
?? bench-results/zc-forwardref-adhoc-c8gn48-20260607T002221Z-dual-asym-20260607T005056Z/
?? bench-results/zc-forwardref-adhoc-c8gn48-20260607T002221Z-dual-napi50-20260607T012713Z/
?? bench-results/zc-forwardref-adhoc-c8gn48-20260607T002221Z-forwardref/
?? bench-results/zc-forwardref-adhoc-c8gn48-20260607T002221Z-frame-asym-20260607T004957Z/
?? bench-results/zc-forwardref-adhoc-c8gn48-20260607T002221Z-frame-sweep-20260607T004818Z/
?? bench-results/zc-forwardref-adhoc-c8gn48-20260607T002221Z-napi-20260607T010938Z/
?? bench-results/zc-forwardref-adhoc-c8gn48-20260607T002221Z-napi-long-20260607T011316Z/
?? bench-results/zc-forwardref-adhoc-c8gn48-20260607T002221Z-napi-middle-20260607T012414Z/
?? bench-results/zc-forwardref-adhoc-c8gn48-20260607T002221Z-napi-retag-20260607T011211Z/
?? bench-results/zc-forwardref-adhoc-c8gn48-20260607T002221Z-recvpipe-20260607T011755Z/
?? bench-results/zc-forwardref-adhoc-c8gn48-20260607T002221Z-recvpipe-256k-20260607T011845Z/
?? bench-results/zc-forwardref-adhoc-c8gn48-20260607T002221Z.launch.env
?? bench-results/zc-forwardref-adhoc-c8gn48-add2-20260607T002444Z.launch.env
?? bench-results/zc-forwardref-adhoc-c8gn48-add2-20260607T002524Z.launch.env
?? bench-results/zc-forwardref-adhoc-c8gn48-add3-20260607T002309Z.launch.env
?? bench-results/zc-intraaz-lat-adhoc-c8gn48-20260712T143220Z/
?? bench-results/zc-lanewal-adhoc-c8gn48-20260711T131352Z-artifacts/
?? bench-results/zc-rdma-adhoc-c8gn48-20260606T183641Z-3node-mixed/
?? bench-results/zc-rdma-adhoc-c8gn48-20260606T183641Z-3node-sweep/
?? bench-results/zc-rdma-adhoc-c8gn48-20260606T183641Z-remote-wal-ladder-16lane-20260606T193905Z/
?? bench-results/zc-rdma-adhoc-c8gn48-20260606T183641Z-remote-wal-ladder-20260606T193758Z/
?? bench-results/zc-rdma-adhoc-c8gn48-20260606T183641Z-rma/
?? bench-results/zc-rdma-adhoc-c8gn48-20260606T183641Z-tcpwal/
?? bench-results/zc-rdma-adhoc-c8gn48-20260606T183641Z-zipper/
?? bench-results/zc-rdma-adhoc-c8gn48-20260606T183641Z.bootstrap-node0.log
?? bench-results/zc-rdma-adhoc-c8gn48-20260606T183641Z.bootstrap-node1.log
?? bench-results/zc-rdma-adhoc-c8gn48-20260606T183641Z.bootstrap-node3.log
?? bench-results/zc-rdma-adhoc-c8gn48-20260606T183641Z.launch-third.log
?? bench-results/zc-rdma-adhoc-c8gn48-20260606T183641Z.launch.env
?? bench-results/zc-rdma-adhoc-c8gn48-20260606T183641Z.launch.log
?? bench-results/zc-rdma-adhoc-c8gn48-20260606T183641Z.node0.topology.log
?? bench-results/zc-rdma-adhoc-c8gn48-20260606T183641Z.node1.topology.log
?? bench-results/zc-rdma-adhoc-c8gn48-20260606T183641Z.sync.log
?? bench-results/zc-rdma-adhoc-c8gn48-20260606T183641Z.sync2.log
?? bench-results/zc-stripe600-adhoc-c8gn48-20260607T134940Z-artifacts/
?? bench-results/zc-stripe600-adhoc-c8gn48-20260607T134940Z-bootstrap/
?? bench-results/zc-stripe600-adhoc-c8gn48-20260607T134940Z-concurrent-hot-egress-leaf-ingress-20260607T151716Z/
?? bench-results/zc-stripe600-adhoc-c8gn48-20260607T134940Z-leaf-to-fan-ingress-20260607T145404Z/
?? bench-results/zc-stripe600-adhoc-c8gn48-20260607T134940Z-readcache-20260607T141301Z/
?? bench-results/zc-stripe600-adhoc-c8gn48-20260607T134940Z-readcache-cold-cache-branchbind-card0card1-20260607T152754Z/
?? bench-results/zc-stripe600-adhoc-c8gn48-20260607T134940Z-readcache-cold-cache-dualegress-pinned32x2-20260607T152306Z/
?? bench-results/zc-stripe600-adhoc-c8gn48-20260607T134940Z-readcache-cold-cache-prefill64m-splitnic-pinned64-20260607T152127Z/
?? bench-results/zc-stripe600-adhoc-c8gn48-20260607T134940Z-readcache-cold-cache-splitnic-pinned64-20260607T151603Z/
?? bench-results/zc-stripe600-adhoc-c8gn48-20260607T134940Z-readcache-cold-card1-20260607T144641Z/
?? bench-results/zc-stripe600-adhoc-c8gn48-20260607T134940Z-readcache-cold-card1-pinned32-20260607T145136Z/
?? bench-results/zc-stripe600-adhoc-c8gn48-20260607T134940Z-readcache-cold-pipedirect-splitnic-pinned32-20260607T150532Z/
?? bench-results/zc-stripe600-adhoc-c8gn48-20260607T134940Z-readcache-cold-slabdirect-splitnic-pinned32-20260607T151426Z/
?? bench-results/zc-stripe600-adhoc-c8gn48-20260607T134940Z-readcache-cold-splitnic-pinned32-20260607T145300Z/
?? bench-results/zc-stripe600-adhoc-c8gn48-20260607T134940Z-readcache-cold-streamdirect-splitnic-pinned32-20260607T150015Z/
?? bench-results/zc-stripe600-adhoc-c8gn48-20260607T134940Z-readcache-cold-streamtee-splitnic-pinned32-20260607T145915Z/
?? bench-results/zc-stripe600-adhoc-c8gn48-20260607T134940Z-readcache-hot-20260607T143605Z/
?? bench-results/zc-stripe600-adhoc-c8gn48-20260607T134940Z-readcache-hot-20260607T143825Z/
?? bench-results/zc-stripe600-adhoc-c8gn48-20260607T134940Z-readcache-hot-dual-control-20260607T155655Z/
?? bench-results/zc-stripe600-adhoc-c8gn48-20260607T134940Z-readcache-hot-dualnic-20260607T143943Z/
?? bench-results/zc-stripe600-adhoc-c8gn48-20260607T134940Z-readcache-hot-dualnic-waitall-20260607T144345Z/
?? bench-results/zc-stripe600-adhoc-c8gn48-20260607T134940Z-readcache-hot-egress-control-20260607T154705Z/
?? bench-results/zc-stripe600-adhoc-c8gn48-20260607T134940Z-readcache-lane-splice-blocking-clientread-20260607T154558Z/
?? bench-results/zc-stripe600-adhoc-c8gn48-20260607T134940Z-readcache-lane-splice-branchbind-clientread-20260607T154847Z/
?? bench-results/zc-stripe600-adhoc-c8gn48-20260607T134940Z-readcache-lane-splice-clientread-20260607T154616Z/
?? bench-results/zc-stripe600-adhoc-c8gn48-20260607T134940Z-readcache-lane-splice-dualegress-20260607T154947Z/
?? bench-results/zc-stripe600-adhoc-c8gn48-20260607T134940Z-readcache-lane-splice-dualegress-20260607T155223Z/
?? bench-results/zc-stripe600-adhoc-c8gn48-20260607T134940Z-readcache-lane-splice-dualegress-64lane-20260607T155459Z/
?? bench-results/zc-stripe600-adhoc-c8gn48-20260607T134940Z-readcache-lane-splice-dualegress-64lane-4m-20260607T155744Z/
?? bench-results/zc-stripe600-adhoc-c8gn48-20260607T134940Z-readcache-lane-splice-dualegress-64lane-4m-clean-20260607T160000Z/
?? bench-results/zc-stripe600-adhoc-c8gn48-20260607T134940Z-readcache-lane-splice-dualegress-96lane-20260607T155601Z/
?? bench-results/zc-stripe600-adhoc-c8gn48-20260607T134940Z-readcache-lane-splice-dualegress-aligned-20260607T155356Z/
?? bench-results/zc-stripe600-adhoc-c8gn48-20260607T134940Z-readcache-lane-splice-fancpu0-clientread-20260607T154747Z/
?? bench-results/zc-stripe600-adhoc-c8gn48-20260607T134940Z-readcache-lane-splice-remote-20260607T154246Z/
?? bench-results/zc-stripe600-adhoc-c8gn48-20260607T134940Z-remote-pagecache-20260607T140812Z/
?? bench-results/zc-stripe600-adhoc-c8gn48-20260607T134940Z.build-node0.log
?? bench-results/zc-stripe600-adhoc-c8gn48-20260607T134940Z.latest-concurrent-dir
?? bench-results/zc-stripe600-adhoc-c8gn48-20260607T134940Z.latest-ingress-dir
?? bench-results/zc-stripe600-adhoc-c8gn48-20260607T134940Z.latest-pagecache-dir
?? bench-results/zc-stripe600-adhoc-c8gn48-20260607T134940Z.latest-readcache-cold-dir
?? bench-results/zc-stripe600-adhoc-c8gn48-20260607T134940Z.latest-readcache-dir
?? bench-results/zc-stripe600-adhoc-c8gn48-20260607T134940Z.latest-readcache-hot-dir
?? bench-results/zc-stripe600-adhoc-c8gn48-20260607T134940Z.latest-readcache-hot-dualnic-dir
?? bench-results/zc-stripe600-adhoc-c8gn48-20260607T134940Z.launch-dry-run.log
?? bench-results/zc-stripe600-adhoc-c8gn48-20260607T134940Z.launch.env
?? bench-results/zc-stripe600-adhoc-c8gn48-20260607T134940Z.launch.log
?? bench-results/zc-stripe600-adhoc-c8gn48-20260607T134940Z.missing-public-enis.txt
?? bench-results/zc-stripe600-adhoc-c8gn48-20260607T134940Z.mkdir-remote.log
?? bench-results/zc-stripe600-adhoc-c8gn48-20260607T134940Z.post-eip-instances.json
?? bench-results/zc-stripe600-adhoc-c8gn48-20260607T134940Z.ssh-commands.txt
?? bench-results/zc-stripe600-adhoc-c8gn48-20260607T134940Z.ssh-ready.log
?? bench-results/zc-stripe600-adhoc-c8gn48-20260607T134940Z.sync.log
?? bench-results/zcnblk-mq-map-zcmem-20260606T225718Z/
?? bench-results/zcraid-dummy-stream-c8gn48-20260606T163837Z/
?? bench-results/zcraid-mirror-c8gn48-20260606T155934Z/
?? bench-results/zcraid-sync-c8gn48-20260606T162811Z/
?? bench-results/zcworkload-adhoc-20260712T222851Z/
?? bench-results/zcworkload-adhoc-retry-20260712T230240Z/
?? bench-results/zcworkload-qemu-20260712T222855Z/
?? bench-results/zcworkload-qemu-retry-20260712T230315Z/
?? local-zcmem-verify-0-verify.state
?? local-zcmem-verify-1-verify.state
?? scripts/arm64-kernel-nightly-build.sh
?? scripts/ec2-arm64-nightly-deploy.sh
?? scripts/welcome-to-the-team.sh
?? src/bin/zcworkload.rs
?? src/enterprise_workload.rs
?? tools/zcfanout_logzip_fast_bench.c
