pid 2423833's current affinity list: 4-7,12
pid 2423833's new affinity list: 12
pid 2423835's current affinity list: 4-7,12
pid 2423835's new affinity list: 12
pid 2423840's current affinity list: 4-7,12
pid 2423840's new affinity list: 12
pid 2423841's current affinity list: 4-7,12
pid 2423841's new affinity list: 12
pid 2423842's current affinity list: 4-7,12
pid 2423842's new affinity list: 12
pid 2423843's current affinity list: 4-7,12
pid 2423843's new affinity list: 12
pid 2423845's current affinity list: 4-7,12
pid 2423845's new affinity list: 12
pid 2423840's current affinity list: 12
pid 2423840's new affinity list: 4
vcpu-map: vm=target qemu_pid=2423833 tid=2423840 guest_vcpu=0 host_cpu=4
pid 2423841's current affinity list: 12
pid 2423841's new affinity list: 5
vcpu-map: vm=target qemu_pid=2423833 tid=2423841 guest_vcpu=1 host_cpu=5
pid 2423842's current affinity list: 12
pid 2423842's new affinity list: 6
vcpu-map: vm=target qemu_pid=2423833 tid=2423842 guest_vcpu=2 host_cpu=6
pid 2423843's current affinity list: 12
pid 2423843's new affinity list: 7
vcpu-map: vm=target qemu_pid=2423833 tid=2423843 guest_vcpu=3 host_cpu=7
emulator-map: vm=target qemu_pid=2423833 host_cpu=12
pid 2423852's current affinity list: 8-11,13
pid 2423852's new affinity list: 13
pid 2423856's current affinity list: 8-11,13
pid 2423856's new affinity list: 13
pid 2423858's current affinity list: 8-11,13
pid 2423858's new affinity list: 13
pid 2423859's current affinity list: 8-11,13
pid 2423859's new affinity list: 13
pid 2423860's current affinity list: 8-11,13
pid 2423860's new affinity list: 13
pid 2423861's current affinity list: 8-11,13
pid 2423861's new affinity list: 13
pid 2423863's current affinity list: 8-11,13
pid 2423863's new affinity list: 13
pid 2423858's current affinity list: 13
pid 2423858's new affinity list: 8
vcpu-map: vm=client qemu_pid=2423852 tid=2423858 guest_vcpu=0 host_cpu=8
pid 2423859's current affinity list: 13
pid 2423859's new affinity list: 9
vcpu-map: vm=client qemu_pid=2423852 tid=2423859 guest_vcpu=1 host_cpu=9
pid 2423860's current affinity list: 13
pid 2423860's new affinity list: 10
vcpu-map: vm=client qemu_pid=2423852 tid=2423860 guest_vcpu=2 host_cpu=10
pid 2423861's current affinity list: 13
pid 2423861's new affinity list: 11
vcpu-map: vm=client qemu_pid=2423852 tid=2423861 guest_vcpu=3 host_cpu=11
emulator-map: vm=client qemu_pid=2423852 host_cpu=13
