zccat-topology: descriptor_mode=auto zero_copy=auto preserve_lanes=no preserve_topology=no topology=- lane_id=0 lane_count=1 queue_id=- preferred_worker=0 lane_map=lane0=generator=cpu1 preferred_cpu=1 numa_node=- ordered=global topology_target_cpu=1 topology_affinity_applied=yes topology_start_cpu=0 topology_end_cpu=1 topology_target_numa_node=0 topology_end_numa_node=0
	Command being timed: "target/release/zcutils zccat --generate --bytes 4g --chunk-bytes 1m --preferred-cpu 1 --lane-id 0 --lane-count 1 --preferred-worker 0 --lane-map lane0=generator=cpu1"
	User time (seconds): 0.00
	System time (seconds): 0.63
	Percent of CPU this job got: 17%
	Elapsed (wall clock) time (h:mm:ss or m:ss): 0:03.60
	Average shared text size (kbytes): 0
	Average unshared data size (kbytes): 0
	Average stack size (kbytes): 0
	Average total size (kbytes): 0
	Maximum resident set size (kbytes): 5056
	Average resident set size (kbytes): 0
	Major (requiring I/O) page faults: 3
	Minor (reclaiming a frame) page faults: 437
	Voluntary context switches: 62941
	Involuntary context switches: 4
	Swaps: 0
	File system inputs: 552
	File system outputs: 8
	Socket messages sent: 0
	Socket messages received: 0
	Signals delivered: 0
	Page size (bytes): 4096
	Exit status: 0
