zcnblk-send: addr=127.0.0.1 shard_count=1 base_port=19600 ports=8 connections_per_port=1 total_connections=8 bytes_per_connection=8388608 chunk_bytes=4096 workers=8 op_mode=mixed read_window=16 write_window=16 access=random:range_bytes=8388608:seed=0x0000000000880016 verify_reads=no wait_write_acks=yes batch_depth=16 payload_pattern=fill:0x00 source_ip=kernel-route source_ports=kernel-ephemeral latency=yes encryption=none aes_frame_bytes=65536
zcnblk-send-worker: affinity_index=1 target_cpu=25 status=ok
zcnblk-send-worker: affinity_index=2 target_cpu=26 status=ok
zcnblk-send-worker: affinity_index=6 target_cpu=30 status=ok
zcnblk-send-worker: affinity_index=0 target_cpu=24 status=ok
zcnblk-send-worker: affinity_index=5 target_cpu=29 status=ok
zcnblk-send-worker: affinity_index=7 target_cpu=31 status=ok
zcnblk-send-worker: affinity_index=3 target_cpu=27 status=ok
zcnblk-send-worker: affinity_index=4 target_cpu=28 status=ok
PERF WARNING: requested SO_SNDBUF=16777216 bytes via URING_PLAY_SOCKET_BUFFER_BYTES but kernel reports 8388608 bytes; raise net.core.wmem_max/net.core.rmem_max and tcp_wmem/tcp_rmem before trusting high-IOPS TCP fan context-switch numbers
PERF WARNING: requested SO_RCVBUF=16777216 bytes via URING_PLAY_SOCKET_BUFFER_BYTES but kernel reports 8388608 bytes; raise net.core.wmem_max/net.core.rmem_max and tcp_wmem/tcp_rmem before trusting high-IOPS TCP fan context-switch numbers
zcnblk-send-stream: worker=2 lane=2 port=19602 conn=0 shard=0 base_offset=16777216
zcnblk-send-stream: worker=5 lane=5 port=19605 conn=0 shard=0 base_offset=41943040
zcnblk-send-stream: worker=6 lane=6 port=19606 conn=0 shard=0 base_offset=50331648
zcnblk-send-stream: worker=7 lane=7 port=19607 conn=0 shard=0 base_offset=58720256
zcnblk-send-stream: worker=1 lane=1 port=19601 conn=0 shard=0 base_offset=8388608
zcnblk-send-stream: worker=0 lane=0 port=19600 conn=0 shard=0 base_offset=0
zcnblk-send-stream: worker=4 lane=4 port=19604 conn=0 shard=0 base_offset=33554432
PERF WARNING: zcnblk-send write_window=16 is below batch_depth(16) * fan_batch_window(16); this forces upstream-idle drains in fan WAL and keeps effective leaf batches smaller than the configured topology window
zcnblk-send-stream: worker=3 lane=3 port=19603 conn=0 shard=0 base_offset=25165824
zcnblk-send-worker: worker=0 streams=1 write_bytes=4194304 read_bytes=4194304 verified_read_bytes=0 read_checksum=0x0000000000000000 expected_checksum=0x0000000000000000 wire_bytes=8747648 frames=2048 read_frames=1024 write_frames=1024 frames_per_sec=58156 seconds=0.035216 logical_MiBps=227.17 target_cpu=24 affinity_applied=true
zcnblk-send-worker-latency: worker=0 write_ack_count=1024 write_ack_avg_ns=541312 write_ack_min_ns=114900 write_ack_p50_ns=460000 write_ack_p95_ns=716000 write_ack_p99_ns=2000000 write_ack_p999_ns=2000000 write_ack_max_ns=1064494 read_count=1024 read_avg_ns=543639 read_min_ns=142260 read_p50_ns=462000 read_p95_ns=718000 read_p99_ns=2000000 read_p999_ns=2000000 read_max_ns=1065134
zcnblk-send-worker: worker=1 streams=1 write_bytes=4194304 read_bytes=4194304 verified_read_bytes=0 read_checksum=0x0000000000000000 expected_checksum=0x0000000000000000 wire_bytes=8775424 frames=2048 read_frames=1024 write_frames=1024 frames_per_sec=45925 seconds=0.044595 logical_MiBps=179.39 target_cpu=25 affinity_applied=true
zcnblk-send-worker-latency: worker=1 write_ack_count=1024 write_ack_avg_ns=689326 write_ack_min_ns=62900 write_ack_p50_ns=680000 write_ack_p95_ns=828000 write_ack_p99_ns=2000000 write_ack_p999_ns=2000000 write_ack_max_ns=1435405 read_count=1024 read_avg_ns=691678 read_min_ns=84810 read_p50_ns=682000 read_p95_ns=829000 read_p99_ns=2000000 read_p999_ns=2000000 read_max_ns=1435915
zcnblk-send-worker: worker=2 streams=1 write_bytes=4194304 read_bytes=4194304 verified_read_bytes=0 read_checksum=0x0000000000000000 expected_checksum=0x0000000000000000 wire_bytes=8757440 frames=2048 read_frames=1024 write_frames=1024 frames_per_sec=53023 seconds=0.038624 logical_MiBps=207.12 target_cpu=26 affinity_applied=true
zcnblk-send-worker-latency: worker=2 write_ack_count=1024 write_ack_avg_ns=595201 write_ack_min_ns=100400 write_ack_p50_ns=680000 write_ack_p95_ns=757000 write_ack_p99_ns=2000000 write_ack_p999_ns=2000000 write_ack_max_ns=1232575 read_count=1024 read_avg_ns=597456 read_min_ns=106620 read_p50_ns=682000 read_p95_ns=761000 read_p99_ns=2000000 read_p999_ns=2000000 read_max_ns=1233515
zcnblk-send-worker: worker=3 streams=1 write_bytes=4194304 read_bytes=4194304 verified_read_bytes=0 read_checksum=0x0000000000000000 expected_checksum=0x0000000000000000 wire_bytes=8719936 frames=2048 read_frames=1024 write_frames=1024 frames_per_sec=76550 seconds=0.026754 logical_MiBps=299.02 target_cpu=27 affinity_applied=true
zcnblk-send-worker-latency: worker=3 write_ack_count=1024 write_ack_avg_ns=410918 write_ack_min_ns=110151 write_ack_p50_ns=408000 write_ack_p95_ns=499000 write_ack_p99_ns=973000 write_ack_p999_ns=2000000 write_ack_max_ns=1024633 read_count=1024 read_avg_ns=412538 read_min_ns=132361 read_p50_ns=409000 read_p95_ns=500000 read_p99_ns=974000 read_p999_ns=2000000 read_max_ns=1025333
zcnblk-send-worker: worker=4 streams=1 write_bytes=4194304 read_bytes=4194304 verified_read_bytes=0 read_checksum=0x0000000000000000 expected_checksum=0x0000000000000000 wire_bytes=8752896 frames=2048 read_frames=1024 write_frames=1024 frames_per_sec=54115 seconds=0.037845 logical_MiBps=211.39 target_cpu=28 affinity_applied=true
zcnblk-send-worker-latency: worker=4 write_ack_count=1024 write_ack_avg_ns=583116 write_ack_min_ns=103121 write_ack_p50_ns=674000 write_ack_p95_ns=892000 write_ack_p99_ns=2000000 write_ack_p999_ns=2000000 write_ack_max_ns=1643056 read_count=1024 read_avg_ns=585356 read_min_ns=135781 read_p50_ns=676000 read_p95_ns=895000 read_p99_ns=2000000 read_p999_ns=2000000 read_max_ns=1643806
zcnblk-send-worker: worker=5 streams=1 write_bytes=4194304 read_bytes=4194304 verified_read_bytes=0 read_checksum=0x0000000000000000 expected_checksum=0x0000000000000000 wire_bytes=8746752 frames=2048 read_frames=1024 write_frames=1024 frames_per_sec=55932 seconds=0.036616 logical_MiBps=218.49 target_cpu=29 affinity_applied=true
zcnblk-send-worker-latency: worker=5 write_ack_count=1024 write_ack_avg_ns=564037 write_ack_min_ns=103860 write_ack_p50_ns=495000 write_ack_p95_ns=806000 write_ack_p99_ns=2000000 write_ack_p999_ns=2000000 write_ack_max_ns=1476545 read_count=1024 read_avg_ns=566167 read_min_ns=123901 read_p50_ns=496000 read_p95_ns=809000 read_p99_ns=2000000 read_p999_ns=2000000 read_max_ns=1480885
zcnblk-send-worker: worker=6 streams=1 write_bytes=4194304 read_bytes=4194304 verified_read_bytes=0 read_checksum=0x0000000000000000 expected_checksum=0x0000000000000000 wire_bytes=8753024 frames=2048 read_frames=1024 write_frames=1024 frames_per_sec=53074 seconds=0.038588 logical_MiBps=207.32 target_cpu=30 affinity_applied=true
zcnblk-send-worker-latency: worker=6 write_ack_count=1024 write_ack_avg_ns=593895 write_ack_min_ns=89781 write_ack_p50_ns=678000 write_ack_p95_ns=748000 write_ack_p99_ns=2000000 write_ack_p999_ns=2000000 write_ack_max_ns=1431745 read_count=1024 read_avg_ns=596076 read_min_ns=114691 read_p50_ns=680000 read_p95_ns=749000 read_p99_ns=2000000 read_p999_ns=2000000 read_max_ns=1432305
zcnblk-send-worker: worker=7 streams=1 write_bytes=4194304 read_bytes=4194304 verified_read_bytes=0 read_checksum=0x0000000000000000 expected_checksum=0x0000000000000000 wire_bytes=8704576 frames=2048 read_frames=1024 write_frames=1024 frames_per_sec=92150 seconds=0.022225 logical_MiBps=359.96 target_cpu=31 affinity_applied=true
zcnblk-send-worker-latency: worker=7 write_ack_count=1024 write_ack_avg_ns=338445 write_ack_min_ns=86481 write_ack_p50_ns=401000 write_ack_p95_ns=440000 write_ack_p99_ns=2000000 write_ack_p999_ns=2000000 write_ack_max_ns=1133124 read_count=1024 read_avg_ns=340012 read_min_ns=109431 read_p50_ns=402000 read_p95_ns=440000 read_p99_ns=2000000 read_p999_ns=2000000 read_max_ns=1133764
zcnblk-send-summary: write_bytes=33554432 read_bytes=33554432 verified_read_bytes=0 read_checksum=0x0000000000000000 expected_checksum=0x0000000000000000 wire_bytes=69957696 frames=16384 read_frames=8192 write_frames=8192 frames_per_sec=367398
zcnblk-send-latency-summary: write_ack_count=8192 write_ack_avg_ns=539531 write_ack_min_ns=62900 write_ack_p50_ns=625000 write_ack_p95_ns=744000 write_ack_p99_ns=2000000 write_ack_p999_ns=2000000 write_ack_max_ns=1643056 read_count=8192 read_avg_ns=541615 read_min_ns=84810 read_p50_ns=629000 read_p95_ns=746000 read_p99_ns=2000000 read_p999_ns=2000000 read_max_ns=1643806
zcnblk-send: bytes=67108864 seconds=0.044595 GiBps=1.402 Gbitps=12.039
