zcblockbench-plan: target=/dev/zcnblk0 engine=uring-fixed mode=rw workers=16 ops_per_worker=10000 chunk_bytes=4096 iodepth=128 ring_entries=256 read_percent=50 region_bytes_per_worker=67108864 ring_mode=normal cqe=16 registered_ring=false sqpoll_idle_ms=1000 buffers=hugetlb pin_workers=true target_kind=block
zcblockbench-target: target=/dev/zcnblk0 total_region_bytes=1073741824 device_bytes=2147483648 required_alignment=4096 segment_bytes=2097152
zcblockbench-worker: affinity_index=0 target_cpu=0 status=ok
zcblockbench-worker: affinity_index=1 target_cpu=4 status=ok
zcblockbench-worker: affinity_index=4 target_cpu=16 status=ok
zcblockbench-worker: affinity_index=5 target_cpu=20 status=ok
zcblockbench-worker: affinity_index=2 target_cpu=8 status=ok
zcblockbench-worker: affinity_index=3 target_cpu=12 status=ok
zcblockbench-worker: affinity_index=7 target_cpu=28 status=ok
zcblockbench-worker: affinity_index=6 target_cpu=24 status=ok
zcblockbench-worker: affinity_index=8 target_cpu=32 status=ok
zcblockbench-worker: affinity_index=9 target_cpu=36 status=ok
zcblockbench-worker: affinity_index=10 target_cpu=40 status=ok
zcblockbench-worker: affinity_index=11 target_cpu=44 status=ok
zcblockbench-worker: affinity_index=14 target_cpu=56 status=ok
zcblockbench-worker: affinity_index=12 target_cpu=48 status=ok
zcblockbench-worker: affinity_index=13 target_cpu=52 status=ok
zcblockbench-worker: affinity_index=15 target_cpu=60 status=ok
zcblockbench-worker: engine=uring-fixed worker=0 ops=10000 reads=4990 writes=5010 seconds=0.181946 ops_per_sec=54961 cpu_seconds=0.013072 cpu_percent=7.18 cpu_ns_per_op=1307.2 base_offset=0 region_bytes=67108864 depth=128 completion_batch=64 target_cpu=0 affinity_applied=true local_cpu=0 worker_numa_node=0 sqpoll_cpu=-1 buffers=hugetlb buffer_base=0xf28a24000000 buffer_alignment=67108864 buffer_stride=2097152 buffer_map_len=268435456 memory_policy=first-touch
zcblockbench-worker: engine=uring-fixed worker=1 ops=10000 reads=5001 writes=4999 seconds=0.186212 ops_per_sec=53702 cpu_seconds=0.008586 cpu_percent=4.61 cpu_ns_per_op=858.6 base_offset=67108864 region_bytes=67108864 depth=128 completion_batch=64 target_cpu=4 affinity_applied=true local_cpu=4 worker_numa_node=0 sqpoll_cpu=-1 buffers=hugetlb buffer_base=0xf28a64000000 buffer_alignment=67108864 buffer_stride=2097152 buffer_map_len=268435456 memory_policy=first-touch
zcblockbench-worker: engine=uring-fixed worker=2 ops=10000 reads=5065 writes=4935 seconds=0.183741 ops_per_sec=54424 cpu_seconds=0.012000 cpu_percent=6.53 cpu_ns_per_op=1200.0 base_offset=134217728 region_bytes=67108864 depth=128 completion_batch=64 target_cpu=8 affinity_applied=true local_cpu=8 worker_numa_node=0 sqpoll_cpu=-1 buffers=hugetlb buffer_base=0xf28a34000000 buffer_alignment=67108864 buffer_stride=2097152 buffer_map_len=268435456 memory_policy=first-touch
zcblockbench-worker: engine=uring-fixed worker=3 ops=10000 reads=5050 writes=4950 seconds=0.182736 ops_per_sec=54724 cpu_seconds=0.011800 cpu_percent=6.46 cpu_ns_per_op=1180.0 base_offset=201326592 region_bytes=67108864 depth=128 completion_batch=64 target_cpu=12 affinity_applied=true local_cpu=12 worker_numa_node=0 sqpoll_cpu=-1 buffers=hugetlb buffer_base=0xf28a0c000000 buffer_alignment=67108864 buffer_stride=2097152 buffer_map_len=268435456 memory_policy=first-touch
zcblockbench-worker: engine=uring-fixed worker=4 ops=10000 reads=4967 writes=5033 seconds=0.178146 ops_per_sec=56134 cpu_seconds=0.014307 cpu_percent=8.03 cpu_ns_per_op=1430.7 base_offset=268435456 region_bytes=67108864 depth=128 completion_batch=64 target_cpu=16 affinity_applied=true local_cpu=16 worker_numa_node=0 sqpoll_cpu=-1 buffers=hugetlb buffer_base=0xf28a54000000 buffer_alignment=67108864 buffer_stride=2097152 buffer_map_len=268435456 memory_policy=first-touch
zcblockbench-worker: engine=uring-fixed worker=5 ops=10000 reads=5097 writes=4903 seconds=0.183276 ops_per_sec=54562 cpu_seconds=0.011933 cpu_percent=6.51 cpu_ns_per_op=1193.3 base_offset=335544320 region_bytes=67108864 depth=128 completion_batch=64 target_cpu=20 affinity_applied=true local_cpu=20 worker_numa_node=0 sqpoll_cpu=-1 buffers=hugetlb buffer_base=0xf28a44000000 buffer_alignment=67108864 buffer_stride=2097152 buffer_map_len=268435456 memory_policy=first-touch
zcblockbench-worker: engine=uring-fixed worker=6 ops=10000 reads=5103 writes=4897 seconds=0.175816 ops_per_sec=56878 cpu_seconds=0.013329 cpu_percent=7.58 cpu_ns_per_op=1332.9 base_offset=402653184 region_bytes=67108864 depth=128 completion_batch=64 target_cpu=24 affinity_applied=true local_cpu=24 worker_numa_node=0 sqpoll_cpu=-1 buffers=hugetlb buffer_base=0xf289ec000000 buffer_alignment=67108864 buffer_stride=2097152 buffer_map_len=268435456 memory_policy=first-touch
zcblockbench-worker: engine=uring-fixed worker=7 ops=10000 reads=5023 writes=4977 seconds=0.175865 ops_per_sec=56862 cpu_seconds=0.013487 cpu_percent=7.67 cpu_ns_per_op=1348.7 base_offset=469762048 region_bytes=67108864 depth=128 completion_batch=64 target_cpu=28 affinity_applied=true local_cpu=28 worker_numa_node=0 sqpoll_cpu=-1 buffers=hugetlb buffer_base=0xf289fc000000 buffer_alignment=67108864 buffer_stride=2097152 buffer_map_len=268435456 memory_policy=first-touch
zcblockbench-worker: engine=uring-fixed worker=8 ops=10000 reads=4951 writes=5049 seconds=0.182688 ops_per_sec=54738 cpu_seconds=0.012776 cpu_percent=6.99 cpu_ns_per_op=1277.6 base_offset=536870912 region_bytes=67108864 depth=128 completion_batch=64 target_cpu=32 affinity_applied=true local_cpu=32 worker_numa_node=0 sqpoll_cpu=-1 buffers=hugetlb buffer_base=0xf289bc000000 buffer_alignment=67108864 buffer_stride=2097152 buffer_map_len=268435456 memory_policy=first-touch
zcblockbench-worker: engine=uring-fixed worker=9 ops=10000 reads=4937 writes=5063 seconds=0.175875 ops_per_sec=56859 cpu_seconds=0.013923 cpu_percent=7.92 cpu_ns_per_op=1392.3 base_offset=603979776 region_bytes=67108864 depth=128 completion_batch=64 target_cpu=36 affinity_applied=true local_cpu=36 worker_numa_node=0 sqpoll_cpu=-1 buffers=hugetlb buffer_base=0xf28994000000 buffer_alignment=67108864 buffer_stride=2097152 buffer_map_len=268435456 memory_policy=first-touch
zcblockbench-worker: engine=uring-fixed worker=10 ops=10000 reads=4943 writes=5057 seconds=0.174177 ops_per_sec=57413 cpu_seconds=0.013430 cpu_percent=7.71 cpu_ns_per_op=1343.0 base_offset=671088640 region_bytes=67108864 depth=128 completion_batch=64 target_cpu=40 affinity_applied=true local_cpu=40 worker_numa_node=0 sqpoll_cpu=-1 buffers=hugetlb buffer_base=0xf289d4000000 buffer_alignment=67108864 buffer_stride=2097152 buffer_map_len=268435456 memory_policy=first-touch
zcblockbench-worker: engine=uring-fixed worker=11 ops=10000 reads=4931 writes=5069 seconds=0.175076 ops_per_sec=57118 cpu_seconds=0.013271 cpu_percent=7.58 cpu_ns_per_op=1327.1 base_offset=738197504 region_bytes=67108864 depth=128 completion_batch=64 target_cpu=44 affinity_applied=true local_cpu=44 worker_numa_node=0 sqpoll_cpu=-1 buffers=hugetlb buffer_base=0xf289ac000000 buffer_alignment=67108864 buffer_stride=2097152 buffer_map_len=268435456 memory_policy=first-touch
zcblockbench-worker: engine=uring-fixed worker=12 ops=10000 reads=4969 writes=5031 seconds=0.177380 ops_per_sec=56376 cpu_seconds=0.014587 cpu_percent=8.22 cpu_ns_per_op=1458.7 base_offset=805306368 region_bytes=67108864 depth=128 completion_batch=64 target_cpu=48 affinity_applied=true local_cpu=48 worker_numa_node=0 sqpoll_cpu=-1 buffers=hugetlb buffer_base=0xf28984000000 buffer_alignment=67108864 buffer_stride=2097152 buffer_map_len=268435456 memory_policy=first-touch
zcblockbench-worker: engine=uring-fixed worker=13 ops=10000 reads=5027 writes=4973 seconds=0.175858 ops_per_sec=56864 cpu_seconds=0.013163 cpu_percent=7.48 cpu_ns_per_op=1316.3 base_offset=872415232 region_bytes=67108864 depth=128 completion_batch=64 target_cpu=52 affinity_applied=true local_cpu=52 worker_numa_node=0 sqpoll_cpu=-1 buffers=hugetlb buffer_base=0xf2895c000000 buffer_alignment=67108864 buffer_stride=2097152 buffer_map_len=268435456 memory_policy=first-touch
zcblockbench-worker: engine=uring-fixed worker=14 ops=10000 reads=4985 writes=5015 seconds=0.181205 ops_per_sec=55186 cpu_seconds=0.013505 cpu_percent=7.45 cpu_ns_per_op=1350.5 base_offset=939524096 region_bytes=67108864 depth=128 completion_batch=64 target_cpu=56 affinity_applied=true local_cpu=56 worker_numa_node=0 sqpoll_cpu=-1 buffers=hugetlb buffer_base=0xf2896c000000 buffer_alignment=67108864 buffer_stride=2097152 buffer_map_len=268435456 memory_policy=first-touch
zcblockbench-worker: engine=uring-fixed worker=15 ops=10000 reads=5037 writes=4963 seconds=0.184414 ops_per_sec=54226 cpu_seconds=0.010163 cpu_percent=5.51 cpu_ns_per_op=1016.3 base_offset=1006632960 region_bytes=67108864 depth=128 completion_batch=64 target_cpu=60 affinity_applied=true local_cpu=60 worker_numa_node=0 sqpoll_cpu=-1 buffers=hugetlb buffer_base=0xf2894c000000 buffer_alignment=67108864 buffer_stride=2097152 buffer_map_len=268435456 memory_policy=first-touch
zcblockbench-result: target=/dev/zcnblk0 engine=uring-fixed mode=rw workers=16 ops_per_worker=10000 total_ops=160000 reads=80076 writes=79924 read_percent=50 chunk_bytes=4096 region_bytes_per_worker=67108864 pipeline_per_worker=128 total_pipeline=2048 ring_entries=256 ring_mode=normal cqe=16 registered_ring=false buffers=hugetlb pin_workers=true wall_seconds=0.203770 io_seconds=0.186212 slowest_worker_seconds=0.186212 total_cpu_seconds=0.203333 aggregate_cpu_percent=109.19 cpu_ns_per_op=1270.8 MiBps=3356.39 ops_per_sec=859235
