pgbench (17.10 (Debian 17.10-0+deb13u1))
starting vacuum...end.
progress: 5.0 s, 40508.6 tps, lat 4.627 ms stddev 4.454, 0 failed
progress: 10.0 s, 41381.2 tps, lat 4.638 ms stddev 4.379, 0 failed
progress: 15.0 s, 44429.6 tps, lat 4.319 ms stddev 4.007, 0 failed
progress: 20.0 s, 44480.3 tps, lat 4.315 ms stddev 4.392, 0 failed
transaction type: <builtin: TPC-B (sort of)>
scaling factor: 100
query mode: prepared
number of clients: 192
number of threads: 8
maximum number of tries: 1
duration: 20 s
number of transactions actually processed: 854174
number of failed transactions: 0 (0.000%)
latency average = 4.470 ms
latency stddev = 4.313 ms
initial connection time = 111.778 ms
tps = 42904.550693 (without initial connection time)
statement latencies in milliseconds and failures:
         0.000           0  \set aid random(1, 100000 * :scale)
         0.000           0  \set bid random(1, 1 * :scale)
         0.000           0  \set tid random(1, 10 * :scale)
         0.000           0  \set delta random(-5000, 5000)
         0.047           0  BEGIN;
         0.078           0  UPDATE pgbench_accounts SET abalance = abalance + :delta WHERE aid = :aid;
         0.053           0  SELECT abalance FROM pgbench_accounts WHERE aid = :aid;
         0.666           0  UPDATE pgbench_tellers SET tbalance = tbalance + :delta WHERE tid = :tid;
         2.059           0  UPDATE pgbench_branches SET bbalance = bbalance + :delta WHERE bid = :bid;
         0.051           0  INSERT INTO pgbench_history (tid, bid, aid, delta, mtime) VALUES (:tid, :bid, :aid, :delta, CURRENT_TIMESTAMP);
         1.515           0  END;
