pgbench (17.10 (Debian 17.10-0+deb13u1))
starting vacuum...end.
progress: 5.0 s, 39370.7 tps, lat 6.300 ms stddev 7.156, 0 failed
progress: 10.0 s, 41702.8 tps, lat 6.134 ms stddev 6.363, 0 failed
progress: 15.0 s, 42103.4 tps, lat 6.077 ms stddev 6.334, 0 failed
progress: 20.0 s, 42044.0 tps, lat 6.086 ms stddev 6.449, 0 failed
transaction type: <builtin: TPC-B (sort of)>
scaling factor: 100
query mode: prepared
number of clients: 256
number of threads: 8
maximum number of tries: 1
duration: 20 s
number of transactions actually processed: 826363
number of failed transactions: 0 (0.000%)
latency average = 6.152 ms
latency stddev = 6.584 ms
initial connection time = 148.237 ms
tps = 41559.847527 (without initial connection time)
statement latencies in milliseconds and failures:
         0.000           0  \set aid random(1, 100000 * :scale)
         0.000           0  \set bid random(1, 1 * :scale)
         0.000           0  \set tid random(1, 10 * :scale)
         0.000           0  \set delta random(-5000, 5000)
         0.055           0  BEGIN;
         0.090           0  UPDATE pgbench_accounts SET abalance = abalance + :delta WHERE aid = :aid;
         0.059           0  SELECT abalance FROM pgbench_accounts WHERE aid = :aid;
         1.230           0  UPDATE pgbench_tellers SET tbalance = tbalance + :delta WHERE tid = :tid;
         2.978           0  UPDATE pgbench_branches SET bbalance = bbalance + :delta WHERE bid = :bid;
         0.059           0  INSERT INTO pgbench_history (tid, bid, aid, delta, mtime) VALUES (:tid, :bid, :aid, :delta, CURRENT_TIMESTAMP);
         1.680           0  END;
