pgbench (17.10 (Debian 17.10-0+deb13u1))
starting vacuum...end.
progress: 5.0 s, 35001.0 tps, lat 3.573 ms stddev 2.749, 0 failed
progress: 10.0 s, 35395.5 tps, lat 3.614 ms stddev 2.796, 0 failed
progress: 15.0 s, 35678.1 tps, lat 3.586 ms stddev 2.759, 0 failed
progress: 20.0 s, 36121.8 tps, lat 3.542 ms stddev 2.717, 0 failed
transaction type: <builtin: TPC-B (sort of)>
scaling factor: 100
query mode: prepared
number of clients: 128
number of threads: 8
maximum number of tries: 1
duration: 20 s
number of transactions actually processed: 711082
number of failed transactions: 0 (0.000%)
latency average = 3.580 ms
latency stddev = 2.757 ms
initial connection time = 110.116 ms
tps = 35724.164887 (without initial connection time)
statement latencies in milliseconds and failures:
         0.000           0  \set aid random(1, 100000 * :scale)
         0.000           0  \set bid random(1, 1 * :scale)
         0.000           0  \set tid random(1, 10 * :scale)
         0.000           0  \set delta random(-5000, 5000)
         0.038           0  BEGIN;
         0.064           0  UPDATE pgbench_accounts SET abalance = abalance + :delta WHERE aid = :aid;
         0.042           0  SELECT abalance FROM pgbench_accounts WHERE aid = :aid;
         0.339           0  UPDATE pgbench_tellers SET tbalance = tbalance + :delta WHERE tid = :tid;
         1.431           0  UPDATE pgbench_branches SET bbalance = bbalance + :delta WHERE bid = :bid;
         0.039           0  INSERT INTO pgbench_history (tid, bid, aid, delta, mtime) VALUES (:tid, :bid, :aid, :delta, CURRENT_TIMESTAMP);
         1.626           0  END;
