zcnblk-send: addr=127.0.0.1 shard_count=1 base_port=23600 ports=64 connections_per_port=1 total_connections=64 bytes_per_connection=16777216 chunk_bytes=4096 workers=64 op_mode=read read_window=16 write_window=16 verify_reads=no wait_write_acks=yes batch_depth=64 payload_pattern=fill:0x00 source_ip=kernel-route source_ports=kernel-ephemeral latency=yes encryption=none aes_frame_bytes=65536
zcnblk-send-worker: affinity_index=0 target_cpu=64 status=ok
zcnblk-send-worker: affinity_index=1 target_cpu=160 status=ok
zcnblk-send-stream: worker=0 lane=0 port=23600 conn=0 shard=0 base_offset=0
zcnblk-send-worker: affinity_index=3 target_cpu=161 status=ok
zcnblk-send-worker: affinity_index=4 target_cpu=66 status=ok
zcnblk-send-worker: affinity_index=2 target_cpu=65 status=ok
zcnblk-send-stream: worker=4 lane=4 port=23604 conn=0 shard=0 base_offset=67108864
zcnblk-send-worker: affinity_index=5 target_cpu=162 status=ok
zcnblk-send-worker: affinity_index=6 target_cpu=67 status=ok
zcnblk-send-stream: worker=1 lane=1 port=23601 conn=0 shard=0 base_offset=16777216
zcnblk-send-stream: worker=3 lane=3 port=23603 conn=0 shard=0 base_offset=50331648
zcnblk-send-stream: worker=2 lane=2 port=23602 conn=0 shard=0 base_offset=33554432
zcnblk-send-stream: worker=6 lane=6 port=23606 conn=0 shard=0 base_offset=100663296
PERF WARNING: zcnblk-send write_window=16 is below batch_depth(64) * fan_batch_window(64); this forces upstream-idle drains in fan WAL and keeps effective leaf batches smaller than the configured topology window
zcnblk-send-worker: affinity_index=8 target_cpu=68 status=ok
zcnblk-send-worker: affinity_index=7 target_cpu=163 status=ok
zcnblk-send-stream: worker=5 lane=5 port=23605 conn=0 shard=0 base_offset=83886080
zcnblk-send-worker: affinity_index=9 target_cpu=164 status=ok
zcnblk-send-stream: worker=7 lane=7 port=23607 conn=0 shard=0 base_offset=117440512
zcnblk-send-stream: worker=8 lane=8 port=23608 conn=0 shard=0 base_offset=134217728
zcnblk-send-stream: worker=9 lane=9 port=23609 conn=0 shard=0 base_offset=150994944
zcnblk-send-worker: affinity_index=10 target_cpu=69 status=ok
zcnblk-send-worker: affinity_index=12 target_cpu=70 status=ok
zcnblk-send-worker: affinity_index=11 target_cpu=165 status=ok
zcnblk-send-worker: affinity_index=13 target_cpu=166 status=ok
zcnblk-send-stream: worker=12 lane=12 port=23612 conn=0 shard=0 base_offset=201326592
zcnblk-send-stream: worker=10 lane=10 port=23610 conn=0 shard=0 base_offset=167772160
zcnblk-send-stream: worker=11 lane=11 port=23611 conn=0 shard=0 base_offset=184549376
zcnblk-send-stream: worker=13 lane=13 port=23613 conn=0 shard=0 base_offset=218103808
zcnblk-send-worker: affinity_index=14 target_cpu=71 status=ok
zcnblk-send-worker: affinity_index=16 target_cpu=72 status=ok
zcnblk-send-worker: affinity_index=15 target_cpu=167 status=ok
zcnblk-send-worker: affinity_index=17 target_cpu=168 status=ok
zcnblk-send-stream: worker=14 lane=14 port=23614 conn=0 shard=0 base_offset=234881024
zcnblk-send-stream: worker=16 lane=16 port=23616 conn=0 shard=0 base_offset=268435456
zcnblk-send-stream: worker=15 lane=15 port=23615 conn=0 shard=0 base_offset=251658240
zcnblk-send-stream: worker=17 lane=17 port=23617 conn=0 shard=0 base_offset=285212672
zcnblk-send-worker: affinity_index=18 target_cpu=73 status=ok
zcnblk-send-worker: affinity_index=20 target_cpu=74 status=ok
zcnblk-send-worker: affinity_index=21 target_cpu=170 status=ok
zcnblk-send-worker: affinity_index=19 target_cpu=169 status=ok
zcnblk-send-stream: worker=18 lane=18 port=23618 conn=0 shard=0 base_offset=301989888
zcnblk-send-stream: worker=20 lane=20 port=23620 conn=0 shard=0 base_offset=335544320
zcnblk-send-stream: worker=21 lane=21 port=23621 conn=0 shard=0 base_offset=352321536
zcnblk-send-worker: affinity_index=22 target_cpu=75 status=ok
zcnblk-send-stream: worker=19 lane=19 port=23619 conn=0 shard=0 base_offset=318767104
zcnblk-send-stream: worker=22 lane=22 port=23622 conn=0 shard=0 base_offset=369098752
zcnblk-send-worker: affinity_index=23 target_cpu=171 status=ok
zcnblk-send-worker: affinity_index=24 target_cpu=76 status=ok
zcnblk-send-worker: affinity_index=25 target_cpu=172 status=ok
zcnblk-send-stream: worker=23 lane=23 port=23623 conn=0 shard=0 base_offset=385875968
zcnblk-send-stream: worker=24 lane=24 port=23624 conn=0 shard=0 base_offset=402653184
zcnblk-send-worker: affinity_index=28 target_cpu=78 status=ok
zcnblk-send-worker: affinity_index=26 target_cpu=77 status=ok
zcnblk-send-stream: worker=25 lane=25 port=23625 conn=0 shard=0 base_offset=419430400
zcnblk-send-stream: worker=28 lane=28 port=23628 conn=0 shard=0 base_offset=469762048
zcnblk-send-stream: worker=26 lane=26 port=23626 conn=0 shard=0 base_offset=436207616
zcnblk-send-worker: affinity_index=27 target_cpu=173 status=ok
zcnblk-send-worker: affinity_index=29 target_cpu=174 status=ok
zcnblk-send-worker: affinity_index=30 target_cpu=79 status=ok
zcnblk-send-worker: affinity_index=31 target_cpu=175 status=ok
zcnblk-send-stream: worker=29 lane=29 port=23629 conn=0 shard=0 base_offset=486539264
zcnblk-send-worker: affinity_index=32 target_cpu=80 status=ok
zcnblk-send-stream: worker=30 lane=30 port=23630 conn=0 shard=0 base_offset=503316480
zcnblk-send-stream: worker=31 lane=31 port=23631 conn=0 shard=0 base_offset=520093696
zcnblk-send-stream: worker=32 lane=32 port=23632 conn=0 shard=0 base_offset=536870912
zcnblk-send-worker: affinity_index=33 target_cpu=176 status=ok
zcnblk-send-stream: worker=27 lane=27 port=23627 conn=0 shard=0 base_offset=452984832
zcnblk-send-worker: affinity_index=34 target_cpu=81 status=ok
zcnblk-send-stream: worker=34 lane=34 port=23634 conn=0 shard=0 base_offset=570425344
zcnblk-send-worker: affinity_index=35 target_cpu=177 status=ok
zcnblk-send-worker: affinity_index=36 target_cpu=82 status=ok
zcnblk-send-stream: worker=33 lane=33 port=23633 conn=0 shard=0 base_offset=553648128
zcnblk-send-worker: affinity_index=37 target_cpu=178 status=ok
zcnblk-send-stream: worker=35 lane=35 port=23635 conn=0 shard=0 base_offset=587202560
zcnblk-send-stream: worker=36 lane=36 port=23636 conn=0 shard=0 base_offset=603979776
zcnblk-send-stream: worker=37 lane=37 port=23637 conn=0 shard=0 base_offset=620756992
zcnblk-send-worker: affinity_index=38 target_cpu=83 status=ok
zcnblk-send-worker: affinity_index=40 target_cpu=84 status=ok
zcnblk-send-worker: affinity_index=39 target_cpu=179 status=ok
zcnblk-send-stream: worker=38 lane=38 port=23638 conn=0 shard=0 base_offset=637534208
zcnblk-send-stream: worker=40 lane=40 port=23640 conn=0 shard=0 base_offset=671088640
zcnblk-send-worker: affinity_index=41 target_cpu=180 status=ok
zcnblk-send-stream: worker=39 lane=39 port=23639 conn=0 shard=0 base_offset=654311424
zcnblk-send-stream: worker=41 lane=41 port=23641 conn=0 shard=0 base_offset=687865856
zcnblk-send-worker: affinity_index=42 target_cpu=85 status=ok
zcnblk-send-worker: affinity_index=44 target_cpu=86 status=ok
zcnblk-send-stream: worker=42 lane=42 port=23642 conn=0 shard=0 base_offset=704643072
zcnblk-send-worker: affinity_index=45 target_cpu=182 status=ok
zcnblk-send-worker: affinity_index=43 target_cpu=181 status=ok
zcnblk-send-worker: affinity_index=46 target_cpu=87 status=ok
zcnblk-send-stream: worker=44 lane=44 port=23644 conn=0 shard=0 base_offset=738197504
zcnblk-send-worker: affinity_index=47 target_cpu=183 status=ok
zcnblk-send-stream: worker=43 lane=43 port=23643 conn=0 shard=0 base_offset=721420288
zcnblk-send-stream: worker=45 lane=45 port=23645 conn=0 shard=0 base_offset=754974720
zcnblk-send-stream: worker=46 lane=46 port=23646 conn=0 shard=0 base_offset=771751936
zcnblk-send-stream: worker=47 lane=47 port=23647 conn=0 shard=0 base_offset=788529152
zcnblk-send-worker: affinity_index=48 target_cpu=88 status=ok
zcnblk-send-worker: affinity_index=50 target_cpu=89 status=ok
zcnblk-send-worker: affinity_index=49 target_cpu=184 status=ok
zcnblk-send-stream: worker=48 lane=48 port=23648 conn=0 shard=0 base_offset=805306368
zcnblk-send-worker: affinity_index=51 target_cpu=185 status=ok
zcnblk-send-stream: worker=50 lane=50 port=23650 conn=0 shard=0 base_offset=838860800
zcnblk-send-stream: worker=49 lane=49 port=23649 conn=0 shard=0 base_offset=822083584
zcnblk-send-worker: affinity_index=52 target_cpu=90 status=ok
zcnblk-send-stream: worker=51 lane=51 port=23651 conn=0 shard=0 base_offset=855638016
zcnblk-send-worker: affinity_index=54 target_cpu=91 status=ok
zcnblk-send-stream: worker=52 lane=52 port=23652 conn=0 shard=0 base_offset=872415232
zcnblk-send-stream: worker=54 lane=54 port=23654 conn=0 shard=0 base_offset=905969664
zcnblk-send-worker: affinity_index=55 target_cpu=187 status=ok
zcnblk-send-worker: affinity_index=53 target_cpu=186 status=ok
zcnblk-send-stream: worker=55 lane=55 port=23655 conn=0 shard=0 base_offset=922746880
zcnblk-send-worker: affinity_index=56 target_cpu=92 status=ok
zcnblk-send-stream: worker=53 lane=53 port=23653 conn=0 shard=0 base_offset=889192448
zcnblk-send-worker: affinity_index=57 target_cpu=188 status=ok
zcnblk-send-worker: affinity_index=58 target_cpu=93 status=ok
zcnblk-send-stream: worker=56 lane=56 port=23656 conn=0 shard=0 base_offset=939524096
zcnblk-send-worker: affinity_index=59 target_cpu=189 status=ok
zcnblk-send-stream: worker=58 lane=58 port=23658 conn=0 shard=0 base_offset=973078528
zcnblk-send-stream: worker=57 lane=57 port=23657 conn=0 shard=0 base_offset=956301312
zcnblk-send-worker: affinity_index=60 target_cpu=94 status=ok
zcnblk-send-worker: affinity_index=62 target_cpu=95 status=ok
zcnblk-send-stream: worker=59 lane=59 port=23659 conn=0 shard=0 base_offset=989855744
zcnblk-send-stream: worker=60 lane=60 port=23660 conn=0 shard=0 base_offset=1006632960
zcnblk-send-worker: affinity_index=61 target_cpu=190 status=ok
zcnblk-send-worker: affinity_index=63 target_cpu=191 status=ok
zcnblk-send-stream: worker=62 lane=62 port=23662 conn=0 shard=0 base_offset=1040187392
zcnblk-send-stream: worker=63 lane=63 port=23663 conn=0 shard=0 base_offset=1056964608
zcnblk-send-stream: worker=61 lane=61 port=23661 conn=0 shard=0 base_offset=1023410176
zcnblk-send-worker: worker=0 streams=1 write_bytes=0 read_bytes=16777216 verified_read_bytes=0 read_checksum=0x0000000000000000 expected_checksum=0x0000000000000000 wire_bytes=17301504 frames=4096 read_frames=4096 write_frames=0 frames_per_sec=4680 seconds=0.875260 logical_MiBps=18.28 target_cpu=64 affinity_applied=true
zcnblk-send-worker-latency: worker=0 write_ack_count=0 write_ack_avg_ns=0 write_ack_min_ns=0 write_ack_p50_ns=0 write_ack_p95_ns=0 write_ack_p99_ns=0 write_ack_p999_ns=0 write_ack_max_ns=0 read_count=4096 read_avg_ns=3413791 read_min_ns=2405867 read_p50_ns=4000000 read_p95_ns=5000000 read_p99_ns=5000000 read_p999_ns=6000000 read_max_ns=6641375
zcnblk-send-worker: worker=1 streams=1 write_bytes=0 read_bytes=16777216 verified_read_bytes=0 read_checksum=0x0000000000000000 expected_checksum=0x0000000000000000 wire_bytes=17301504 frames=4096 read_frames=4096 write_frames=0 frames_per_sec=5219 seconds=0.784793 logical_MiBps=20.39 target_cpu=160 affinity_applied=true
zcnblk-send-worker-latency: worker=1 write_ack_count=0 write_ack_avg_ns=0 write_ack_min_ns=0 write_ack_p50_ns=0 write_ack_p95_ns=0 write_ack_p99_ns=0 write_ack_p999_ns=0 write_ack_max_ns=0 read_count=4096 read_avg_ns=3059645 read_min_ns=2384931 read_p50_ns=4000000 read_p95_ns=4000000 read_p99_ns=5000000 read_p999_ns=6000000 read_max_ns=6398952
zcnblk-send-worker: worker=2 streams=1 write_bytes=0 read_bytes=16777216 verified_read_bytes=0 read_checksum=0x0000000000000000 expected_checksum=0x0000000000000000 wire_bytes=17301504 frames=4096 read_frames=4096 write_frames=0 frames_per_sec=4089 seconds=1.001631 logical_MiBps=15.97 target_cpu=65 affinity_applied=true
zcnblk-send-worker-latency: worker=2 write_ack_count=0 write_ack_avg_ns=0 write_ack_min_ns=0 write_ack_p50_ns=0 write_ack_p95_ns=0 write_ack_p99_ns=0 write_ack_p999_ns=0 write_ack_max_ns=0 read_count=4096 read_avg_ns=3906864 read_min_ns=2386241 read_p50_ns=4000000 read_p95_ns=5000000 read_p99_ns=5000000 read_p999_ns=6000000 read_max_ns=6440017
zcnblk-send-worker: worker=3 streams=1 write_bytes=0 read_bytes=16777216 verified_read_bytes=0 read_checksum=0x0000000000000000 expected_checksum=0x0000000000000000 wire_bytes=17301504 frames=4096 read_frames=4096 write_frames=0 frames_per_sec=3841 seconds=1.066516 logical_MiBps=15.00 target_cpu=161 affinity_applied=true
zcnblk-send-worker-latency: worker=3 write_ack_count=0 write_ack_avg_ns=0 write_ack_min_ns=0 write_ack_p50_ns=0 write_ack_p95_ns=0 write_ack_p99_ns=0 write_ack_p999_ns=0 write_ack_max_ns=0 read_count=4096 read_avg_ns=4161692 read_min_ns=2220962 read_p50_ns=5000000 read_p95_ns=6000000 read_p99_ns=7000000 read_p999_ns=7000000 read_max_ns=6421421
zcnblk-send-worker: worker=4 streams=1 write_bytes=0 read_bytes=16777216 verified_read_bytes=0 read_checksum=0x0000000000000000 expected_checksum=0x0000000000000000 wire_bytes=17301504 frames=4096 read_frames=4096 write_frames=0 frames_per_sec=4877 seconds=0.839888 logical_MiBps=19.05 target_cpu=66 affinity_applied=true
zcnblk-send-worker-latency: worker=4 write_ack_count=0 write_ack_avg_ns=0 write_ack_min_ns=0 write_ack_p50_ns=0 write_ack_p95_ns=0 write_ack_p99_ns=0 write_ack_p999_ns=0 write_ack_max_ns=0 read_count=4096 read_avg_ns=3272957 read_min_ns=2544307 read_p50_ns=4000000 read_p95_ns=4000000 read_p99_ns=5000000 read_p999_ns=6000000 read_max_ns=6596789
zcnblk-send-worker: worker=5 streams=1 write_bytes=0 read_bytes=16777216 verified_read_bytes=0 read_checksum=0x0000000000000000 expected_checksum=0x0000000000000000 wire_bytes=17301504 frames=4096 read_frames=4096 write_frames=0 frames_per_sec=4232 seconds=0.967941 logical_MiBps=16.53 target_cpu=162 affinity_applied=true
zcnblk-send-worker-latency: worker=5 write_ack_count=0 write_ack_avg_ns=0 write_ack_min_ns=0 write_ack_p50_ns=0 write_ack_p95_ns=0 write_ack_p99_ns=0 write_ack_p999_ns=0 write_ack_max_ns=0 read_count=4096 read_avg_ns=3775054 read_min_ns=2608787 read_p50_ns=4000000 read_p95_ns=5000000 read_p99_ns=5000000 read_p999_ns=7000000 read_max_ns=7437125
zcnblk-send-worker: worker=6 streams=1 write_bytes=0 read_bytes=16777216 verified_read_bytes=0 read_checksum=0x0000000000000000 expected_checksum=0x0000000000000000 wire_bytes=17301504 frames=4096 read_frames=4096 write_frames=0 frames_per_sec=4349 seconds=0.941881 logical_MiBps=16.99 target_cpu=67 affinity_applied=true
zcnblk-send-worker-latency: worker=6 write_ack_count=0 write_ack_avg_ns=0 write_ack_min_ns=0 write_ack_p50_ns=0 write_ack_p95_ns=0 write_ack_p99_ns=0 write_ack_p999_ns=0 write_ack_max_ns=0 read_count=4096 read_avg_ns=3675033 read_min_ns=2148203 read_p50_ns=4000000 read_p95_ns=5000000 read_p99_ns=6000000 read_p999_ns=7000000 read_max_ns=7027763
zcnblk-send-worker: worker=7 streams=1 write_bytes=0 read_bytes=16777216 verified_read_bytes=0 read_checksum=0x0000000000000000 expected_checksum=0x0000000000000000 wire_bytes=17301504 frames=4096 read_frames=4096 write_frames=0 frames_per_sec=5746 seconds=0.712816 logical_MiBps=22.45 target_cpu=163 affinity_applied=true
zcnblk-send-worker-latency: worker=7 write_ack_count=0 write_ack_avg_ns=0 write_ack_min_ns=0 write_ack_p50_ns=0 write_ack_p95_ns=0 write_ack_p99_ns=0 write_ack_p999_ns=0 write_ack_max_ns=0 read_count=4096 read_avg_ns=2778191 read_min_ns=2319073 read_p50_ns=3000000 read_p95_ns=4000000 read_p99_ns=5000000 read_p999_ns=6000000 read_max_ns=6803274
zcnblk-send-worker: worker=8 streams=1 write_bytes=0 read_bytes=16777216 verified_read_bytes=0 read_checksum=0x0000000000000000 expected_checksum=0x0000000000000000 wire_bytes=17301504 frames=4096 read_frames=4096 write_frames=0 frames_per_sec=5855 seconds=0.699560 logical_MiBps=22.87 target_cpu=68 affinity_applied=true
zcnblk-send-worker-latency: worker=8 write_ack_count=0 write_ack_avg_ns=0 write_ack_min_ns=0 write_ack_p50_ns=0 write_ack_p95_ns=0 write_ack_p99_ns=0 write_ack_p999_ns=0 write_ack_max_ns=0 read_count=4096 read_avg_ns=2727992 read_min_ns=2212335 read_p50_ns=3000000 read_p95_ns=4000000 read_p99_ns=4000000 read_p999_ns=5000000 read_max_ns=5489392
zcnblk-send-worker: worker=9 streams=1 write_bytes=0 read_bytes=16777216 verified_read_bytes=0 read_checksum=0x0000000000000000 expected_checksum=0x0000000000000000 wire_bytes=17301504 frames=4096 read_frames=4096 write_frames=0 frames_per_sec=3879 seconds=1.055958 logical_MiBps=15.15 target_cpu=164 affinity_applied=true
zcnblk-send-worker-latency: worker=9 write_ack_count=0 write_ack_avg_ns=0 write_ack_min_ns=0 write_ack_p50_ns=0 write_ack_p95_ns=0 write_ack_p99_ns=0 write_ack_p999_ns=0 write_ack_max_ns=0 read_count=4096 read_avg_ns=4120547 read_min_ns=2214700 read_p50_ns=5000000 read_p95_ns=6000000 read_p99_ns=7000000 read_p999_ns=8000000 read_max_ns=8662121
zcnblk-send-worker: worker=10 streams=1 write_bytes=0 read_bytes=16777216 verified_read_bytes=0 read_checksum=0x0000000000000000 expected_checksum=0x0000000000000000 wire_bytes=17301504 frames=4096 read_frames=4096 write_frames=0 frames_per_sec=5257 seconds=0.779101 logical_MiBps=20.54 target_cpu=69 affinity_applied=true
zcnblk-send-worker-latency: worker=10 write_ack_count=0 write_ack_avg_ns=0 write_ack_min_ns=0 write_ack_p50_ns=0 write_ack_p95_ns=0 write_ack_p99_ns=0 write_ack_p999_ns=0 write_ack_max_ns=0 read_count=4096 read_avg_ns=3037866 read_min_ns=2369338 read_p50_ns=3000000 read_p95_ns=4000000 read_p99_ns=4000000 read_p999_ns=6000000 read_max_ns=6554043
zcnblk-send-worker: worker=11 streams=1 write_bytes=0 read_bytes=16777216 verified_read_bytes=0 read_checksum=0x0000000000000000 expected_checksum=0x0000000000000000 wire_bytes=17301504 frames=4096 read_frames=4096 write_frames=0 frames_per_sec=4969 seconds=0.824337 logical_MiBps=19.41 target_cpu=165 affinity_applied=true
zcnblk-send-worker-latency: worker=11 write_ack_count=0 write_ack_avg_ns=0 write_ack_min_ns=0 write_ack_p50_ns=0 write_ack_p95_ns=0 write_ack_p99_ns=0 write_ack_p999_ns=0 write_ack_max_ns=0 read_count=4096 read_avg_ns=3214199 read_min_ns=2625858 read_p50_ns=4000000 read_p95_ns=5000000 read_p99_ns=5000000 read_p999_ns=6000000 read_max_ns=6765152
zcnblk-send-worker: worker=12 streams=1 write_bytes=0 read_bytes=16777216 verified_read_bytes=0 read_checksum=0x0000000000000000 expected_checksum=0x0000000000000000 wire_bytes=17301504 frames=4096 read_frames=4096 write_frames=0 frames_per_sec=4672 seconds=0.876753 logical_MiBps=18.25 target_cpu=70 affinity_applied=true
zcnblk-send-worker-latency: worker=12 write_ack_count=0 write_ack_avg_ns=0 write_ack_min_ns=0 write_ack_p50_ns=0 write_ack_p95_ns=0 write_ack_p99_ns=0 write_ack_p999_ns=0 write_ack_max_ns=0 read_count=4096 read_avg_ns=3416784 read_min_ns=2648733 read_p50_ns=4000000 read_p95_ns=5000000 read_p99_ns=5000000 read_p999_ns=6000000 read_max_ns=6703613
zcnblk-send-worker: worker=13 streams=1 write_bytes=0 read_bytes=16777216 verified_read_bytes=0 read_checksum=0x0000000000000000 expected_checksum=0x0000000000000000 wire_bytes=17301504 frames=4096 read_frames=4096 write_frames=0 frames_per_sec=4764 seconds=0.859729 logical_MiBps=18.61 target_cpu=166 affinity_applied=true
zcnblk-send-worker-latency: worker=13 write_ack_count=0 write_ack_avg_ns=0 write_ack_min_ns=0 write_ack_p50_ns=0 write_ack_p95_ns=0 write_ack_p99_ns=0 write_ack_p999_ns=0 write_ack_max_ns=0 read_count=4096 read_avg_ns=3351438 read_min_ns=2504083 read_p50_ns=4000000 read_p95_ns=5000000 read_p99_ns=5000000 read_p999_ns=7000000 read_max_ns=7539248
zcnblk-send-worker: worker=14 streams=1 write_bytes=0 read_bytes=16777216 verified_read_bytes=0 read_checksum=0x0000000000000000 expected_checksum=0x0000000000000000 wire_bytes=17301504 frames=4096 read_frames=4096 write_frames=0 frames_per_sec=4384 seconds=0.934413 logical_MiBps=17.12 target_cpu=71 affinity_applied=true
zcnblk-send-worker-latency: worker=14 write_ack_count=0 write_ack_avg_ns=0 write_ack_min_ns=0 write_ack_p50_ns=0 write_ack_p95_ns=0 write_ack_p99_ns=0 write_ack_p999_ns=0 write_ack_max_ns=0 read_count=4096 read_avg_ns=3643789 read_min_ns=2752888 read_p50_ns=4000000 read_p95_ns=5000000 read_p99_ns=6000000 read_p999_ns=7000000 read_max_ns=7311286
zcnblk-send-worker: worker=15 streams=1 write_bytes=0 read_bytes=16777216 verified_read_bytes=0 read_checksum=0x0000000000000000 expected_checksum=0x0000000000000000 wire_bytes=17301504 frames=4096 read_frames=4096 write_frames=0 frames_per_sec=5130 seconds=0.798398 logical_MiBps=20.04 target_cpu=167 affinity_applied=true
zcnblk-send-worker-latency: worker=15 write_ack_count=0 write_ack_avg_ns=0 write_ack_min_ns=0 write_ack_p50_ns=0 write_ack_p95_ns=0 write_ack_p99_ns=0 write_ack_p999_ns=0 write_ack_max_ns=0 read_count=4096 read_avg_ns=3112315 read_min_ns=2567152 read_p50_ns=4000000 read_p95_ns=4000000 read_p99_ns=4000000 read_p999_ns=7000000 read_max_ns=6858792
zcnblk-send-worker: worker=16 streams=1 write_bytes=0 read_bytes=16777216 verified_read_bytes=0 read_checksum=0x0000000000000000 expected_checksum=0x0000000000000000 wire_bytes=17301504 frames=4096 read_frames=4096 write_frames=0 frames_per_sec=5334 seconds=0.767944 logical_MiBps=20.83 target_cpu=72 affinity_applied=true
zcnblk-send-worker-latency: worker=16 write_ack_count=0 write_ack_avg_ns=0 write_ack_min_ns=0 write_ack_p50_ns=0 write_ack_p95_ns=0 write_ack_p99_ns=0 write_ack_p999_ns=0 write_ack_max_ns=0 read_count=4096 read_avg_ns=2993993 read_min_ns=2538602 read_p50_ns=3000000 read_p95_ns=4000000 read_p99_ns=4000000 read_p999_ns=6000000 read_max_ns=6435247
zcnblk-send-worker: worker=17 streams=1 write_bytes=0 read_bytes=16777216 verified_read_bytes=0 read_checksum=0x0000000000000000 expected_checksum=0x0000000000000000 wire_bytes=17301504 frames=4096 read_frames=4096 write_frames=0 frames_per_sec=5122 seconds=0.799698 logical_MiBps=20.01 target_cpu=168 affinity_applied=true
zcnblk-send-worker-latency: worker=17 write_ack_count=0 write_ack_avg_ns=0 write_ack_min_ns=0 write_ack_p50_ns=0 write_ack_p95_ns=0 write_ack_p99_ns=0 write_ack_p999_ns=0 write_ack_max_ns=0 read_count=4096 read_avg_ns=3116434 read_min_ns=2594573 read_p50_ns=4000000 read_p95_ns=4000000 read_p99_ns=5000000 read_p999_ns=7000000 read_max_ns=7273823
zcnblk-send-worker: worker=18 streams=1 write_bytes=0 read_bytes=16777216 verified_read_bytes=0 read_checksum=0x0000000000000000 expected_checksum=0x0000000000000000 wire_bytes=17301504 frames=4096 read_frames=4096 write_frames=0 frames_per_sec=4028 seconds=1.017004 logical_MiBps=15.73 target_cpu=73 affinity_applied=true
zcnblk-send-worker-latency: worker=18 write_ack_count=0 write_ack_avg_ns=0 write_ack_min_ns=0 write_ack_p50_ns=0 write_ack_p95_ns=0 write_ack_p99_ns=0 write_ack_p999_ns=0 write_ack_max_ns=0 read_count=4096 read_avg_ns=3968343 read_min_ns=2200239 read_p50_ns=4000000 read_p95_ns=5000000 read_p99_ns=6000000 read_p999_ns=7000000 read_max_ns=7519534
zcnblk-send-worker: worker=19 streams=1 write_bytes=0 read_bytes=16777216 verified_read_bytes=0 read_checksum=0x0000000000000000 expected_checksum=0x0000000000000000 wire_bytes=17301504 frames=4096 read_frames=4096 write_frames=0 frames_per_sec=4420 seconds=0.926708 logical_MiBps=17.27 target_cpu=169 affinity_applied=true
zcnblk-send-worker-latency: worker=19 write_ack_count=0 write_ack_avg_ns=0 write_ack_min_ns=0 write_ack_p50_ns=0 write_ack_p95_ns=0 write_ack_p99_ns=0 write_ack_p999_ns=0 write_ack_max_ns=0 read_count=4096 read_avg_ns=3613788 read_min_ns=2767567 read_p50_ns=4000000 read_p95_ns=5000000 read_p99_ns=5000000 read_p999_ns=6000000 read_max_ns=6692936
zcnblk-send-worker: worker=20 streams=1 write_bytes=0 read_bytes=16777216 verified_read_bytes=0 read_checksum=0x0000000000000000 expected_checksum=0x0000000000000000 wire_bytes=17301504 frames=4096 read_frames=4096 write_frames=0 frames_per_sec=4675 seconds=0.876186 logical_MiBps=18.26 target_cpu=74 affinity_applied=true
zcnblk-send-worker-latency: worker=20 write_ack_count=0 write_ack_avg_ns=0 write_ack_min_ns=0 write_ack_p50_ns=0 write_ack_p95_ns=0 write_ack_p99_ns=0 write_ack_p999_ns=0 write_ack_max_ns=0 read_count=4096 read_avg_ns=3414896 read_min_ns=2728006 read_p50_ns=4000000 read_p95_ns=5000000 read_p99_ns=5000000 read_p999_ns=7000000 read_max_ns=6973925
zcnblk-send-worker: worker=21 streams=1 write_bytes=0 read_bytes=16777216 verified_read_bytes=0 read_checksum=0x0000000000000000 expected_checksum=0x0000000000000000 wire_bytes=17301504 frames=4096 read_frames=4096 write_frames=0 frames_per_sec=5404 seconds=0.757923 logical_MiBps=21.11 target_cpu=170 affinity_applied=true
zcnblk-send-worker-latency: worker=21 write_ack_count=0 write_ack_avg_ns=0 write_ack_min_ns=0 write_ack_p50_ns=0 write_ack_p95_ns=0 write_ack_p99_ns=0 write_ack_p999_ns=0 write_ack_max_ns=0 read_count=4096 read_avg_ns=2955776 read_min_ns=2306764 read_p50_ns=3000000 read_p95_ns=5000000 read_p99_ns=5000000 read_p999_ns=6000000 read_max_ns=6363547
zcnblk-send-worker: worker=22 streams=1 write_bytes=0 read_bytes=16777216 verified_read_bytes=0 read_checksum=0x0000000000000000 expected_checksum=0x0000000000000000 wire_bytes=17301504 frames=4096 read_frames=4096 write_frames=0 frames_per_sec=4867 seconds=0.841552 logical_MiBps=19.01 target_cpu=75 affinity_applied=true
zcnblk-send-worker-latency: worker=22 write_ack_count=0 write_ack_avg_ns=0 write_ack_min_ns=0 write_ack_p50_ns=0 write_ack_p95_ns=0 write_ack_p99_ns=0 write_ack_p999_ns=0 write_ack_max_ns=0 read_count=4096 read_avg_ns=3281094 read_min_ns=2681295 read_p50_ns=4000000 read_p95_ns=4000000 read_p99_ns=5000000 read_p999_ns=7000000 read_max_ns=7415472
zcnblk-send-worker: worker=23 streams=1 write_bytes=0 read_bytes=16777216 verified_read_bytes=0 read_checksum=0x0000000000000000 expected_checksum=0x0000000000000000 wire_bytes=17301504 frames=4096 read_frames=4096 write_frames=0 frames_per_sec=5091 seconds=0.804591 logical_MiBps=19.89 target_cpu=171 affinity_applied=true
zcnblk-send-worker-latency: worker=23 write_ack_count=0 write_ack_avg_ns=0 write_ack_min_ns=0 write_ack_p50_ns=0 write_ack_p95_ns=0 write_ack_p99_ns=0 write_ack_p999_ns=0 write_ack_max_ns=0 read_count=4096 read_avg_ns=3136410 read_min_ns=2354580 read_p50_ns=4000000 read_p95_ns=4000000 read_p99_ns=5000000 read_p999_ns=7000000 read_max_ns=6981937
zcnblk-send-worker: worker=24 streams=1 write_bytes=0 read_bytes=16777216 verified_read_bytes=0 read_checksum=0x0000000000000000 expected_checksum=0x0000000000000000 wire_bytes=17301504 frames=4096 read_frames=4096 write_frames=0 frames_per_sec=4876 seconds=0.840070 logical_MiBps=19.05 target_cpu=76 affinity_applied=true
zcnblk-send-worker-latency: worker=24 write_ack_count=0 write_ack_avg_ns=0 write_ack_min_ns=0 write_ack_p50_ns=0 write_ack_p95_ns=0 write_ack_p99_ns=0 write_ack_p999_ns=0 write_ack_max_ns=0 read_count=4096 read_avg_ns=3277301 read_min_ns=2168072 read_p50_ns=4000000 read_p95_ns=5000000 read_p99_ns=5000000 read_p999_ns=6000000 read_max_ns=6755994
zcnblk-send-worker: worker=25 streams=1 write_bytes=0 read_bytes=16777216 verified_read_bytes=0 read_checksum=0x0000000000000000 expected_checksum=0x0000000000000000 wire_bytes=17301504 frames=4096 read_frames=4096 write_frames=0 frames_per_sec=4741 seconds=0.863971 logical_MiBps=18.52 target_cpu=172 affinity_applied=true
zcnblk-send-worker-latency: worker=25 write_ack_count=0 write_ack_avg_ns=0 write_ack_min_ns=0 write_ack_p50_ns=0 write_ack_p95_ns=0 write_ack_p99_ns=0 write_ack_p999_ns=0 write_ack_max_ns=0 read_count=4096 read_avg_ns=3369522 read_min_ns=2599259 read_p50_ns=4000000 read_p95_ns=4000000 read_p99_ns=5000000 read_p999_ns=6000000 read_max_ns=6292967
zcnblk-send-worker: worker=26 streams=1 write_bytes=0 read_bytes=16777216 verified_read_bytes=0 read_checksum=0x0000000000000000 expected_checksum=0x0000000000000000 wire_bytes=17301504 frames=4096 read_frames=4096 write_frames=0 frames_per_sec=5366 seconds=0.763275 logical_MiBps=20.96 target_cpu=77 affinity_applied=true
zcnblk-send-worker-latency: worker=26 write_ack_count=0 write_ack_avg_ns=0 write_ack_min_ns=0 write_ack_p50_ns=0 write_ack_p95_ns=0 write_ack_p99_ns=0 write_ack_p999_ns=0 write_ack_max_ns=0 read_count=4096 read_avg_ns=2974662 read_min_ns=2488217 read_p50_ns=3000000 read_p95_ns=4000000 read_p99_ns=5000000 read_p999_ns=8000000 read_max_ns=8215673
zcnblk-send-worker: worker=27 streams=1 write_bytes=0 read_bytes=16777216 verified_read_bytes=0 read_checksum=0x0000000000000000 expected_checksum=0x0000000000000000 wire_bytes=17301504 frames=4096 read_frames=4096 write_frames=0 frames_per_sec=4286 seconds=0.955658 logical_MiBps=16.74 target_cpu=173 affinity_applied=true
zcnblk-send-worker-latency: worker=27 write_ack_count=0 write_ack_avg_ns=0 write_ack_min_ns=0 write_ack_p50_ns=0 write_ack_p95_ns=0 write_ack_p99_ns=0 write_ack_p999_ns=0 write_ack_max_ns=0 read_count=4096 read_avg_ns=3727798 read_min_ns=2356975 read_p50_ns=4000000 read_p95_ns=5000000 read_p99_ns=5000000 read_p999_ns=7000000 read_max_ns=7068809
zcnblk-send-worker: worker=28 streams=1 write_bytes=0 read_bytes=16777216 verified_read_bytes=0 read_checksum=0x0000000000000000 expected_checksum=0x0000000000000000 wire_bytes=17301504 frames=4096 read_frames=4096 write_frames=0 frames_per_sec=4633 seconds=0.884009 logical_MiBps=18.10 target_cpu=78 affinity_applied=true
zcnblk-send-worker-latency: worker=28 write_ack_count=0 write_ack_avg_ns=0 write_ack_min_ns=0 write_ack_p50_ns=0 write_ack_p95_ns=0 write_ack_p99_ns=0 write_ack_p999_ns=0 write_ack_max_ns=0 read_count=4096 read_avg_ns=3445627 read_min_ns=2728101 read_p50_ns=4000000 read_p95_ns=5000000 read_p99_ns=5000000 read_p999_ns=7000000 read_max_ns=7124277
zcnblk-send-worker: worker=29 streams=1 write_bytes=0 read_bytes=16777216 verified_read_bytes=0 read_checksum=0x0000000000000000 expected_checksum=0x0000000000000000 wire_bytes=17301504 frames=4096 read_frames=4096 write_frames=0 frames_per_sec=4977 seconds=0.823023 logical_MiBps=19.44 target_cpu=174 affinity_applied=true
zcnblk-send-worker-latency: worker=29 write_ack_count=0 write_ack_avg_ns=0 write_ack_min_ns=0 write_ack_p50_ns=0 write_ack_p95_ns=0 write_ack_p99_ns=0 write_ack_p999_ns=0 write_ack_max_ns=0 read_count=4096 read_avg_ns=3210160 read_min_ns=2433218 read_p50_ns=4000000 read_p95_ns=4000000 read_p99_ns=5000000 read_p999_ns=6000000 read_max_ns=6719557
zcnblk-send-worker: worker=30 streams=1 write_bytes=0 read_bytes=16777216 verified_read_bytes=0 read_checksum=0x0000000000000000 expected_checksum=0x0000000000000000 wire_bytes=17301504 frames=4096 read_frames=4096 write_frames=0 frames_per_sec=4973 seconds=0.823711 logical_MiBps=19.42 target_cpu=79 affinity_applied=true
zcnblk-send-worker-latency: worker=30 write_ack_count=0 write_ack_avg_ns=0 write_ack_min_ns=0 write_ack_p50_ns=0 write_ack_p95_ns=0 write_ack_p99_ns=0 write_ack_p999_ns=0 write_ack_max_ns=0 read_count=4096 read_avg_ns=3212049 read_min_ns=2403959 read_p50_ns=4000000 read_p95_ns=4000000 read_p99_ns=4000000 read_p999_ns=7000000 read_max_ns=7393716
zcnblk-send-worker: worker=31 streams=1 write_bytes=0 read_bytes=16777216 verified_read_bytes=0 read_checksum=0x0000000000000000 expected_checksum=0x0000000000000000 wire_bytes=17301504 frames=4096 read_frames=4096 write_frames=0 frames_per_sec=4740 seconds=0.864065 logical_MiBps=18.52 target_cpu=175 affinity_applied=true
zcnblk-send-worker-latency: worker=31 write_ack_count=0 write_ack_avg_ns=0 write_ack_min_ns=0 write_ack_p50_ns=0 write_ack_p95_ns=0 write_ack_p99_ns=0 write_ack_p999_ns=0 write_ack_max_ns=0 read_count=4096 read_avg_ns=3369511 read_min_ns=2710078 read_p50_ns=4000000 read_p95_ns=4000000 read_p99_ns=5000000 read_p999_ns=7000000 read_max_ns=7515509
zcnblk-send-worker: worker=32 streams=1 write_bytes=0 read_bytes=16777216 verified_read_bytes=0 read_checksum=0x0000000000000000 expected_checksum=0x0000000000000000 wire_bytes=17301504 frames=4096 read_frames=4096 write_frames=0 frames_per_sec=4517 seconds=0.906763 logical_MiBps=17.65 target_cpu=80 affinity_applied=true
zcnblk-send-worker-latency: worker=32 write_ack_count=0 write_ack_avg_ns=0 write_ack_min_ns=0 write_ack_p50_ns=0 write_ack_p95_ns=0 write_ack_p99_ns=0 write_ack_p999_ns=0 write_ack_max_ns=0 read_count=4096 read_avg_ns=3536108 read_min_ns=2868251 read_p50_ns=4000000 read_p95_ns=5000000 read_p99_ns=5000000 read_p999_ns=7000000 read_max_ns=7500996
zcnblk-send-worker: worker=33 streams=1 write_bytes=0 read_bytes=16777216 verified_read_bytes=0 read_checksum=0x0000000000000000 expected_checksum=0x0000000000000000 wire_bytes=17301504 frames=4096 read_frames=4096 write_frames=0 frames_per_sec=5398 seconds=0.758780 logical_MiBps=21.09 target_cpu=176 affinity_applied=true
zcnblk-send-worker-latency: worker=33 write_ack_count=0 write_ack_avg_ns=0 write_ack_min_ns=0 write_ack_p50_ns=0 write_ack_p95_ns=0 write_ack_p99_ns=0 write_ack_p999_ns=0 write_ack_max_ns=0 read_count=4096 read_avg_ns=2958447 read_min_ns=2530283 read_p50_ns=3000000 read_p95_ns=4000000 read_p99_ns=6000000 read_p999_ns=7000000 read_max_ns=7359860
zcnblk-send-worker: worker=34 streams=1 write_bytes=0 read_bytes=16777216 verified_read_bytes=0 read_checksum=0x0000000000000000 expected_checksum=0x0000000000000000 wire_bytes=17301504 frames=4096 read_frames=4096 write_frames=0 frames_per_sec=4047 seconds=1.012222 logical_MiBps=15.81 target_cpu=81 affinity_applied=true
zcnblk-send-worker-latency: worker=34 write_ack_count=0 write_ack_avg_ns=0 write_ack_min_ns=0 write_ack_p50_ns=0 write_ack_p95_ns=0 write_ack_p99_ns=0 write_ack_p999_ns=0 write_ack_max_ns=0 read_count=4096 read_avg_ns=3949816 read_min_ns=2149097 read_p50_ns=5000000 read_p95_ns=6000000 read_p99_ns=6000000 read_p999_ns=8000000 read_max_ns=8433232
zcnblk-send-worker: worker=35 streams=1 write_bytes=0 read_bytes=16777216 verified_read_bytes=0 read_checksum=0x0000000000000000 expected_checksum=0x0000000000000000 wire_bytes=17301504 frames=4096 read_frames=4096 write_frames=0 frames_per_sec=5137 seconds=0.797328 logical_MiBps=20.07 target_cpu=177 affinity_applied=true
zcnblk-send-worker-latency: worker=35 write_ack_count=0 write_ack_avg_ns=0 write_ack_min_ns=0 write_ack_p50_ns=0 write_ack_p95_ns=0 write_ack_p99_ns=0 write_ack_p999_ns=0 write_ack_max_ns=0 read_count=4096 read_avg_ns=3107566 read_min_ns=2516913 read_p50_ns=3000000 read_p95_ns=5000000 read_p99_ns=6000000 read_p999_ns=8000000 read_max_ns=9020667
zcnblk-send-worker: worker=36 streams=1 write_bytes=0 read_bytes=16777216 verified_read_bytes=0 read_checksum=0x0000000000000000 expected_checksum=0x0000000000000000 wire_bytes=17301504 frames=4096 read_frames=4096 write_frames=0 frames_per_sec=4389 seconds=0.933273 logical_MiBps=17.14 target_cpu=82 affinity_applied=true
zcnblk-send-worker-latency: worker=36 write_ack_count=0 write_ack_avg_ns=0 write_ack_min_ns=0 write_ack_p50_ns=0 write_ack_p95_ns=0 write_ack_p99_ns=0 write_ack_p999_ns=0 write_ack_max_ns=0 read_count=4096 read_avg_ns=3641350 read_min_ns=2216709 read_p50_ns=4000000 read_p95_ns=5000000 read_p99_ns=5000000 read_p999_ns=8000000 read_max_ns=8707964
zcnblk-send-worker: worker=37 streams=1 write_bytes=0 read_bytes=16777216 verified_read_bytes=0 read_checksum=0x0000000000000000 expected_checksum=0x0000000000000000 wire_bytes=17301504 frames=4096 read_frames=4096 write_frames=0 frames_per_sec=4487 seconds=0.912887 logical_MiBps=17.53 target_cpu=178 affinity_applied=true
zcnblk-send-worker-latency: worker=37 write_ack_count=0 write_ack_avg_ns=0 write_ack_min_ns=0 write_ack_p50_ns=0 write_ack_p95_ns=0 write_ack_p99_ns=0 write_ack_p999_ns=0 write_ack_max_ns=0 read_count=4096 read_avg_ns=3559074 read_min_ns=2509989 read_p50_ns=4000000 read_p95_ns=5000000 read_p99_ns=6000000 read_p999_ns=8000000 read_max_ns=8695771
zcnblk-send-worker: worker=38 streams=1 write_bytes=0 read_bytes=16777216 verified_read_bytes=0 read_checksum=0x0000000000000000 expected_checksum=0x0000000000000000 wire_bytes=17301504 frames=4096 read_frames=4096 write_frames=0 frames_per_sec=5770 seconds=0.709902 logical_MiBps=22.54 target_cpu=83 affinity_applied=true
zcnblk-send-worker-latency: worker=38 write_ack_count=0 write_ack_avg_ns=0 write_ack_min_ns=0 write_ack_p50_ns=0 write_ack_p95_ns=0 write_ack_p99_ns=0 write_ack_p999_ns=0 write_ack_max_ns=0 read_count=4096 read_avg_ns=2768192 read_min_ns=2334284 read_p50_ns=3000000 read_p95_ns=4000000 read_p99_ns=4000000 read_p999_ns=7000000 read_max_ns=7270118
zcnblk-send-worker: worker=39 streams=1 write_bytes=0 read_bytes=16777216 verified_read_bytes=0 read_checksum=0x0000000000000000 expected_checksum=0x0000000000000000 wire_bytes=17301504 frames=4096 read_frames=4096 write_frames=0 frames_per_sec=4615 seconds=0.887546 logical_MiBps=18.03 target_cpu=179 affinity_applied=true
zcnblk-send-worker-latency: worker=39 write_ack_count=0 write_ack_avg_ns=0 write_ack_min_ns=0 write_ack_p50_ns=0 write_ack_p95_ns=0 write_ack_p99_ns=0 write_ack_p999_ns=0 write_ack_max_ns=0 read_count=4096 read_avg_ns=3460064 read_min_ns=2665891 read_p50_ns=4000000 read_p95_ns=5000000 read_p99_ns=5000000 read_p999_ns=8000000 read_max_ns=8023657
zcnblk-send-worker: worker=40 streams=1 write_bytes=0 read_bytes=16777216 verified_read_bytes=0 read_checksum=0x0000000000000000 expected_checksum=0x0000000000000000 wire_bytes=17301504 frames=4096 read_frames=4096 write_frames=0 frames_per_sec=5181 seconds=0.790597 logical_MiBps=20.24 target_cpu=84 affinity_applied=true
zcnblk-send-worker-latency: worker=40 write_ack_count=0 write_ack_avg_ns=0 write_ack_min_ns=0 write_ack_p50_ns=0 write_ack_p95_ns=0 write_ack_p99_ns=0 write_ack_p999_ns=0 write_ack_max_ns=0 read_count=4096 read_avg_ns=3082546 read_min_ns=2296572 read_p50_ns=3000000 read_p95_ns=5000000 read_p99_ns=5000000 read_p999_ns=8000000 read_max_ns=8576561
zcnblk-send-worker: worker=41 streams=1 write_bytes=0 read_bytes=16777216 verified_read_bytes=0 read_checksum=0x0000000000000000 expected_checksum=0x0000000000000000 wire_bytes=17301504 frames=4096 read_frames=4096 write_frames=0 frames_per_sec=5859 seconds=0.699145 logical_MiBps=22.89 target_cpu=180 affinity_applied=true
zcnblk-send-worker-latency: worker=41 write_ack_count=0 write_ack_avg_ns=0 write_ack_min_ns=0 write_ack_p50_ns=0 write_ack_p95_ns=0 write_ack_p99_ns=0 write_ack_p999_ns=0 write_ack_max_ns=0 read_count=4096 read_avg_ns=2726433 read_min_ns=2302887 read_p50_ns=3000000 read_p95_ns=5000000 read_p99_ns=5000000 read_p999_ns=9000000 read_max_ns=9388240
zcnblk-send-worker: worker=42 streams=1 write_bytes=0 read_bytes=16777216 verified_read_bytes=0 read_checksum=0x0000000000000000 expected_checksum=0x0000000000000000 wire_bytes=17301504 frames=4096 read_frames=4096 write_frames=0 frames_per_sec=4424 seconds=0.925828 logical_MiBps=17.28 target_cpu=85 affinity_applied=true
zcnblk-send-worker-latency: worker=42 write_ack_count=0 write_ack_avg_ns=0 write_ack_min_ns=0 write_ack_p50_ns=0 write_ack_p95_ns=0 write_ack_p99_ns=0 write_ack_p999_ns=0 write_ack_max_ns=0 read_count=4096 read_avg_ns=3606872 read_min_ns=2611723 read_p50_ns=4000000 read_p95_ns=5000000 read_p99_ns=6000000 read_p999_ns=9000000 read_max_ns=9469909
zcnblk-send-worker: worker=43 streams=1 write_bytes=0 read_bytes=16777216 verified_read_bytes=0 read_checksum=0x0000000000000000 expected_checksum=0x0000000000000000 wire_bytes=17301504 frames=4096 read_frames=4096 write_frames=0 frames_per_sec=4238 seconds=0.966468 logical_MiBps=16.56 target_cpu=181 affinity_applied=true
zcnblk-send-worker-latency: worker=43 write_ack_count=0 write_ack_avg_ns=0 write_ack_min_ns=0 write_ack_p50_ns=0 write_ack_p95_ns=0 write_ack_p99_ns=0 write_ack_p999_ns=0 write_ack_max_ns=0 read_count=4096 read_avg_ns=3771033 read_min_ns=2194681 read_p50_ns=4000000 read_p95_ns=5000000 read_p99_ns=6000000 read_p999_ns=8000000 read_max_ns=9016119
zcnblk-send-worker: worker=44 streams=1 write_bytes=0 read_bytes=16777216 verified_read_bytes=0 read_checksum=0x0000000000000000 expected_checksum=0x0000000000000000 wire_bytes=17301504 frames=4096 read_frames=4096 write_frames=0 frames_per_sec=5195 seconds=0.788393 logical_MiBps=20.29 target_cpu=86 affinity_applied=true
zcnblk-send-worker-latency: worker=44 write_ack_count=0 write_ack_avg_ns=0 write_ack_min_ns=0 write_ack_p50_ns=0 write_ack_p95_ns=0 write_ack_p99_ns=0 write_ack_p999_ns=0 write_ack_max_ns=0 read_count=4096 read_avg_ns=3073986 read_min_ns=2298935 read_p50_ns=3000000 read_p95_ns=5000000 read_p99_ns=5000000 read_p999_ns=9000000 read_max_ns=9420428
zcnblk-send-worker: worker=45 streams=1 write_bytes=0 read_bytes=16777216 verified_read_bytes=0 read_checksum=0x0000000000000000 expected_checksum=0x0000000000000000 wire_bytes=17301504 frames=4096 read_frames=4096 write_frames=0 frames_per_sec=5621 seconds=0.728687 logical_MiBps=21.96 target_cpu=182 affinity_applied=true
zcnblk-send-worker-latency: worker=45 write_ack_count=0 write_ack_avg_ns=0 write_ack_min_ns=0 write_ack_p50_ns=0 write_ack_p95_ns=0 write_ack_p99_ns=0 write_ack_p999_ns=0 write_ack_max_ns=0 read_count=4096 read_avg_ns=2840874 read_min_ns=2498622 read_p50_ns=3000000 read_p95_ns=4000000 read_p99_ns=4000000 read_p999_ns=8000000 read_max_ns=8694150
zcnblk-send-worker: worker=46 streams=1 write_bytes=0 read_bytes=16777216 verified_read_bytes=0 read_checksum=0x0000000000000000 expected_checksum=0x0000000000000000 wire_bytes=17301504 frames=4096 read_frames=4096 write_frames=0 frames_per_sec=4043 seconds=1.013161 logical_MiBps=15.79 target_cpu=87 affinity_applied=true
zcnblk-send-worker-latency: worker=46 write_ack_count=0 write_ack_avg_ns=0 write_ack_min_ns=0 write_ack_p50_ns=0 write_ack_p95_ns=0 write_ack_p99_ns=0 write_ack_p999_ns=0 write_ack_max_ns=0 read_count=4096 read_avg_ns=3953259 read_min_ns=2218992 read_p50_ns=5000000 read_p95_ns=5000000 read_p99_ns=6000000 read_p999_ns=9000000 read_max_ns=9269601
zcnblk-send-worker: worker=47 streams=1 write_bytes=0 read_bytes=16777216 verified_read_bytes=0 read_checksum=0x0000000000000000 expected_checksum=0x0000000000000000 wire_bytes=17301504 frames=4096 read_frames=4096 write_frames=0 frames_per_sec=4353 seconds=0.940912 logical_MiBps=17.00 target_cpu=183 affinity_applied=true
zcnblk-send-worker-latency: worker=47 write_ack_count=0 write_ack_avg_ns=0 write_ack_min_ns=0 write_ack_p50_ns=0 write_ack_p95_ns=0 write_ack_p99_ns=0 write_ack_p999_ns=0 write_ack_max_ns=0 read_count=4096 read_avg_ns=3666704 read_min_ns=2972225 read_p50_ns=4000000 read_p95_ns=5000000 read_p99_ns=5000000 read_p999_ns=9000000 read_max_ns=9669816
zcnblk-send-worker: worker=48 streams=1 write_bytes=0 read_bytes=16777216 verified_read_bytes=0 read_checksum=0x0000000000000000 expected_checksum=0x0000000000000000 wire_bytes=17301504 frames=4096 read_frames=4096 write_frames=0 frames_per_sec=6060 seconds=0.675929 logical_MiBps=23.67 target_cpu=88 affinity_applied=true
zcnblk-send-worker-latency: worker=48 write_ack_count=0 write_ack_avg_ns=0 write_ack_min_ns=0 write_ack_p50_ns=0 write_ack_p95_ns=0 write_ack_p99_ns=0 write_ack_p999_ns=0 write_ack_max_ns=0 read_count=4096 read_avg_ns=2635400 read_min_ns=2171820 read_p50_ns=3000000 read_p95_ns=4000000 read_p99_ns=7000000 read_p999_ns=11000000 read_max_ns=12230132
zcnblk-send-worker: worker=49 streams=1 write_bytes=0 read_bytes=16777216 verified_read_bytes=0 read_checksum=0x0000000000000000 expected_checksum=0x0000000000000000 wire_bytes=17301504 frames=4096 read_frames=4096 write_frames=0 frames_per_sec=5008 seconds=0.817937 logical_MiBps=19.56 target_cpu=184 affinity_applied=true
zcnblk-send-worker-latency: worker=49 write_ack_count=0 write_ack_avg_ns=0 write_ack_min_ns=0 write_ack_p50_ns=0 write_ack_p95_ns=0 write_ack_p99_ns=0 write_ack_p999_ns=0 write_ack_max_ns=0 read_count=4096 read_avg_ns=3188082 read_min_ns=2458157 read_p50_ns=4000000 read_p95_ns=4000000 read_p99_ns=5000000 read_p999_ns=9000000 read_max_ns=9579939
zcnblk-send-worker: worker=50 streams=1 write_bytes=0 read_bytes=16777216 verified_read_bytes=0 read_checksum=0x0000000000000000 expected_checksum=0x0000000000000000 wire_bytes=17301504 frames=4096 read_frames=4096 write_frames=0 frames_per_sec=5570 seconds=0.735361 logical_MiBps=21.76 target_cpu=89 affinity_applied=true
zcnblk-send-worker-latency: worker=50 write_ack_count=0 write_ack_avg_ns=0 write_ack_min_ns=0 write_ack_p50_ns=0 write_ack_p95_ns=0 write_ack_p99_ns=0 write_ack_p999_ns=0 write_ack_max_ns=0 read_count=4096 read_avg_ns=2867044 read_min_ns=2209237 read_p50_ns=3000000 read_p95_ns=4000000 read_p99_ns=5000000 read_p999_ns=8000000 read_max_ns=8961860
zcnblk-send-worker: worker=51 streams=1 write_bytes=0 read_bytes=16777216 verified_read_bytes=0 read_checksum=0x0000000000000000 expected_checksum=0x0000000000000000 wire_bytes=17301504 frames=4096 read_frames=4096 write_frames=0 frames_per_sec=4163 seconds=0.983864 logical_MiBps=16.26 target_cpu=185 affinity_applied=true
zcnblk-send-worker-latency: worker=51 write_ack_count=0 write_ack_avg_ns=0 write_ack_min_ns=0 write_ack_p50_ns=0 write_ack_p95_ns=0 write_ack_p99_ns=0 write_ack_p999_ns=0 write_ack_max_ns=0 read_count=4096 read_avg_ns=3838877 read_min_ns=2233337 read_p50_ns=4000000 read_p95_ns=6000000 read_p99_ns=6000000 read_p999_ns=9000000 read_max_ns=10087284
zcnblk-send-worker: worker=52 streams=1 write_bytes=0 read_bytes=16777216 verified_read_bytes=0 read_checksum=0x0000000000000000 expected_checksum=0x0000000000000000 wire_bytes=17301504 frames=4096 read_frames=4096 write_frames=0 frames_per_sec=4081 seconds=1.003693 logical_MiBps=15.94 target_cpu=90 affinity_applied=true
zcnblk-send-worker-latency: worker=52 write_ack_count=0 write_ack_avg_ns=0 write_ack_min_ns=0 write_ack_p50_ns=0 write_ack_p95_ns=0 write_ack_p99_ns=0 write_ack_p999_ns=0 write_ack_max_ns=0 read_count=4096 read_avg_ns=3913329 read_min_ns=2561452 read_p50_ns=5000000 read_p95_ns=5000000 read_p99_ns=6000000 read_p999_ns=9000000 read_max_ns=9825358
zcnblk-send-worker: worker=53 streams=1 write_bytes=0 read_bytes=16777216 verified_read_bytes=0 read_checksum=0x0000000000000000 expected_checksum=0x0000000000000000 wire_bytes=17301504 frames=4096 read_frames=4096 write_frames=0 frames_per_sec=4186 seconds=0.978598 logical_MiBps=16.35 target_cpu=186 affinity_applied=true
zcnblk-send-worker-latency: worker=53 write_ack_count=0 write_ack_avg_ns=0 write_ack_min_ns=0 write_ack_p50_ns=0 write_ack_p95_ns=0 write_ack_p99_ns=0 write_ack_p999_ns=0 write_ack_max_ns=0 read_count=4096 read_avg_ns=3817653 read_min_ns=2526618 read_p50_ns=4000000 read_p95_ns=5000000 read_p99_ns=6000000 read_p999_ns=9000000 read_max_ns=9792254
zcnblk-send-worker: worker=54 streams=1 write_bytes=0 read_bytes=16777216 verified_read_bytes=0 read_checksum=0x0000000000000000 expected_checksum=0x0000000000000000 wire_bytes=17301504 frames=4096 read_frames=4096 write_frames=0 frames_per_sec=4638 seconds=0.883100 logical_MiBps=18.12 target_cpu=91 affinity_applied=true
zcnblk-send-worker-latency: worker=54 write_ack_count=0 write_ack_avg_ns=0 write_ack_min_ns=0 write_ack_p50_ns=0 write_ack_p95_ns=0 write_ack_p99_ns=0 write_ack_p999_ns=0 write_ack_max_ns=0 read_count=4096 read_avg_ns=3445307 read_min_ns=2204618 read_p50_ns=4000000 read_p95_ns=5000000 read_p99_ns=5000000 read_p999_ns=10000000 read_max_ns=10105938
zcnblk-send-worker: worker=55 streams=1 write_bytes=0 read_bytes=16777216 verified_read_bytes=0 read_checksum=0x0000000000000000 expected_checksum=0x0000000000000000 wire_bytes=17301504 frames=4096 read_frames=4096 write_frames=0 frames_per_sec=5012 seconds=0.817291 logical_MiBps=19.58 target_cpu=187 affinity_applied=true
zcnblk-send-worker-latency: worker=55 write_ack_count=0 write_ack_avg_ns=0 write_ack_min_ns=0 write_ack_p50_ns=0 write_ack_p95_ns=0 write_ack_p99_ns=0 write_ack_p999_ns=0 write_ack_max_ns=0 read_count=4096 read_avg_ns=3186481 read_min_ns=2480627 read_p50_ns=4000000 read_p95_ns=5000000 read_p99_ns=5000000 read_p999_ns=10000000 read_max_ns=10430944
zcnblk-send-worker: worker=56 streams=1 write_bytes=0 read_bytes=16777216 verified_read_bytes=0 read_checksum=0x0000000000000000 expected_checksum=0x0000000000000000 wire_bytes=17301504 frames=4096 read_frames=4096 write_frames=0 frames_per_sec=5178 seconds=0.790990 logical_MiBps=20.23 target_cpu=92 affinity_applied=true
zcnblk-send-worker-latency: worker=56 write_ack_count=0 write_ack_avg_ns=0 write_ack_min_ns=0 write_ack_p50_ns=0 write_ack_p95_ns=0 write_ack_p99_ns=0 write_ack_p999_ns=0 write_ack_max_ns=0 read_count=4096 read_avg_ns=3084465 read_min_ns=2490086 read_p50_ns=4000000 read_p95_ns=4000000 read_p99_ns=5000000 read_p999_ns=9000000 read_max_ns=9487912
zcnblk-send-worker: worker=57 streams=1 write_bytes=0 read_bytes=16777216 verified_read_bytes=0 read_checksum=0x0000000000000000 expected_checksum=0x0000000000000000 wire_bytes=17301504 frames=4096 read_frames=4096 write_frames=0 frames_per_sec=5095 seconds=0.803861 logical_MiBps=19.90 target_cpu=188 affinity_applied=true
zcnblk-send-worker-latency: worker=57 write_ack_count=0 write_ack_avg_ns=0 write_ack_min_ns=0 write_ack_p50_ns=0 write_ack_p95_ns=0 write_ack_p99_ns=0 write_ack_p999_ns=0 write_ack_max_ns=0 read_count=4096 read_avg_ns=3134397 read_min_ns=2580425 read_p50_ns=4000000 read_p95_ns=4000000 read_p99_ns=4000000 read_p999_ns=10000000 read_max_ns=10007149
zcnblk-send-worker: worker=58 streams=1 write_bytes=0 read_bytes=16777216 verified_read_bytes=0 read_checksum=0x0000000000000000 expected_checksum=0x0000000000000000 wire_bytes=17301504 frames=4096 read_frames=4096 write_frames=0 frames_per_sec=4464 seconds=0.917640 logical_MiBps=17.44 target_cpu=93 affinity_applied=true
zcnblk-send-worker-latency: worker=58 write_ack_count=0 write_ack_avg_ns=0 write_ack_min_ns=0 write_ack_p50_ns=0 write_ack_p95_ns=0 write_ack_p99_ns=0 write_ack_p999_ns=0 write_ack_max_ns=0 read_count=4096 read_avg_ns=3579521 read_min_ns=2252754 read_p50_ns=4000000 read_p95_ns=5000000 read_p99_ns=6000000 read_p999_ns=10000000 read_max_ns=11271965
zcnblk-send-worker: worker=59 streams=1 write_bytes=0 read_bytes=16777216 verified_read_bytes=0 read_checksum=0x0000000000000000 expected_checksum=0x0000000000000000 wire_bytes=17301504 frames=4096 read_frames=4096 write_frames=0 frames_per_sec=4755 seconds=0.861439 logical_MiBps=18.57 target_cpu=189 affinity_applied=true
zcnblk-send-worker-latency: worker=59 write_ack_count=0 write_ack_avg_ns=0 write_ack_min_ns=0 write_ack_p50_ns=0 write_ack_p95_ns=0 write_ack_p99_ns=0 write_ack_p999_ns=0 write_ack_max_ns=0 read_count=4096 read_avg_ns=3358540 read_min_ns=2621884 read_p50_ns=4000000 read_p95_ns=4000000 read_p99_ns=5000000 read_p999_ns=10000000 read_max_ns=10141470
zcnblk-send-worker: worker=60 streams=1 write_bytes=0 read_bytes=16777216 verified_read_bytes=0 read_checksum=0x0000000000000000 expected_checksum=0x0000000000000000 wire_bytes=17301504 frames=4096 read_frames=4096 write_frames=0 frames_per_sec=4535 seconds=0.903249 logical_MiBps=17.71 target_cpu=94 affinity_applied=true
zcnblk-send-worker-latency: worker=60 write_ack_count=0 write_ack_avg_ns=0 write_ack_min_ns=0 write_ack_p50_ns=0 write_ack_p95_ns=0 write_ack_p99_ns=0 write_ack_p999_ns=0 write_ack_max_ns=0 read_count=4096 read_avg_ns=3523947 read_min_ns=2171967 read_p50_ns=4000000 read_p95_ns=5000000 read_p99_ns=5000000 read_p999_ns=11000000 read_max_ns=11206382
zcnblk-send-worker: worker=61 streams=1 write_bytes=0 read_bytes=16777216 verified_read_bytes=0 read_checksum=0x0000000000000000 expected_checksum=0x0000000000000000 wire_bytes=17301504 frames=4096 read_frames=4096 write_frames=0 frames_per_sec=4932 seconds=0.830546 logical_MiBps=19.26 target_cpu=190 affinity_applied=true
zcnblk-send-worker-latency: worker=61 write_ack_count=0 write_ack_avg_ns=0 write_ack_min_ns=0 write_ack_p50_ns=0 write_ack_p95_ns=0 write_ack_p99_ns=0 write_ack_p999_ns=0 write_ack_max_ns=0 read_count=4096 read_avg_ns=3238463 read_min_ns=2535989 read_p50_ns=3000000 read_p95_ns=5000000 read_p99_ns=6000000 read_p999_ns=11000000 read_max_ns=11682443
zcnblk-send-worker: worker=62 streams=1 write_bytes=0 read_bytes=16777216 verified_read_bytes=0 read_checksum=0x0000000000000000 expected_checksum=0x0000000000000000 wire_bytes=17301504 frames=4096 read_frames=4096 write_frames=0 frames_per_sec=4720 seconds=0.867837 logical_MiBps=18.44 target_cpu=95 affinity_applied=true
zcnblk-send-worker-latency: worker=62 write_ack_count=0 write_ack_avg_ns=0 write_ack_min_ns=0 write_ack_p50_ns=0 write_ack_p95_ns=0 write_ack_p99_ns=0 write_ack_p999_ns=0 write_ack_max_ns=0 read_count=4096 read_avg_ns=3384519 read_min_ns=2382916 read_p50_ns=4000000 read_p95_ns=5000000 read_p99_ns=5000000 read_p999_ns=11000000 read_max_ns=11647228
zcnblk-send-worker: worker=63 streams=1 write_bytes=0 read_bytes=16777216 verified_read_bytes=0 read_checksum=0x0000000000000000 expected_checksum=0x0000000000000000 wire_bytes=17301504 frames=4096 read_frames=4096 write_frames=0 frames_per_sec=4569 seconds=0.896515 logical_MiBps=17.85 target_cpu=191 affinity_applied=true
zcnblk-send-worker-latency: worker=63 write_ack_count=0 write_ack_avg_ns=0 write_ack_min_ns=0 write_ack_p50_ns=0 write_ack_p95_ns=0 write_ack_p99_ns=0 write_ack_p999_ns=0 write_ack_max_ns=0 read_count=4096 read_avg_ns=3495301 read_min_ns=2804614 read_p50_ns=4000000 read_p95_ns=5000000 read_p99_ns=5000000 read_p999_ns=10000000 read_max_ns=10663966
zcnblk-send-summary: write_bytes=0 read_bytes=1073741824 verified_read_bytes=0 read_checksum=0x0000000000000000 expected_checksum=0x0000000000000000 wire_bytes=1107296256 frames=262144 read_frames=262144 write_frames=0 frames_per_sec=245795
zcnblk-send-latency-summary: write_ack_count=0 write_ack_avg_ns=0 write_ack_min_ns=0 write_ack_p50_ns=0 write_ack_p95_ns=0 write_ack_p99_ns=0 write_ack_p999_ns=0 write_ack_max_ns=0 read_count=262144 read_avg_ns=3361393 read_min_ns=2148203 read_p50_ns=4000000 read_p95_ns=5000000 read_p99_ns=6000000 read_p999_ns=8000000 read_max_ns=12230132
zcnblk-send: bytes=1073741824 seconds=1.066516 GiBps=0.938 Gbitps=8.054
