zcwal-extent-send: addr=172.31.38.206 base_port=27100 lanes=96 connections_per_lane=1 total_connections=96 bytes_per_connection=301989888 extent_bytes=393216 record_size=4096 records_per_extent=96 workers=96 framing=stream data_path=uring ack_enabled=yes tcp_nodelay=yes socket_buffer_bytes=16777216 uring_pipeline=64 uring_entries=256 source_ports=kernel-ephemeral
zcwal-extent-send-worker: affinity_index=0 target_cpu=0 status=ok
zcwal-extent-send-worker: affinity_index=1 target_cpu=1 status=ok
zcwal-extent-send-worker: affinity_index=2 target_cpu=2 status=ok
zcwal-extent-send-worker: affinity_index=3 target_cpu=3 status=ok
zcwal-extent-send-worker: affinity_index=4 target_cpu=4 status=ok
zcwal-extent-send-worker: affinity_index=6 target_cpu=6 status=ok
zcwal-extent-send-worker: affinity_index=5 target_cpu=5 status=ok
zcwal-extent-send-worker: affinity_index=7 target_cpu=7 status=ok
zcwal-extent-send-stream: worker=0 lane=0 port=27100 conn=0
zcwal-extent-send-stream: worker=2 lane=2 port=27102 conn=0
zcwal-extent-send-stream: worker=4 lane=4 port=27104 conn=0
zcwal-extent-send-stream: worker=3 lane=3 port=27103 conn=0
zcwal-extent-send-worker: affinity_index=9 target_cpu=9 status=ok
zcwal-extent-send-worker: affinity_index=8 target_cpu=8 status=ok
zcwal-extent-send-stream: worker=6 lane=6 port=27106 conn=0
zcwal-extent-send-stream: worker=5 lane=5 port=27105 conn=0
zcwal-extent-send-stream: worker=7 lane=7 port=27107 conn=0
zcwal-extent-send-stream: worker=9 lane=9 port=27109 conn=0
zcwal-extent-send-worker: affinity_index=11 target_cpu=11 status=ok
zcwal-extent-send-worker: affinity_index=12 target_cpu=12 status=ok
zcwal-extent-send-worker: affinity_index=10 target_cpu=10 status=ok
zcwal-extent-send-stream: worker=8 lane=8 port=27108 conn=0
zcwal-extent-send-stream: worker=12 lane=12 port=27112 conn=0
zcwal-extent-send-stream: worker=11 lane=11 port=27111 conn=0
zcwal-extent-send-worker: affinity_index=14 target_cpu=14 status=ok
zcwal-extent-send-worker: affinity_index=15 target_cpu=15 status=ok
zcwal-extent-send-worker: affinity_index=13 target_cpu=13 status=ok
zcwal-extent-send-stream: worker=10 lane=10 port=27110 conn=0
zcwal-extent-send-worker: affinity_index=16 target_cpu=16 status=ok
zcwal-extent-send-worker: affinity_index=17 target_cpu=17 status=ok
zcwal-extent-send-stream: worker=15 lane=15 port=27115 conn=0
zcwal-extent-send-stream: worker=14 lane=14 port=27114 conn=0
zcwal-extent-send-stream: worker=13 lane=13 port=27113 conn=0
zcwal-extent-send-worker: affinity_index=18 target_cpu=18 status=ok
zcwal-extent-send-stream: worker=17 lane=17 port=27117 conn=0
zcwal-extent-send-stream: worker=16 lane=16 port=27116 conn=0
zcwal-extent-send-worker: affinity_index=20 target_cpu=20 status=ok
zcwal-extent-send-worker: affinity_index=19 target_cpu=19 status=ok
zcwal-extent-send-stream: worker=18 lane=18 port=27118 conn=0
zcwal-extent-send-stream: worker=1 lane=1 port=27101 conn=0
zcwal-extent-send-worker: affinity_index=21 target_cpu=21 status=ok
zcwal-extent-send-worker: affinity_index=22 target_cpu=22 status=ok
zcwal-extent-send-stream: worker=20 lane=20 port=27120 conn=0
zcwal-extent-send-stream: worker=19 lane=19 port=27119 conn=0
zcwal-extent-send-worker: affinity_index=23 target_cpu=23 status=ok
zcwal-extent-send-stream: worker=21 lane=21 port=27121 conn=0
zcwal-extent-send-worker: affinity_index=24 target_cpu=24 status=ok
zcwal-extent-send-worker: affinity_index=25 target_cpu=25 status=ok
zcwal-extent-send-worker: affinity_index=26 target_cpu=26 status=ok
zcwal-extent-send-worker: affinity_index=27 target_cpu=27 status=ok
zcwal-extent-send-stream: worker=22 lane=22 port=27122 conn=0
zcwal-extent-send-worker: affinity_index=28 target_cpu=28 status=ok
zcwal-extent-send-stream: worker=24 lane=24 port=27124 conn=0
zcwal-extent-send-stream: worker=25 lane=25 port=27125 conn=0
tcp-bench-connect-route-probe: peer=172.31.38.206:27101 local_socket=172.31.33.93:33095 probe_src=172.31.33.93 route_dev=ens68 route_src=172.31.33.93 route="172.31.38.206 from 172.31.33.93 dev ens68 uid 1000 \ cache"
zcwal-extent-send-worker: affinity_index=30 target_cpu=30 status=ok
zcwal-extent-send-stream: worker=23 lane=23 port=27123 conn=0
zcwal-extent-send-stream: worker=27 lane=27 port=27127 conn=0
zcwal-extent-send-stream: worker=26 lane=26 port=27126 conn=0
zcwal-extent-send-stream: worker=28 lane=28 port=27128 conn=0
zcwal-extent-send-worker: affinity_index=29 target_cpu=29 status=ok
zcwal-extent-send-worker: affinity_index=31 target_cpu=31 status=ok
zcwal-extent-send-worker: affinity_index=33 target_cpu=33 status=ok
zcwal-extent-send-worker: affinity_index=32 target_cpu=32 status=ok
zcwal-extent-send-stream: worker=30 lane=30 port=27130 conn=0
zcwal-extent-send-stream: worker=29 lane=29 port=27129 conn=0
zcwal-extent-send-stream: worker=31 lane=31 port=27131 conn=0
zcwal-extent-send-stream: worker=33 lane=33 port=27133 conn=0
zcwal-extent-send-worker: affinity_index=35 target_cpu=35 status=ok
zcwal-extent-send-worker: affinity_index=34 target_cpu=34 status=ok
zcwal-extent-send-stream: worker=32 lane=32 port=27132 conn=0
zcwal-extent-send-worker: affinity_index=36 target_cpu=36 status=ok
zcwal-extent-send-worker: affinity_index=37 target_cpu=37 status=ok
zcwal-extent-send-stream: worker=35 lane=35 port=27135 conn=0
zcwal-extent-send-worker: affinity_index=38 target_cpu=38 status=ok
zcwal-extent-send-stream: worker=36 lane=36 port=27136 conn=0
zcwal-extent-send-stream: worker=34 lane=34 port=27134 conn=0
zcwal-extent-send-worker: affinity_index=39 target_cpu=39 status=ok
zcwal-extent-send-worker: affinity_index=40 target_cpu=40 status=ok
zcwal-extent-send-stream: worker=38 lane=38 port=27138 conn=0
zcwal-extent-send-stream: worker=37 lane=37 port=27137 conn=0
zcwal-extent-send-stream: worker=39 lane=39 port=27139 conn=0
zcwal-extent-send-worker: affinity_index=44 target_cpu=44 status=ok
zcwal-extent-send-stream: worker=40 lane=40 port=27140 conn=0
zcwal-extent-send-worker: affinity_index=42 target_cpu=42 status=ok
zcwal-extent-send-worker: affinity_index=45 target_cpu=45 status=ok
zcwal-extent-send-worker: affinity_index=43 target_cpu=43 status=ok
zcwal-extent-send-stream: worker=44 lane=44 port=27144 conn=0
zcwal-extent-send-worker: affinity_index=46 target_cpu=46 status=ok
zcwal-extent-send-stream: worker=42 lane=42 port=27142 conn=0
zcwal-extent-send-stream: worker=45 lane=45 port=27145 conn=0
zcwal-extent-send-worker: affinity_index=47 target_cpu=47 status=ok
zcwal-extent-send-stream: worker=46 lane=46 port=27146 conn=0
zcwal-extent-send-worker: affinity_index=41 target_cpu=41 status=ok
zcwal-extent-send-worker: affinity_index=49 target_cpu=49 status=ok
zcwal-extent-send-stream: worker=47 lane=47 port=27147 conn=0
zcwal-extent-send-worker: affinity_index=48 target_cpu=48 status=ok
zcwal-extent-send-stream: worker=43 lane=43 port=27143 conn=0
zcwal-extent-send-stream: worker=41 lane=41 port=27141 conn=0
zcwal-extent-send-worker: affinity_index=50 target_cpu=50 status=ok
zcwal-extent-send-stream: worker=49 lane=49 port=27149 conn=0
zcwal-extent-send-stream: worker=48 lane=48 port=27148 conn=0
zcwal-extent-send-worker: affinity_index=51 target_cpu=51 status=ok
zcwal-extent-send-worker: affinity_index=52 target_cpu=52 status=ok
zcwal-extent-send-worker: affinity_index=53 target_cpu=53 status=ok
zcwal-extent-send-worker: affinity_index=54 target_cpu=54 status=ok
zcwal-extent-send-worker: affinity_index=55 target_cpu=55 status=ok
zcwal-extent-send-stream: worker=50 lane=50 port=27150 conn=0
zcwal-extent-send-worker: affinity_index=56 target_cpu=56 status=ok
zcwal-extent-send-stream: worker=51 lane=51 port=27151 conn=0
zcwal-extent-send-worker: affinity_index=57 target_cpu=57 status=ok
zcwal-extent-send-stream: worker=52 lane=52 port=27152 conn=0
zcwal-extent-send-worker: affinity_index=58 target_cpu=58 status=ok
zcwal-extent-send-worker: affinity_index=59 target_cpu=59 status=ok
zcwal-extent-send-stream: worker=55 lane=55 port=27155 conn=0
zcwal-extent-send-stream: worker=56 lane=56 port=27156 conn=0
zcwal-extent-send-worker: affinity_index=60 target_cpu=60 status=ok
zcwal-extent-send-stream: worker=53 lane=53 port=27153 conn=0
zcwal-extent-send-stream: worker=57 lane=57 port=27157 conn=0
zcwal-extent-send-stream: worker=54 lane=54 port=27154 conn=0
zcwal-extent-send-stream: worker=58 lane=58 port=27158 conn=0
zcwal-extent-send-stream: worker=59 lane=59 port=27159 conn=0
zcwal-extent-send-worker: affinity_index=61 target_cpu=61 status=ok
zcwal-extent-send-worker: affinity_index=63 target_cpu=63 status=ok
zcwal-extent-send-stream: worker=60 lane=60 port=27160 conn=0
zcwal-extent-send-worker: affinity_index=62 target_cpu=62 status=ok
zcwal-extent-send-worker: affinity_index=64 target_cpu=64 status=ok
zcwal-extent-send-worker: affinity_index=65 target_cpu=65 status=ok
zcwal-extent-send-worker: affinity_index=66 target_cpu=66 status=ok
zcwal-extent-send-worker: affinity_index=67 target_cpu=67 status=ok
zcwal-extent-send-worker: affinity_index=68 target_cpu=68 status=ok
zcwal-extent-send-worker: affinity_index=69 target_cpu=69 status=ok
zcwal-extent-send-worker: affinity_index=70 target_cpu=70 status=ok
zcwal-extent-send-worker: affinity_index=71 target_cpu=71 status=ok
zcwal-extent-send-worker: affinity_index=72 target_cpu=72 status=ok
zcwal-extent-send-worker: affinity_index=73 target_cpu=73 status=ok
zcwal-extent-send-worker: affinity_index=74 target_cpu=74 status=ok
zcwal-extent-send-worker: affinity_index=75 target_cpu=75 status=ok
zcwal-extent-send-worker: affinity_index=76 target_cpu=76 status=ok
zcwal-extent-send-worker: affinity_index=77 target_cpu=77 status=ok
zcwal-extent-send-worker: affinity_index=78 target_cpu=78 status=ok
zcwal-extent-send-worker: affinity_index=79 target_cpu=79 status=ok
zcwal-extent-send-worker: affinity_index=80 target_cpu=80 status=ok
zcwal-extent-send-worker: affinity_index=81 target_cpu=81 status=ok
zcwal-extent-send-worker: affinity_index=82 target_cpu=82 status=ok
zcwal-extent-send-worker: affinity_index=83 target_cpu=83 status=ok
zcwal-extent-send-worker: affinity_index=84 target_cpu=84 status=ok
zcwal-extent-send-worker: affinity_index=85 target_cpu=85 status=ok
zcwal-extent-send-worker: affinity_index=86 target_cpu=86 status=ok
zcwal-extent-send-worker: affinity_index=87 target_cpu=87 status=ok
zcwal-extent-send-worker: affinity_index=88 target_cpu=88 status=ok
zcwal-extent-send-worker: affinity_index=89 target_cpu=89 status=ok
zcwal-extent-send-worker: affinity_index=90 target_cpu=90 status=ok
zcwal-extent-send-worker: affinity_index=91 target_cpu=91 status=ok
zcwal-extent-send-worker: affinity_index=92 target_cpu=92 status=ok
zcwal-extent-send-worker: affinity_index=93 target_cpu=93 status=ok
zcwal-extent-send-worker: affinity_index=94 target_cpu=94 status=ok
zcwal-extent-send-worker: affinity_index=95 target_cpu=95 status=ok
zcwal-extent-send-stream: worker=61 lane=61 port=27161 conn=0
zcwal-extent-send-stream: worker=84 lane=84 port=27184 conn=0
zcwal-extent-send-stream: worker=81 lane=81 port=27181 conn=0
zcwal-extent-send-stream: worker=78 lane=78 port=27178 conn=0
zcwal-extent-send-stream: worker=83 lane=83 port=27183 conn=0
zcwal-extent-send-stream: worker=85 lane=85 port=27185 conn=0
zcwal-extent-send-stream: worker=80 lane=80 port=27180 conn=0
zcwal-extent-send-stream: worker=62 lane=62 port=27162 conn=0
zcwal-extent-send-stream: worker=95 lane=95 port=27195 conn=0
zcwal-extent-send-stream: worker=70 lane=70 port=27170 conn=0
zcwal-extent-send-stream: worker=79 lane=79 port=27179 conn=0
zcwal-extent-send-stream: worker=68 lane=68 port=27168 conn=0
zcwal-extent-send-stream: worker=89 lane=89 port=27189 conn=0
zcwal-extent-send-stream: worker=90 lane=90 port=27190 conn=0
zcwal-extent-send-stream: worker=64 lane=64 port=27164 conn=0
zcwal-extent-send-stream: worker=94 lane=94 port=27194 conn=0
zcwal-extent-send-stream: worker=93 lane=93 port=27193 conn=0
zcwal-extent-send-stream: worker=65 lane=65 port=27165 conn=0
zcwal-extent-send-stream: worker=77 lane=77 port=27177 conn=0
zcwal-extent-send-stream: worker=72 lane=72 port=27172 conn=0
zcwal-extent-send-stream: worker=63 lane=63 port=27163 conn=0
zcwal-extent-send-stream: worker=92 lane=92 port=27192 conn=0
zcwal-extent-send-stream: worker=73 lane=73 port=27173 conn=0
zcwal-extent-send-stream: worker=86 lane=86 port=27186 conn=0
zcwal-extent-send-stream: worker=91 lane=91 port=27191 conn=0
zcwal-extent-send-stream: worker=67 lane=67 port=27167 conn=0
zcwal-extent-send-stream: worker=69 lane=69 port=27169 conn=0
zcwal-extent-send-stream: worker=88 lane=88 port=27188 conn=0
zcwal-extent-send-stream: worker=76 lane=76 port=27176 conn=0
zcwal-extent-send-stream: worker=71 lane=71 port=27171 conn=0
zcwal-extent-send-stream: worker=66 lane=66 port=27166 conn=0
zcwal-extent-send-stream: worker=87 lane=87 port=27187 conn=0
zcwal-extent-send-stream: worker=75 lane=75 port=27175 conn=0
zcwal-extent-send-stream: worker=82 lane=82 port=27182 conn=0
zcwal-extent-send-stream: worker=74 lane=74 port=27174 conn=0
zcwal-extent-send-worker: worker=0 streams=1 payload_bytes=301989888 wire_bytes=301990016 extents=768 logical_records=73728 acks=1 seconds=0.331150 payload_Gbitps=7.296 logical_iops=222642 thread_cpu_seconds=0.042269 cpu_wall_pct=12.8 target_cpu=0 affinity_applied=true start_cpu=0 end_cpu=0 voluntary_ctxt_switches=32 involuntary_ctxt_switches=0 migrations=0
zcwal-extent-send-worker: worker=1 streams=1 payload_bytes=301989888 wire_bytes=301990016 extents=768 logical_records=73728 acks=1 seconds=0.758804 payload_Gbitps=3.184 logical_iops=97163 thread_cpu_seconds=0.037755 cpu_wall_pct=5.0 target_cpu=1 affinity_applied=true start_cpu=1 end_cpu=1 voluntary_ctxt_switches=38 involuntary_ctxt_switches=1 migrations=0
zcwal-extent-send-worker: worker=2 streams=1 payload_bytes=301989888 wire_bytes=301990016 extents=768 logical_records=73728 acks=1 seconds=0.665143 payload_Gbitps=3.632 logical_iops=110845 thread_cpu_seconds=0.040086 cpu_wall_pct=6.0 target_cpu=2 affinity_applied=true start_cpu=2 end_cpu=2 voluntary_ctxt_switches=35 involuntary_ctxt_switches=0 migrations=0
zcwal-extent-send-worker: worker=3 streams=1 payload_bytes=301989888 wire_bytes=301990016 extents=768 logical_records=73728 acks=1 seconds=0.445457 payload_Gbitps=5.423 logical_iops=165511 thread_cpu_seconds=0.050964 cpu_wall_pct=11.4 target_cpu=3 affinity_applied=true start_cpu=3 end_cpu=3 voluntary_ctxt_switches=33 involuntary_ctxt_switches=4 migrations=0
zcwal-extent-send-worker: worker=4 streams=1 payload_bytes=301989888 wire_bytes=301990016 extents=768 logical_records=73728 acks=1 seconds=0.886482 payload_Gbitps=2.725 logical_iops=83169 thread_cpu_seconds=0.032952 cpu_wall_pct=3.7 target_cpu=4 affinity_applied=true start_cpu=4 end_cpu=4 voluntary_ctxt_switches=34 involuntary_ctxt_switches=0 migrations=0
zcwal-extent-send-worker: worker=5 streams=1 payload_bytes=301989888 wire_bytes=301990016 extents=768 logical_records=73728 acks=1 seconds=0.503601 payload_Gbitps=4.797 logical_iops=146402 thread_cpu_seconds=0.047551 cpu_wall_pct=9.4 target_cpu=5 affinity_applied=true start_cpu=5 end_cpu=5 voluntary_ctxt_switches=33 involuntary_ctxt_switches=2 migrations=0
zcwal-extent-send-worker: worker=6 streams=1 payload_bytes=301989888 wire_bytes=301990016 extents=768 logical_records=73728 acks=1 seconds=0.693108 payload_Gbitps=3.486 logical_iops=106373 thread_cpu_seconds=0.034593 cpu_wall_pct=5.0 target_cpu=6 affinity_applied=true start_cpu=6 end_cpu=6 voluntary_ctxt_switches=36 involuntary_ctxt_switches=0 migrations=0
zcwal-extent-send-worker: worker=7 streams=1 payload_bytes=301989888 wire_bytes=301990016 extents=768 logical_records=73728 acks=1 seconds=0.740035 payload_Gbitps=3.265 logical_iops=99628 thread_cpu_seconds=0.066075 cpu_wall_pct=8.9 target_cpu=7 affinity_applied=true start_cpu=7 end_cpu=7 voluntary_ctxt_switches=34 involuntary_ctxt_switches=3 migrations=0
zcwal-extent-send-worker: worker=8 streams=1 payload_bytes=301989888 wire_bytes=301990016 extents=768 logical_records=73728 acks=1 seconds=0.858981 payload_Gbitps=2.813 logical_iops=85832 thread_cpu_seconds=0.037908 cpu_wall_pct=4.4 target_cpu=8 affinity_applied=true start_cpu=8 end_cpu=8 voluntary_ctxt_switches=35 involuntary_ctxt_switches=0 migrations=0
zcwal-extent-send-worker: worker=9 streams=1 payload_bytes=301989888 wire_bytes=301990016 extents=768 logical_records=73728 acks=1 seconds=0.684890 payload_Gbitps=3.527 logical_iops=107649 thread_cpu_seconds=0.051063 cpu_wall_pct=7.5 target_cpu=9 affinity_applied=true start_cpu=9 end_cpu=9 voluntary_ctxt_switches=33 involuntary_ctxt_switches=4 migrations=0
zcwal-extent-send-worker: worker=10 streams=1 payload_bytes=301989888 wire_bytes=301990016 extents=768 logical_records=73728 acks=1 seconds=0.559975 payload_Gbitps=4.314 logical_iops=131663 thread_cpu_seconds=0.040519 cpu_wall_pct=7.2 target_cpu=10 affinity_applied=true start_cpu=10 end_cpu=10 voluntary_ctxt_switches=48 involuntary_ctxt_switches=0 migrations=0
zcwal-extent-send-worker: worker=11 streams=1 payload_bytes=301989888 wire_bytes=301990016 extents=768 logical_records=73728 acks=1 seconds=0.624451 payload_Gbitps=3.869 logical_iops=118069 thread_cpu_seconds=0.057269 cpu_wall_pct=9.2 target_cpu=11 affinity_applied=true start_cpu=11 end_cpu=11 voluntary_ctxt_switches=31 involuntary_ctxt_switches=2 migrations=0
zcwal-extent-send-worker: worker=12 streams=1 payload_bytes=301989888 wire_bytes=301990016 extents=768 logical_records=73728 acks=1 seconds=0.625570 payload_Gbitps=3.862 logical_iops=117857 thread_cpu_seconds=0.037121 cpu_wall_pct=5.9 target_cpu=12 affinity_applied=true start_cpu=12 end_cpu=12 voluntary_ctxt_switches=35 involuntary_ctxt_switches=0 migrations=0
zcwal-extent-send-worker: worker=13 streams=1 payload_bytes=301989888 wire_bytes=301990016 extents=768 logical_records=73728 acks=1 seconds=0.541536 payload_Gbitps=4.461 logical_iops=136146 thread_cpu_seconds=0.040201 cpu_wall_pct=7.4 target_cpu=13 affinity_applied=true start_cpu=13 end_cpu=13 voluntary_ctxt_switches=35 involuntary_ctxt_switches=0 migrations=0
zcwal-extent-send-worker: worker=14 streams=1 payload_bytes=301989888 wire_bytes=301990016 extents=768 logical_records=73728 acks=1 seconds=0.767093 payload_Gbitps=3.149 logical_iops=96113 thread_cpu_seconds=0.037903 cpu_wall_pct=4.9 target_cpu=14 affinity_applied=true start_cpu=14 end_cpu=14 voluntary_ctxt_switches=33 involuntary_ctxt_switches=1 migrations=0
zcwal-extent-send-worker: worker=15 streams=1 payload_bytes=301989888 wire_bytes=301990016 extents=768 logical_records=73728 acks=1 seconds=0.599353 payload_Gbitps=4.031 logical_iops=123013 thread_cpu_seconds=0.038692 cpu_wall_pct=6.5 target_cpu=15 affinity_applied=true start_cpu=15 end_cpu=15 voluntary_ctxt_switches=34 involuntary_ctxt_switches=0 migrations=0
zcwal-extent-send-worker: worker=16 streams=1 payload_bytes=301989888 wire_bytes=301990016 extents=768 logical_records=73728 acks=1 seconds=0.702022 payload_Gbitps=3.441 logical_iops=105022 thread_cpu_seconds=0.045293 cpu_wall_pct=6.5 target_cpu=16 affinity_applied=true start_cpu=16 end_cpu=16 voluntary_ctxt_switches=36 involuntary_ctxt_switches=0 migrations=0
zcwal-extent-send-worker: worker=17 streams=1 payload_bytes=301989888 wire_bytes=301990016 extents=768 logical_records=73728 acks=1 seconds=0.773731 payload_Gbitps=3.122 logical_iops=95289 thread_cpu_seconds=0.037185 cpu_wall_pct=4.8 target_cpu=17 affinity_applied=true start_cpu=17 end_cpu=17 voluntary_ctxt_switches=36 involuntary_ctxt_switches=2 migrations=0
zcwal-extent-send-worker: worker=18 streams=1 payload_bytes=301989888 wire_bytes=301990016 extents=768 logical_records=73728 acks=1 seconds=0.741487 payload_Gbitps=3.258 logical_iops=99433 thread_cpu_seconds=0.040888 cpu_wall_pct=5.5 target_cpu=18 affinity_applied=true start_cpu=18 end_cpu=18 voluntary_ctxt_switches=35 involuntary_ctxt_switches=0 migrations=0
zcwal-extent-send-worker: worker=19 streams=1 payload_bytes=301989888 wire_bytes=301990016 extents=768 logical_records=73728 acks=1 seconds=0.627260 payload_Gbitps=3.852 logical_iops=117540 thread_cpu_seconds=0.036904 cpu_wall_pct=5.9 target_cpu=19 affinity_applied=true start_cpu=19 end_cpu=19 voluntary_ctxt_switches=39 involuntary_ctxt_switches=0 migrations=0
zcwal-extent-send-worker: worker=20 streams=1 payload_bytes=301989888 wire_bytes=301990016 extents=768 logical_records=73728 acks=1 seconds=0.837191 payload_Gbitps=2.886 logical_iops=88066 thread_cpu_seconds=0.036180 cpu_wall_pct=4.3 target_cpu=20 affinity_applied=true start_cpu=20 end_cpu=20 voluntary_ctxt_switches=35 involuntary_ctxt_switches=0 migrations=0
zcwal-extent-send-worker: worker=21 streams=1 payload_bytes=301989888 wire_bytes=301990016 extents=768 logical_records=73728 acks=1 seconds=0.744641 payload_Gbitps=3.244 logical_iops=99011 thread_cpu_seconds=0.037363 cpu_wall_pct=5.0 target_cpu=21 affinity_applied=true start_cpu=21 end_cpu=21 voluntary_ctxt_switches=36 involuntary_ctxt_switches=0 migrations=0
zcwal-extent-send-worker: worker=22 streams=1 payload_bytes=301989888 wire_bytes=301990016 extents=768 logical_records=73728 acks=1 seconds=0.359398 payload_Gbitps=6.722 logical_iops=205143 thread_cpu_seconds=0.039881 cpu_wall_pct=11.1 target_cpu=22 affinity_applied=true start_cpu=22 end_cpu=22 voluntary_ctxt_switches=34 involuntary_ctxt_switches=0 migrations=0
zcwal-extent-send-worker: worker=23 streams=1 payload_bytes=301989888 wire_bytes=301990016 extents=768 logical_records=73728 acks=1 seconds=0.892700 payload_Gbitps=2.706 logical_iops=82590 thread_cpu_seconds=0.035761 cpu_wall_pct=4.0 target_cpu=23 affinity_applied=true start_cpu=23 end_cpu=23 voluntary_ctxt_switches=40 involuntary_ctxt_switches=0 migrations=0
zcwal-extent-send-worker: worker=24 streams=1 payload_bytes=301989888 wire_bytes=301990016 extents=768 logical_records=73728 acks=1 seconds=0.619279 payload_Gbitps=3.901 logical_iops=119055 thread_cpu_seconds=0.037315 cpu_wall_pct=6.0 target_cpu=24 affinity_applied=true start_cpu=24 end_cpu=24 voluntary_ctxt_switches=37 involuntary_ctxt_switches=0 migrations=0
zcwal-extent-send-worker: worker=25 streams=1 payload_bytes=301989888 wire_bytes=301990016 extents=768 logical_records=73728 acks=1 seconds=0.315391 payload_Gbitps=7.660 logical_iops=233767 thread_cpu_seconds=0.040682 cpu_wall_pct=12.9 target_cpu=25 affinity_applied=true start_cpu=25 end_cpu=25 voluntary_ctxt_switches=37 involuntary_ctxt_switches=0 migrations=0
zcwal-extent-send-worker: worker=26 streams=1 payload_bytes=301989888 wire_bytes=301990016 extents=768 logical_records=73728 acks=1 seconds=0.545868 payload_Gbitps=4.426 logical_iops=135066 thread_cpu_seconds=0.046574 cpu_wall_pct=8.5 target_cpu=26 affinity_applied=true start_cpu=26 end_cpu=26 voluntary_ctxt_switches=38 involuntary_ctxt_switches=2 migrations=0
zcwal-extent-send-worker: worker=27 streams=1 payload_bytes=301989888 wire_bytes=301990016 extents=768 logical_records=73728 acks=1 seconds=0.752058 payload_Gbitps=3.212 logical_iops=98035 thread_cpu_seconds=0.034423 cpu_wall_pct=4.6 target_cpu=27 affinity_applied=true start_cpu=27 end_cpu=27 voluntary_ctxt_switches=37 involuntary_ctxt_switches=0 migrations=0
zcwal-extent-send-worker: worker=28 streams=1 payload_bytes=301989888 wire_bytes=301990016 extents=768 logical_records=73728 acks=1 seconds=0.869731 payload_Gbitps=2.778 logical_iops=84771 thread_cpu_seconds=0.046963 cpu_wall_pct=5.4 target_cpu=28 affinity_applied=true start_cpu=28 end_cpu=28 voluntary_ctxt_switches=37 involuntary_ctxt_switches=3 migrations=0
zcwal-extent-send-worker: worker=29 streams=1 payload_bytes=301989888 wire_bytes=301990016 extents=768 logical_records=73728 acks=1 seconds=0.658992 payload_Gbitps=3.666 logical_iops=111880 thread_cpu_seconds=0.038204 cpu_wall_pct=5.8 target_cpu=29 affinity_applied=true start_cpu=29 end_cpu=29 voluntary_ctxt_switches=35 involuntary_ctxt_switches=0 migrations=0
zcwal-extent-send-worker: worker=30 streams=1 payload_bytes=301989888 wire_bytes=301990016 extents=768 logical_records=73728 acks=1 seconds=0.770564 payload_Gbitps=3.135 logical_iops=95681 thread_cpu_seconds=0.036216 cpu_wall_pct=4.7 target_cpu=30 affinity_applied=true start_cpu=30 end_cpu=30 voluntary_ctxt_switches=38 involuntary_ctxt_switches=0 migrations=0
zcwal-extent-send-worker: worker=31 streams=1 payload_bytes=301989888 wire_bytes=301990016 extents=768 logical_records=73728 acks=1 seconds=0.599443 payload_Gbitps=4.030 logical_iops=122994 thread_cpu_seconds=0.036817 cpu_wall_pct=6.1 target_cpu=31 affinity_applied=true start_cpu=31 end_cpu=31 voluntary_ctxt_switches=33 involuntary_ctxt_switches=0 migrations=0
zcwal-extent-send-worker: worker=32 streams=1 payload_bytes=301989888 wire_bytes=301990016 extents=768 logical_records=73728 acks=1 seconds=0.405295 payload_Gbitps=5.961 logical_iops=181912 thread_cpu_seconds=0.038328 cpu_wall_pct=9.5 target_cpu=32 affinity_applied=true start_cpu=32 end_cpu=32 voluntary_ctxt_switches=34 involuntary_ctxt_switches=0 migrations=0
zcwal-extent-send-worker: worker=33 streams=1 payload_bytes=301989888 wire_bytes=301990016 extents=768 logical_records=73728 acks=1 seconds=0.730975 payload_Gbitps=3.305 logical_iops=100863 thread_cpu_seconds=0.036665 cpu_wall_pct=5.0 target_cpu=33 affinity_applied=true start_cpu=33 end_cpu=33 voluntary_ctxt_switches=34 involuntary_ctxt_switches=0 migrations=0
zcwal-extent-send-worker: worker=34 streams=1 payload_bytes=301989888 wire_bytes=301990016 extents=768 logical_records=73728 acks=1 seconds=0.874770 payload_Gbitps=2.762 logical_iops=84283 thread_cpu_seconds=0.055832 cpu_wall_pct=6.4 target_cpu=34 affinity_applied=true start_cpu=34 end_cpu=34 voluntary_ctxt_switches=33 involuntary_ctxt_switches=5 migrations=0
zcwal-extent-send-worker: worker=35 streams=1 payload_bytes=301989888 wire_bytes=301990016 extents=768 logical_records=73728 acks=1 seconds=0.774642 payload_Gbitps=3.119 logical_iops=95177 thread_cpu_seconds=0.038634 cpu_wall_pct=5.0 target_cpu=35 affinity_applied=true start_cpu=35 end_cpu=35 voluntary_ctxt_switches=34 involuntary_ctxt_switches=0 migrations=0
zcwal-extent-send-worker: worker=36 streams=1 payload_bytes=301989888 wire_bytes=301990016 extents=768 logical_records=73728 acks=1 seconds=0.588878 payload_Gbitps=4.103 logical_iops=125201 thread_cpu_seconds=0.048741 cpu_wall_pct=8.3 target_cpu=36 affinity_applied=true start_cpu=36 end_cpu=36 voluntary_ctxt_switches=34 involuntary_ctxt_switches=2 migrations=0
zcwal-extent-send-worker: worker=37 streams=1 payload_bytes=301989888 wire_bytes=301990016 extents=768 logical_records=73728 acks=1 seconds=0.724919 payload_Gbitps=3.333 logical_iops=101705 thread_cpu_seconds=0.037866 cpu_wall_pct=5.2 target_cpu=37 affinity_applied=true start_cpu=37 end_cpu=37 voluntary_ctxt_switches=34 involuntary_ctxt_switches=0 migrations=0
zcwal-extent-send-worker: worker=38 streams=1 payload_bytes=301989888 wire_bytes=301990016 extents=768 logical_records=73728 acks=1 seconds=0.867223 payload_Gbitps=2.786 logical_iops=85016 thread_cpu_seconds=0.043324 cpu_wall_pct=5.0 target_cpu=38 affinity_applied=true start_cpu=38 end_cpu=38 voluntary_ctxt_switches=35 involuntary_ctxt_switches=1 migrations=0
zcwal-extent-send-worker: worker=39 streams=1 payload_bytes=301989888 wire_bytes=301990016 extents=768 logical_records=73728 acks=1 seconds=0.665887 payload_Gbitps=3.628 logical_iops=110722 thread_cpu_seconds=0.036867 cpu_wall_pct=5.5 target_cpu=39 affinity_applied=true start_cpu=39 end_cpu=39 voluntary_ctxt_switches=34 involuntary_ctxt_switches=1 migrations=0
zcwal-extent-send-worker: worker=40 streams=1 payload_bytes=301989888 wire_bytes=301990016 extents=768 logical_records=73728 acks=1 seconds=0.738562 payload_Gbitps=3.271 logical_iops=99826 thread_cpu_seconds=0.036782 cpu_wall_pct=5.0 target_cpu=40 affinity_applied=true start_cpu=40 end_cpu=40 voluntary_ctxt_switches=41 involuntary_ctxt_switches=0 migrations=0
zcwal-extent-send-worker: worker=41 streams=1 payload_bytes=301989888 wire_bytes=301990016 extents=768 logical_records=73728 acks=1 seconds=0.695692 payload_Gbitps=3.473 logical_iops=105978 thread_cpu_seconds=0.037506 cpu_wall_pct=5.4 target_cpu=41 affinity_applied=true start_cpu=41 end_cpu=41 voluntary_ctxt_switches=36 involuntary_ctxt_switches=0 migrations=0
zcwal-extent-send-worker: worker=42 streams=1 payload_bytes=301989888 wire_bytes=301990016 extents=768 logical_records=73728 acks=1 seconds=0.803964 payload_Gbitps=3.005 logical_iops=91706 thread_cpu_seconds=0.035406 cpu_wall_pct=4.4 target_cpu=42 affinity_applied=true start_cpu=42 end_cpu=42 voluntary_ctxt_switches=40 involuntary_ctxt_switches=0 migrations=0
zcwal-extent-send-worker: worker=43 streams=1 payload_bytes=301989888 wire_bytes=301990016 extents=768 logical_records=73728 acks=1 seconds=0.512711 payload_Gbitps=4.712 logical_iops=143800 thread_cpu_seconds=0.039076 cpu_wall_pct=7.6 target_cpu=43 affinity_applied=true start_cpu=43 end_cpu=43 voluntary_ctxt_switches=33 involuntary_ctxt_switches=0 migrations=0
zcwal-extent-send-worker: worker=44 streams=1 payload_bytes=301989888 wire_bytes=301990016 extents=768 logical_records=73728 acks=1 seconds=0.705980 payload_Gbitps=3.422 logical_iops=104433 thread_cpu_seconds=0.063153 cpu_wall_pct=8.9 target_cpu=44 affinity_applied=true start_cpu=44 end_cpu=44 voluntary_ctxt_switches=39 involuntary_ctxt_switches=2 migrations=0
zcwal-extent-send-worker: worker=45 streams=1 payload_bytes=301989888 wire_bytes=301990016 extents=768 logical_records=73728 acks=1 seconds=0.752688 payload_Gbitps=3.210 logical_iops=97953 thread_cpu_seconds=0.036565 cpu_wall_pct=4.9 target_cpu=45 affinity_applied=true start_cpu=45 end_cpu=45 voluntary_ctxt_switches=33 involuntary_ctxt_switches=1 migrations=0
zcwal-extent-send-worker: worker=46 streams=1 payload_bytes=301989888 wire_bytes=301990016 extents=768 logical_records=73728 acks=1 seconds=0.736315 payload_Gbitps=3.281 logical_iops=100131 thread_cpu_seconds=0.046924 cpu_wall_pct=6.4 target_cpu=46 affinity_applied=true start_cpu=46 end_cpu=46 voluntary_ctxt_switches=39 involuntary_ctxt_switches=0 migrations=0
zcwal-extent-send-worker: worker=47 streams=1 payload_bytes=301989888 wire_bytes=301990016 extents=768 logical_records=73728 acks=1 seconds=0.812801 payload_Gbitps=2.972 logical_iops=90709 thread_cpu_seconds=0.035421 cpu_wall_pct=4.4 target_cpu=47 affinity_applied=true start_cpu=47 end_cpu=47 voluntary_ctxt_switches=38 involuntary_ctxt_switches=1 migrations=0
zcwal-extent-send-worker: worker=48 streams=1 payload_bytes=301989888 wire_bytes=301990016 extents=768 logical_records=73728 acks=1 seconds=0.663483 payload_Gbitps=3.641 logical_iops=111123 thread_cpu_seconds=0.048892 cpu_wall_pct=7.4 target_cpu=48 affinity_applied=true start_cpu=48 end_cpu=48 voluntary_ctxt_switches=36 involuntary_ctxt_switches=0 migrations=0
zcwal-extent-send-worker: worker=49 streams=1 payload_bytes=301989888 wire_bytes=301990016 extents=768 logical_records=73728 acks=1 seconds=0.475985 payload_Gbitps=5.076 logical_iops=154896 thread_cpu_seconds=0.037770 cpu_wall_pct=7.9 target_cpu=49 affinity_applied=true start_cpu=49 end_cpu=49 voluntary_ctxt_switches=34 involuntary_ctxt_switches=0 migrations=0
zcwal-extent-send-worker: worker=50 streams=1 payload_bytes=301989888 wire_bytes=301990016 extents=768 logical_records=73728 acks=1 seconds=0.547969 payload_Gbitps=4.409 logical_iops=134548 thread_cpu_seconds=0.036416 cpu_wall_pct=6.6 target_cpu=50 affinity_applied=true start_cpu=50 end_cpu=50 voluntary_ctxt_switches=47 involuntary_ctxt_switches=0 migrations=0
zcwal-extent-send-worker: worker=51 streams=1 payload_bytes=301989888 wire_bytes=301990016 extents=768 logical_records=73728 acks=1 seconds=0.589483 payload_Gbitps=4.098 logical_iops=125072 thread_cpu_seconds=0.038417 cpu_wall_pct=6.5 target_cpu=51 affinity_applied=true start_cpu=51 end_cpu=51 voluntary_ctxt_switches=39 involuntary_ctxt_switches=0 migrations=0
zcwal-extent-send-worker: worker=52 streams=1 payload_bytes=301989888 wire_bytes=301990016 extents=768 logical_records=73728 acks=1 seconds=0.880140 payload_Gbitps=2.745 logical_iops=83768 thread_cpu_seconds=0.037853 cpu_wall_pct=4.3 target_cpu=52 affinity_applied=true start_cpu=52 end_cpu=52 voluntary_ctxt_switches=35 involuntary_ctxt_switches=1 migrations=0
zcwal-extent-send-worker: worker=53 streams=1 payload_bytes=301989888 wire_bytes=301990016 extents=768 logical_records=73728 acks=1 seconds=0.565912 payload_Gbitps=4.269 logical_iops=130282 thread_cpu_seconds=0.038152 cpu_wall_pct=6.7 target_cpu=53 affinity_applied=true start_cpu=53 end_cpu=53 voluntary_ctxt_switches=35 involuntary_ctxt_switches=0 migrations=0
zcwal-extent-send-worker: worker=54 streams=1 payload_bytes=301989888 wire_bytes=301990016 extents=768 logical_records=73728 acks=1 seconds=0.500859 payload_Gbitps=4.824 logical_iops=147203 thread_cpu_seconds=0.050584 cpu_wall_pct=10.1 target_cpu=54 affinity_applied=true start_cpu=54 end_cpu=54 voluntary_ctxt_switches=37 involuntary_ctxt_switches=0 migrations=0
zcwal-extent-send-worker: worker=55 streams=1 payload_bytes=301989888 wire_bytes=301990016 extents=768 logical_records=73728 acks=1 seconds=0.578009 payload_Gbitps=4.180 logical_iops=127555 thread_cpu_seconds=0.036848 cpu_wall_pct=6.4 target_cpu=55 affinity_applied=true start_cpu=55 end_cpu=55 voluntary_ctxt_switches=35 involuntary_ctxt_switches=0 migrations=0
zcwal-extent-send-worker: worker=56 streams=1 payload_bytes=301989888 wire_bytes=301990016 extents=768 logical_records=73728 acks=1 seconds=0.525973 payload_Gbitps=4.593 logical_iops=140175 thread_cpu_seconds=0.060345 cpu_wall_pct=11.5 target_cpu=56 affinity_applied=true start_cpu=56 end_cpu=56 voluntary_ctxt_switches=35 involuntary_ctxt_switches=7 migrations=0
zcwal-extent-send-worker: worker=57 streams=1 payload_bytes=301989888 wire_bytes=301990016 extents=768 logical_records=73728 acks=1 seconds=0.597519 payload_Gbitps=4.043 logical_iops=123390 thread_cpu_seconds=0.039687 cpu_wall_pct=6.6 target_cpu=57 affinity_applied=true start_cpu=57 end_cpu=57 voluntary_ctxt_switches=35 involuntary_ctxt_switches=0 migrations=0
zcwal-extent-send-worker: worker=58 streams=1 payload_bytes=301989888 wire_bytes=301990016 extents=768 logical_records=73728 acks=1 seconds=0.670999 payload_Gbitps=3.600 logical_iops=109878 thread_cpu_seconds=0.053711 cpu_wall_pct=8.0 target_cpu=58 affinity_applied=true start_cpu=58 end_cpu=58 voluntary_ctxt_switches=34 involuntary_ctxt_switches=2 migrations=0
zcwal-extent-send-worker: worker=59 streams=1 payload_bytes=301989888 wire_bytes=301990016 extents=768 logical_records=73728 acks=1 seconds=0.558555 payload_Gbitps=4.325 logical_iops=131998 thread_cpu_seconds=0.037076 cpu_wall_pct=6.6 target_cpu=59 affinity_applied=true start_cpu=59 end_cpu=59 voluntary_ctxt_switches=37 involuntary_ctxt_switches=0 migrations=0
zcwal-extent-send-worker: worker=60 streams=1 payload_bytes=301989888 wire_bytes=301990016 extents=768 logical_records=73728 acks=1 seconds=0.856251 payload_Gbitps=2.822 logical_iops=86106 thread_cpu_seconds=0.035504 cpu_wall_pct=4.1 target_cpu=60 affinity_applied=true start_cpu=60 end_cpu=60 voluntary_ctxt_switches=36 involuntary_ctxt_switches=1 migrations=0
zcwal-extent-send-worker: worker=61 streams=1 payload_bytes=301989888 wire_bytes=301990016 extents=768 logical_records=73728 acks=1 seconds=0.581130 payload_Gbitps=4.157 logical_iops=126870 thread_cpu_seconds=0.039318 cpu_wall_pct=6.8 target_cpu=61 affinity_applied=true start_cpu=61 end_cpu=61 voluntary_ctxt_switches=35 involuntary_ctxt_switches=0 migrations=0
zcwal-extent-send-worker: worker=62 streams=1 payload_bytes=301989888 wire_bytes=301990016 extents=768 logical_records=73728 acks=1 seconds=0.536419 payload_Gbitps=4.504 logical_iops=137445 thread_cpu_seconds=0.049579 cpu_wall_pct=9.2 target_cpu=62 affinity_applied=true start_cpu=62 end_cpu=62 voluntary_ctxt_switches=36 involuntary_ctxt_switches=3 migrations=0
zcwal-extent-send-worker: worker=63 streams=1 payload_bytes=301989888 wire_bytes=301990016 extents=768 logical_records=73728 acks=1 seconds=0.443987 payload_Gbitps=5.441 logical_iops=166059 thread_cpu_seconds=0.033352 cpu_wall_pct=7.5 target_cpu=63 affinity_applied=true start_cpu=63 end_cpu=63 voluntary_ctxt_switches=35 involuntary_ctxt_switches=1 migrations=0
zcwal-extent-send-worker: worker=64 streams=1 payload_bytes=301989888 wire_bytes=301990016 extents=768 logical_records=73728 acks=1 seconds=0.624772 payload_Gbitps=3.867 logical_iops=118008 thread_cpu_seconds=0.052233 cpu_wall_pct=8.4 target_cpu=64 affinity_applied=true start_cpu=64 end_cpu=64 voluntary_ctxt_switches=36 involuntary_ctxt_switches=3 migrations=0
zcwal-extent-send-worker: worker=65 streams=1 payload_bytes=301989888 wire_bytes=301990016 extents=768 logical_records=73728 acks=1 seconds=0.813218 payload_Gbitps=2.971 logical_iops=90662 thread_cpu_seconds=0.037038 cpu_wall_pct=4.6 target_cpu=65 affinity_applied=true start_cpu=65 end_cpu=65 voluntary_ctxt_switches=39 involuntary_ctxt_switches=1 migrations=0
zcwal-extent-send-worker: worker=66 streams=1 payload_bytes=301989888 wire_bytes=301990016 extents=768 logical_records=73728 acks=1 seconds=0.798401 payload_Gbitps=3.026 logical_iops=92345 thread_cpu_seconds=0.047354 cpu_wall_pct=5.9 target_cpu=66 affinity_applied=true start_cpu=66 end_cpu=66 voluntary_ctxt_switches=40 involuntary_ctxt_switches=1 migrations=0
zcwal-extent-send-worker: worker=67 streams=1 payload_bytes=301989888 wire_bytes=301990016 extents=768 logical_records=73728 acks=1 seconds=0.835144 payload_Gbitps=2.893 logical_iops=88282 thread_cpu_seconds=0.037193 cpu_wall_pct=4.5 target_cpu=67 affinity_applied=true start_cpu=67 end_cpu=67 voluntary_ctxt_switches=39 involuntary_ctxt_switches=0 migrations=0
zcwal-extent-send-worker: worker=68 streams=1 payload_bytes=301989888 wire_bytes=301990016 extents=768 logical_records=73728 acks=1 seconds=0.541398 payload_Gbitps=4.462 logical_iops=136181 thread_cpu_seconds=0.057286 cpu_wall_pct=10.6 target_cpu=68 affinity_applied=true start_cpu=68 end_cpu=68 voluntary_ctxt_switches=39 involuntary_ctxt_switches=7 migrations=0
zcwal-extent-send-worker: worker=69 streams=1 payload_bytes=301989888 wire_bytes=301990016 extents=768 logical_records=73728 acks=1 seconds=0.772015 payload_Gbitps=3.129 logical_iops=95501 thread_cpu_seconds=0.037576 cpu_wall_pct=4.9 target_cpu=69 affinity_applied=true start_cpu=69 end_cpu=69 voluntary_ctxt_switches=37 involuntary_ctxt_switches=1 migrations=0
zcwal-extent-send-worker: worker=70 streams=1 payload_bytes=301989888 wire_bytes=301990016 extents=768 logical_records=73728 acks=1 seconds=0.698746 payload_Gbitps=3.458 logical_iops=105515 thread_cpu_seconds=0.037573 cpu_wall_pct=5.4 target_cpu=70 affinity_applied=true start_cpu=70 end_cpu=70 voluntary_ctxt_switches=38 involuntary_ctxt_switches=0 migrations=0
zcwal-extent-send-worker: worker=71 streams=1 payload_bytes=301989888 wire_bytes=301990016 extents=768 logical_records=73728 acks=1 seconds=0.765830 payload_Gbitps=3.155 logical_iops=96272 thread_cpu_seconds=0.038623 cpu_wall_pct=5.0 target_cpu=71 affinity_applied=true start_cpu=71 end_cpu=71 voluntary_ctxt_switches=37 involuntary_ctxt_switches=0 migrations=0
zcwal-extent-send-worker: worker=72 streams=1 payload_bytes=301989888 wire_bytes=301990016 extents=768 logical_records=73728 acks=1 seconds=0.590907 payload_Gbitps=4.088 logical_iops=124771 thread_cpu_seconds=0.058066 cpu_wall_pct=9.8 target_cpu=72 affinity_applied=true start_cpu=72 end_cpu=72 voluntary_ctxt_switches=38 involuntary_ctxt_switches=3 migrations=0
zcwal-extent-send-worker: worker=73 streams=1 payload_bytes=301989888 wire_bytes=301990016 extents=768 logical_records=73728 acks=1 seconds=0.713272 payload_Gbitps=3.387 logical_iops=103366 thread_cpu_seconds=0.036445 cpu_wall_pct=5.1 target_cpu=73 affinity_applied=true start_cpu=73 end_cpu=73 voluntary_ctxt_switches=36 involuntary_ctxt_switches=0 migrations=0
zcwal-extent-send-worker: worker=74 streams=1 payload_bytes=301989888 wire_bytes=301990016 extents=768 logical_records=73728 acks=1 seconds=0.471502 payload_Gbitps=5.124 logical_iops=156368 thread_cpu_seconds=0.049096 cpu_wall_pct=10.4 target_cpu=74 affinity_applied=true start_cpu=74 end_cpu=74 voluntary_ctxt_switches=32 involuntary_ctxt_switches=1 migrations=0
zcwal-extent-send-worker: worker=75 streams=1 payload_bytes=301989888 wire_bytes=301990016 extents=768 logical_records=73728 acks=1 seconds=0.791615 payload_Gbitps=3.052 logical_iops=93136 thread_cpu_seconds=0.037143 cpu_wall_pct=4.7 target_cpu=75 affinity_applied=true start_cpu=75 end_cpu=75 voluntary_ctxt_switches=37 involuntary_ctxt_switches=0 migrations=0
zcwal-extent-send-worker: worker=76 streams=1 payload_bytes=301989888 wire_bytes=301990016 extents=768 logical_records=73728 acks=1 seconds=0.751630 payload_Gbitps=3.214 logical_iops=98091 thread_cpu_seconds=0.062480 cpu_wall_pct=8.3 target_cpu=76 affinity_applied=true start_cpu=76 end_cpu=76 voluntary_ctxt_switches=38 involuntary_ctxt_switches=4 migrations=0
zcwal-extent-send-worker: worker=77 streams=1 payload_bytes=301989888 wire_bytes=301990016 extents=768 logical_records=73728 acks=1 seconds=0.891473 payload_Gbitps=2.710 logical_iops=82704 thread_cpu_seconds=0.036164 cpu_wall_pct=4.1 target_cpu=77 affinity_applied=true start_cpu=77 end_cpu=77 voluntary_ctxt_switches=42 involuntary_ctxt_switches=0 migrations=0
zcwal-extent-send-worker: worker=78 streams=1 payload_bytes=301989888 wire_bytes=301990016 extents=768 logical_records=73728 acks=1 seconds=0.977888 payload_Gbitps=2.471 logical_iops=75395 thread_cpu_seconds=0.042501 cpu_wall_pct=4.3 target_cpu=78 affinity_applied=true start_cpu=78 end_cpu=78 voluntary_ctxt_switches=46 involuntary_ctxt_switches=4 migrations=0
zcwal-extent-send-worker: worker=79 streams=1 payload_bytes=301989888 wire_bytes=301990016 extents=768 logical_records=73728 acks=1 seconds=0.652909 payload_Gbitps=3.700 logical_iops=112922 thread_cpu_seconds=0.037395 cpu_wall_pct=5.7 target_cpu=79 affinity_applied=true start_cpu=79 end_cpu=79 voluntary_ctxt_switches=39 involuntary_ctxt_switches=0 migrations=0
zcwal-extent-send-worker: worker=80 streams=1 payload_bytes=301989888 wire_bytes=301990016 extents=768 logical_records=73728 acks=1 seconds=0.534634 payload_Gbitps=4.519 logical_iops=137904 thread_cpu_seconds=0.041226 cpu_wall_pct=7.7 target_cpu=80 affinity_applied=true start_cpu=80 end_cpu=80 voluntary_ctxt_switches=37 involuntary_ctxt_switches=0 migrations=0
zcwal-extent-send-worker: worker=81 streams=1 payload_bytes=301989888 wire_bytes=301990016 extents=768 logical_records=73728 acks=1 seconds=0.729717 payload_Gbitps=3.311 logical_iops=101036 thread_cpu_seconds=0.038623 cpu_wall_pct=5.3 target_cpu=81 affinity_applied=true start_cpu=81 end_cpu=81 voluntary_ctxt_switches=37 involuntary_ctxt_switches=0 migrations=0
zcwal-extent-send-worker: worker=82 streams=1 payload_bytes=301989888 wire_bytes=301990016 extents=768 logical_records=73728 acks=1 seconds=0.572805 payload_Gbitps=4.218 logical_iops=128714 thread_cpu_seconds=0.050848 cpu_wall_pct=8.9 target_cpu=82 affinity_applied=true start_cpu=82 end_cpu=82 voluntary_ctxt_switches=33 involuntary_ctxt_switches=1 migrations=0
zcwal-extent-send-worker: worker=83 streams=1 payload_bytes=301989888 wire_bytes=301990016 extents=768 logical_records=73728 acks=1 seconds=0.754232 payload_Gbitps=3.203 logical_iops=97752 thread_cpu_seconds=0.036541 cpu_wall_pct=4.8 target_cpu=83 affinity_applied=true start_cpu=83 end_cpu=83 voluntary_ctxt_switches=41 involuntary_ctxt_switches=0 migrations=0
zcwal-extent-send-worker: worker=84 streams=1 payload_bytes=301989888 wire_bytes=301990016 extents=768 logical_records=73728 acks=1 seconds=0.610237 payload_Gbitps=3.959 logical_iops=120819 thread_cpu_seconds=0.061646 cpu_wall_pct=10.1 target_cpu=84 affinity_applied=true start_cpu=84 end_cpu=84 voluntary_ctxt_switches=37 involuntary_ctxt_switches=4 migrations=0
zcwal-extent-send-worker: worker=85 streams=1 payload_bytes=301989888 wire_bytes=301990016 extents=768 logical_records=73728 acks=1 seconds=0.661937 payload_Gbitps=3.650 logical_iops=111382 thread_cpu_seconds=0.037823 cpu_wall_pct=5.7 target_cpu=85 affinity_applied=true start_cpu=85 end_cpu=85 voluntary_ctxt_switches=39 involuntary_ctxt_switches=1 migrations=0
zcwal-extent-send-worker: worker=86 streams=1 payload_bytes=301989888 wire_bytes=301990016 extents=768 logical_records=73728 acks=1 seconds=0.672742 payload_Gbitps=3.591 logical_iops=109593 thread_cpu_seconds=0.046794 cpu_wall_pct=7.0 target_cpu=86 affinity_applied=true start_cpu=86 end_cpu=86 voluntary_ctxt_switches=37 involuntary_ctxt_switches=0 migrations=0
zcwal-extent-send-worker: worker=87 streams=1 payload_bytes=301989888 wire_bytes=301990016 extents=768 logical_records=73728 acks=1 seconds=0.723618 payload_Gbitps=3.339 logical_iops=101888 thread_cpu_seconds=0.036970 cpu_wall_pct=5.1 target_cpu=87 affinity_applied=true start_cpu=87 end_cpu=87 voluntary_ctxt_switches=35 involuntary_ctxt_switches=0 migrations=0
zcwal-extent-send-worker: worker=88 streams=1 payload_bytes=301989888 wire_bytes=301990016 extents=768 logical_records=73728 acks=1 seconds=0.505968 payload_Gbitps=4.775 logical_iops=145717 thread_cpu_seconds=0.046466 cpu_wall_pct=9.2 target_cpu=88 affinity_applied=true start_cpu=88 end_cpu=88 voluntary_ctxt_switches=35 involuntary_ctxt_switches=2 migrations=0
zcwal-extent-send-worker: worker=89 streams=1 payload_bytes=301989888 wire_bytes=301990016 extents=768 logical_records=73728 acks=1 seconds=0.660591 payload_Gbitps=3.657 logical_iops=111609 thread_cpu_seconds=0.040544 cpu_wall_pct=6.1 target_cpu=89 affinity_applied=true start_cpu=89 end_cpu=89 voluntary_ctxt_switches=38 involuntary_ctxt_switches=0 migrations=0
zcwal-extent-send-worker: worker=90 streams=1 payload_bytes=301989888 wire_bytes=301990016 extents=768 logical_records=73728 acks=1 seconds=0.747759 payload_Gbitps=3.231 logical_iops=98599 thread_cpu_seconds=0.037714 cpu_wall_pct=5.0 target_cpu=90 affinity_applied=true start_cpu=90 end_cpu=90 voluntary_ctxt_switches=38 involuntary_ctxt_switches=0 migrations=0
zcwal-extent-send-worker: worker=91 streams=1 payload_bytes=301989888 wire_bytes=301990016 extents=768 logical_records=73728 acks=1 seconds=0.531041 payload_Gbitps=4.549 logical_iops=138837 thread_cpu_seconds=0.032510 cpu_wall_pct=6.1 target_cpu=91 affinity_applied=true start_cpu=91 end_cpu=91 voluntary_ctxt_switches=32 involuntary_ctxt_switches=0 migrations=0
zcwal-extent-send-worker: worker=92 streams=1 payload_bytes=301989888 wire_bytes=301990016 extents=768 logical_records=73728 acks=1 seconds=0.623520 payload_Gbitps=3.875 logical_iops=118245 thread_cpu_seconds=0.047740 cpu_wall_pct=7.7 target_cpu=92 affinity_applied=true start_cpu=92 end_cpu=92 voluntary_ctxt_switches=40 involuntary_ctxt_switches=3 migrations=0
zcwal-extent-send-worker: worker=93 streams=1 payload_bytes=301989888 wire_bytes=301990016 extents=768 logical_records=73728 acks=1 seconds=0.686143 payload_Gbitps=3.521 logical_iops=107453 thread_cpu_seconds=0.038702 cpu_wall_pct=5.6 target_cpu=93 affinity_applied=true start_cpu=93 end_cpu=93 voluntary_ctxt_switches=39 involuntary_ctxt_switches=0 migrations=0
zcwal-extent-send-worker: worker=94 streams=1 payload_bytes=301989888 wire_bytes=301990016 extents=768 logical_records=73728 acks=1 seconds=0.761457 payload_Gbitps=3.173 logical_iops=96825 thread_cpu_seconds=0.053900 cpu_wall_pct=7.1 target_cpu=94 affinity_applied=true start_cpu=94 end_cpu=94 voluntary_ctxt_switches=39 involuntary_ctxt_switches=1 migrations=0
zcwal-extent-send-worker: worker=95 streams=1 payload_bytes=301989888 wire_bytes=301990016 extents=768 logical_records=73728 acks=1 seconds=0.873877 payload_Gbitps=2.765 logical_iops=84369 thread_cpu_seconds=0.036409 cpu_wall_pct=4.2 target_cpu=95 affinity_applied=true start_cpu=95 end_cpu=95 voluntary_ctxt_switches=39 involuntary_ctxt_switches=0 migrations=0
zcwal-extent-send-summary: payload_bytes=28991029248 wire_bytes=28991041536 extents=73728 logical_records=7077888 acks=96 seconds=0.978971 payload_Gbitps=236.910 logical_iops=7229924
