zcnblk-send: addr=127.0.0.1 shard_count=1 base_port=49100 ports=8 connections_per_port=1 total_connections=8 bytes_per_connection=268435456 chunk_bytes=4096 workers=8 op_mode=write read_window=64 write_window=1024 verify_reads=no wait_write_acks=yes batch_depth=64 payload_pattern=fill:0x00 source_ip=kernel-route source_ports=kernel-ephemeral encryption=none aes_frame_bytes=65536
zcnblk-send-worker: affinity_index=0 target_cpu=24 status=ok
zcnblk-send-worker: affinity_index=1 target_cpu=25 status=ok
zcnblk-send-worker: affinity_index=2 target_cpu=26 status=ok
zcnblk-send-worker: affinity_index=3 target_cpu=27 status=ok
zcnblk-send-worker: affinity_index=4 target_cpu=28 status=ok
zcnblk-send-stream: worker=1 lane=1 port=49101 conn=0 shard=0 base_offset=268435456
zcnblk-send-stream: worker=2 lane=2 port=49102 conn=0 shard=0 base_offset=536870912
zcnblk-send-stream: worker=0 lane=0 port=49100 conn=0 shard=0 base_offset=0
zcnblk-send-worker: affinity_index=5 target_cpu=29 status=ok
zcnblk-send-stream: worker=3 lane=3 port=49103 conn=0 shard=0 base_offset=805306368
zcnblk-send-stream: worker=4 lane=4 port=49104 conn=0 shard=0 base_offset=1073741824
zcnblk-send-stream: worker=5 lane=5 port=49105 conn=0 shard=0 base_offset=1342177280
zcnblk-send-worker: affinity_index=6 target_cpu=30 status=ok
zcnblk-send-stream: worker=6 lane=6 port=49106 conn=0 shard=0 base_offset=1610612736
zcnblk-send-worker: affinity_index=7 target_cpu=31 status=ok
zcnblk-send-stream: worker=7 lane=7 port=49107 conn=0 shard=0 base_offset=1879048192
zcnblk-send-worker: worker=0 streams=1 write_bytes=268435456 read_bytes=0 verified_read_bytes=0 read_checksum=0x0000000000000000 expected_checksum=0x0000000000000000 wire_bytes=276955136 frames=65536 read_frames=0 write_frames=65536 frames_per_sec=246841 seconds=0.265499 logical_MiBps=964.22 target_cpu=24 affinity_applied=true
zcnblk-send-worker: worker=1 streams=1 write_bytes=268435456 read_bytes=0 verified_read_bytes=0 read_checksum=0x0000000000000000 expected_checksum=0x0000000000000000 wire_bytes=276955136 frames=65536 read_frames=0 write_frames=65536 frames_per_sec=250123 seconds=0.262015 logical_MiBps=977.04 target_cpu=25 affinity_applied=true
zcnblk-send-worker: worker=2 streams=1 write_bytes=268435456 read_bytes=0 verified_read_bytes=0 read_checksum=0x0000000000000000 expected_checksum=0x0000000000000000 wire_bytes=276955136 frames=65536 read_frames=0 write_frames=65536 frames_per_sec=252428 seconds=0.259623 logical_MiBps=986.05 target_cpu=26 affinity_applied=true
zcnblk-send-worker: worker=3 streams=1 write_bytes=268435456 read_bytes=0 verified_read_bytes=0 read_checksum=0x0000000000000000 expected_checksum=0x0000000000000000 wire_bytes=276955136 frames=65536 read_frames=0 write_frames=65536 frames_per_sec=259300 seconds=0.252742 logical_MiBps=1012.89 target_cpu=27 affinity_applied=true
zcnblk-send-worker: worker=4 streams=1 write_bytes=268435456 read_bytes=0 verified_read_bytes=0 read_checksum=0x0000000000000000 expected_checksum=0x0000000000000000 wire_bytes=276955136 frames=65536 read_frames=0 write_frames=65536 frames_per_sec=236031 seconds=0.277658 logical_MiBps=922.00 target_cpu=28 affinity_applied=true
zcnblk-send-worker: worker=5 streams=1 write_bytes=268435456 read_bytes=0 verified_read_bytes=0 read_checksum=0x0000000000000000 expected_checksum=0x0000000000000000 wire_bytes=276955136 frames=65536 read_frames=0 write_frames=65536 frames_per_sec=217776 seconds=0.300933 logical_MiBps=850.69 target_cpu=29 affinity_applied=true
zcnblk-send-worker: worker=6 streams=1 write_bytes=268435456 read_bytes=0 verified_read_bytes=0 read_checksum=0x0000000000000000 expected_checksum=0x0000000000000000 wire_bytes=276955136 frames=65536 read_frames=0 write_frames=65536 frames_per_sec=255208 seconds=0.256794 logical_MiBps=996.91 target_cpu=30 affinity_applied=true
zcnblk-send-worker: worker=7 streams=1 write_bytes=268435456 read_bytes=0 verified_read_bytes=0 read_checksum=0x0000000000000000 expected_checksum=0x0000000000000000 wire_bytes=276955136 frames=65536 read_frames=0 write_frames=65536 frames_per_sec=245957 seconds=0.266454 logical_MiBps=960.77 target_cpu=31 affinity_applied=true
zcnblk-send-summary: write_bytes=2147483648 read_bytes=0 verified_read_bytes=0 read_checksum=0x0000000000000000 expected_checksum=0x0000000000000000 wire_bytes=2215641088 frames=524288 read_frames=0 write_frames=524288 frames_per_sec=1742209
zcnblk-send: bytes=2147483648 seconds=0.300933 GiBps=6.646 Gbitps=57.089
