run_dir=bench-results/local-xdp-smoke-20260605T220132Z-script-pin-final
--- attach xdpdrv with script pinning ---
make: Entering directory '/home/rob/zcutils/ebpf'
make: Nothing to be done for 'all'.
make: Leaving directory '/home/rob/zcutils/ebpf'
xdp-map-pin: zc_raft_policy id=2091 path=/sys/fs/bpf/tc/globals/zc_raft_policy
xdp-map-pin: zc_raft_stats id=2092 path=/sys/fs/bpf/tc/globals/zc_raft_stats
xdp-map-pin: zc_raft_shards id=2093 path=/sys/fs/bpf/tc/globals/zc_raft_shards
xdp-map-pin: zc_raft_cpu id=2094 path=/sys/fs/bpf/tc/globals/zc_raft_cpu
--- policy via script default root ---
make: Entering directory '/home/rob/zcutils/ebpf'
make: Nothing to be done for 'all'.
make: Leaving directory '/home/rob/zcutils/ebpf'
policy flags=0x4 shards=8 mark_base=0 ports=19401
--- stats before via script default root ---
make: Entering directory '/home/rob/zcutils/ebpf'
make: Nothing to be done for 'all'.
make: Leaving directory '/home/rob/zcutils/ebpf'
stats[0:total] packets=0 bytes=0 appends=0 acks=0 unknown_magic=0 drops=0
stats[1:tcp] packets=0 bytes=0 appends=0 acks=0 unknown_magic=0 drops=0
stats[2:udp] packets=0 bytes=0 appends=0 acks=0 unknown_magic=0 drops=0
stats[3:raft_port] packets=0 bytes=0 appends=0 acks=0 unknown_magic=0 drops=0
stats[4:append] packets=0 bytes=0 appends=0 acks=0 unknown_magic=0 drops=0
stats[5:ack] packets=0 bytes=0 appends=0 acks=0 unknown_magic=0 drops=0
stats[6:unknown_magic] packets=0 bytes=0 appends=0 acks=0 unknown_magic=0 drops=0
stats[7:drop] packets=0 bytes=0 appends=0 acks=0 unknown_magic=0 drops=0
stats[8:reserved] packets=0 bytes=0 appends=0 acks=0 unknown_magic=0 drops=0
stats[9:reserved] packets=0 bytes=0 appends=0 acks=0 unknown_magic=0 drops=0
stats[10:reserved] packets=0 bytes=0 appends=0 acks=0 unknown_magic=0 drops=0
stats[11:reserved] packets=0 bytes=0 appends=0 acks=0 unknown_magic=0 drops=0
stats[12:reserved] packets=0 bytes=0 appends=0 acks=0 unknown_magic=0 drops=0
stats[13:reserved] packets=0 bytes=0 appends=0 acks=0 unknown_magic=0 drops=0
stats[14:reserved] packets=0 bytes=0 appends=0 acks=0 unknown_magic=0 drops=0
stats[15:reserved] packets=0 bytes=0 appends=0 acks=0 unknown_magic=0 drops=0
--- send packets ---
--- stats after via script default root ---
make: Entering directory '/home/rob/zcutils/ebpf'
make: Nothing to be done for 'all'.
make: Leaving directory '/home/rob/zcutils/ebpf'
stats[0:total] packets=1000 bytes=66000 appends=1000 acks=0 unknown_magic=0 drops=0
stats[1:tcp] packets=0 bytes=0 appends=0 acks=0 unknown_magic=0 drops=0
stats[2:udp] packets=1000 bytes=66000 appends=1000 acks=0 unknown_magic=0 drops=0
stats[3:raft_port] packets=1000 bytes=66000 appends=1000 acks=0 unknown_magic=0 drops=0
stats[4:append] packets=1000 bytes=66000 appends=1000 acks=0 unknown_magic=0 drops=0
stats[5:ack] packets=0 bytes=0 appends=0 acks=0 unknown_magic=0 drops=0
stats[6:unknown_magic] packets=0 bytes=0 appends=0 acks=0 unknown_magic=0 drops=0
stats[7:drop] packets=0 bytes=0 appends=0 acks=0 unknown_magic=0 drops=0
stats[8:reserved] packets=0 bytes=0 appends=0 acks=0 unknown_magic=0 drops=0
stats[9:reserved] packets=0 bytes=0 appends=0 acks=0 unknown_magic=0 drops=0
stats[10:reserved] packets=0 bytes=0 appends=0 acks=0 unknown_magic=0 drops=0
stats[11:reserved] packets=0 bytes=0 appends=0 acks=0 unknown_magic=0 drops=0
stats[12:reserved] packets=0 bytes=0 appends=0 acks=0 unknown_magic=0 drops=0
stats[13:reserved] packets=0 bytes=0 appends=0 acks=0 unknown_magic=0 drops=0
stats[14:reserved] packets=0 bytes=0 appends=0 acks=0 unknown_magic=0 drops=0
stats[15:reserved] packets=0 bytes=0 appends=0 acks=0 unknown_magic=0 drops=0
shards[0:shard] packets=124 bytes=8184 appends=124 acks=0 unknown_magic=0 drops=0
shards[1:shard] packets=123 bytes=8118 appends=123 acks=0 unknown_magic=0 drops=0
shards[2:shard] packets=125 bytes=8250 appends=125 acks=0 unknown_magic=0 drops=0
shards[3:shard] packets=126 bytes=8316 appends=126 acks=0 unknown_magic=0 drops=0
shards[4:shard] packets=128 bytes=8448 appends=128 acks=0 unknown_magic=0 drops=0
shards[5:shard] packets=125 bytes=8250 appends=125 acks=0 unknown_magic=0 drops=0
shards[6:shard] packets=130 bytes=8580 appends=130 acks=0 unknown_magic=0 drops=0
shards[7:shard] packets=119 bytes=7854 appends=119 acks=0 unknown_magic=0 drops=0
--- detach xdp with script unpinning ---
xdp-map-unpin: zc_raft_policy id=2091 path=/sys/fs/bpf/tc/globals/zc_raft_policy
xdp-map-unpin: zc_raft_stats id=2092 path=/sys/fs/bpf/tc/globals/zc_raft_stats
xdp-map-unpin: zc_raft_shards id=2093 path=/sys/fs/bpf/tc/globals/zc_raft_shards
xdp-map-unpin: zc_raft_cpu id=2094 path=/sys/fs/bpf/tc/globals/zc_raft_cpu
--- pinned maps after detach ---
ls: cannot access '/sys/fs/bpf/tc/globals/zc_raft_*': No such file or directory
