zcwal-extent-send: addr=172.31.35.97 base_port=39600 lanes=256 connections_per_lane=1 total_connections=256 bytes_per_connection=268435456 extent_bytes=1048576 record_size=4096 records_per_extent=256 workers=96 framing=stream data_path=uring ack_enabled=no sync_acks=no tcp_nodelay=yes socket_buffer_bytes=16777216 uring_send_bytes=1048576 uring_pipeline=32 uring_entries=512 source_ports=kernel-ephemeral
PERF WARNING: zcwal-extent-send workers=96 lanes=256; at least one worker will own multiple lanes
zcwal-extent-send-worker: affinity_index=0 target_cpu=0 status=ok
zcwal-extent-send-worker: affinity_index=1 target_cpu=1 status=ok
zcwal-extent-send-worker: affinity_index=3 target_cpu=3 status=ok
zcwal-extent-send-worker: affinity_index=4 target_cpu=4 status=ok
zcwal-extent-send-worker: affinity_index=2 target_cpu=2 status=ok
zcwal-extent-send-worker: affinity_index=5 target_cpu=5 status=ok
zcwal-extent-send-worker: affinity_index=6 target_cpu=6 status=ok
zcwal-extent-send-worker: affinity_index=8 target_cpu=8 status=ok
zcwal-extent-send-stream: worker=4 lane=4 port=39604 conn=0
zcwal-extent-send-stream: worker=0 lane=0 port=39600 conn=0
zcwal-extent-send-stream: worker=2 lane=2 port=39602 conn=0
zcwal-extent-send-stream: worker=3 lane=3 port=39603 conn=0
zcwal-extent-send-worker: affinity_index=7 target_cpu=7 status=ok
zcwal-extent-send-worker: affinity_index=9 target_cpu=9 status=ok
zcwal-extent-send-worker: affinity_index=11 target_cpu=11 status=ok
zcwal-extent-send-stream: worker=6 lane=6 port=39606 conn=0
zcwal-extent-send-worker: affinity_index=10 target_cpu=10 status=ok
zcwal-extent-send-worker: affinity_index=12 target_cpu=12 status=ok
zcwal-extent-send-stream: worker=8 lane=8 port=39608 conn=0
zcwal-extent-send-stream: worker=5 lane=5 port=39605 conn=0
zcwal-extent-send-stream: worker=0 lane=96 port=39696 conn=0
zcwal-extent-send-worker: affinity_index=13 target_cpu=13 status=ok
zcwal-extent-send-worker: affinity_index=14 target_cpu=14 status=ok
zcwal-extent-send-stream: worker=6 lane=102 port=39702 conn=0
zcwal-extent-send-worker: affinity_index=15 target_cpu=15 status=ok
zcwal-extent-send-stream: worker=2 lane=98 port=39698 conn=0
zcwal-extent-send-worker: affinity_index=16 target_cpu=16 status=ok
zcwal-extent-send-stream: worker=3 lane=99 port=39699 conn=0
zcwal-extent-send-stream: worker=4 lane=100 port=39700 conn=0
zcwal-extent-send-stream: worker=9 lane=9 port=39609 conn=0
zcwal-extent-send-stream: worker=7 lane=7 port=39607 conn=0
zcwal-extent-send-stream: worker=5 lane=101 port=39701 conn=0
zcwal-extent-send-worker: affinity_index=17 target_cpu=17 status=ok
zcwal-extent-send-stream: worker=8 lane=104 port=39704 conn=0
zcwal-extent-send-stream: worker=2 lane=194 port=39794 conn=0
zcwal-extent-send-worker: affinity_index=19 target_cpu=19 status=ok
zcwal-extent-send-worker: affinity_index=18 target_cpu=18 status=ok
zcwal-extent-send-stream: worker=11 lane=11 port=39611 conn=0
zcwal-extent-send-stream: worker=6 lane=198 port=39798 conn=0
zcwal-extent-send-worker: affinity_index=20 target_cpu=20 status=ok
zcwal-extent-send-worker: affinity_index=21 target_cpu=21 status=ok
zcwal-extent-send-stream: worker=13 lane=13 port=39613 conn=0
zcwal-extent-send-stream: worker=15 lane=15 port=39615 conn=0
zcwal-extent-send-stream: worker=5 lane=197 port=39797 conn=0
zcwal-extent-send-stream: worker=10 lane=10 port=39610 conn=0
zcwal-extent-send-stream: worker=0 lane=192 port=39792 conn=0
zcwal-extent-send-stream: worker=12 lane=12 port=39612 conn=0
zcwal-extent-send-stream: worker=8 lane=200 port=39800 conn=0
zcwal-extent-send-worker: affinity_index=22 target_cpu=22 status=ok
zcwal-extent-send-stream: worker=7 lane=103 port=39703 conn=0
zcwal-extent-send-stream: worker=9 lane=105 port=39705 conn=0
zcwal-extent-send-stream: worker=16 lane=16 port=39616 conn=0
zcwal-extent-send-stream: worker=11 lane=107 port=39707 conn=0
zcwal-extent-send-worker: affinity_index=23 target_cpu=23 status=ok
zcwal-extent-send-stream: worker=17 lane=17 port=39617 conn=0
zcwal-extent-send-stream: worker=3 lane=195 port=39795 conn=0
zcwal-extent-send-worker: affinity_index=24 target_cpu=24 status=ok
zcwal-extent-send-stream: worker=19 lane=19 port=39619 conn=0
zcwal-extent-send-stream: worker=15 lane=111 port=39711 conn=0
zcwal-extent-send-stream: worker=4 lane=196 port=39796 conn=0
zcwal-extent-send-stream: worker=20 lane=20 port=39620 conn=0
zcwal-extent-send-stream: worker=14 lane=14 port=39614 conn=0
zcwal-extent-send-stream: worker=9 lane=201 port=39801 conn=0
zcwal-extent-send-worker: affinity_index=25 target_cpu=25 status=ok
zcwal-extent-send-stream: worker=7 lane=199 port=39799 conn=0
zcwal-extent-send-stream: worker=18 lane=18 port=39618 conn=0
zcwal-extent-send-stream: worker=10 lane=106 port=39706 conn=0
zcwal-extent-send-stream: worker=12 lane=108 port=39708 conn=0
zcwal-extent-send-worker: affinity_index=26 target_cpu=26 status=ok
zcwal-extent-send-stream: worker=13 lane=109 port=39709 conn=0
zcwal-extent-send-stream: worker=22 lane=22 port=39622 conn=0
zcwal-extent-send-stream: worker=19 lane=115 port=39715 conn=0
zcwal-extent-send-worker: affinity_index=27 target_cpu=27 status=ok
zcwal-extent-send-stream: worker=11 lane=203 port=39803 conn=0
zcwal-extent-send-stream: worker=15 lane=207 port=39807 conn=0
zcwal-extent-send-stream: worker=20 lane=116 port=39716 conn=0
zcwal-extent-send-stream: worker=16 lane=112 port=39712 conn=0
zcwal-extent-send-stream: worker=24 lane=24 port=39624 conn=0
zcwal-extent-send-stream: worker=17 lane=113 port=39713 conn=0
zcwal-extent-send-stream: worker=14 lane=110 port=39710 conn=0
zcwal-extent-send-worker: affinity_index=29 target_cpu=29 status=ok
zcwal-extent-send-stream: worker=12 lane=204 port=39804 conn=0
zcwal-extent-send-worker: affinity_index=28 target_cpu=28 status=ok
zcwal-extent-send-worker: affinity_index=30 target_cpu=30 status=ok
zcwal-extent-send-stream: worker=18 lane=114 port=39714 conn=0
zcwal-extent-send-stream: worker=10 lane=202 port=39802 conn=0
zcwal-extent-send-stream: worker=23 lane=23 port=39623 conn=0
zcwal-extent-send-stream: worker=21 lane=21 port=39621 conn=0
zcwal-extent-send-worker: affinity_index=33 target_cpu=33 status=ok
zcwal-extent-send-stream: worker=1 lane=1 port=39601 conn=0
zcwal-extent-send-stream: worker=22 lane=118 port=39718 conn=0
zcwal-extent-send-stream: worker=1 lane=97 port=39697 conn=0
zcwal-extent-send-stream: worker=33 lane=33 port=39633 conn=0
zcwal-extent-send-worker: affinity_index=31 target_cpu=31 status=ok
zcwal-extent-send-worker: affinity_index=32 target_cpu=32 status=ok
zcwal-extent-send-worker: affinity_index=34 target_cpu=34 status=ok
zcwal-extent-send-worker: affinity_index=35 target_cpu=35 status=ok
zcwal-extent-send-worker: affinity_index=36 target_cpu=36 status=ok
zcwal-extent-send-worker: affinity_index=37 target_cpu=37 status=ok
zcwal-extent-send-worker: affinity_index=40 target_cpu=40 status=ok
zcwal-extent-send-worker: affinity_index=38 target_cpu=38 status=ok
zcwal-extent-send-worker: affinity_index=39 target_cpu=39 status=ok
zcwal-extent-send-worker: affinity_index=41 target_cpu=41 status=ok
zcwal-extent-send-worker: affinity_index=42 target_cpu=42 status=ok
zcwal-extent-send-worker: affinity_index=43 target_cpu=43 status=ok
zcwal-extent-send-worker: affinity_index=45 target_cpu=45 status=ok
zcwal-extent-send-worker: affinity_index=46 target_cpu=46 status=ok
zcwal-extent-send-worker: affinity_index=48 target_cpu=48 status=ok
zcwal-extent-send-worker: affinity_index=44 target_cpu=44 status=ok
zcwal-extent-send-worker: affinity_index=49 target_cpu=49 status=ok
zcwal-extent-send-worker: affinity_index=47 target_cpu=47 status=ok
zcwal-extent-send-worker: affinity_index=50 target_cpu=50 status=ok
zcwal-extent-send-worker: affinity_index=51 target_cpu=51 status=ok
zcwal-extent-send-worker: affinity_index=52 target_cpu=52 status=ok
zcwal-extent-send-worker: affinity_index=53 target_cpu=53 status=ok
zcwal-extent-send-worker: affinity_index=54 target_cpu=54 status=ok
zcwal-extent-send-worker: affinity_index=56 target_cpu=56 status=ok
zcwal-extent-send-worker: affinity_index=57 target_cpu=57 status=ok
tcp-bench-connect-route-probe: peer=172.31.35.97:39601 local_socket=172.31.40.158:43869 probe_src=172.31.40.158 route_dev=ens68 route_src=172.31.40.158 route="172.31.35.97 from 172.31.40.158 dev ens68 uid 1000 \ cache"
zcwal-extent-send-worker: affinity_index=59 target_cpu=59 status=ok
zcwal-extent-send-worker: affinity_index=60 target_cpu=60 status=ok
zcwal-extent-send-worker: affinity_index=55 target_cpu=55 status=ok
zcwal-extent-send-worker: affinity_index=58 target_cpu=58 status=ok
zcwal-extent-send-worker: affinity_index=61 target_cpu=61 status=ok
zcwal-extent-send-worker: affinity_index=62 target_cpu=62 status=ok
zcwal-extent-send-worker: affinity_index=64 target_cpu=64 status=ok
zcwal-extent-send-worker: affinity_index=65 target_cpu=65 status=ok
zcwal-extent-send-worker: affinity_index=63 target_cpu=63 status=ok
zcwal-extent-send-worker: affinity_index=66 target_cpu=66 status=ok
zcwal-extent-send-worker: affinity_index=68 target_cpu=68 status=ok
zcwal-extent-send-worker: affinity_index=67 target_cpu=67 status=ok
zcwal-extent-send-worker: affinity_index=69 target_cpu=69 status=ok
zcwal-extent-send-worker: affinity_index=70 target_cpu=70 status=ok
zcwal-extent-send-worker: affinity_index=71 target_cpu=71 status=ok
zcwal-extent-send-worker: affinity_index=72 target_cpu=72 status=ok
zcwal-extent-send-worker: affinity_index=73 target_cpu=73 status=ok
zcwal-extent-send-worker: affinity_index=74 target_cpu=74 status=ok
zcwal-extent-send-worker: affinity_index=75 target_cpu=75 status=ok
zcwal-extent-send-worker: affinity_index=76 target_cpu=76 status=ok
zcwal-extent-send-worker: affinity_index=77 target_cpu=77 status=ok
zcwal-extent-send-worker: affinity_index=78 target_cpu=78 status=ok
zcwal-extent-send-worker: affinity_index=79 target_cpu=79 status=ok
zcwal-extent-send-worker: affinity_index=80 target_cpu=80 status=ok
zcwal-extent-send-worker: affinity_index=81 target_cpu=81 status=ok
zcwal-extent-send-worker: affinity_index=82 target_cpu=82 status=ok
zcwal-extent-send-worker: affinity_index=83 target_cpu=83 status=ok
zcwal-extent-send-worker: affinity_index=84 target_cpu=84 status=ok
zcwal-extent-send-worker: affinity_index=85 target_cpu=85 status=ok
zcwal-extent-send-worker: affinity_index=86 target_cpu=86 status=ok
zcwal-extent-send-worker: affinity_index=87 target_cpu=87 status=ok
zcwal-extent-send-worker: affinity_index=88 target_cpu=88 status=ok
zcwal-extent-send-worker: affinity_index=89 target_cpu=89 status=ok
zcwal-extent-send-worker: affinity_index=90 target_cpu=90 status=ok
zcwal-extent-send-worker: affinity_index=91 target_cpu=91 status=ok
zcwal-extent-send-worker: affinity_index=92 target_cpu=92 status=ok
zcwal-extent-send-worker: affinity_index=93 target_cpu=93 status=ok
zcwal-extent-send-worker: affinity_index=94 target_cpu=94 status=ok
zcwal-extent-send-worker: affinity_index=95 target_cpu=95 status=ok
zcwal-extent-send-stream: worker=26 lane=26 port=39626 conn=0
zcwal-extent-send-stream: worker=85 lane=85 port=39685 conn=0
zcwal-extent-send-stream: worker=94 lane=94 port=39694 conn=0
zcwal-extent-send-stream: worker=73 lane=73 port=39673 conn=0
zcwal-extent-send-stream: worker=77 lane=77 port=39677 conn=0
zcwal-extent-send-stream: worker=83 lane=83 port=39683 conn=0
zcwal-extent-send-stream: worker=91 lane=91 port=39691 conn=0
zcwal-extent-send-stream: worker=65 lane=65 port=39665 conn=0
zcwal-extent-send-stream: worker=49 lane=49 port=39649 conn=0
zcwal-extent-send-stream: worker=93 lane=93 port=39693 conn=0
zcwal-extent-send-stream: worker=39 lane=39 port=39639 conn=0
zcwal-extent-send-stream: worker=79 lane=79 port=39679 conn=0
zcwal-extent-send-stream: worker=95 lane=95 port=39695 conn=0
zcwal-extent-send-stream: worker=64 lane=64 port=39664 conn=0
zcwal-extent-send-stream: worker=67 lane=67 port=39667 conn=0
zcwal-extent-send-stream: worker=69 lane=69 port=39669 conn=0
zcwal-extent-send-stream: worker=57 lane=57 port=39657 conn=0
zcwal-extent-send-stream: worker=35 lane=35 port=39635 conn=0
zcwal-extent-send-stream: worker=75 lane=75 port=39675 conn=0
zcwal-extent-send-stream: worker=87 lane=87 port=39687 conn=0
zcwal-extent-send-stream: worker=90 lane=90 port=39690 conn=0
zcwal-extent-send-stream: worker=76 lane=76 port=39676 conn=0
zcwal-extent-send-stream: worker=53 lane=53 port=39653 conn=0
zcwal-extent-send-stream: worker=63 lane=63 port=39663 conn=0
zcwal-extent-send-stream: worker=61 lane=61 port=39661 conn=0
zcwal-extent-send-stream: worker=37 lane=37 port=39637 conn=0
zcwal-extent-send-stream: worker=50 lane=50 port=39650 conn=0
zcwal-extent-send-stream: worker=36 lane=36 port=39636 conn=0
zcwal-extent-send-stream: worker=89 lane=89 port=39689 conn=0
zcwal-extent-send-stream: worker=80 lane=80 port=39680 conn=0
zcwal-extent-send-stream: worker=81 lane=81 port=39681 conn=0
zcwal-extent-send-stream: worker=66 lane=66 port=39666 conn=0
zcwal-extent-send-stream: worker=62 lane=62 port=39662 conn=0
zcwal-extent-send-stream: worker=70 lane=70 port=39670 conn=0
zcwal-extent-send-stream: worker=68 lane=68 port=39668 conn=0
zcwal-extent-send-stream: worker=78 lane=78 port=39678 conn=0
zcwal-extent-send-stream: worker=40 lane=40 port=39640 conn=0
zcwal-extent-send-stream: worker=74 lane=74 port=39674 conn=0
zcwal-extent-send-stream: worker=54 lane=54 port=39654 conn=0
zcwal-extent-send-stream: worker=72 lane=72 port=39672 conn=0
zcwal-extent-send-stream: worker=86 lane=86 port=39686 conn=0
zcwal-extent-send-stream: worker=51 lane=51 port=39651 conn=0
zcwal-extent-send-stream: worker=59 lane=59 port=39659 conn=0
zcwal-extent-send-stream: worker=60 lane=60 port=39660 conn=0
zcwal-extent-send-stream: worker=44 lane=44 port=39644 conn=0
zcwal-extent-send-stream: worker=52 lane=52 port=39652 conn=0
zcwal-extent-send-stream: worker=56 lane=56 port=39656 conn=0
zcwal-extent-send-stream: worker=32 lane=32 port=39632 conn=0
zcwal-extent-send-stream: worker=41 lane=41 port=39641 conn=0
zcwal-extent-send-stream: worker=88 lane=88 port=39688 conn=0
zcwal-extent-send-stream: worker=71 lane=71 port=39671 conn=0
zcwal-extent-send-stream: worker=48 lane=48 port=39648 conn=0
zcwal-extent-send-stream: worker=42 lane=42 port=39642 conn=0
zcwal-extent-send-stream: worker=82 lane=82 port=39682 conn=0
zcwal-extent-send-stream: worker=92 lane=92 port=39692 conn=0
zcwal-extent-send-stream: worker=55 lane=55 port=39655 conn=0
zcwal-extent-send-stream: worker=45 lane=45 port=39645 conn=0
zcwal-extent-send-stream: worker=84 lane=84 port=39684 conn=0
zcwal-extent-send-stream: worker=47 lane=47 port=39647 conn=0
zcwal-extent-send-stream: worker=38 lane=38 port=39638 conn=0
zcwal-extent-send-stream: worker=43 lane=43 port=39643 conn=0
zcwal-extent-send-stream: worker=58 lane=58 port=39658 conn=0
zcwal-extent-send-stream: worker=46 lane=46 port=39646 conn=0
zcwal-extent-send-stream: worker=34 lane=34 port=39634 conn=0
zcwal-extent-send-stream: worker=58 lane=154 port=39754 conn=0
zcwal-extent-send-stream: worker=71 lane=167 port=39767 conn=0
zcwal-extent-send-stream: worker=92 lane=188 port=39788 conn=0
zcwal-extent-send-stream: worker=38 lane=134 port=39734 conn=0
zcwal-extent-send-stream: worker=42 lane=138 port=39738 conn=0
zcwal-extent-send-stream: worker=34 lane=130 port=39730 conn=0
zcwal-extent-send-stream: worker=53 lane=149 port=39749 conn=0
zcwal-extent-send-stream: worker=69 lane=165 port=39765 conn=0
zcwal-extent-send-stream: worker=78 lane=174 port=39774 conn=0
zcwal-extent-send-stream: worker=46 lane=142 port=39742 conn=0
zcwal-extent-send-stream: worker=25 lane=25 port=39625 conn=0
zcwal-extent-send-stream: worker=49 lane=145 port=39745 conn=0
zcwal-extent-send-stream: worker=43 lane=139 port=39739 conn=0
zcwal-extent-send-stream: worker=75 lane=171 port=39771 conn=0
zcwal-extent-send-stream: worker=68 lane=164 port=39764 conn=0
zcwal-extent-send-stream: worker=48 lane=144 port=39744 conn=0
zcwal-extent-send-stream: worker=51 lane=147 port=39747 conn=0
zcwal-extent-send-stream: worker=35 lane=131 port=39731 conn=0
zcwal-extent-send-stream: worker=82 lane=178 port=39778 conn=0
zcwal-extent-send-stream: worker=81 lane=177 port=39777 conn=0
zcwal-extent-send-stream: worker=83 lane=179 port=39779 conn=0
zcwal-extent-send-stream: worker=64 lane=160 port=39760 conn=0
zcwal-extent-send-stream: worker=17 lane=209 port=39809 conn=0
zcwal-extent-send-stream: worker=21 lane=117 port=39717 conn=0
zcwal-extent-send-stream: worker=31 lane=31 port=39631 conn=0
zcwal-extent-send-stream: worker=27 lane=27 port=39627 conn=0
zcwal-extent-send-stream: worker=89 lane=185 port=39785 conn=0
zcwal-extent-send-stream: worker=54 lane=150 port=39750 conn=0
zcwal-extent-send-stream: worker=77 lane=173 port=39773 conn=0
zcwal-extent-send-stream: worker=19 lane=211 port=39811 conn=0
zcwal-extent-send-stream: worker=30 lane=30 port=39630 conn=0
zcwal-extent-send-stream: worker=67 lane=163 port=39763 conn=0
zcwal-extent-send-stream: worker=62 lane=158 port=39758 conn=0
zcwal-extent-send-stream: worker=37 lane=133 port=39733 conn=0
zcwal-extent-send-stream: worker=70 lane=166 port=39766 conn=0
zcwal-extent-send-stream: worker=84 lane=180 port=39780 conn=0
zcwal-extent-send-stream: worker=52 lane=148 port=39748 conn=0
zcwal-extent-send-stream: worker=63 lane=159 port=39759 conn=0
zcwal-extent-send-stream: worker=86 lane=182 port=39782 conn=0
zcwal-extent-send-stream: worker=32 lane=128 port=39728 conn=0
zcwal-extent-send-stream: worker=57 lane=153 port=39753 conn=0
zcwal-extent-send-stream: worker=65 lane=161 port=39761 conn=0
zcwal-extent-send-stream: worker=94 lane=190 port=39790 conn=0
zcwal-extent-send-stream: worker=23 lane=119 port=39719 conn=0
zcwal-extent-send-stream: worker=14 lane=206 port=39806 conn=0
zcwal-extent-send-stream: worker=33 lane=129 port=39729 conn=0
zcwal-extent-send-stream: worker=80 lane=176 port=39776 conn=0
zcwal-extent-send-stream: worker=29 lane=29 port=39629 conn=0
zcwal-extent-send-stream: worker=20 lane=212 port=39812 conn=0
zcwal-extent-send-stream: worker=47 lane=143 port=39743 conn=0
zcwal-extent-send-stream: worker=87 lane=183 port=39783 conn=0
zcwal-extent-send-stream: worker=18 lane=210 port=39810 conn=0
zcwal-extent-send-stream: worker=60 lane=156 port=39756 conn=0
zcwal-extent-send-stream: worker=44 lane=140 port=39740 conn=0
zcwal-extent-send-stream: worker=88 lane=184 port=39784 conn=0
zcwal-extent-send-stream: worker=40 lane=136 port=39736 conn=0
zcwal-extent-send-stream: worker=90 lane=186 port=39786 conn=0
zcwal-extent-send-stream: worker=50 lane=146 port=39746 conn=0
zcwal-extent-send-stream: worker=22 lane=214 port=39814 conn=0
zcwal-extent-send-stream: worker=26 lane=122 port=39722 conn=0
zcwal-extent-send-stream: worker=59 lane=155 port=39755 conn=0
zcwal-extent-send-stream: worker=95 lane=191 port=39791 conn=0
zcwal-extent-send-stream: worker=55 lane=151 port=39751 conn=0
zcwal-extent-send-stream: worker=28 lane=28 port=39628 conn=0
zcwal-extent-send-stream: worker=61 lane=157 port=39757 conn=0
zcwal-extent-send-stream: worker=24 lane=120 port=39720 conn=0
zcwal-extent-send-stream: worker=66 lane=162 port=39762 conn=0
zcwal-extent-send-stream: worker=39 lane=135 port=39735 conn=0
zcwal-extent-send-stream: worker=74 lane=170 port=39770 conn=0
zcwal-extent-send-stream: worker=85 lane=181 port=39781 conn=0
zcwal-extent-send-stream: worker=58 lane=250 port=39850 conn=0
zcwal-extent-send-stream: worker=91 lane=187 port=39787 conn=0
zcwal-extent-send-stream: worker=46 lane=238 port=39838 conn=0
zcwal-extent-send-stream: worker=38 lane=230 port=39830 conn=0
zcwal-extent-send-stream: worker=73 lane=169 port=39769 conn=0
zcwal-extent-send-stream: worker=16 lane=208 port=39808 conn=0
zcwal-extent-send-stream: worker=36 lane=132 port=39732 conn=0
zcwal-extent-send-stream: worker=72 lane=168 port=39768 conn=0
zcwal-extent-send-stream: worker=41 lane=137 port=39737 conn=0
zcwal-extent-send-stream: worker=34 lane=226 port=39826 conn=0
zcwal-extent-send-stream: worker=43 lane=235 port=39835 conn=0
zcwal-extent-send-stream: worker=13 lane=205 port=39805 conn=0
zcwal-extent-send-stream: worker=51 lane=243 port=39843 conn=0
zcwal-extent-send-stream: worker=79 lane=175 port=39775 conn=0
zcwal-extent-send-stream: worker=30 lane=126 port=39726 conn=0
zcwal-extent-send-stream: worker=57 lane=249 port=39849 conn=0
zcwal-extent-send-stream: worker=76 lane=172 port=39772 conn=0
zcwal-extent-send-stream: worker=33 lane=225 port=39825 conn=0
zcwal-extent-send-stream: worker=42 lane=234 port=39834 conn=0
zcwal-extent-send-stream: worker=55 lane=247 port=39847 conn=0
zcwal-extent-send-stream: worker=31 lane=127 port=39727 conn=0
zcwal-extent-send-stream: worker=60 lane=252 port=39852 conn=0
zcwal-extent-send-stream: worker=39 lane=231 port=39831 conn=0
zcwal-extent-send-stream: worker=54 lane=246 port=39846 conn=0
zcwal-extent-send-stream: worker=48 lane=240 port=39840 conn=0
zcwal-extent-send-stream: worker=45 lane=141 port=39741 conn=0
zcwal-extent-send-stream: worker=27 lane=123 port=39723 conn=0
zcwal-extent-send-stream: worker=62 lane=254 port=39854 conn=0
zcwal-extent-send-stream: worker=29 lane=125 port=39725 conn=0
zcwal-extent-send-stream: worker=93 lane=189 port=39789 conn=0
zcwal-extent-send-stream: worker=25 lane=121 port=39721 conn=0
zcwal-extent-send-stream: worker=28 lane=124 port=39724 conn=0
zcwal-extent-send-stream: worker=59 lane=251 port=39851 conn=0
zcwal-extent-send-stream: worker=56 lane=152 port=39752 conn=0
zcwal-extent-send-stream: worker=32 lane=224 port=39824 conn=0
zcwal-extent-send-stream: worker=63 lane=255 port=39855 conn=0
zcwal-extent-send-stream: worker=50 lane=242 port=39842 conn=0
zcwal-extent-send-stream: worker=21 lane=213 port=39813 conn=0
zcwal-extent-send-stream: worker=37 lane=229 port=39829 conn=0
zcwal-extent-send-stream: worker=41 lane=233 port=39833 conn=0
zcwal-extent-send-stream: worker=23 lane=215 port=39815 conn=0
zcwal-extent-send-stream: worker=52 lane=244 port=39844 conn=0
zcwal-extent-send-stream: worker=1 lane=193 port=39793 conn=0
zcwal-extent-send-stream: worker=53 lane=245 port=39845 conn=0
zcwal-extent-send-stream: worker=35 lane=227 port=39827 conn=0
zcwal-extent-send-stream: worker=49 lane=241 port=39841 conn=0
zcwal-extent-send-stream: worker=47 lane=239 port=39839 conn=0
zcwal-extent-send-stream: worker=24 lane=216 port=39816 conn=0
zcwal-extent-send-stream: worker=44 lane=236 port=39836 conn=0
zcwal-extent-send-stream: worker=30 lane=222 port=39822 conn=0
zcwal-extent-send-stream: worker=61 lane=253 port=39853 conn=0
zcwal-extent-send-stream: worker=36 lane=228 port=39828 conn=0
zcwal-extent-send-stream: worker=26 lane=218 port=39818 conn=0
zcwal-extent-send-stream: worker=40 lane=232 port=39832 conn=0
zcwal-extent-send-stream: worker=31 lane=223 port=39823 conn=0
zcwal-extent-send-stream: worker=27 lane=219 port=39819 conn=0
zcwal-extent-send-stream: worker=29 lane=221 port=39821 conn=0
zcwal-extent-send-stream: worker=45 lane=237 port=39837 conn=0
zcwal-extent-send-stream: worker=28 lane=220 port=39820 conn=0
zcwal-extent-send-stream: worker=56 lane=248 port=39848 conn=0
zcwal-extent-send-stream: worker=25 lane=217 port=39817 conn=0
zcwal-extent-send-worker: worker=0 streams=3 payload_bytes=805306368 wire_bytes=805306752 extents=768 logical_records=196608 acks=0 seconds=1.529389 payload_Gbitps=4.212 logical_iops=128553 thread_cpu_seconds=0.128845 cpu_wall_pct=8.4 target_cpu=0 affinity_applied=true start_cpu=0 end_cpu=0 voluntary_ctxt_switches=81 involuntary_ctxt_switches=1 migrations=0
zcwal-extent-send-worker: worker=1 streams=3 payload_bytes=805306368 wire_bytes=805306752 extents=768 logical_records=196608 acks=0 seconds=2.436544 payload_Gbitps=2.644 logical_iops=80691 thread_cpu_seconds=0.115333 cpu_wall_pct=4.7 target_cpu=1 affinity_applied=true start_cpu=1 end_cpu=1 voluntary_ctxt_switches=80 involuntary_ctxt_switches=0 migrations=0
zcwal-extent-send-worker: worker=2 streams=3 payload_bytes=805306368 wire_bytes=805306752 extents=768 logical_records=196608 acks=0 seconds=2.331763 payload_Gbitps=2.763 logical_iops=84317 thread_cpu_seconds=0.110985 cpu_wall_pct=4.8 target_cpu=2 affinity_applied=true start_cpu=2 end_cpu=2 voluntary_ctxt_switches=72 involuntary_ctxt_switches=2 migrations=0
zcwal-extent-send-worker: worker=3 streams=3 payload_bytes=805306368 wire_bytes=805306752 extents=768 logical_records=196608 acks=0 seconds=1.551706 payload_Gbitps=4.152 logical_iops=126704 thread_cpu_seconds=0.121359 cpu_wall_pct=7.8 target_cpu=3 affinity_applied=true start_cpu=3 end_cpu=3 voluntary_ctxt_switches=74 involuntary_ctxt_switches=1 migrations=0
zcwal-extent-send-worker: worker=4 streams=3 payload_bytes=805306368 wire_bytes=805306752 extents=768 logical_records=196608 acks=0 seconds=1.448089 payload_Gbitps=4.449 logical_iops=135771 thread_cpu_seconds=0.120598 cpu_wall_pct=8.3 target_cpu=4 affinity_applied=true start_cpu=4 end_cpu=4 voluntary_ctxt_switches=72 involuntary_ctxt_switches=0 migrations=0
zcwal-extent-send-worker: worker=5 streams=3 payload_bytes=805306368 wire_bytes=805306752 extents=768 logical_records=196608 acks=0 seconds=1.882216 payload_Gbitps=3.423 logical_iops=104456 thread_cpu_seconds=0.167143 cpu_wall_pct=8.9 target_cpu=5 affinity_applied=true start_cpu=5 end_cpu=5 voluntary_ctxt_switches=69 involuntary_ctxt_switches=9 migrations=0
zcwal-extent-send-worker: worker=6 streams=3 payload_bytes=805306368 wire_bytes=805306752 extents=768 logical_records=196608 acks=0 seconds=1.470006 payload_Gbitps=4.383 logical_iops=133746 thread_cpu_seconds=0.118513 cpu_wall_pct=8.1 target_cpu=6 affinity_applied=true start_cpu=6 end_cpu=6 voluntary_ctxt_switches=71 involuntary_ctxt_switches=1 migrations=0
zcwal-extent-send-worker: worker=7 streams=3 payload_bytes=805306368 wire_bytes=805306752 extents=768 logical_records=196608 acks=0 seconds=2.490629 payload_Gbitps=2.587 logical_iops=78939 thread_cpu_seconds=0.133439 cpu_wall_pct=5.4 target_cpu=7 affinity_applied=true start_cpu=7 end_cpu=7 voluntary_ctxt_switches=73 involuntary_ctxt_switches=8 migrations=0
zcwal-extent-send-worker: worker=8 streams=3 payload_bytes=805306368 wire_bytes=805306752 extents=768 logical_records=196608 acks=0 seconds=2.276013 payload_Gbitps=2.831 logical_iops=86383 thread_cpu_seconds=0.114305 cpu_wall_pct=5.0 target_cpu=8 affinity_applied=true start_cpu=8 end_cpu=8 voluntary_ctxt_switches=106 involuntary_ctxt_switches=1 migrations=0
zcwal-extent-send-worker: worker=9 streams=3 payload_bytes=805306368 wire_bytes=805306752 extents=768 logical_records=196608 acks=0 seconds=1.762756 payload_Gbitps=3.655 logical_iops=111534 thread_cpu_seconds=0.158827 cpu_wall_pct=9.0 target_cpu=9 affinity_applied=true start_cpu=9 end_cpu=9 voluntary_ctxt_switches=120 involuntary_ctxt_switches=8 migrations=0
zcwal-extent-send-worker: worker=10 streams=3 payload_bytes=805306368 wire_bytes=805306752 extents=768 logical_records=196608 acks=0 seconds=1.534375 payload_Gbitps=4.199 logical_iops=128136 thread_cpu_seconds=0.124817 cpu_wall_pct=8.1 target_cpu=10 affinity_applied=true start_cpu=10 end_cpu=10 voluntary_ctxt_switches=72 involuntary_ctxt_switches=0 migrations=0
zcwal-extent-send-worker: worker=11 streams=3 payload_bytes=805306368 wire_bytes=805306752 extents=768 logical_records=196608 acks=0 seconds=1.350068 payload_Gbitps=4.772 logical_iops=145628 thread_cpu_seconds=0.168237 cpu_wall_pct=12.5 target_cpu=11 affinity_applied=true start_cpu=11 end_cpu=11 voluntary_ctxt_switches=73 involuntary_ctxt_switches=13 migrations=0
zcwal-extent-send-worker: worker=12 streams=3 payload_bytes=805306368 wire_bytes=805306752 extents=768 logical_records=196608 acks=0 seconds=1.815077 payload_Gbitps=3.549 logical_iops=108319 thread_cpu_seconds=0.118471 cpu_wall_pct=6.5 target_cpu=12 affinity_applied=true start_cpu=12 end_cpu=12 voluntary_ctxt_switches=79 involuntary_ctxt_switches=1 migrations=0
zcwal-extent-send-worker: worker=13 streams=3 payload_bytes=805306368 wire_bytes=805306752 extents=768 logical_records=196608 acks=0 seconds=1.790526 payload_Gbitps=3.598 logical_iops=109805 thread_cpu_seconds=0.119919 cpu_wall_pct=6.7 target_cpu=13 affinity_applied=true start_cpu=13 end_cpu=13 voluntary_ctxt_switches=82 involuntary_ctxt_switches=0 migrations=0
zcwal-extent-send-worker: worker=14 streams=3 payload_bytes=805306368 wire_bytes=805306752 extents=768 logical_records=196608 acks=0 seconds=1.592893 payload_Gbitps=4.044 logical_iops=123428 thread_cpu_seconds=0.120427 cpu_wall_pct=7.6 target_cpu=14 affinity_applied=true start_cpu=14 end_cpu=14 voluntary_ctxt_switches=79 involuntary_ctxt_switches=2 migrations=0
zcwal-extent-send-worker: worker=15 streams=3 payload_bytes=805306368 wire_bytes=805306752 extents=768 logical_records=196608 acks=0 seconds=2.114016 payload_Gbitps=3.047 logical_iops=93002 thread_cpu_seconds=0.112164 cpu_wall_pct=5.3 target_cpu=15 affinity_applied=true start_cpu=15 end_cpu=15 voluntary_ctxt_switches=74 involuntary_ctxt_switches=1 migrations=0
zcwal-extent-send-worker: worker=16 streams=3 payload_bytes=805306368 wire_bytes=805306752 extents=768 logical_records=196608 acks=0 seconds=1.752092 payload_Gbitps=3.677 logical_iops=112213 thread_cpu_seconds=0.164010 cpu_wall_pct=9.4 target_cpu=16 affinity_applied=true start_cpu=16 end_cpu=16 voluntary_ctxt_switches=79 involuntary_ctxt_switches=11 migrations=0
zcwal-extent-send-worker: worker=17 streams=3 payload_bytes=805306368 wire_bytes=805306752 extents=768 logical_records=196608 acks=0 seconds=2.003859 payload_Gbitps=3.215 logical_iops=98115 thread_cpu_seconds=0.120342 cpu_wall_pct=6.0 target_cpu=17 affinity_applied=true start_cpu=17 end_cpu=17 voluntary_ctxt_switches=78 involuntary_ctxt_switches=2 migrations=0
zcwal-extent-send-worker: worker=18 streams=3 payload_bytes=805306368 wire_bytes=805306752 extents=768 logical_records=196608 acks=0 seconds=1.657043 payload_Gbitps=3.888 logical_iops=118650 thread_cpu_seconds=0.181401 cpu_wall_pct=10.9 target_cpu=18 affinity_applied=true start_cpu=18 end_cpu=18 voluntary_ctxt_switches=75 involuntary_ctxt_switches=21 migrations=0
zcwal-extent-send-worker: worker=19 streams=3 payload_bytes=805306368 wire_bytes=805306752 extents=768 logical_records=196608 acks=0 seconds=2.540779 payload_Gbitps=2.536 logical_iops=77381 thread_cpu_seconds=0.110540 cpu_wall_pct=4.4 target_cpu=19 affinity_applied=true start_cpu=19 end_cpu=19 voluntary_ctxt_switches=79 involuntary_ctxt_switches=1 migrations=0
zcwal-extent-send-worker: worker=20 streams=3 payload_bytes=805306368 wire_bytes=805306752 extents=768 logical_records=196608 acks=0 seconds=1.709773 payload_Gbitps=3.768 logical_iops=114991 thread_cpu_seconds=0.121449 cpu_wall_pct=7.1 target_cpu=20 affinity_applied=true start_cpu=20 end_cpu=20 voluntary_ctxt_switches=75 involuntary_ctxt_switches=1 migrations=0
zcwal-extent-send-worker: worker=21 streams=3 payload_bytes=805306368 wire_bytes=805306752 extents=768 logical_records=196608 acks=0 seconds=1.728665 payload_Gbitps=3.727 logical_iops=113734 thread_cpu_seconds=0.166265 cpu_wall_pct=9.6 target_cpu=21 affinity_applied=true start_cpu=21 end_cpu=21 voluntary_ctxt_switches=74 involuntary_ctxt_switches=14 migrations=0
zcwal-extent-send-worker: worker=22 streams=3 payload_bytes=805306368 wire_bytes=805306752 extents=768 logical_records=196608 acks=0 seconds=2.247770 payload_Gbitps=2.866 logical_iops=87468 thread_cpu_seconds=0.118368 cpu_wall_pct=5.3 target_cpu=22 affinity_applied=true start_cpu=22 end_cpu=22 voluntary_ctxt_switches=79 involuntary_ctxt_switches=1 migrations=0
zcwal-extent-send-worker: worker=23 streams=3 payload_bytes=805306368 wire_bytes=805306752 extents=768 logical_records=196608 acks=0 seconds=1.837448 payload_Gbitps=3.506 logical_iops=107001 thread_cpu_seconds=0.121344 cpu_wall_pct=6.6 target_cpu=23 affinity_applied=true start_cpu=23 end_cpu=23 voluntary_ctxt_switches=77 involuntary_ctxt_switches=2 migrations=0
zcwal-extent-send-worker: worker=24 streams=3 payload_bytes=805306368 wire_bytes=805306752 extents=768 logical_records=196608 acks=0 seconds=1.726333 payload_Gbitps=3.732 logical_iops=113888 thread_cpu_seconds=0.118347 cpu_wall_pct=6.9 target_cpu=24 affinity_applied=true start_cpu=24 end_cpu=24 voluntary_ctxt_switches=76 involuntary_ctxt_switches=3 migrations=0
zcwal-extent-send-worker: worker=25 streams=3 payload_bytes=805306368 wire_bytes=805306752 extents=768 logical_records=196608 acks=0 seconds=1.870619 payload_Gbitps=3.444 logical_iops=105103 thread_cpu_seconds=0.111154 cpu_wall_pct=5.9 target_cpu=25 affinity_applied=true start_cpu=25 end_cpu=25 voluntary_ctxt_switches=74 involuntary_ctxt_switches=2 migrations=0
zcwal-extent-send-worker: worker=26 streams=3 payload_bytes=805306368 wire_bytes=805306752 extents=768 logical_records=196608 acks=0 seconds=2.095315 payload_Gbitps=3.075 logical_iops=93832 thread_cpu_seconds=0.175052 cpu_wall_pct=8.4 target_cpu=26 affinity_applied=true start_cpu=26 end_cpu=26 voluntary_ctxt_switches=75 involuntary_ctxt_switches=12 migrations=0
zcwal-extent-send-worker: worker=27 streams=3 payload_bytes=805306368 wire_bytes=805306752 extents=768 logical_records=196608 acks=0 seconds=1.797440 payload_Gbitps=3.584 logical_iops=109382 thread_cpu_seconds=0.119769 cpu_wall_pct=6.7 target_cpu=27 affinity_applied=true start_cpu=27 end_cpu=27 voluntary_ctxt_switches=76 involuntary_ctxt_switches=1 migrations=0
zcwal-extent-send-worker: worker=28 streams=3 payload_bytes=805306368 wire_bytes=805306752 extents=768 logical_records=196608 acks=0 seconds=1.729979 payload_Gbitps=3.724 logical_iops=113648 thread_cpu_seconds=0.156530 cpu_wall_pct=9.0 target_cpu=28 affinity_applied=true start_cpu=28 end_cpu=28 voluntary_ctxt_switches=73 involuntary_ctxt_switches=7 migrations=0
zcwal-extent-send-worker: worker=29 streams=3 payload_bytes=805306368 wire_bytes=805306752 extents=768 logical_records=196608 acks=0 seconds=2.255623 payload_Gbitps=2.856 logical_iops=87164 thread_cpu_seconds=0.115661 cpu_wall_pct=5.1 target_cpu=29 affinity_applied=true start_cpu=29 end_cpu=29 voluntary_ctxt_switches=77 involuntary_ctxt_switches=2 migrations=0
zcwal-extent-send-worker: worker=30 streams=3 payload_bytes=805306368 wire_bytes=805306752 extents=768 logical_records=196608 acks=0 seconds=1.316010 payload_Gbitps=4.895 logical_iops=149397 thread_cpu_seconds=0.115386 cpu_wall_pct=8.8 target_cpu=30 affinity_applied=true start_cpu=30 end_cpu=30 voluntary_ctxt_switches=73 involuntary_ctxt_switches=1 migrations=0
zcwal-extent-send-worker: worker=31 streams=3 payload_bytes=805306368 wire_bytes=805306752 extents=768 logical_records=196608 acks=0 seconds=1.373181 payload_Gbitps=4.692 logical_iops=143177 thread_cpu_seconds=0.122828 cpu_wall_pct=8.9 target_cpu=31 affinity_applied=true start_cpu=31 end_cpu=31 voluntary_ctxt_switches=73 involuntary_ctxt_switches=0 migrations=0
zcwal-extent-send-worker: worker=32 streams=3 payload_bytes=805306368 wire_bytes=805306752 extents=768 logical_records=196608 acks=0 seconds=1.834079 payload_Gbitps=3.513 logical_iops=107197 thread_cpu_seconds=0.121535 cpu_wall_pct=6.6 target_cpu=32 affinity_applied=true start_cpu=32 end_cpu=32 voluntary_ctxt_switches=78 involuntary_ctxt_switches=1 migrations=0
zcwal-extent-send-worker: worker=33 streams=3 payload_bytes=805306368 wire_bytes=805306752 extents=768 logical_records=196608 acks=0 seconds=2.268788 payload_Gbitps=2.840 logical_iops=86658 thread_cpu_seconds=0.111686 cpu_wall_pct=4.9 target_cpu=33 affinity_applied=true start_cpu=33 end_cpu=33 voluntary_ctxt_switches=76 involuntary_ctxt_switches=1 migrations=0
zcwal-extent-send-worker: worker=34 streams=3 payload_bytes=805306368 wire_bytes=805306752 extents=768 logical_records=196608 acks=0 seconds=1.486551 payload_Gbitps=4.334 logical_iops=132258 thread_cpu_seconds=0.168550 cpu_wall_pct=11.3 target_cpu=34 affinity_applied=true start_cpu=34 end_cpu=34 voluntary_ctxt_switches=74 involuntary_ctxt_switches=11 migrations=0
zcwal-extent-send-worker: worker=35 streams=3 payload_bytes=805306368 wire_bytes=805306752 extents=768 logical_records=196608 acks=0 seconds=1.661135 payload_Gbitps=3.878 logical_iops=118358 thread_cpu_seconds=0.123151 cpu_wall_pct=7.4 target_cpu=35 affinity_applied=true start_cpu=35 end_cpu=35 voluntary_ctxt_switches=75 involuntary_ctxt_switches=2 migrations=0
zcwal-extent-send-worker: worker=36 streams=3 payload_bytes=805306368 wire_bytes=805306752 extents=768 logical_records=196608 acks=0 seconds=1.729031 payload_Gbitps=3.726 logical_iops=113710 thread_cpu_seconds=0.147363 cpu_wall_pct=8.5 target_cpu=36 affinity_applied=true start_cpu=36 end_cpu=36 voluntary_ctxt_switches=77 involuntary_ctxt_switches=5 migrations=0
zcwal-extent-send-worker: worker=37 streams=3 payload_bytes=805306368 wire_bytes=805306752 extents=768 logical_records=196608 acks=0 seconds=2.485410 payload_Gbitps=2.592 logical_iops=79105 thread_cpu_seconds=0.106179 cpu_wall_pct=4.3 target_cpu=37 affinity_applied=true start_cpu=37 end_cpu=37 voluntary_ctxt_switches=74 involuntary_ctxt_switches=2 migrations=0
zcwal-extent-send-worker: worker=38 streams=3 payload_bytes=805306368 wire_bytes=805306752 extents=768 logical_records=196608 acks=0 seconds=1.885455 payload_Gbitps=3.417 logical_iops=104276 thread_cpu_seconds=0.139306 cpu_wall_pct=7.4 target_cpu=38 affinity_applied=true start_cpu=38 end_cpu=38 voluntary_ctxt_switches=76 involuntary_ctxt_switches=1 migrations=0
zcwal-extent-send-worker: worker=39 streams=3 payload_bytes=805306368 wire_bytes=805306752 extents=768 logical_records=196608 acks=0 seconds=2.157031 payload_Gbitps=2.987 logical_iops=91148 thread_cpu_seconds=0.115582 cpu_wall_pct=5.4 target_cpu=39 affinity_applied=true start_cpu=39 end_cpu=39 voluntary_ctxt_switches=79 involuntary_ctxt_switches=2 migrations=0
zcwal-extent-send-worker: worker=40 streams=3 payload_bytes=805306368 wire_bytes=805306752 extents=768 logical_records=196608 acks=0 seconds=2.176464 payload_Gbitps=2.960 logical_iops=90334 thread_cpu_seconds=0.111674 cpu_wall_pct=5.1 target_cpu=40 affinity_applied=true start_cpu=40 end_cpu=40 voluntary_ctxt_switches=76 involuntary_ctxt_switches=1 migrations=0
zcwal-extent-send-worker: worker=41 streams=3 payload_bytes=805306368 wire_bytes=805306752 extents=768 logical_records=196608 acks=0 seconds=1.811608 payload_Gbitps=3.556 logical_iops=108527 thread_cpu_seconds=0.117099 cpu_wall_pct=6.5 target_cpu=41 affinity_applied=true start_cpu=41 end_cpu=41 voluntary_ctxt_switches=79 involuntary_ctxt_switches=2 migrations=0
zcwal-extent-send-worker: worker=42 streams=3 payload_bytes=805306368 wire_bytes=805306752 extents=768 logical_records=196608 acks=0 seconds=1.843542 payload_Gbitps=3.495 logical_iops=106647 thread_cpu_seconds=0.116471 cpu_wall_pct=6.3 target_cpu=42 affinity_applied=true start_cpu=42 end_cpu=42 voluntary_ctxt_switches=75 involuntary_ctxt_switches=1 migrations=0
zcwal-extent-send-worker: worker=43 streams=3 payload_bytes=805306368 wire_bytes=805306752 extents=768 logical_records=196608 acks=0 seconds=1.400578 payload_Gbitps=4.600 logical_iops=140376 thread_cpu_seconds=0.118468 cpu_wall_pct=8.5 target_cpu=43 affinity_applied=true start_cpu=43 end_cpu=43 voluntary_ctxt_switches=80 involuntary_ctxt_switches=1 migrations=0
zcwal-extent-send-worker: worker=44 streams=3 payload_bytes=805306368 wire_bytes=805306752 extents=768 logical_records=196608 acks=0 seconds=2.022481 payload_Gbitps=3.185 logical_iops=97211 thread_cpu_seconds=0.143410 cpu_wall_pct=7.1 target_cpu=44 affinity_applied=true start_cpu=44 end_cpu=44 voluntary_ctxt_switches=76 involuntary_ctxt_switches=12 migrations=0
zcwal-extent-send-worker: worker=45 streams=3 payload_bytes=805306368 wire_bytes=805306752 extents=768 logical_records=196608 acks=0 seconds=1.759141 payload_Gbitps=3.662 logical_iops=111764 thread_cpu_seconds=0.117733 cpu_wall_pct=6.7 target_cpu=45 affinity_applied=true start_cpu=45 end_cpu=45 voluntary_ctxt_switches=75 involuntary_ctxt_switches=1 migrations=0
zcwal-extent-send-worker: worker=46 streams=3 payload_bytes=805306368 wire_bytes=805306752 extents=768 logical_records=196608 acks=0 seconds=1.615711 payload_Gbitps=3.987 logical_iops=121685 thread_cpu_seconds=0.156502 cpu_wall_pct=9.7 target_cpu=46 affinity_applied=true start_cpu=46 end_cpu=46 voluntary_ctxt_switches=75 involuntary_ctxt_switches=7 migrations=0
zcwal-extent-send-worker: worker=47 streams=3 payload_bytes=805306368 wire_bytes=805306752 extents=768 logical_records=196608 acks=0 seconds=1.660107 payload_Gbitps=3.881 logical_iops=118431 thread_cpu_seconds=0.121350 cpu_wall_pct=7.3 target_cpu=47 affinity_applied=true start_cpu=47 end_cpu=47 voluntary_ctxt_switches=79 involuntary_ctxt_switches=0 migrations=0
zcwal-extent-send-worker: worker=48 streams=3 payload_bytes=805306368 wire_bytes=805306752 extents=768 logical_records=196608 acks=0 seconds=1.386844 payload_Gbitps=4.645 logical_iops=141766 thread_cpu_seconds=0.155372 cpu_wall_pct=11.2 target_cpu=48 affinity_applied=true start_cpu=48 end_cpu=48 voluntary_ctxt_switches=78 involuntary_ctxt_switches=10 migrations=0
zcwal-extent-send-worker: worker=49 streams=3 payload_bytes=805306368 wire_bytes=805306752 extents=768 logical_records=196608 acks=0 seconds=1.716420 payload_Gbitps=3.753 logical_iops=114545 thread_cpu_seconds=0.114019 cpu_wall_pct=6.6 target_cpu=49 affinity_applied=true start_cpu=49 end_cpu=49 voluntary_ctxt_switches=71 involuntary_ctxt_switches=1 migrations=0
zcwal-extent-send-worker: worker=50 streams=3 payload_bytes=805306368 wire_bytes=805306752 extents=768 logical_records=196608 acks=0 seconds=1.386557 payload_Gbitps=4.646 logical_iops=141796 thread_cpu_seconds=0.119569 cpu_wall_pct=8.6 target_cpu=50 affinity_applied=true start_cpu=50 end_cpu=50 voluntary_ctxt_switches=76 involuntary_ctxt_switches=0 migrations=0
zcwal-extent-send-worker: worker=51 streams=3 payload_bytes=805306368 wire_bytes=805306752 extents=768 logical_records=196608 acks=0 seconds=2.151176 payload_Gbitps=2.995 logical_iops=91396 thread_cpu_seconds=0.117473 cpu_wall_pct=5.5 target_cpu=51 affinity_applied=true start_cpu=51 end_cpu=51 voluntary_ctxt_switches=82 involuntary_ctxt_switches=0 migrations=0
zcwal-extent-send-worker: worker=52 streams=3 payload_bytes=805306368 wire_bytes=805306752 extents=768 logical_records=196608 acks=0 seconds=1.425597 payload_Gbitps=4.519 logical_iops=137913 thread_cpu_seconds=0.122283 cpu_wall_pct=8.6 target_cpu=52 affinity_applied=true start_cpu=52 end_cpu=52 voluntary_ctxt_switches=78 involuntary_ctxt_switches=0 migrations=0
zcwal-extent-send-worker: worker=53 streams=3 payload_bytes=805306368 wire_bytes=805306752 extents=768 logical_records=196608 acks=0 seconds=2.033537 payload_Gbitps=3.168 logical_iops=96683 thread_cpu_seconds=0.115805 cpu_wall_pct=5.7 target_cpu=53 affinity_applied=true start_cpu=53 end_cpu=53 voluntary_ctxt_switches=75 involuntary_ctxt_switches=2 migrations=0
zcwal-extent-send-worker: worker=54 streams=3 payload_bytes=805306368 wire_bytes=805306752 extents=768 logical_records=196608 acks=0 seconds=1.780009 payload_Gbitps=3.619 logical_iops=110453 thread_cpu_seconds=0.160671 cpu_wall_pct=9.0 target_cpu=54 affinity_applied=true start_cpu=54 end_cpu=54 voluntary_ctxt_switches=74 involuntary_ctxt_switches=8 migrations=0
zcwal-extent-send-worker: worker=55 streams=3 payload_bytes=805306368 wire_bytes=805306752 extents=768 logical_records=196608 acks=0 seconds=1.341604 payload_Gbitps=4.802 logical_iops=146547 thread_cpu_seconds=0.119866 cpu_wall_pct=8.9 target_cpu=55 affinity_applied=true start_cpu=55 end_cpu=55 voluntary_ctxt_switches=77 involuntary_ctxt_switches=1 migrations=0
zcwal-extent-send-worker: worker=56 streams=3 payload_bytes=805306368 wire_bytes=805306752 extents=768 logical_records=196608 acks=0 seconds=1.716622 payload_Gbitps=3.753 logical_iops=114532 thread_cpu_seconds=0.163871 cpu_wall_pct=9.5 target_cpu=56 affinity_applied=true start_cpu=56 end_cpu=56 voluntary_ctxt_switches=74 involuntary_ctxt_switches=15 migrations=0
zcwal-extent-send-worker: worker=57 streams=3 payload_bytes=805306368 wire_bytes=805306752 extents=768 logical_records=196608 acks=0 seconds=1.356003 payload_Gbitps=4.751 logical_iops=144991 thread_cpu_seconds=0.122676 cpu_wall_pct=9.0 target_cpu=57 affinity_applied=true start_cpu=57 end_cpu=57 voluntary_ctxt_switches=75 involuntary_ctxt_switches=0 migrations=0
zcwal-extent-send-worker: worker=58 streams=3 payload_bytes=805306368 wire_bytes=805306752 extents=768 logical_records=196608 acks=0 seconds=1.563668 payload_Gbitps=4.120 logical_iops=125735 thread_cpu_seconds=0.179161 cpu_wall_pct=11.5 target_cpu=58 affinity_applied=true start_cpu=58 end_cpu=58 voluntary_ctxt_switches=76 involuntary_ctxt_switches=17 migrations=0
zcwal-extent-send-worker: worker=59 streams=3 payload_bytes=805306368 wire_bytes=805306752 extents=768 logical_records=196608 acks=0 seconds=1.901914 payload_Gbitps=3.387 logical_iops=103374 thread_cpu_seconds=0.118996 cpu_wall_pct=6.3 target_cpu=59 affinity_applied=true start_cpu=59 end_cpu=59 voluntary_ctxt_switches=75 involuntary_ctxt_switches=2 migrations=0
zcwal-extent-send-worker: worker=60 streams=3 payload_bytes=805306368 wire_bytes=805306752 extents=768 logical_records=196608 acks=0 seconds=1.821843 payload_Gbitps=3.536 logical_iops=107917 thread_cpu_seconds=0.118243 cpu_wall_pct=6.5 target_cpu=60 affinity_applied=true start_cpu=60 end_cpu=60 voluntary_ctxt_switches=79 involuntary_ctxt_switches=1 migrations=0
zcwal-extent-send-worker: worker=61 streams=3 payload_bytes=805306368 wire_bytes=805306752 extents=768 logical_records=196608 acks=0 seconds=2.203592 payload_Gbitps=2.924 logical_iops=89222 thread_cpu_seconds=0.111460 cpu_wall_pct=5.1 target_cpu=61 affinity_applied=true start_cpu=61 end_cpu=61 voluntary_ctxt_switches=78 involuntary_ctxt_switches=2 migrations=0
zcwal-extent-send-worker: worker=62 streams=3 payload_bytes=805306368 wire_bytes=805306752 extents=768 logical_records=196608 acks=0 seconds=1.652929 payload_Gbitps=3.898 logical_iops=118945 thread_cpu_seconds=0.147247 cpu_wall_pct=8.9 target_cpu=62 affinity_applied=true start_cpu=62 end_cpu=62 voluntary_ctxt_switches=79 involuntary_ctxt_switches=8 migrations=0
zcwal-extent-send-worker: worker=63 streams=3 payload_bytes=805306368 wire_bytes=805306752 extents=768 logical_records=196608 acks=0 seconds=1.463973 payload_Gbitps=4.401 logical_iops=134298 thread_cpu_seconds=0.123524 cpu_wall_pct=8.4 target_cpu=63 affinity_applied=true start_cpu=63 end_cpu=63 voluntary_ctxt_switches=80 involuntary_ctxt_switches=1 migrations=0
zcwal-extent-send-worker: worker=64 streams=2 payload_bytes=536870912 wire_bytes=536871168 extents=512 logical_records=131072 acks=0 seconds=1.587019 payload_Gbitps=2.706 logical_iops=82590 thread_cpu_seconds=0.126228 cpu_wall_pct=8.0 target_cpu=64 affinity_applied=true start_cpu=64 end_cpu=64 voluntary_ctxt_switches=52 involuntary_ctxt_switches=9 migrations=0
zcwal-extent-send-worker: worker=65 streams=2 payload_bytes=536870912 wire_bytes=536871168 extents=512 logical_records=131072 acks=0 seconds=1.927407 payload_Gbitps=2.228 logical_iops=68004 thread_cpu_seconds=0.079235 cpu_wall_pct=4.1 target_cpu=65 affinity_applied=true start_cpu=65 end_cpu=65 voluntary_ctxt_switches=60 involuntary_ctxt_switches=2 migrations=0
zcwal-extent-send-worker: worker=66 streams=2 payload_bytes=536870912 wire_bytes=536871168 extents=512 logical_records=131072 acks=0 seconds=1.543097 payload_Gbitps=2.783 logical_iops=84941 thread_cpu_seconds=0.137475 cpu_wall_pct=8.9 target_cpu=66 affinity_applied=true start_cpu=66 end_cpu=66 voluntary_ctxt_switches=53 involuntary_ctxt_switches=9 migrations=0
zcwal-extent-send-worker: worker=67 streams=2 payload_bytes=536870912 wire_bytes=536871168 extents=512 logical_records=131072 acks=0 seconds=1.398700 payload_Gbitps=3.071 logical_iops=93710 thread_cpu_seconds=0.085761 cpu_wall_pct=6.1 target_cpu=67 affinity_applied=true start_cpu=67 end_cpu=67 voluntary_ctxt_switches=57 involuntary_ctxt_switches=1 migrations=0
zcwal-extent-send-worker: worker=68 streams=2 payload_bytes=536870912 wire_bytes=536871168 extents=512 logical_records=131072 acks=0 seconds=1.051192 payload_Gbitps=4.086 logical_iops=124689 thread_cpu_seconds=0.111301 cpu_wall_pct=10.6 target_cpu=68 affinity_applied=true start_cpu=68 end_cpu=68 voluntary_ctxt_switches=64 involuntary_ctxt_switches=3 migrations=0
zcwal-extent-send-worker: worker=69 streams=2 payload_bytes=536870912 wire_bytes=536871168 extents=512 logical_records=131072 acks=0 seconds=1.542900 payload_Gbitps=2.784 logical_iops=84952 thread_cpu_seconds=0.093180 cpu_wall_pct=6.0 target_cpu=69 affinity_applied=true start_cpu=69 end_cpu=69 voluntary_ctxt_switches=56 involuntary_ctxt_switches=1 migrations=0
zcwal-extent-send-worker: worker=70 streams=2 payload_bytes=536870912 wire_bytes=536871168 extents=512 logical_records=131072 acks=0 seconds=0.951362 payload_Gbitps=4.515 logical_iops=137773 thread_cpu_seconds=0.086204 cpu_wall_pct=9.1 target_cpu=70 affinity_applied=true start_cpu=70 end_cpu=70 voluntary_ctxt_switches=53 involuntary_ctxt_switches=0 migrations=0
zcwal-extent-send-worker: worker=71 streams=2 payload_bytes=536870912 wire_bytes=536871168 extents=512 logical_records=131072 acks=0 seconds=1.643184 payload_Gbitps=2.614 logical_iops=79767 thread_cpu_seconds=0.086159 cpu_wall_pct=5.2 target_cpu=71 affinity_applied=true start_cpu=71 end_cpu=71 voluntary_ctxt_switches=55 involuntary_ctxt_switches=0 migrations=0
zcwal-extent-send-worker: worker=72 streams=2 payload_bytes=536870912 wire_bytes=536871168 extents=512 logical_records=131072 acks=0 seconds=1.807186 payload_Gbitps=2.377 logical_iops=72528 thread_cpu_seconds=0.110706 cpu_wall_pct=6.1 target_cpu=72 affinity_applied=true start_cpu=72 end_cpu=72 voluntary_ctxt_switches=55 involuntary_ctxt_switches=9 migrations=0
zcwal-extent-send-worker: worker=73 streams=2 payload_bytes=536870912 wire_bytes=536871168 extents=512 logical_records=131072 acks=0 seconds=0.975035 payload_Gbitps=4.405 logical_iops=134428 thread_cpu_seconds=0.087465 cpu_wall_pct=9.0 target_cpu=73 affinity_applied=true start_cpu=73 end_cpu=73 voluntary_ctxt_switches=56 involuntary_ctxt_switches=0 migrations=0
zcwal-extent-send-worker: worker=74 streams=2 payload_bytes=536870912 wire_bytes=536871168 extents=512 logical_records=131072 acks=0 seconds=1.276786 payload_Gbitps=3.364 logical_iops=102658 thread_cpu_seconds=0.106195 cpu_wall_pct=8.3 target_cpu=74 affinity_applied=true start_cpu=74 end_cpu=74 voluntary_ctxt_switches=54 involuntary_ctxt_switches=3 migrations=0
zcwal-extent-send-worker: worker=75 streams=2 payload_bytes=536870912 wire_bytes=536871168 extents=512 logical_records=131072 acks=0 seconds=1.529828 payload_Gbitps=2.807 logical_iops=85678 thread_cpu_seconds=0.086825 cpu_wall_pct=5.7 target_cpu=75 affinity_applied=true start_cpu=75 end_cpu=75 voluntary_ctxt_switches=54 involuntary_ctxt_switches=1 migrations=0
zcwal-extent-send-worker: worker=76 streams=2 payload_bytes=536870912 wire_bytes=536871168 extents=512 logical_records=131072 acks=0 seconds=0.913861 payload_Gbitps=4.700 logical_iops=143427 thread_cpu_seconds=0.105379 cpu_wall_pct=11.5 target_cpu=76 affinity_applied=true start_cpu=76 end_cpu=76 voluntary_ctxt_switches=54 involuntary_ctxt_switches=5 migrations=0
zcwal-extent-send-worker: worker=77 streams=2 payload_bytes=536870912 wire_bytes=536871168 extents=512 logical_records=131072 acks=0 seconds=1.117028 payload_Gbitps=3.845 logical_iops=117340 thread_cpu_seconds=0.085480 cpu_wall_pct=7.7 target_cpu=77 affinity_applied=true start_cpu=77 end_cpu=77 voluntary_ctxt_switches=52 involuntary_ctxt_switches=0 migrations=0
zcwal-extent-send-worker: worker=78 streams=2 payload_bytes=536870912 wire_bytes=536871168 extents=512 logical_records=131072 acks=0 seconds=0.970131 payload_Gbitps=4.427 logical_iops=135107 thread_cpu_seconds=0.121930 cpu_wall_pct=12.6 target_cpu=78 affinity_applied=true start_cpu=78 end_cpu=78 voluntary_ctxt_switches=51 involuntary_ctxt_switches=7 migrations=0
zcwal-extent-send-worker: worker=79 streams=2 payload_bytes=536870912 wire_bytes=536871168 extents=512 logical_records=131072 acks=0 seconds=1.462589 payload_Gbitps=2.937 logical_iops=89616 thread_cpu_seconds=0.087037 cpu_wall_pct=6.0 target_cpu=79 affinity_applied=true start_cpu=79 end_cpu=79 voluntary_ctxt_switches=55 involuntary_ctxt_switches=1 migrations=0
zcwal-extent-send-worker: worker=80 streams=2 payload_bytes=536870912 wire_bytes=536871168 extents=512 logical_records=131072 acks=0 seconds=1.317049 payload_Gbitps=3.261 logical_iops=99519 thread_cpu_seconds=0.093357 cpu_wall_pct=7.1 target_cpu=80 affinity_applied=true start_cpu=80 end_cpu=80 voluntary_ctxt_switches=59 involuntary_ctxt_switches=2 migrations=0
zcwal-extent-send-worker: worker=81 streams=2 payload_bytes=536870912 wire_bytes=536871168 extents=512 logical_records=131072 acks=0 seconds=1.144541 payload_Gbitps=3.753 logical_iops=114519 thread_cpu_seconds=0.092382 cpu_wall_pct=8.1 target_cpu=81 affinity_applied=true start_cpu=81 end_cpu=81 voluntary_ctxt_switches=56 involuntary_ctxt_switches=1 migrations=0
zcwal-extent-send-worker: worker=82 streams=2 payload_bytes=536870912 wire_bytes=536871168 extents=512 logical_records=131072 acks=0 seconds=1.427221 payload_Gbitps=3.009 logical_iops=91837 thread_cpu_seconds=0.122263 cpu_wall_pct=8.6 target_cpu=82 affinity_applied=true start_cpu=82 end_cpu=82 voluntary_ctxt_switches=56 involuntary_ctxt_switches=14 migrations=0
zcwal-extent-send-worker: worker=83 streams=2 payload_bytes=536870912 wire_bytes=536871168 extents=512 logical_records=131072 acks=0 seconds=1.394523 payload_Gbitps=3.080 logical_iops=93991 thread_cpu_seconds=0.090732 cpu_wall_pct=6.5 target_cpu=83 affinity_applied=true start_cpu=83 end_cpu=83 voluntary_ctxt_switches=58 involuntary_ctxt_switches=0 migrations=0
zcwal-extent-send-worker: worker=84 streams=2 payload_bytes=536870912 wire_bytes=536871168 extents=512 logical_records=131072 acks=0 seconds=1.056118 payload_Gbitps=4.067 logical_iops=124107 thread_cpu_seconds=0.109100 cpu_wall_pct=10.3 target_cpu=84 affinity_applied=true start_cpu=84 end_cpu=84 voluntary_ctxt_switches=53 involuntary_ctxt_switches=5 migrations=0
zcwal-extent-send-worker: worker=85 streams=2 payload_bytes=536870912 wire_bytes=536871168 extents=512 logical_records=131072 acks=0 seconds=1.022981 payload_Gbitps=4.198 logical_iops=128128 thread_cpu_seconds=0.091531 cpu_wall_pct=8.9 target_cpu=85 affinity_applied=true start_cpu=85 end_cpu=85 voluntary_ctxt_switches=52 involuntary_ctxt_switches=0 migrations=0
zcwal-extent-send-worker: worker=86 streams=2 payload_bytes=536870912 wire_bytes=536871168 extents=512 logical_records=131072 acks=0 seconds=1.026525 payload_Gbitps=4.184 logical_iops=127685 thread_cpu_seconds=0.123418 cpu_wall_pct=12.0 target_cpu=86 affinity_applied=true start_cpu=86 end_cpu=86 voluntary_ctxt_switches=56 involuntary_ctxt_switches=2 migrations=0
zcwal-extent-send-worker: worker=87 streams=2 payload_bytes=536870912 wire_bytes=536871168 extents=512 logical_records=131072 acks=0 seconds=1.593533 payload_Gbitps=2.695 logical_iops=82252 thread_cpu_seconds=0.092365 cpu_wall_pct=5.8 target_cpu=87 affinity_applied=true start_cpu=87 end_cpu=87 voluntary_ctxt_switches=56 involuntary_ctxt_switches=1 migrations=0
zcwal-extent-send-worker: worker=88 streams=2 payload_bytes=536870912 wire_bytes=536871168 extents=512 logical_records=131072 acks=0 seconds=2.074221 payload_Gbitps=2.071 logical_iops=63191 thread_cpu_seconds=0.099924 cpu_wall_pct=4.8 target_cpu=88 affinity_applied=true start_cpu=88 end_cpu=88 voluntary_ctxt_switches=57 involuntary_ctxt_switches=8 migrations=0
zcwal-extent-send-worker: worker=89 streams=2 payload_bytes=536870912 wire_bytes=536871168 extents=512 logical_records=131072 acks=0 seconds=2.032396 payload_Gbitps=2.113 logical_iops=64491 thread_cpu_seconds=0.087431 cpu_wall_pct=4.3 target_cpu=89 affinity_applied=true start_cpu=89 end_cpu=89 voluntary_ctxt_switches=56 involuntary_ctxt_switches=1 migrations=0
zcwal-extent-send-worker: worker=90 streams=2 payload_bytes=536870912 wire_bytes=536871168 extents=512 logical_records=131072 acks=0 seconds=1.268492 payload_Gbitps=3.386 logical_iops=103329 thread_cpu_seconds=0.088767 cpu_wall_pct=7.0 target_cpu=90 affinity_applied=true start_cpu=90 end_cpu=90 voluntary_ctxt_switches=54 involuntary_ctxt_switches=0 migrations=0
zcwal-extent-send-worker: worker=91 streams=2 payload_bytes=536870912 wire_bytes=536871168 extents=512 logical_records=131072 acks=0 seconds=1.142931 payload_Gbitps=3.758 logical_iops=114681 thread_cpu_seconds=0.090144 cpu_wall_pct=7.9 target_cpu=91 affinity_applied=true start_cpu=91 end_cpu=91 voluntary_ctxt_switches=56 involuntary_ctxt_switches=1 migrations=0
zcwal-extent-send-worker: worker=92 streams=2 payload_bytes=536870912 wire_bytes=536871168 extents=512 logical_records=131072 acks=0 seconds=1.346331 payload_Gbitps=3.190 logical_iops=97355 thread_cpu_seconds=0.128426 cpu_wall_pct=9.5 target_cpu=92 affinity_applied=true start_cpu=92 end_cpu=92 voluntary_ctxt_switches=55 involuntary_ctxt_switches=5 migrations=0
zcwal-extent-send-worker: worker=93 streams=2 payload_bytes=536870912 wire_bytes=536871168 extents=512 logical_records=131072 acks=0 seconds=0.976876 payload_Gbitps=4.397 logical_iops=134175 thread_cpu_seconds=0.089149 cpu_wall_pct=9.1 target_cpu=93 affinity_applied=true start_cpu=93 end_cpu=93 voluntary_ctxt_switches=54 involuntary_ctxt_switches=0 migrations=0
zcwal-extent-send-worker: worker=94 streams=2 payload_bytes=536870912 wire_bytes=536871168 extents=512 logical_records=131072 acks=0 seconds=1.718192 payload_Gbitps=2.500 logical_iops=76285 thread_cpu_seconds=0.119402 cpu_wall_pct=6.9 target_cpu=94 affinity_applied=true start_cpu=94 end_cpu=94 voluntary_ctxt_switches=53 involuntary_ctxt_switches=11 migrations=0
zcwal-extent-send-worker: worker=95 streams=2 payload_bytes=536870912 wire_bytes=536871168 extents=512 logical_records=131072 acks=0 seconds=0.985957 payload_Gbitps=4.356 logical_iops=132939 thread_cpu_seconds=0.089277 cpu_wall_pct=9.1 target_cpu=95 affinity_applied=true start_cpu=95 end_cpu=95 voluntary_ctxt_switches=55 involuntary_ctxt_switches=0 migrations=0
zcwal-extent-send-summary: payload_bytes=68719476736 wire_bytes=68719509504 extents=65536 logical_records=16777216 acks=0 seconds=2.542457 payload_Gbitps=216.230 logical_iops=6598819
	Command being timed: "timeout 120s ./target/release/zcutils zcwal-extent-send 172.31.35.97 39600 256 1 256M 1M 96 false stream uring"
	User time (seconds): 0.04
	System time (seconds): 11.53
	Percent of CPU this job got: 446%
	Elapsed (wall clock) time (h:mm:ss or m:ss): 0:02.59
	Average shared text size (kbytes): 0
	Average unshared data size (kbytes): 0
	Average stack size (kbytes): 0
	Average total size (kbytes): 0
	Maximum resident set size (kbytes): 150596
	Average resident set size (kbytes): 0
	Major (requiring I/O) page faults: 0
	Minor (reclaiming a frame) page faults: 75589
	Voluntary context switches: 6917
	Involuntary context switches: 450
	Swaps: 0
	File system inputs: 0
	File system outputs: 0
	Socket messages sent: 0
	Socket messages received: 0
	Signals delivered: 0
	Page size (bytes): 4096
	Exit status: 0
