{
  "ami_id": "ami-0be851ac12cc5900e",
  "az": "us-east-2c",
  "cost_ceiling": {
    "duration_hours": 1.746388888888889,
    "public_ipv4_ceiling_usd": 0.01746388888888889,
    "root_ebs_ceiling_usd": 0.036745936073059364,
    "spot_ceiling_usd": 0.6985555555555556,
    "total_ceiling_usd": 0.7527653805175039
  },
  "drop_dead_utc": "2026-07-13T00:14:16Z",
  "ena_express": false,
  "enable_efa": false,
  "instance_type": "c8gn.2xlarge",
  "network_card_count": 1,
  "nodes": 2,
  "public_ip_mode": "auto-associate",
  "region": "us-east-2",
  "request": {
    "BlockDeviceMappings": [
      {
        "DeviceName": "/dev/sda1",
        "Ebs": {
          "DeleteOnTermination": true,
          "VolumeSize": 64,
          "VolumeType": "gp3"
        }
      }
    ],
    "ImageId": "ami-0be851ac12cc5900e",
    "InstanceMarketOptions": {
      "MarketType": "spot",
      "SpotOptions": {
        "InstanceInterruptionBehavior": "terminate",
        "MaxPrice": "0.20",
        "SpotInstanceType": "one-time"
      }
    },
    "InstanceType": "c8gn.2xlarge",
    "KeyName": "adhocMasterKeypair",
    "MaxCount": 2,
    "MetadataOptions": {
      "HttpEndpoint": "enabled",
      "HttpTokens": "required"
    },
    "MinCount": 2,
    "NetworkInterfaces": [
      {
        "AssociatePublicIpAddress": true,
        "DeviceIndex": 0,
        "Groups": [
          "sg-025a50a35d3073a8a"
        ],
        "NetworkCardIndex": 0,
        "SubnetId": "subnet-c66ddd8b"
      }
    ],
    "Placement": {
      "AvailabilityZone": "us-east-2c"
    },
    "TagSpecifications": [
      {
        "ResourceType": "instance",
        "Tags": [
          {
            "Key": "Name",
            "Value": "zcworkload-adhoc-20260712T222851Z"
          },
          {
            "Key": "Project",
            "Value": "uring-play"
          },
          {
            "Key": "Purpose",
            "Value": "adhoc-performance-compute"
          },
          {
            "Key": "uringPlayRunId",
            "Value": "zcworkload-adhoc-20260712T222851Z"
          },
          {
            "Key": "adhocKeepaliveModeAction",
            "Value": "terminate"
          },
          {
            "Key": "adhocKeepalive",
            "Value": "2026-07-13T00:14:16Z"
          }
        ]
      },
      {
        "ResourceType": "volume",
        "Tags": [
          {
            "Key": "Name",
            "Value": "zcworkload-adhoc-20260712T222851Z"
          },
          {
            "Key": "Project",
            "Value": "uring-play"
          },
          {
            "Key": "Purpose",
            "Value": "adhoc-performance-compute"
          },
          {
            "Key": "uringPlayRunId",
            "Value": "zcworkload-adhoc-20260712T222851Z"
          },
          {
            "Key": "adhocKeepaliveModeAction",
            "Value": "terminate"
          },
          {
            "Key": "adhocKeepalive",
            "Value": "2026-07-13T00:14:16Z"
          }
        ]
      }
    ]
  },
  "run_id": "zcworkload-adhoc-20260712T222851Z",
  "subnet_id": "subnet-c66ddd8b"
}
{
  "drop_dead_utc": "2026-07-13T00:14:16Z",
  "instances": [
    {
      "az": "us-east-2c",
      "instance_id": "i-0b20d97c84b423c59",
      "instance_type": "c8gn.2xlarge",
      "network_interfaces": [
        {
          "device_index": 0,
          "interface_type": "interface",
          "mac": "0a:c2:cf:a7:31:e3",
          "network_card_index": 0,
          "network_interface_id": "eni-045394ad478f18709",
          "private_ip": "172.31.33.101",
          "public_ip": "18.223.135.55"
        }
      ],
      "private_ip": "172.31.33.101",
      "public_ip": "18.223.135.55"
    },
    {
      "az": "us-east-2c",
      "instance_id": "i-0f0b7dee5519dba6e",
      "instance_type": "c8gn.2xlarge",
      "network_interfaces": [
        {
          "device_index": 0,
          "interface_type": "interface",
          "mac": "0a:f1:88:82:70:43",
          "network_card_index": 0,
          "network_interface_id": "eni-0c8d01d060ef812fe",
          "private_ip": "172.31.36.25",
          "public_ip": "3.144.236.144"
        }
      ],
      "private_ip": "172.31.36.25",
      "public_ip": "3.144.236.144"
    }
  ],
  "public_ip_mode": "auto-associate",
  "region": "us-east-2",
  "run_id": "zcworkload-adhoc-20260712T222851Z"
}
wrote inventory: bench-results/zcworkload-adhoc-20260712T222851Z/inventory.json
