pgbench (17.10 (Debian 17.10-0+deb13u1))
starting vacuum...end.
progress: 5.0 s, 36103.7 tps, lat 0.868 ms stddev 9.537, 0 failed
progress: 10.0 s, 41004.2 tps, lat 0.780 ms stddev 8.644, 0 failed
progress: 15.0 s, 45294.2 tps, lat 0.707 ms stddev 8.684, 0 failed
progress: 20.0 s, 42201.2 tps, lat 0.765 ms stddev 9.276, 0 failed
transaction type: <builtin: TPC-B (sort of)>
scaling factor: 100
query mode: prepared
number of clients: 32
number of threads: 4
maximum number of tries: 1
duration: 20 s
number of transactions actually processed: 823050
number of failed transactions: 0 (0.000%)
latency average = 0.780 ms
latency stddev = 9.051 ms
initial connection time = 7.487 ms
tps = 40710.330848 (without initial connection time)
statement latencies in milliseconds and failures:
         0.000           0  \set aid random(1, 100000 * :scale)
         0.000           0  \set bid random(1, 1 * :scale)
         0.000           0  \set tid random(1, 10 * :scale)
         0.000           0  \set delta random(-5000, 5000)
         0.016           0  BEGIN;
         0.035           0  UPDATE pgbench_accounts SET abalance = abalance + :delta WHERE aid = :aid;
         0.022           0  SELECT abalance FROM pgbench_accounts WHERE aid = :aid;
         0.032           0  UPDATE pgbench_tellers SET tbalance = tbalance + :delta WHERE tid = :tid;
         0.109           0  UPDATE pgbench_branches SET bbalance = bbalance + :delta WHERE bid = :bid;
         0.019           0  INSERT INTO pgbench_history (tid, bid, aid, delta, mtime) VALUES (:tid, :bid, :aid, :delta, CURRENT_TIMESTAMP);
         0.541           0  END;
