c[?7l[2J[0mSeaBIOS (version 1.16.3-debian-1.16.3-2)


iPXE (https://ipxe.org) 00:02.0 C000 PCI2.10 PnP PMM+3EFC6D50+3EF06D50 C000
Press Ctrl-B to configure iPXE (PCI 00:02.0)...                                                                               


Booting from ROM..c[?7l[2J[    0.022170] RDSEED32 is broken. Disabling the corresponding CPUID bit.
[zcrx-vm] booted
Linux (none) 7.0.8-io-slots-03 #slots3 SMP PREEMPT_DYNAMIC Sun May 31 09:43:13 EDT 2026 x86_64 GNU/Linux
[fan-qemu] role=client mode=mirror bytes=512m chunk=1m buffer=4m
Linux (none) 7.0.8-io-slots-03 #slots3 SMP PREEMPT_DYNAMIC Sun May 31 09:43:13 EDT 2026 x86_64 GNU/Linux
/uring-play: error while loading shared libraries: libfabric.so.1: cannot open shared object file: No such file or directory
[fan-qemu] iface=eth0 addr=10.71.0.1/24
[35m10.71.0.0/24 [0mdev [36meth0 [0mproto kernel scope link src [35m10.71.0.1 [0m
[fan-qemu] client: starting send
/uring-play: error while loading shared libraries: libfabric.so.1: cannot open shared object file: No such file or directory
/uring-play: error while loading shared libraries: libfabric.so.1: cannot open shared object file: No such file or directory
[fan-qemu] client: failed
[fan-qemu] recent kernel log
[    0.092406] rtc_cmos 00:04: setting system clock to 2026-06-06T12:25:18 UTC (1780748718)
[    0.092475] rtc_cmos 00:04: alarms up to one day, y3k, 242 bytes nvram, hpet irqs
[    0.092484] amd_pstate: The CPPC feature is supported but currently disabled by the BIOS.
[    0.092484] Please enable it if your BIOS has the CPPC option.
[    0.092485] amd_pstate: the _CPC object is not present in SBIOS or ACPI disabled
[    0.092567] NET: Registered PF_INET6 protocol family
[    0.092865] input: AT Translated Set 2 keyboard as /devices/platform/i8042/serio0/input/input0
[    0.092913] Segment Routing with IPv6
[    0.092918] In-situ OAM (IOAM) with IPv6
[    0.092937] mip6: Mobile IPv6
[    0.092941] NET: Registered PF_PACKET protocol family
[    0.092991] mpls_gso: MPLS GSO support
[    0.093394] IPI shorthand broadcast: enabled
[    0.094092] sched_clock: Marking stable (90475230, 2858491)->(96768032, -3434311)
[    0.094235] registered taskstats version 1
[    0.094303] Loading compiled-in X.509 certificates
[    0.094589] Loaded X.509 cert 'Build time autogenerated kernel key: 9bb78960a7c48d33dad6713b161a74b0a863b123'
[    0.095424] Demotion targets for Node 0: null
[    0.095496] Key type .fscrypt registered
[    0.095498] Key type fscrypt-provisioning registered
[    0.096135] Key type encrypted registered
[    0.096138] AppArmor: AppArmor sha256 policy hashing enabled
[    0.096139] ima: No TPM chip found, activating TPM-bypass!
[    0.096141] ima: Allocated hash algorithm: sha256
[    0.096146] ima: No architecture policies found
[    0.096157] evm: Initialising EVM extended attributes:
[    0.096157] evm: security.selinux
[    0.096158] evm: security.SMACK64 (disabled)
[    0.096158] evm: security.SMACK64EXEC (disabled)
[    0.096159] evm: security.SMACK64TRANSMUTE (disabled)
[    0.096159] evm: security.SMACK64MMAP (disabled)
[    0.096159] evm: security.apparmor
[    0.096160] evm: security.ima
[    0.096160] evm: security.capability
[    0.096160] evm: HMAC attrs: 0x1
[    0.096228] RAS: Correctable Errors collector initialized.
[    0.096300] clk: Disabling unused clocks
[    0.096302] PM: genpd: Disabling unused power domains
[    0.097046] Freeing unused decrypted memory: 2036K
[    0.097329] Freeing unused kernel image (initmem) memory: 4300K
[    0.097338] Write protecting the kernel read-only data: 30720k
[    0.097421] Freeing unused kernel image (text/rodata gap) memory: 8K
[    0.097602] Freeing unused kernel image (rodata/data gap) memory: 1960K
[    0.117807] x86/mm: Checked W+X mappings: passed, no W+X pages found.
[    0.117812] Run /init as init process
[    0.117813]   with arguments:
[    0.117814]     /init
[    0.117814]   with environment:
[    0.117815]     HOME=/
[    0.117815]     TERM=linux
[    0.117815]     uring_vm_mode=fan-tcp-raid
[    0.117816]     fan_role=client
[    0.117816]     fan_mode=mirror
[    0.117816]     fan_bytes=512m
[    0.117817]     fan_chunk=1m
[    0.117817]     fan_buffer=4m
[    0.117817]     fan_client_port=41000
[    0.117818]     fan_edge1_port=42001
[    0.117818]     fan_edge2_port=42002
[    0.134265] failover: module verification failed: signature and/or required key missing - tainting kernel
[    2.195817] reboot: Power down
