zcwal-extent-send: addr=172.31.44.118 base_port=33300 lanes=128 connections_per_lane=1 total_connections=128 bytes_per_connection=100663296 extent_bytes=393216 record_size=4096 records_per_extent=96 workers=128 framing=stream data_path=uring ack_enabled=yes tcp_nodelay=yes socket_buffer_bytes=16777216 uring_pipeline=32 uring_entries=64 source_ports=kernel-ephemeral
zcwal-extent-send-worker: affinity_index=0 target_cpu=144 status=ok
zcwal-extent-send-worker: affinity_index=1 target_cpu=145 status=ok
zcwal-extent-send-worker: affinity_index=2 target_cpu=146 status=ok
zcwal-extent-send-worker: affinity_index=3 target_cpu=147 status=ok
zcwal-extent-send-worker: affinity_index=4 target_cpu=148 status=ok
zcwal-extent-send-stream: worker=3 lane=3 port=33303 conn=0
zcwal-extent-send-stream: worker=2 lane=2 port=33302 conn=0
zcwal-extent-send-stream: worker=0 lane=0 port=33300 conn=0
zcwal-extent-send-worker: affinity_index=6 target_cpu=150 status=ok
zcwal-extent-send-worker: affinity_index=7 target_cpu=151 status=ok
zcwal-extent-send-worker: affinity_index=5 target_cpu=149 status=ok
zcwal-extent-send-worker: affinity_index=8 target_cpu=152 status=ok
zcwal-extent-send-stream: worker=4 lane=4 port=33304 conn=0
zcwal-extent-send-stream: worker=6 lane=6 port=33306 conn=0
zcwal-extent-send-stream: worker=5 lane=5 port=33305 conn=0
zcwal-extent-send-worker: affinity_index=9 target_cpu=153 status=ok
zcwal-extent-send-stream: worker=7 lane=7 port=33307 conn=0
zcwal-extent-send-worker: affinity_index=10 target_cpu=154 status=ok
zcwal-extent-send-stream: worker=8 lane=8 port=33308 conn=0
zcwal-extent-send-stream: worker=9 lane=9 port=33309 conn=0
zcwal-extent-send-worker: affinity_index=11 target_cpu=155 status=ok
zcwal-extent-send-worker: affinity_index=13 target_cpu=157 status=ok
zcwal-extent-send-stream: worker=10 lane=10 port=33310 conn=0
zcwal-extent-send-worker: affinity_index=12 target_cpu=156 status=ok
zcwal-extent-send-worker: affinity_index=14 target_cpu=158 status=ok
zcwal-extent-send-worker: affinity_index=15 target_cpu=159 status=ok
zcwal-extent-send-stream: worker=11 lane=11 port=33311 conn=0
zcwal-extent-send-worker: affinity_index=16 target_cpu=160 status=ok
zcwal-extent-send-stream: worker=13 lane=13 port=33313 conn=0
zcwal-extent-send-stream: worker=12 lane=12 port=33312 conn=0
zcwal-extent-send-worker: affinity_index=17 target_cpu=161 status=ok
zcwal-extent-send-stream: worker=14 lane=14 port=33314 conn=0
zcwal-extent-send-worker: affinity_index=18 target_cpu=162 status=ok
zcwal-extent-send-stream: worker=15 lane=15 port=33315 conn=0
zcwal-extent-send-stream: worker=16 lane=16 port=33316 conn=0
tcp-bench-connect-route-probe: peer=172.31.44.118:33301 local_socket=172.31.38.60:58641 probe_src=172.31.38.60 route_dev=ens146 route_src=172.31.38.60 route="172.31.44.118 from 172.31.38.60 dev ens146 table 101 uid 1000 \ cache"
zcwal-extent-send-stream: worker=1 lane=1 port=33301 conn=0
zcwal-extent-send-worker: affinity_index=21 target_cpu=165 status=ok
zcwal-extent-send-worker: affinity_index=19 target_cpu=163 status=ok
zcwal-extent-send-stream: worker=18 lane=18 port=33318 conn=0
zcwal-extent-send-worker: affinity_index=20 target_cpu=164 status=ok
zcwal-extent-send-stream: worker=17 lane=17 port=33317 conn=0
zcwal-extent-send-stream: worker=19 lane=19 port=33319 conn=0
zcwal-extent-send-worker: affinity_index=22 target_cpu=166 status=ok
zcwal-extent-send-worker: affinity_index=23 target_cpu=167 status=ok
zcwal-extent-send-stream: worker=21 lane=21 port=33321 conn=0
zcwal-extent-send-stream: worker=20 lane=20 port=33320 conn=0
zcwal-extent-send-stream: worker=22 lane=22 port=33322 conn=0
zcwal-extent-send-worker: affinity_index=24 target_cpu=168 status=ok
zcwal-extent-send-stream: worker=23 lane=23 port=33323 conn=0
zcwal-extent-send-worker: affinity_index=25 target_cpu=169 status=ok
zcwal-extent-send-stream: worker=24 lane=24 port=33324 conn=0
zcwal-extent-send-worker: affinity_index=28 target_cpu=172 status=ok
zcwal-extent-send-worker: affinity_index=29 target_cpu=173 status=ok
zcwal-extent-send-stream: worker=25 lane=25 port=33325 conn=0
zcwal-extent-send-worker: affinity_index=30 target_cpu=174 status=ok
zcwal-extent-send-stream: worker=28 lane=28 port=33328 conn=0
zcwal-extent-send-stream: worker=29 lane=29 port=33329 conn=0
zcwal-extent-send-worker: affinity_index=26 target_cpu=170 status=ok
zcwal-extent-send-worker: affinity_index=31 target_cpu=175 status=ok
zcwal-extent-send-stream: worker=30 lane=30 port=33330 conn=0
zcwal-extent-send-worker: affinity_index=27 target_cpu=171 status=ok
zcwal-extent-send-stream: worker=26 lane=26 port=33326 conn=0
zcwal-extent-send-stream: worker=31 lane=31 port=33331 conn=0
zcwal-extent-send-worker: affinity_index=33 target_cpu=177 status=ok
zcwal-extent-send-worker: affinity_index=32 target_cpu=176 status=ok
zcwal-extent-send-worker: affinity_index=34 target_cpu=178 status=ok
zcwal-extent-send-worker: affinity_index=35 target_cpu=179 status=ok
zcwal-extent-send-worker: affinity_index=37 target_cpu=181 status=ok
zcwal-extent-send-stream: worker=27 lane=27 port=33327 conn=0
zcwal-extent-send-worker: affinity_index=36 target_cpu=180 status=ok
zcwal-extent-send-stream: worker=32 lane=32 port=33332 conn=0
zcwal-extent-send-worker: affinity_index=38 target_cpu=182 status=ok
zcwal-extent-send-worker: affinity_index=39 target_cpu=183 status=ok
zcwal-extent-send-stream: worker=37 lane=37 port=33337 conn=0
zcwal-extent-send-stream: worker=38 lane=38 port=33338 conn=0
zcwal-extent-send-worker: affinity_index=40 target_cpu=184 status=ok
zcwal-extent-send-stream: worker=36 lane=36 port=33336 conn=0
zcwal-extent-send-worker: affinity_index=41 target_cpu=185 status=ok
zcwal-extent-send-stream: worker=33 lane=33 port=33333 conn=0
zcwal-extent-send-stream: worker=34 lane=34 port=33334 conn=0
zcwal-extent-send-stream: worker=35 lane=35 port=33335 conn=0
zcwal-extent-send-stream: worker=39 lane=39 port=33339 conn=0
zcwal-extent-send-stream: worker=40 lane=40 port=33340 conn=0
zcwal-extent-send-worker: affinity_index=42 target_cpu=186 status=ok
zcwal-extent-send-worker: affinity_index=43 target_cpu=187 status=ok
zcwal-extent-send-stream: worker=41 lane=41 port=33341 conn=0
zcwal-extent-send-worker: affinity_index=44 target_cpu=188 status=ok
zcwal-extent-send-stream: worker=43 lane=43 port=33343 conn=0
zcwal-extent-send-worker: affinity_index=45 target_cpu=189 status=ok
zcwal-extent-send-stream: worker=42 lane=42 port=33342 conn=0
zcwal-extent-send-stream: worker=44 lane=44 port=33344 conn=0
zcwal-extent-send-worker: affinity_index=46 target_cpu=190 status=ok
zcwal-extent-send-stream: worker=45 lane=45 port=33345 conn=0
zcwal-extent-send-worker: affinity_index=48 target_cpu=144 status=ok
zcwal-extent-send-worker: affinity_index=47 target_cpu=191 status=ok
zcwal-extent-send-worker: affinity_index=49 target_cpu=145 status=ok
zcwal-extent-send-stream: worker=46 lane=46 port=33346 conn=0
zcwal-extent-send-stream: worker=48 lane=48 port=33348 conn=0
zcwal-extent-send-stream: worker=47 lane=47 port=33347 conn=0
zcwal-extent-send-stream: worker=49 lane=49 port=33349 conn=0
zcwal-extent-send-worker: affinity_index=50 target_cpu=146 status=ok
zcwal-extent-send-worker: affinity_index=51 target_cpu=147 status=ok
zcwal-extent-send-worker: affinity_index=52 target_cpu=148 status=ok
zcwal-extent-send-stream: worker=51 lane=51 port=33351 conn=0
zcwal-extent-send-stream: worker=50 lane=50 port=33350 conn=0
zcwal-extent-send-stream: worker=52 lane=52 port=33352 conn=0
zcwal-extent-send-worker: affinity_index=53 target_cpu=149 status=ok
zcwal-extent-send-worker: affinity_index=54 target_cpu=150 status=ok
zcwal-extent-send-worker: affinity_index=56 target_cpu=152 status=ok
zcwal-extent-send-stream: worker=53 lane=53 port=33353 conn=0
zcwal-extent-send-worker: affinity_index=55 target_cpu=151 status=ok
zcwal-extent-send-worker: affinity_index=57 target_cpu=153 status=ok
zcwal-extent-send-worker: affinity_index=58 target_cpu=154 status=ok
zcwal-extent-send-stream: worker=55 lane=55 port=33355 conn=0
zcwal-extent-send-stream: worker=56 lane=56 port=33356 conn=0
zcwal-extent-send-worker: affinity_index=59 target_cpu=155 status=ok
zcwal-extent-send-stream: worker=57 lane=57 port=33357 conn=0
zcwal-extent-send-stream: worker=58 lane=58 port=33358 conn=0
zcwal-extent-send-worker: affinity_index=60 target_cpu=156 status=ok
zcwal-extent-send-stream: worker=54 lane=54 port=33354 conn=0
zcwal-extent-send-worker: affinity_index=63 target_cpu=159 status=ok
zcwal-extent-send-stream: worker=59 lane=59 port=33359 conn=0
zcwal-extent-send-worker: affinity_index=61 target_cpu=157 status=ok
zcwal-extent-send-stream: worker=60 lane=60 port=33360 conn=0
zcwal-extent-send-worker: affinity_index=62 target_cpu=158 status=ok
zcwal-extent-send-worker: affinity_index=64 target_cpu=160 status=ok
zcwal-extent-send-worker: affinity_index=65 target_cpu=161 status=ok
zcwal-extent-send-worker: affinity_index=66 target_cpu=162 status=ok
zcwal-extent-send-worker: affinity_index=67 target_cpu=163 status=ok
zcwal-extent-send-worker: affinity_index=68 target_cpu=164 status=ok
zcwal-extent-send-worker: affinity_index=69 target_cpu=165 status=ok
zcwal-extent-send-worker: affinity_index=70 target_cpu=166 status=ok
zcwal-extent-send-worker: affinity_index=71 target_cpu=167 status=ok
zcwal-extent-send-worker: affinity_index=72 target_cpu=168 status=ok
zcwal-extent-send-worker: affinity_index=73 target_cpu=169 status=ok
zcwal-extent-send-worker: affinity_index=74 target_cpu=170 status=ok
zcwal-extent-send-worker: affinity_index=75 target_cpu=171 status=ok
zcwal-extent-send-worker: affinity_index=76 target_cpu=172 status=ok
zcwal-extent-send-worker: affinity_index=77 target_cpu=173 status=ok
zcwal-extent-send-worker: affinity_index=78 target_cpu=174 status=ok
zcwal-extent-send-worker: affinity_index=79 target_cpu=175 status=ok
zcwal-extent-send-worker: affinity_index=80 target_cpu=176 status=ok
zcwal-extent-send-worker: affinity_index=81 target_cpu=177 status=ok
zcwal-extent-send-worker: affinity_index=83 target_cpu=179 status=ok
zcwal-extent-send-worker: affinity_index=82 target_cpu=178 status=ok
zcwal-extent-send-worker: affinity_index=84 target_cpu=180 status=ok
zcwal-extent-send-worker: affinity_index=85 target_cpu=181 status=ok
zcwal-extent-send-worker: affinity_index=86 target_cpu=182 status=ok
zcwal-extent-send-worker: affinity_index=87 target_cpu=183 status=ok
zcwal-extent-send-worker: affinity_index=89 target_cpu=185 status=ok
zcwal-extent-send-worker: affinity_index=88 target_cpu=184 status=ok
zcwal-extent-send-worker: affinity_index=90 target_cpu=186 status=ok
zcwal-extent-send-worker: affinity_index=91 target_cpu=187 status=ok
zcwal-extent-send-worker: affinity_index=92 target_cpu=188 status=ok
zcwal-extent-send-worker: affinity_index=93 target_cpu=189 status=ok
zcwal-extent-send-worker: affinity_index=94 target_cpu=190 status=ok
zcwal-extent-send-worker: affinity_index=95 target_cpu=191 status=ok
zcwal-extent-send-worker: affinity_index=97 target_cpu=145 status=ok
zcwal-extent-send-worker: affinity_index=96 target_cpu=144 status=ok
zcwal-extent-send-worker: affinity_index=98 target_cpu=146 status=ok
zcwal-extent-send-worker: affinity_index=100 target_cpu=148 status=ok
zcwal-extent-send-worker: affinity_index=99 target_cpu=147 status=ok
zcwal-extent-send-worker: affinity_index=101 target_cpu=149 status=ok
zcwal-extent-send-worker: affinity_index=102 target_cpu=150 status=ok
zcwal-extent-send-worker: affinity_index=103 target_cpu=151 status=ok
zcwal-extent-send-worker: affinity_index=104 target_cpu=152 status=ok
zcwal-extent-send-worker: affinity_index=105 target_cpu=153 status=ok
zcwal-extent-send-worker: affinity_index=106 target_cpu=154 status=ok
zcwal-extent-send-worker: affinity_index=107 target_cpu=155 status=ok
zcwal-extent-send-worker: affinity_index=108 target_cpu=156 status=ok
zcwal-extent-send-worker: affinity_index=109 target_cpu=157 status=ok
zcwal-extent-send-worker: affinity_index=110 target_cpu=158 status=ok
zcwal-extent-send-worker: affinity_index=111 target_cpu=159 status=ok
zcwal-extent-send-worker: affinity_index=112 target_cpu=160 status=ok
zcwal-extent-send-worker: affinity_index=113 target_cpu=161 status=ok
zcwal-extent-send-worker: affinity_index=114 target_cpu=162 status=ok
zcwal-extent-send-worker: affinity_index=115 target_cpu=163 status=ok
zcwal-extent-send-worker: affinity_index=116 target_cpu=164 status=ok
zcwal-extent-send-worker: affinity_index=117 target_cpu=165 status=ok
zcwal-extent-send-worker: affinity_index=118 target_cpu=166 status=ok
zcwal-extent-send-worker: affinity_index=119 target_cpu=167 status=ok
zcwal-extent-send-worker: affinity_index=120 target_cpu=168 status=ok
zcwal-extent-send-worker: affinity_index=121 target_cpu=169 status=ok
zcwal-extent-send-worker: affinity_index=123 target_cpu=171 status=ok
zcwal-extent-send-worker: affinity_index=122 target_cpu=170 status=ok
zcwal-extent-send-worker: affinity_index=124 target_cpu=172 status=ok
zcwal-extent-send-worker: affinity_index=125 target_cpu=173 status=ok
zcwal-extent-send-worker: affinity_index=126 target_cpu=174 status=ok
zcwal-extent-send-worker: affinity_index=127 target_cpu=175 status=ok
zcwal-extent-send-stream: worker=123 lane=123 port=33423 conn=0
zcwal-extent-send-stream: worker=120 lane=120 port=33420 conn=0
zcwal-extent-send-stream: worker=101 lane=101 port=33401 conn=0
zcwal-extent-send-stream: worker=106 lane=106 port=33406 conn=0
zcwal-extent-send-stream: worker=118 lane=118 port=33418 conn=0
zcwal-extent-send-stream: worker=117 lane=117 port=33417 conn=0
zcwal-extent-send-stream: worker=107 lane=107 port=33407 conn=0
zcwal-extent-send-stream: worker=115 lane=115 port=33415 conn=0
zcwal-extent-send-stream: worker=122 lane=122 port=33422 conn=0
zcwal-extent-send-stream: worker=113 lane=113 port=33413 conn=0
zcwal-extent-send-stream: worker=116 lane=116 port=33416 conn=0
zcwal-extent-send-stream: worker=96 lane=96 port=33396 conn=0
zcwal-extent-send-stream: worker=126 lane=126 port=33426 conn=0
zcwal-extent-send-stream: worker=99 lane=99 port=33399 conn=0
zcwal-extent-send-stream: worker=100 lane=100 port=33400 conn=0
zcwal-extent-send-stream: worker=121 lane=121 port=33421 conn=0
zcwal-extent-send-stream: worker=127 lane=127 port=33427 conn=0
zcwal-extent-send-stream: worker=92 lane=92 port=33392 conn=0
zcwal-extent-send-stream: worker=90 lane=90 port=33390 conn=0
zcwal-extent-send-stream: worker=84 lane=84 port=33384 conn=0
zcwal-extent-send-stream: worker=68 lane=68 port=33368 conn=0
zcwal-extent-send-stream: worker=63 lane=63 port=33363 conn=0
zcwal-extent-send-stream: worker=104 lane=104 port=33404 conn=0
zcwal-extent-send-stream: worker=103 lane=103 port=33403 conn=0
zcwal-extent-send-stream: worker=79 lane=79 port=33379 conn=0
zcwal-extent-send-stream: worker=94 lane=94 port=33394 conn=0
zcwal-extent-send-stream: worker=97 lane=97 port=33397 conn=0
zcwal-extent-send-stream: worker=119 lane=119 port=33419 conn=0
zcwal-extent-send-stream: worker=67 lane=67 port=33367 conn=0
zcwal-extent-send-stream: worker=125 lane=125 port=33425 conn=0
zcwal-extent-send-stream: worker=83 lane=83 port=33383 conn=0
zcwal-extent-send-stream: worker=87 lane=87 port=33387 conn=0
zcwal-extent-send-stream: worker=111 lane=111 port=33411 conn=0
zcwal-extent-send-stream: worker=114 lane=114 port=33414 conn=0
zcwal-extent-send-stream: worker=75 lane=75 port=33375 conn=0
zcwal-extent-send-stream: worker=85 lane=85 port=33385 conn=0
zcwal-extent-send-stream: worker=109 lane=109 port=33409 conn=0
zcwal-extent-send-stream: worker=70 lane=70 port=33370 conn=0
zcwal-extent-send-stream: worker=77 lane=77 port=33377 conn=0
zcwal-extent-send-stream: worker=91 lane=91 port=33391 conn=0
zcwal-extent-send-stream: worker=65 lane=65 port=33365 conn=0
zcwal-extent-send-stream: worker=76 lane=76 port=33376 conn=0
zcwal-extent-send-stream: worker=98 lane=98 port=33398 conn=0
zcwal-extent-send-stream: worker=124 lane=124 port=33424 conn=0
zcwal-extent-send-stream: worker=81 lane=81 port=33381 conn=0
zcwal-extent-send-stream: worker=102 lane=102 port=33402 conn=0
zcwal-extent-send-stream: worker=73 lane=73 port=33373 conn=0
zcwal-extent-send-stream: worker=95 lane=95 port=33395 conn=0
zcwal-extent-send-stream: worker=66 lane=66 port=33366 conn=0
zcwal-extent-send-stream: worker=108 lane=108 port=33408 conn=0
zcwal-extent-send-stream: worker=80 lane=80 port=33380 conn=0
zcwal-extent-send-stream: worker=72 lane=72 port=33372 conn=0
zcwal-extent-send-stream: worker=71 lane=71 port=33371 conn=0
zcwal-extent-send-stream: worker=93 lane=93 port=33393 conn=0
zcwal-extent-send-stream: worker=78 lane=78 port=33378 conn=0
zcwal-extent-send-stream: worker=105 lane=105 port=33405 conn=0
zcwal-extent-send-stream: worker=74 lane=74 port=33374 conn=0
zcwal-extent-send-stream: worker=69 lane=69 port=33369 conn=0
zcwal-extent-send-stream: worker=110 lane=110 port=33410 conn=0
zcwal-extent-send-stream: worker=89 lane=89 port=33389 conn=0
zcwal-extent-send-stream: worker=82 lane=82 port=33382 conn=0
zcwal-extent-send-stream: worker=86 lane=86 port=33386 conn=0
zcwal-extent-send-stream: worker=112 lane=112 port=33412 conn=0
zcwal-extent-send-stream: worker=88 lane=88 port=33388 conn=0
zcwal-extent-send-stream: worker=64 lane=64 port=33364 conn=0
zcwal-extent-send-stream: worker=62 lane=62 port=33362 conn=0
zcwal-extent-send-stream: worker=61 lane=61 port=33361 conn=0
zcwal-extent-send-worker: worker=0 streams=1 payload_bytes=100663296 wire_bytes=100663424 extents=256 logical_records=24576 acks=1 seconds=0.208706 payload_Gbitps=3.859 logical_iops=117754 thread_cpu_seconds=0.013036 cpu_wall_pct=6.2 target_cpu=144 affinity_applied=true start_cpu=144 end_cpu=144 voluntary_ctxt_switches=24 involuntary_ctxt_switches=1 migrations=0
zcwal-extent-send-worker: worker=1 streams=1 payload_bytes=100663296 wire_bytes=100663424 extents=256 logical_records=24576 acks=1 seconds=0.351765 payload_Gbitps=2.289 logical_iops=69865 thread_cpu_seconds=0.015398 cpu_wall_pct=4.4 target_cpu=145 affinity_applied=true start_cpu=145 end_cpu=145 voluntary_ctxt_switches=17 involuntary_ctxt_switches=1 migrations=0
zcwal-extent-send-worker: worker=2 streams=1 payload_bytes=100663296 wire_bytes=100663424 extents=256 logical_records=24576 acks=1 seconds=0.269117 payload_Gbitps=2.992 logical_iops=91321 thread_cpu_seconds=0.012509 cpu_wall_pct=4.6 target_cpu=146 affinity_applied=true start_cpu=146 end_cpu=146 voluntary_ctxt_switches=20 involuntary_ctxt_switches=1 migrations=0
zcwal-extent-send-worker: worker=3 streams=1 payload_bytes=100663296 wire_bytes=100663424 extents=256 logical_records=24576 acks=1 seconds=0.314829 payload_Gbitps=2.558 logical_iops=78061 thread_cpu_seconds=0.016766 cpu_wall_pct=5.3 target_cpu=147 affinity_applied=true start_cpu=147 end_cpu=147 voluntary_ctxt_switches=16 involuntary_ctxt_switches=1 migrations=0
zcwal-extent-send-worker: worker=4 streams=1 payload_bytes=100663296 wire_bytes=100663424 extents=256 logical_records=24576 acks=1 seconds=0.252212 payload_Gbitps=3.193 logical_iops=97442 thread_cpu_seconds=0.012546 cpu_wall_pct=5.0 target_cpu=148 affinity_applied=true start_cpu=148 end_cpu=148 voluntary_ctxt_switches=17 involuntary_ctxt_switches=1 migrations=0
zcwal-extent-send-worker: worker=5 streams=1 payload_bytes=100663296 wire_bytes=100663424 extents=256 logical_records=24576 acks=1 seconds=0.270002 payload_Gbitps=2.983 logical_iops=91022 thread_cpu_seconds=0.011547 cpu_wall_pct=4.3 target_cpu=149 affinity_applied=true start_cpu=149 end_cpu=149 voluntary_ctxt_switches=19 involuntary_ctxt_switches=2 migrations=0
zcwal-extent-send-worker: worker=6 streams=1 payload_bytes=100663296 wire_bytes=100663424 extents=256 logical_records=24576 acks=1 seconds=0.258057 payload_Gbitps=3.121 logical_iops=95235 thread_cpu_seconds=0.013370 cpu_wall_pct=5.2 target_cpu=150 affinity_applied=true start_cpu=150 end_cpu=150 voluntary_ctxt_switches=18 involuntary_ctxt_switches=0 migrations=0
zcwal-extent-send-worker: worker=7 streams=1 payload_bytes=100663296 wire_bytes=100663424 extents=256 logical_records=24576 acks=1 seconds=0.274583 payload_Gbitps=2.933 logical_iops=89503 thread_cpu_seconds=0.013109 cpu_wall_pct=4.8 target_cpu=151 affinity_applied=true start_cpu=151 end_cpu=151 voluntary_ctxt_switches=21 involuntary_ctxt_switches=0 migrations=0
zcwal-extent-send-worker: worker=8 streams=1 payload_bytes=100663296 wire_bytes=100663424 extents=256 logical_records=24576 acks=1 seconds=0.349553 payload_Gbitps=2.304 logical_iops=70307 thread_cpu_seconds=0.011384 cpu_wall_pct=3.3 target_cpu=152 affinity_applied=true start_cpu=152 end_cpu=152 voluntary_ctxt_switches=17 involuntary_ctxt_switches=1 migrations=0
zcwal-extent-send-worker: worker=9 streams=1 payload_bytes=100663296 wire_bytes=100663424 extents=256 logical_records=24576 acks=1 seconds=0.414929 payload_Gbitps=1.941 logical_iops=59229 thread_cpu_seconds=0.013107 cpu_wall_pct=3.2 target_cpu=153 affinity_applied=true start_cpu=153 end_cpu=153 voluntary_ctxt_switches=18 involuntary_ctxt_switches=1 migrations=0
zcwal-extent-send-worker: worker=10 streams=1 payload_bytes=100663296 wire_bytes=100663424 extents=256 logical_records=24576 acks=1 seconds=0.207989 payload_Gbitps=3.872 logical_iops=118160 thread_cpu_seconds=0.012537 cpu_wall_pct=6.0 target_cpu=154 affinity_applied=true start_cpu=154 end_cpu=154 voluntary_ctxt_switches=17 involuntary_ctxt_switches=1 migrations=0
zcwal-extent-send-worker: worker=11 streams=1 payload_bytes=100663296 wire_bytes=100663424 extents=256 logical_records=24576 acks=1 seconds=0.310582 payload_Gbitps=2.593 logical_iops=79129 thread_cpu_seconds=0.014426 cpu_wall_pct=4.6 target_cpu=155 affinity_applied=true start_cpu=155 end_cpu=155 voluntary_ctxt_switches=17 involuntary_ctxt_switches=0 migrations=0
zcwal-extent-send-worker: worker=12 streams=1 payload_bytes=100663296 wire_bytes=100663424 extents=256 logical_records=24576 acks=1 seconds=0.297336 payload_Gbitps=2.708 logical_iops=82654 thread_cpu_seconds=0.012926 cpu_wall_pct=4.3 target_cpu=156 affinity_applied=true start_cpu=156 end_cpu=156 voluntary_ctxt_switches=16 involuntary_ctxt_switches=0 migrations=0
zcwal-extent-send-worker: worker=13 streams=1 payload_bytes=100663296 wire_bytes=100663424 extents=256 logical_records=24576 acks=1 seconds=0.246384 payload_Gbitps=3.268 logical_iops=99747 thread_cpu_seconds=0.020395 cpu_wall_pct=8.3 target_cpu=157 affinity_applied=true start_cpu=157 end_cpu=157 voluntary_ctxt_switches=13 involuntary_ctxt_switches=6 migrations=0
zcwal-extent-send-worker: worker=14 streams=1 payload_bytes=100663296 wire_bytes=100663424 extents=256 logical_records=24576 acks=1 seconds=0.249362 payload_Gbitps=3.229 logical_iops=98555 thread_cpu_seconds=0.012359 cpu_wall_pct=5.0 target_cpu=158 affinity_applied=true start_cpu=158 end_cpu=158 voluntary_ctxt_switches=20 involuntary_ctxt_switches=1 migrations=0
zcwal-extent-send-worker: worker=15 streams=1 payload_bytes=100663296 wire_bytes=100663424 extents=256 logical_records=24576 acks=1 seconds=0.168160 payload_Gbitps=4.789 logical_iops=146147 thread_cpu_seconds=0.013635 cpu_wall_pct=8.1 target_cpu=159 affinity_applied=true start_cpu=159 end_cpu=159 voluntary_ctxt_switches=18 involuntary_ctxt_switches=0 migrations=0
zcwal-extent-send-worker: worker=16 streams=1 payload_bytes=100663296 wire_bytes=100663424 extents=256 logical_records=24576 acks=1 seconds=0.203961 payload_Gbitps=3.948 logical_iops=120494 thread_cpu_seconds=0.012098 cpu_wall_pct=5.9 target_cpu=160 affinity_applied=true start_cpu=160 end_cpu=160 voluntary_ctxt_switches=17 involuntary_ctxt_switches=0 migrations=0
zcwal-extent-send-worker: worker=17 streams=1 payload_bytes=100663296 wire_bytes=100663424 extents=256 logical_records=24576 acks=1 seconds=0.319760 payload_Gbitps=2.518 logical_iops=76858 thread_cpu_seconds=0.013661 cpu_wall_pct=4.3 target_cpu=161 affinity_applied=true start_cpu=161 end_cpu=161 voluntary_ctxt_switches=16 involuntary_ctxt_switches=0 migrations=0
zcwal-extent-send-worker: worker=18 streams=1 payload_bytes=100663296 wire_bytes=100663424 extents=256 logical_records=24576 acks=1 seconds=0.275693 payload_Gbitps=2.921 logical_iops=89143 thread_cpu_seconds=0.013697 cpu_wall_pct=5.0 target_cpu=162 affinity_applied=true start_cpu=162 end_cpu=162 voluntary_ctxt_switches=17 involuntary_ctxt_switches=0 migrations=0
zcwal-extent-send-worker: worker=19 streams=1 payload_bytes=100663296 wire_bytes=100663424 extents=256 logical_records=24576 acks=1 seconds=0.348953 payload_Gbitps=2.308 logical_iops=70428 thread_cpu_seconds=0.016988 cpu_wall_pct=4.9 target_cpu=163 affinity_applied=true start_cpu=163 end_cpu=163 voluntary_ctxt_switches=16 involuntary_ctxt_switches=3 migrations=0
zcwal-extent-send-worker: worker=20 streams=1 payload_bytes=100663296 wire_bytes=100663424 extents=256 logical_records=24576 acks=1 seconds=0.254206 payload_Gbitps=3.168 logical_iops=96677 thread_cpu_seconds=0.013544 cpu_wall_pct=5.3 target_cpu=164 affinity_applied=true start_cpu=164 end_cpu=164 voluntary_ctxt_switches=15 involuntary_ctxt_switches=0 migrations=0
zcwal-extent-send-worker: worker=21 streams=1 payload_bytes=100663296 wire_bytes=100663424 extents=256 logical_records=24576 acks=1 seconds=0.228130 payload_Gbitps=3.530 logical_iops=107728 thread_cpu_seconds=0.020250 cpu_wall_pct=8.9 target_cpu=165 affinity_applied=true start_cpu=165 end_cpu=165 voluntary_ctxt_switches=17 involuntary_ctxt_switches=1 migrations=0
zcwal-extent-send-worker: worker=22 streams=1 payload_bytes=100663296 wire_bytes=100663424 extents=256 logical_records=24576 acks=1 seconds=0.251821 payload_Gbitps=3.198 logical_iops=97593 thread_cpu_seconds=0.012746 cpu_wall_pct=5.1 target_cpu=166 affinity_applied=true start_cpu=166 end_cpu=166 voluntary_ctxt_switches=17 involuntary_ctxt_switches=0 migrations=0
zcwal-extent-send-worker: worker=23 streams=1 payload_bytes=100663296 wire_bytes=100663424 extents=256 logical_records=24576 acks=1 seconds=0.273719 payload_Gbitps=2.942 logical_iops=89786 thread_cpu_seconds=0.015253 cpu_wall_pct=5.6 target_cpu=167 affinity_applied=true start_cpu=167 end_cpu=167 voluntary_ctxt_switches=16 involuntary_ctxt_switches=3 migrations=0
zcwal-extent-send-worker: worker=24 streams=1 payload_bytes=100663296 wire_bytes=100663424 extents=256 logical_records=24576 acks=1 seconds=0.149310 payload_Gbitps=5.394 logical_iops=164597 thread_cpu_seconds=0.013128 cpu_wall_pct=8.8 target_cpu=168 affinity_applied=true start_cpu=168 end_cpu=168 voluntary_ctxt_switches=16 involuntary_ctxt_switches=0 migrations=0
zcwal-extent-send-worker: worker=25 streams=1 payload_bytes=100663296 wire_bytes=100663424 extents=256 logical_records=24576 acks=1 seconds=0.230401 payload_Gbitps=3.495 logical_iops=106666 thread_cpu_seconds=0.014230 cpu_wall_pct=6.2 target_cpu=169 affinity_applied=true start_cpu=169 end_cpu=169 voluntary_ctxt_switches=15 involuntary_ctxt_switches=0 migrations=0
zcwal-extent-send-worker: worker=26 streams=1 payload_bytes=100663296 wire_bytes=100663424 extents=256 logical_records=24576 acks=1 seconds=0.165320 payload_Gbitps=4.871 logical_iops=148657 thread_cpu_seconds=0.013452 cpu_wall_pct=8.1 target_cpu=170 affinity_applied=true start_cpu=170 end_cpu=170 voluntary_ctxt_switches=16 involuntary_ctxt_switches=0 migrations=0
zcwal-extent-send-worker: worker=27 streams=1 payload_bytes=100663296 wire_bytes=100663424 extents=256 logical_records=24576 acks=1 seconds=0.246791 payload_Gbitps=3.263 logical_iops=99582 thread_cpu_seconds=0.016660 cpu_wall_pct=6.8 target_cpu=171 affinity_applied=true start_cpu=171 end_cpu=171 voluntary_ctxt_switches=14 involuntary_ctxt_switches=1 migrations=0
zcwal-extent-send-worker: worker=28 streams=1 payload_bytes=100663296 wire_bytes=100663424 extents=256 logical_records=24576 acks=1 seconds=0.320283 payload_Gbitps=2.514 logical_iops=76732 thread_cpu_seconds=0.012682 cpu_wall_pct=4.0 target_cpu=172 affinity_applied=true start_cpu=172 end_cpu=172 voluntary_ctxt_switches=20 involuntary_ctxt_switches=0 migrations=0
zcwal-extent-send-worker: worker=29 streams=1 payload_bytes=100663296 wire_bytes=100663424 extents=256 logical_records=24576 acks=1 seconds=0.196483 payload_Gbitps=4.099 logical_iops=125080 thread_cpu_seconds=0.020347 cpu_wall_pct=10.4 target_cpu=173 affinity_applied=true start_cpu=173 end_cpu=173 voluntary_ctxt_switches=15 involuntary_ctxt_switches=2 migrations=0
zcwal-extent-send-worker: worker=30 streams=1 payload_bytes=100663296 wire_bytes=100663424 extents=256 logical_records=24576 acks=1 seconds=0.351607 payload_Gbitps=2.290 logical_iops=69896 thread_cpu_seconds=0.013068 cpu_wall_pct=3.7 target_cpu=174 affinity_applied=true start_cpu=174 end_cpu=174 voluntary_ctxt_switches=15 involuntary_ctxt_switches=1 migrations=0
zcwal-extent-send-worker: worker=31 streams=1 payload_bytes=100663296 wire_bytes=100663424 extents=256 logical_records=24576 acks=1 seconds=0.166136 payload_Gbitps=4.847 logical_iops=147927 thread_cpu_seconds=0.020652 cpu_wall_pct=12.4 target_cpu=175 affinity_applied=true start_cpu=175 end_cpu=175 voluntary_ctxt_switches=15 involuntary_ctxt_switches=2 migrations=0
zcwal-extent-send-worker: worker=32 streams=1 payload_bytes=100663296 wire_bytes=100663424 extents=256 logical_records=24576 acks=1 seconds=0.274388 payload_Gbitps=2.935 logical_iops=89566 thread_cpu_seconds=0.013831 cpu_wall_pct=5.0 target_cpu=176 affinity_applied=true start_cpu=176 end_cpu=176 voluntary_ctxt_switches=16 involuntary_ctxt_switches=0 migrations=0
zcwal-extent-send-worker: worker=33 streams=1 payload_bytes=100663296 wire_bytes=100663424 extents=256 logical_records=24576 acks=1 seconds=0.281074 payload_Gbitps=2.865 logical_iops=87436 thread_cpu_seconds=0.012935 cpu_wall_pct=4.6 target_cpu=177 affinity_applied=true start_cpu=177 end_cpu=177 voluntary_ctxt_switches=20 involuntary_ctxt_switches=0 migrations=0
zcwal-extent-send-worker: worker=34 streams=1 payload_bytes=100663296 wire_bytes=100663424 extents=256 logical_records=24576 acks=1 seconds=0.265025 payload_Gbitps=3.039 logical_iops=92731 thread_cpu_seconds=0.012887 cpu_wall_pct=4.9 target_cpu=178 affinity_applied=true start_cpu=178 end_cpu=178 voluntary_ctxt_switches=16 involuntary_ctxt_switches=0 migrations=0
zcwal-extent-send-worker: worker=35 streams=1 payload_bytes=100663296 wire_bytes=100663424 extents=256 logical_records=24576 acks=1 seconds=0.297938 payload_Gbitps=2.703 logical_iops=82487 thread_cpu_seconds=0.013472 cpu_wall_pct=4.5 target_cpu=179 affinity_applied=true start_cpu=179 end_cpu=179 voluntary_ctxt_switches=21 involuntary_ctxt_switches=0 migrations=0
zcwal-extent-send-worker: worker=36 streams=1 payload_bytes=100663296 wire_bytes=100663424 extents=256 logical_records=24576 acks=1 seconds=0.320772 payload_Gbitps=2.511 logical_iops=76615 thread_cpu_seconds=0.013005 cpu_wall_pct=4.1 target_cpu=180 affinity_applied=true start_cpu=180 end_cpu=180 voluntary_ctxt_switches=14 involuntary_ctxt_switches=2 migrations=0
zcwal-extent-send-worker: worker=37 streams=1 payload_bytes=100663296 wire_bytes=100663424 extents=256 logical_records=24576 acks=1 seconds=0.309195 payload_Gbitps=2.605 logical_iops=79484 thread_cpu_seconds=0.018042 cpu_wall_pct=5.8 target_cpu=181 affinity_applied=true start_cpu=181 end_cpu=181 voluntary_ctxt_switches=15 involuntary_ctxt_switches=0 migrations=0
zcwal-extent-send-worker: worker=38 streams=1 payload_bytes=100663296 wire_bytes=100663424 extents=256 logical_records=24576 acks=1 seconds=0.379412 payload_Gbitps=2.123 logical_iops=64774 thread_cpu_seconds=0.014113 cpu_wall_pct=3.7 target_cpu=182 affinity_applied=true start_cpu=182 end_cpu=182 voluntary_ctxt_switches=16 involuntary_ctxt_switches=1 migrations=0
zcwal-extent-send-worker: worker=39 streams=1 payload_bytes=100663296 wire_bytes=100663424 extents=256 logical_records=24576 acks=1 seconds=0.429057 payload_Gbitps=1.877 logical_iops=57279 thread_cpu_seconds=0.017028 cpu_wall_pct=4.0 target_cpu=183 affinity_applied=true start_cpu=183 end_cpu=183 voluntary_ctxt_switches=18 involuntary_ctxt_switches=5 migrations=0
zcwal-extent-send-worker: worker=40 streams=1 payload_bytes=100663296 wire_bytes=100663424 extents=256 logical_records=24576 acks=1 seconds=0.348263 payload_Gbitps=2.312 logical_iops=70567 thread_cpu_seconds=0.013586 cpu_wall_pct=3.9 target_cpu=184 affinity_applied=true start_cpu=184 end_cpu=184 voluntary_ctxt_switches=19 involuntary_ctxt_switches=0 migrations=0
zcwal-extent-send-worker: worker=41 streams=1 payload_bytes=100663296 wire_bytes=100663424 extents=256 logical_records=24576 acks=1 seconds=0.361266 payload_Gbitps=2.229 logical_iops=68027 thread_cpu_seconds=0.015306 cpu_wall_pct=4.2 target_cpu=185 affinity_applied=true start_cpu=185 end_cpu=185 voluntary_ctxt_switches=17 involuntary_ctxt_switches=0 migrations=0
zcwal-extent-send-worker: worker=42 streams=1 payload_bytes=100663296 wire_bytes=100663424 extents=256 logical_records=24576 acks=1 seconds=0.260770 payload_Gbitps=3.088 logical_iops=94244 thread_cpu_seconds=0.013155 cpu_wall_pct=5.0 target_cpu=186 affinity_applied=true start_cpu=186 end_cpu=186 voluntary_ctxt_switches=18 involuntary_ctxt_switches=1 migrations=0
zcwal-extent-send-worker: worker=43 streams=1 payload_bytes=100663296 wire_bytes=100663424 extents=256 logical_records=24576 acks=1 seconds=0.274137 payload_Gbitps=2.938 logical_iops=89649 thread_cpu_seconds=0.013735 cpu_wall_pct=5.0 target_cpu=187 affinity_applied=true start_cpu=187 end_cpu=187 voluntary_ctxt_switches=18 involuntary_ctxt_switches=0 migrations=0
zcwal-extent-send-worker: worker=44 streams=1 payload_bytes=100663296 wire_bytes=100663424 extents=256 logical_records=24576 acks=1 seconds=0.188275 payload_Gbitps=4.277 logical_iops=130532 thread_cpu_seconds=0.013640 cpu_wall_pct=7.2 target_cpu=188 affinity_applied=true start_cpu=188 end_cpu=188 voluntary_ctxt_switches=18 involuntary_ctxt_switches=0 migrations=0
zcwal-extent-send-worker: worker=45 streams=1 payload_bytes=100663296 wire_bytes=100663424 extents=256 logical_records=24576 acks=1 seconds=0.192939 payload_Gbitps=4.174 logical_iops=127377 thread_cpu_seconds=0.014007 cpu_wall_pct=7.3 target_cpu=189 affinity_applied=true start_cpu=189 end_cpu=189 voluntary_ctxt_switches=16 involuntary_ctxt_switches=0 migrations=0
zcwal-extent-send-worker: worker=46 streams=1 payload_bytes=100663296 wire_bytes=100663424 extents=256 logical_records=24576 acks=1 seconds=0.281325 payload_Gbitps=2.863 logical_iops=87358 thread_cpu_seconds=0.013427 cpu_wall_pct=4.8 target_cpu=190 affinity_applied=true start_cpu=190 end_cpu=190 voluntary_ctxt_switches=18 involuntary_ctxt_switches=1 migrations=0
zcwal-extent-send-worker: worker=47 streams=1 payload_bytes=100663296 wire_bytes=100663424 extents=256 logical_records=24576 acks=1 seconds=0.312791 payload_Gbitps=2.575 logical_iops=78570 thread_cpu_seconds=0.012784 cpu_wall_pct=4.1 target_cpu=191 affinity_applied=true start_cpu=191 end_cpu=191 voluntary_ctxt_switches=16 involuntary_ctxt_switches=0 migrations=0
zcwal-extent-send-worker: worker=48 streams=1 payload_bytes=100663296 wire_bytes=100663424 extents=256 logical_records=24576 acks=1 seconds=0.239743 payload_Gbitps=3.359 logical_iops=102510 thread_cpu_seconds=0.012124 cpu_wall_pct=5.1 target_cpu=144 affinity_applied=true start_cpu=144 end_cpu=144 voluntary_ctxt_switches=16 involuntary_ctxt_switches=1 migrations=0
zcwal-extent-send-worker: worker=49 streams=1 payload_bytes=100663296 wire_bytes=100663424 extents=256 logical_records=24576 acks=1 seconds=0.468613 payload_Gbitps=1.718 logical_iops=52444 thread_cpu_seconds=0.013957 cpu_wall_pct=3.0 target_cpu=145 affinity_applied=true start_cpu=145 end_cpu=145 voluntary_ctxt_switches=18 involuntary_ctxt_switches=2 migrations=0
zcwal-extent-send-worker: worker=50 streams=1 payload_bytes=100663296 wire_bytes=100663424 extents=256 logical_records=24576 acks=1 seconds=0.277071 payload_Gbitps=2.906 logical_iops=88699 thread_cpu_seconds=0.012000 cpu_wall_pct=4.3 target_cpu=146 affinity_applied=true start_cpu=146 end_cpu=146 voluntary_ctxt_switches=18 involuntary_ctxt_switches=1 migrations=0
zcwal-extent-send-worker: worker=51 streams=1 payload_bytes=100663296 wire_bytes=100663424 extents=256 logical_records=24576 acks=1 seconds=0.369611 payload_Gbitps=2.179 logical_iops=66492 thread_cpu_seconds=0.013597 cpu_wall_pct=3.7 target_cpu=147 affinity_applied=true start_cpu=147 end_cpu=147 voluntary_ctxt_switches=17 involuntary_ctxt_switches=1 migrations=0
zcwal-extent-send-worker: worker=52 streams=1 payload_bytes=100663296 wire_bytes=100663424 extents=256 logical_records=24576 acks=1 seconds=0.228440 payload_Gbitps=3.525 logical_iops=107582 thread_cpu_seconds=0.012237 cpu_wall_pct=5.4 target_cpu=148 affinity_applied=true start_cpu=148 end_cpu=148 voluntary_ctxt_switches=22 involuntary_ctxt_switches=1 migrations=0
zcwal-extent-send-worker: worker=53 streams=1 payload_bytes=100663296 wire_bytes=100663424 extents=256 logical_records=24576 acks=1 seconds=0.247250 payload_Gbitps=3.257 logical_iops=99398 thread_cpu_seconds=0.013230 cpu_wall_pct=5.4 target_cpu=149 affinity_applied=true start_cpu=149 end_cpu=149 voluntary_ctxt_switches=17 involuntary_ctxt_switches=1 migrations=0
zcwal-extent-send-worker: worker=54 streams=1 payload_bytes=100663296 wire_bytes=100663424 extents=256 logical_records=24576 acks=1 seconds=0.295890 payload_Gbitps=2.722 logical_iops=83058 thread_cpu_seconds=0.012386 cpu_wall_pct=4.2 target_cpu=150 affinity_applied=true start_cpu=150 end_cpu=150 voluntary_ctxt_switches=19 involuntary_ctxt_switches=0 migrations=0
zcwal-extent-send-worker: worker=55 streams=1 payload_bytes=100663296 wire_bytes=100663424 extents=256 logical_records=24576 acks=1 seconds=0.225911 payload_Gbitps=3.565 logical_iops=108786 thread_cpu_seconds=0.012579 cpu_wall_pct=5.6 target_cpu=151 affinity_applied=true start_cpu=151 end_cpu=151 voluntary_ctxt_switches=21 involuntary_ctxt_switches=1 migrations=0
zcwal-extent-send-worker: worker=56 streams=1 payload_bytes=100663296 wire_bytes=100663424 extents=256 logical_records=24576 acks=1 seconds=0.143369 payload_Gbitps=5.617 logical_iops=171418 thread_cpu_seconds=0.014230 cpu_wall_pct=9.9 target_cpu=152 affinity_applied=true start_cpu=152 end_cpu=152 voluntary_ctxt_switches=16 involuntary_ctxt_switches=1 migrations=0
zcwal-extent-send-worker: worker=57 streams=1 payload_bytes=100663296 wire_bytes=100663424 extents=256 logical_records=24576 acks=1 seconds=0.244525 payload_Gbitps=3.293 logical_iops=100505 thread_cpu_seconds=0.020402 cpu_wall_pct=8.3 target_cpu=153 affinity_applied=true start_cpu=153 end_cpu=153 voluntary_ctxt_switches=18 involuntary_ctxt_switches=2 migrations=0
zcwal-extent-send-worker: worker=58 streams=1 payload_bytes=100663296 wire_bytes=100663424 extents=256 logical_records=24576 acks=1 seconds=0.307232 payload_Gbitps=2.621 logical_iops=79992 thread_cpu_seconds=0.012997 cpu_wall_pct=4.2 target_cpu=154 affinity_applied=true start_cpu=154 end_cpu=154 voluntary_ctxt_switches=19 involuntary_ctxt_switches=3 migrations=0
zcwal-extent-send-worker: worker=59 streams=1 payload_bytes=100663296 wire_bytes=100663424 extents=256 logical_records=24576 acks=1 seconds=0.162773 payload_Gbitps=4.947 logical_iops=150983 thread_cpu_seconds=0.016008 cpu_wall_pct=9.8 target_cpu=155 affinity_applied=true start_cpu=155 end_cpu=155 voluntary_ctxt_switches=18 involuntary_ctxt_switches=2 migrations=0
zcwal-extent-send-worker: worker=60 streams=1 payload_bytes=100663296 wire_bytes=100663424 extents=256 logical_records=24576 acks=1 seconds=0.244555 payload_Gbitps=3.293 logical_iops=100493 thread_cpu_seconds=0.012467 cpu_wall_pct=5.1 target_cpu=156 affinity_applied=true start_cpu=156 end_cpu=156 voluntary_ctxt_switches=17 involuntary_ctxt_switches=1 migrations=0
zcwal-extent-send-worker: worker=61 streams=1 payload_bytes=100663296 wire_bytes=100663424 extents=256 logical_records=24576 acks=1 seconds=0.230036 payload_Gbitps=3.501 logical_iops=106836 thread_cpu_seconds=0.028490 cpu_wall_pct=12.4 target_cpu=157 affinity_applied=true start_cpu=157 end_cpu=157 voluntary_ctxt_switches=16 involuntary_ctxt_switches=7 migrations=0
zcwal-extent-send-worker: worker=62 streams=1 payload_bytes=100663296 wire_bytes=100663424 extents=256 logical_records=24576 acks=1 seconds=0.206007 payload_Gbitps=3.909 logical_iops=119297 thread_cpu_seconds=0.013418 cpu_wall_pct=6.5 target_cpu=158 affinity_applied=true start_cpu=158 end_cpu=158 voluntary_ctxt_switches=79 involuntary_ctxt_switches=1 migrations=0
zcwal-extent-send-worker: worker=63 streams=1 payload_bytes=100663296 wire_bytes=100663424 extents=256 logical_records=24576 acks=1 seconds=0.362789 payload_Gbitps=2.220 logical_iops=67742 thread_cpu_seconds=0.013135 cpu_wall_pct=3.6 target_cpu=159 affinity_applied=true start_cpu=159 end_cpu=159 voluntary_ctxt_switches=20 involuntary_ctxt_switches=3 migrations=0
zcwal-extent-send-worker: worker=64 streams=1 payload_bytes=100663296 wire_bytes=100663424 extents=256 logical_records=24576 acks=1 seconds=0.343316 payload_Gbitps=2.346 logical_iops=71584 thread_cpu_seconds=0.013261 cpu_wall_pct=3.9 target_cpu=160 affinity_applied=true start_cpu=160 end_cpu=160 voluntary_ctxt_switches=16 involuntary_ctxt_switches=2 migrations=0
zcwal-extent-send-worker: worker=65 streams=1 payload_bytes=100663296 wire_bytes=100663424 extents=256 logical_records=24576 acks=1 seconds=0.180698 payload_Gbitps=4.457 logical_iops=136006 thread_cpu_seconds=0.014674 cpu_wall_pct=8.1 target_cpu=161 affinity_applied=true start_cpu=161 end_cpu=161 voluntary_ctxt_switches=21 involuntary_ctxt_switches=0 migrations=0
zcwal-extent-send-worker: worker=66 streams=1 payload_bytes=100663296 wire_bytes=100663424 extents=256 logical_records=24576 acks=1 seconds=0.386791 payload_Gbitps=2.082 logical_iops=63538 thread_cpu_seconds=0.012030 cpu_wall_pct=3.1 target_cpu=162 affinity_applied=true start_cpu=162 end_cpu=162 voluntary_ctxt_switches=18 involuntary_ctxt_switches=1 migrations=0
zcwal-extent-send-worker: worker=67 streams=1 payload_bytes=100663296 wire_bytes=100663424 extents=256 logical_records=24576 acks=1 seconds=0.345790 payload_Gbitps=2.329 logical_iops=71072 thread_cpu_seconds=0.018165 cpu_wall_pct=5.3 target_cpu=163 affinity_applied=true start_cpu=163 end_cpu=163 voluntary_ctxt_switches=20 involuntary_ctxt_switches=5 migrations=0
zcwal-extent-send-worker: worker=68 streams=1 payload_bytes=100663296 wire_bytes=100663424 extents=256 logical_records=24576 acks=1 seconds=0.301383 payload_Gbitps=2.672 logical_iops=81544 thread_cpu_seconds=0.014514 cpu_wall_pct=4.8 target_cpu=164 affinity_applied=true start_cpu=164 end_cpu=164 voluntary_ctxt_switches=20 involuntary_ctxt_switches=1 migrations=0
zcwal-extent-send-worker: worker=69 streams=1 payload_bytes=100663296 wire_bytes=100663424 extents=256 logical_records=24576 acks=1 seconds=0.267734 payload_Gbitps=3.008 logical_iops=91792 thread_cpu_seconds=0.024485 cpu_wall_pct=9.1 target_cpu=165 affinity_applied=true start_cpu=165 end_cpu=165 voluntary_ctxt_switches=22 involuntary_ctxt_switches=4 migrations=0
zcwal-extent-send-worker: worker=70 streams=1 payload_bytes=100663296 wire_bytes=100663424 extents=256 logical_records=24576 acks=1 seconds=0.328597 payload_Gbitps=2.451 logical_iops=74791 thread_cpu_seconds=0.014463 cpu_wall_pct=4.4 target_cpu=166 affinity_applied=true start_cpu=166 end_cpu=166 voluntary_ctxt_switches=20 involuntary_ctxt_switches=0 migrations=0
zcwal-extent-send-worker: worker=71 streams=1 payload_bytes=100663296 wire_bytes=100663424 extents=256 logical_records=24576 acks=1 seconds=0.285121 payload_Gbitps=2.824 logical_iops=86195 thread_cpu_seconds=0.015129 cpu_wall_pct=5.3 target_cpu=167 affinity_applied=true start_cpu=167 end_cpu=167 voluntary_ctxt_switches=18 involuntary_ctxt_switches=3 migrations=0
zcwal-extent-send-worker: worker=72 streams=1 payload_bytes=100663296 wire_bytes=100663424 extents=256 logical_records=24576 acks=1 seconds=0.153090 payload_Gbitps=5.260 logical_iops=160533 thread_cpu_seconds=0.014209 cpu_wall_pct=9.3 target_cpu=168 affinity_applied=true start_cpu=168 end_cpu=168 voluntary_ctxt_switches=22 involuntary_ctxt_switches=1 migrations=0
zcwal-extent-send-worker: worker=73 streams=1 payload_bytes=100663296 wire_bytes=100663424 extents=256 logical_records=24576 acks=1 seconds=0.214086 payload_Gbitps=3.762 logical_iops=114795 thread_cpu_seconds=0.015120 cpu_wall_pct=7.1 target_cpu=169 affinity_applied=true start_cpu=169 end_cpu=169 voluntary_ctxt_switches=21 involuntary_ctxt_switches=1 migrations=0
zcwal-extent-send-worker: worker=74 streams=1 payload_bytes=100663296 wire_bytes=100663424 extents=256 logical_records=24576 acks=1 seconds=0.327222 payload_Gbitps=2.461 logical_iops=75105 thread_cpu_seconds=0.012515 cpu_wall_pct=3.8 target_cpu=170 affinity_applied=true start_cpu=170 end_cpu=170 voluntary_ctxt_switches=18 involuntary_ctxt_switches=1 migrations=0
zcwal-extent-send-worker: worker=75 streams=1 payload_bytes=100663296 wire_bytes=100663424 extents=256 logical_records=24576 acks=1 seconds=0.320428 payload_Gbitps=2.513 logical_iops=76697 thread_cpu_seconds=0.021492 cpu_wall_pct=6.7 target_cpu=171 affinity_applied=true start_cpu=171 end_cpu=171 voluntary_ctxt_switches=18 involuntary_ctxt_switches=4 migrations=0
zcwal-extent-send-worker: worker=76 streams=1 payload_bytes=100663296 wire_bytes=100663424 extents=256 logical_records=24576 acks=1 seconds=0.260573 payload_Gbitps=3.091 logical_iops=94315 thread_cpu_seconds=0.012668 cpu_wall_pct=4.9 target_cpu=172 affinity_applied=true start_cpu=172 end_cpu=172 voluntary_ctxt_switches=17 involuntary_ctxt_switches=1 migrations=0
zcwal-extent-send-worker: worker=77 streams=1 payload_bytes=100663296 wire_bytes=100663424 extents=256 logical_records=24576 acks=1 seconds=0.234291 payload_Gbitps=3.437 logical_iops=104895 thread_cpu_seconds=0.024921 cpu_wall_pct=10.6 target_cpu=173 affinity_applied=true start_cpu=173 end_cpu=173 voluntary_ctxt_switches=20 involuntary_ctxt_switches=6 migrations=0
zcwal-extent-send-worker: worker=78 streams=1 payload_bytes=100663296 wire_bytes=100663424 extents=256 logical_records=24576 acks=1 seconds=0.200356 payload_Gbitps=4.019 logical_iops=122662 thread_cpu_seconds=0.013305 cpu_wall_pct=6.6 target_cpu=174 affinity_applied=true start_cpu=174 end_cpu=174 voluntary_ctxt_switches=17 involuntary_ctxt_switches=0 migrations=0
zcwal-extent-send-worker: worker=79 streams=1 payload_bytes=100663296 wire_bytes=100663424 extents=256 logical_records=24576 acks=1 seconds=0.162937 payload_Gbitps=4.942 logical_iops=150832 thread_cpu_seconds=0.021619 cpu_wall_pct=13.3 target_cpu=175 affinity_applied=true start_cpu=175 end_cpu=175 voluntary_ctxt_switches=15 involuntary_ctxt_switches=3 migrations=0
zcwal-extent-send-worker: worker=80 streams=1 payload_bytes=100663296 wire_bytes=100663424 extents=256 logical_records=24576 acks=1 seconds=0.337769 payload_Gbitps=2.384 logical_iops=72760 thread_cpu_seconds=0.015628 cpu_wall_pct=4.6 target_cpu=176 affinity_applied=true start_cpu=176 end_cpu=176 voluntary_ctxt_switches=22 involuntary_ctxt_switches=0 migrations=0
zcwal-extent-send-worker: worker=81 streams=1 payload_bytes=100663296 wire_bytes=100663424 extents=256 logical_records=24576 acks=1 seconds=0.254939 payload_Gbitps=3.159 logical_iops=96400 thread_cpu_seconds=0.014459 cpu_wall_pct=5.7 target_cpu=177 affinity_applied=true start_cpu=177 end_cpu=177 voluntary_ctxt_switches=20 involuntary_ctxt_switches=0 migrations=0
zcwal-extent-send-worker: worker=82 streams=1 payload_bytes=100663296 wire_bytes=100663424 extents=256 logical_records=24576 acks=1 seconds=0.360984 payload_Gbitps=2.231 logical_iops=68081 thread_cpu_seconds=0.014902 cpu_wall_pct=4.1 target_cpu=178 affinity_applied=true start_cpu=178 end_cpu=178 voluntary_ctxt_switches=20 involuntary_ctxt_switches=0 migrations=0
zcwal-extent-send-worker: worker=83 streams=1 payload_bytes=100663296 wire_bytes=100663424 extents=256 logical_records=24576 acks=1 seconds=0.230380 payload_Gbitps=3.496 logical_iops=106676 thread_cpu_seconds=0.014898 cpu_wall_pct=6.5 target_cpu=179 affinity_applied=true start_cpu=179 end_cpu=179 voluntary_ctxt_switches=25 involuntary_ctxt_switches=0 migrations=0
zcwal-extent-send-worker: worker=84 streams=1 payload_bytes=100663296 wire_bytes=100663424 extents=256 logical_records=24576 acks=1 seconds=0.321796 payload_Gbitps=2.503 logical_iops=76371 thread_cpu_seconds=0.015400 cpu_wall_pct=4.8 target_cpu=180 affinity_applied=true start_cpu=180 end_cpu=180 voluntary_ctxt_switches=20 involuntary_ctxt_switches=0 migrations=0
zcwal-extent-send-worker: worker=85 streams=1 payload_bytes=100663296 wire_bytes=100663424 extents=256 logical_records=24576 acks=1 seconds=0.165019 payload_Gbitps=4.880 logical_iops=148929 thread_cpu_seconds=0.025663 cpu_wall_pct=15.6 target_cpu=181 affinity_applied=true start_cpu=181 end_cpu=181 voluntary_ctxt_switches=19 involuntary_ctxt_switches=1 migrations=0
zcwal-extent-send-worker: worker=86 streams=1 payload_bytes=100663296 wire_bytes=100663424 extents=256 logical_records=24576 acks=1 seconds=0.228431 payload_Gbitps=3.525 logical_iops=107586 thread_cpu_seconds=0.015644 cpu_wall_pct=6.8 target_cpu=182 affinity_applied=true start_cpu=182 end_cpu=182 voluntary_ctxt_switches=19 involuntary_ctxt_switches=0 migrations=0
zcwal-extent-send-worker: worker=87 streams=1 payload_bytes=100663296 wire_bytes=100663424 extents=256 logical_records=24576 acks=1 seconds=0.283838 payload_Gbitps=2.837 logical_iops=86585 thread_cpu_seconds=0.022634 cpu_wall_pct=8.0 target_cpu=183 affinity_applied=true start_cpu=183 end_cpu=183 voluntary_ctxt_switches=17 involuntary_ctxt_switches=0 migrations=0
zcwal-extent-send-worker: worker=88 streams=1 payload_bytes=100663296 wire_bytes=100663424 extents=256 logical_records=24576 acks=1 seconds=0.312326 payload_Gbitps=2.578 logical_iops=78687 thread_cpu_seconds=0.014409 cpu_wall_pct=4.6 target_cpu=184 affinity_applied=true start_cpu=184 end_cpu=184 voluntary_ctxt_switches=19 involuntary_ctxt_switches=0 migrations=0
zcwal-extent-send-worker: worker=89 streams=1 payload_bytes=100663296 wire_bytes=100663424 extents=256 logical_records=24576 acks=1 seconds=0.305010 payload_Gbitps=2.640 logical_iops=80574 thread_cpu_seconds=0.017414 cpu_wall_pct=5.7 target_cpu=185 affinity_applied=true start_cpu=185 end_cpu=185 voluntary_ctxt_switches=20 involuntary_ctxt_switches=1 migrations=0
zcwal-extent-send-worker: worker=90 streams=1 payload_bytes=100663296 wire_bytes=100663424 extents=256 logical_records=24576 acks=1 seconds=0.305890 payload_Gbitps=2.633 logical_iops=80342 thread_cpu_seconds=0.015351 cpu_wall_pct=5.0 target_cpu=186 affinity_applied=true start_cpu=186 end_cpu=186 voluntary_ctxt_switches=21 involuntary_ctxt_switches=0 migrations=0
zcwal-extent-send-worker: worker=91 streams=1 payload_bytes=100663296 wire_bytes=100663424 extents=256 logical_records=24576 acks=1 seconds=0.282548 payload_Gbitps=2.850 logical_iops=86980 thread_cpu_seconds=0.014263 cpu_wall_pct=5.0 target_cpu=187 affinity_applied=true start_cpu=187 end_cpu=187 voluntary_ctxt_switches=19 involuntary_ctxt_switches=0 migrations=0
zcwal-extent-send-worker: worker=92 streams=1 payload_bytes=100663296 wire_bytes=100663424 extents=256 logical_records=24576 acks=1 seconds=0.432504 payload_Gbitps=1.862 logical_iops=56823 thread_cpu_seconds=0.015076 cpu_wall_pct=3.5 target_cpu=188 affinity_applied=true start_cpu=188 end_cpu=188 voluntary_ctxt_switches=19 involuntary_ctxt_switches=1 migrations=0
zcwal-extent-send-worker: worker=93 streams=1 payload_bytes=100663296 wire_bytes=100663424 extents=256 logical_records=24576 acks=1 seconds=0.333583 payload_Gbitps=2.414 logical_iops=73673 thread_cpu_seconds=0.015047 cpu_wall_pct=4.5 target_cpu=189 affinity_applied=true start_cpu=189 end_cpu=189 voluntary_ctxt_switches=20 involuntary_ctxt_switches=0 migrations=0
zcwal-extent-send-worker: worker=94 streams=1 payload_bytes=100663296 wire_bytes=100663424 extents=256 logical_records=24576 acks=1 seconds=0.345340 payload_Gbitps=2.332 logical_iops=71165 thread_cpu_seconds=0.013601 cpu_wall_pct=3.9 target_cpu=190 affinity_applied=true start_cpu=190 end_cpu=190 voluntary_ctxt_switches=19 involuntary_ctxt_switches=2 migrations=0
zcwal-extent-send-worker: worker=95 streams=1 payload_bytes=100663296 wire_bytes=100663424 extents=256 logical_records=24576 acks=1 seconds=0.159577 payload_Gbitps=5.047 logical_iops=154007 thread_cpu_seconds=0.014670 cpu_wall_pct=9.2 target_cpu=191 affinity_applied=true start_cpu=191 end_cpu=191 voluntary_ctxt_switches=18 involuntary_ctxt_switches=0 migrations=0
zcwal-extent-send-worker: worker=96 streams=1 payload_bytes=100663296 wire_bytes=100663424 extents=256 logical_records=24576 acks=1 seconds=0.278597 payload_Gbitps=2.891 logical_iops=88213 thread_cpu_seconds=0.013897 cpu_wall_pct=5.0 target_cpu=144 affinity_applied=true start_cpu=144 end_cpu=144 voluntary_ctxt_switches=19 involuntary_ctxt_switches=0 migrations=0
zcwal-extent-send-worker: worker=97 streams=1 payload_bytes=100663296 wire_bytes=100663424 extents=256 logical_records=24576 acks=1 seconds=0.310727 payload_Gbitps=2.592 logical_iops=79092 thread_cpu_seconds=0.023431 cpu_wall_pct=7.5 target_cpu=145 affinity_applied=true start_cpu=145 end_cpu=145 voluntary_ctxt_switches=18 involuntary_ctxt_switches=1 migrations=0
zcwal-extent-send-worker: worker=98 streams=1 payload_bytes=100663296 wire_bytes=100663424 extents=256 logical_records=24576 acks=1 seconds=0.292430 payload_Gbitps=2.754 logical_iops=84041 thread_cpu_seconds=0.013653 cpu_wall_pct=4.7 target_cpu=146 affinity_applied=true start_cpu=146 end_cpu=146 voluntary_ctxt_switches=19 involuntary_ctxt_switches=0 migrations=0
zcwal-extent-send-worker: worker=99 streams=1 payload_bytes=100663296 wire_bytes=100663424 extents=256 logical_records=24576 acks=1 seconds=0.293215 payload_Gbitps=2.746 logical_iops=83816 thread_cpu_seconds=0.023513 cpu_wall_pct=8.0 target_cpu=147 affinity_applied=true start_cpu=147 end_cpu=147 voluntary_ctxt_switches=20 involuntary_ctxt_switches=4 migrations=0
zcwal-extent-send-worker: worker=100 streams=1 payload_bytes=100663296 wire_bytes=100663424 extents=256 logical_records=24576 acks=1 seconds=0.369590 payload_Gbitps=2.179 logical_iops=66495 thread_cpu_seconds=0.014425 cpu_wall_pct=3.9 target_cpu=148 affinity_applied=true start_cpu=148 end_cpu=148 voluntary_ctxt_switches=22 involuntary_ctxt_switches=0 migrations=0
zcwal-extent-send-worker: worker=101 streams=1 payload_bytes=100663296 wire_bytes=100663424 extents=256 logical_records=24576 acks=1 seconds=0.332363 payload_Gbitps=2.423 logical_iops=73943 thread_cpu_seconds=0.014542 cpu_wall_pct=4.4 target_cpu=149 affinity_applied=true start_cpu=149 end_cpu=149 voluntary_ctxt_switches=20 involuntary_ctxt_switches=1 migrations=0
zcwal-extent-send-worker: worker=102 streams=1 payload_bytes=100663296 wire_bytes=100663424 extents=256 logical_records=24576 acks=1 seconds=0.480248 payload_Gbitps=1.677 logical_iops=51174 thread_cpu_seconds=0.014727 cpu_wall_pct=3.1 target_cpu=150 affinity_applied=true start_cpu=150 end_cpu=150 voluntary_ctxt_switches=19 involuntary_ctxt_switches=1 migrations=0
zcwal-extent-send-worker: worker=103 streams=1 payload_bytes=100663296 wire_bytes=100663424 extents=256 logical_records=24576 acks=1 seconds=0.261667 payload_Gbitps=3.078 logical_iops=93921 thread_cpu_seconds=0.015537 cpu_wall_pct=5.9 target_cpu=151 affinity_applied=true start_cpu=151 end_cpu=151 voluntary_ctxt_switches=20 involuntary_ctxt_switches=0 migrations=0
zcwal-extent-send-worker: worker=104 streams=1 payload_bytes=100663296 wire_bytes=100663424 extents=256 logical_records=24576 acks=1 seconds=0.233221 payload_Gbitps=3.453 logical_iops=105377 thread_cpu_seconds=0.015393 cpu_wall_pct=6.6 target_cpu=152 affinity_applied=true start_cpu=152 end_cpu=152 voluntary_ctxt_switches=20 involuntary_ctxt_switches=1 migrations=0
zcwal-extent-send-worker: worker=105 streams=1 payload_bytes=100663296 wire_bytes=100663424 extents=256 logical_records=24576 acks=1 seconds=0.235271 payload_Gbitps=3.423 logical_iops=104458 thread_cpu_seconds=0.024826 cpu_wall_pct=10.6 target_cpu=153 affinity_applied=true start_cpu=153 end_cpu=153 voluntary_ctxt_switches=39 involuntary_ctxt_switches=4 migrations=0
zcwal-extent-send-worker: worker=106 streams=1 payload_bytes=100663296 wire_bytes=100663424 extents=256 logical_records=24576 acks=1 seconds=0.225038 payload_Gbitps=3.579 logical_iops=109208 thread_cpu_seconds=0.015323 cpu_wall_pct=6.8 target_cpu=154 affinity_applied=true start_cpu=154 end_cpu=154 voluntary_ctxt_switches=25 involuntary_ctxt_switches=1 migrations=0
zcwal-extent-send-worker: worker=107 streams=1 payload_bytes=100663296 wire_bytes=100663424 extents=256 logical_records=24576 acks=1 seconds=0.183273 payload_Gbitps=4.394 logical_iops=134095 thread_cpu_seconds=0.018883 cpu_wall_pct=10.3 target_cpu=155 affinity_applied=true start_cpu=155 end_cpu=155 voluntary_ctxt_switches=21 involuntary_ctxt_switches=3 migrations=0
zcwal-extent-send-worker: worker=108 streams=1 payload_bytes=100663296 wire_bytes=100663424 extents=256 logical_records=24576 acks=1 seconds=0.159342 payload_Gbitps=5.054 logical_iops=154235 thread_cpu_seconds=0.013737 cpu_wall_pct=8.6 target_cpu=156 affinity_applied=true start_cpu=156 end_cpu=156 voluntary_ctxt_switches=20 involuntary_ctxt_switches=2 migrations=0
zcwal-extent-send-worker: worker=109 streams=1 payload_bytes=100663296 wire_bytes=100663424 extents=256 logical_records=24576 acks=1 seconds=0.340335 payload_Gbitps=2.366 logical_iops=72211 thread_cpu_seconds=0.023569 cpu_wall_pct=6.9 target_cpu=157 affinity_applied=true start_cpu=157 end_cpu=157 voluntary_ctxt_switches=16 involuntary_ctxt_switches=8 migrations=0
zcwal-extent-send-worker: worker=110 streams=1 payload_bytes=100663296 wire_bytes=100663424 extents=256 logical_records=24576 acks=1 seconds=0.398938 payload_Gbitps=2.019 logical_iops=61604 thread_cpu_seconds=0.011630 cpu_wall_pct=2.9 target_cpu=158 affinity_applied=true start_cpu=158 end_cpu=158 voluntary_ctxt_switches=18 involuntary_ctxt_switches=0 migrations=0
zcwal-extent-send-worker: worker=111 streams=1 payload_bytes=100663296 wire_bytes=100663424 extents=256 logical_records=24576 acks=1 seconds=0.268716 payload_Gbitps=2.997 logical_iops=91457 thread_cpu_seconds=0.014412 cpu_wall_pct=5.4 target_cpu=159 affinity_applied=true start_cpu=159 end_cpu=159 voluntary_ctxt_switches=21 involuntary_ctxt_switches=1 migrations=0
zcwal-extent-send-worker: worker=112 streams=1 payload_bytes=100663296 wire_bytes=100663424 extents=256 logical_records=24576 acks=1 seconds=0.230660 payload_Gbitps=3.491 logical_iops=106546 thread_cpu_seconds=0.015458 cpu_wall_pct=6.7 target_cpu=160 affinity_applied=true start_cpu=160 end_cpu=160 voluntary_ctxt_switches=20 involuntary_ctxt_switches=1 migrations=0
zcwal-extent-send-worker: worker=113 streams=1 payload_bytes=100663296 wire_bytes=100663424 extents=256 logical_records=24576 acks=1 seconds=0.305475 payload_Gbitps=2.636 logical_iops=80452 thread_cpu_seconds=0.014746 cpu_wall_pct=4.8 target_cpu=161 affinity_applied=true start_cpu=161 end_cpu=161 voluntary_ctxt_switches=22 involuntary_ctxt_switches=0 migrations=0
zcwal-extent-send-worker: worker=114 streams=1 payload_bytes=100663296 wire_bytes=100663424 extents=256 logical_records=24576 acks=1 seconds=0.312193 payload_Gbitps=2.580 logical_iops=78721 thread_cpu_seconds=0.013730 cpu_wall_pct=4.4 target_cpu=162 affinity_applied=true start_cpu=162 end_cpu=162 voluntary_ctxt_switches=20 involuntary_ctxt_switches=2 migrations=0
zcwal-extent-send-worker: worker=115 streams=1 payload_bytes=100663296 wire_bytes=100663424 extents=256 logical_records=24576 acks=1 seconds=0.310127 payload_Gbitps=2.597 logical_iops=79245 thread_cpu_seconds=0.021679 cpu_wall_pct=7.0 target_cpu=163 affinity_applied=true start_cpu=163 end_cpu=163 voluntary_ctxt_switches=21 involuntary_ctxt_switches=8 migrations=0
zcwal-extent-send-worker: worker=116 streams=1 payload_bytes=100663296 wire_bytes=100663424 extents=256 logical_records=24576 acks=1 seconds=0.275816 payload_Gbitps=2.920 logical_iops=89103 thread_cpu_seconds=0.013580 cpu_wall_pct=4.9 target_cpu=164 affinity_applied=true start_cpu=164 end_cpu=164 voluntary_ctxt_switches=20 involuntary_ctxt_switches=1 migrations=0
zcwal-extent-send-worker: worker=117 streams=1 payload_bytes=100663296 wire_bytes=100663424 extents=256 logical_records=24576 acks=1 seconds=0.311796 payload_Gbitps=2.583 logical_iops=78821 thread_cpu_seconds=0.023908 cpu_wall_pct=7.7 target_cpu=165 affinity_applied=true start_cpu=165 end_cpu=165 voluntary_ctxt_switches=20 involuntary_ctxt_switches=7 migrations=0
zcwal-extent-send-worker: worker=118 streams=1 payload_bytes=100663296 wire_bytes=100663424 extents=256 logical_records=24576 acks=1 seconds=0.382723 payload_Gbitps=2.104 logical_iops=64213 thread_cpu_seconds=0.013075 cpu_wall_pct=3.4 target_cpu=166 affinity_applied=true start_cpu=166 end_cpu=166 voluntary_ctxt_switches=18 involuntary_ctxt_switches=0 migrations=0
zcwal-extent-send-worker: worker=119 streams=1 payload_bytes=100663296 wire_bytes=100663424 extents=256 logical_records=24576 acks=1 seconds=0.286468 payload_Gbitps=2.811 logical_iops=85790 thread_cpu_seconds=0.014624 cpu_wall_pct=5.1 target_cpu=167 affinity_applied=true start_cpu=167 end_cpu=167 voluntary_ctxt_switches=17 involuntary_ctxt_switches=1 migrations=0
zcwal-extent-send-worker: worker=120 streams=1 payload_bytes=100663296 wire_bytes=100663424 extents=256 logical_records=24576 acks=1 seconds=0.270847 payload_Gbitps=2.973 logical_iops=90738 thread_cpu_seconds=0.012921 cpu_wall_pct=4.8 target_cpu=168 affinity_applied=true start_cpu=168 end_cpu=168 voluntary_ctxt_switches=20 involuntary_ctxt_switches=1 migrations=0
zcwal-extent-send-worker: worker=121 streams=1 payload_bytes=100663296 wire_bytes=100663424 extents=256 logical_records=24576 acks=1 seconds=0.237276 payload_Gbitps=3.394 logical_iops=103575 thread_cpu_seconds=0.013659 cpu_wall_pct=5.8 target_cpu=169 affinity_applied=true start_cpu=169 end_cpu=169 voluntary_ctxt_switches=21 involuntary_ctxt_switches=1 migrations=0
zcwal-extent-send-worker: worker=122 streams=1 payload_bytes=100663296 wire_bytes=100663424 extents=256 logical_records=24576 acks=1 seconds=0.131106 payload_Gbitps=6.142 logical_iops=187451 thread_cpu_seconds=0.014364 cpu_wall_pct=11.0 target_cpu=170 affinity_applied=true start_cpu=170 end_cpu=170 voluntary_ctxt_switches=18 involuntary_ctxt_switches=1 migrations=0
zcwal-extent-send-worker: worker=123 streams=1 payload_bytes=100663296 wire_bytes=100663424 extents=256 logical_records=24576 acks=1 seconds=0.277135 payload_Gbitps=2.906 logical_iops=88679 thread_cpu_seconds=0.020801 cpu_wall_pct=7.5 target_cpu=171 affinity_applied=true start_cpu=171 end_cpu=171 voluntary_ctxt_switches=22 involuntary_ctxt_switches=4 migrations=0
zcwal-extent-send-worker: worker=124 streams=1 payload_bytes=100663296 wire_bytes=100663424 extents=256 logical_records=24576 acks=1 seconds=0.239549 payload_Gbitps=3.362 logical_iops=102593 thread_cpu_seconds=0.013568 cpu_wall_pct=5.7 target_cpu=172 affinity_applied=true start_cpu=172 end_cpu=172 voluntary_ctxt_switches=25 involuntary_ctxt_switches=2 migrations=0
zcwal-extent-send-worker: worker=125 streams=1 payload_bytes=100663296 wire_bytes=100663424 extents=256 logical_records=24576 acks=1 seconds=0.339630 payload_Gbitps=2.371 logical_iops=72361 thread_cpu_seconds=0.024190 cpu_wall_pct=7.1 target_cpu=173 affinity_applied=true start_cpu=173 end_cpu=173 voluntary_ctxt_switches=19 involuntary_ctxt_switches=6 migrations=0
zcwal-extent-send-worker: worker=126 streams=1 payload_bytes=100663296 wire_bytes=100663424 extents=256 logical_records=24576 acks=1 seconds=0.335429 payload_Gbitps=2.401 logical_iops=73267 thread_cpu_seconds=0.015340 cpu_wall_pct=4.6 target_cpu=174 affinity_applied=true start_cpu=174 end_cpu=174 voluntary_ctxt_switches=21 involuntary_ctxt_switches=0 migrations=0
zcwal-extent-send-worker: worker=127 streams=1 payload_bytes=100663296 wire_bytes=100663424 extents=256 logical_records=24576 acks=1 seconds=0.233299 payload_Gbitps=3.452 logical_iops=105341 thread_cpu_seconds=0.026108 cpu_wall_pct=11.2 target_cpu=175 affinity_applied=true start_cpu=175 end_cpu=175 voluntary_ctxt_switches=21 involuntary_ctxt_switches=4 migrations=0
zcwal-extent-send-summary: payload_bytes=12884901888 wire_bytes=12884918272 extents=32768 logical_records=3145728 acks=128 seconds=0.488176 payload_Gbitps=211.152 logical_iops=6443845
	Command being timed: "./target/release/zcutils zcwal-extent-send 172.31.44.118 33300 128 1 96M 384K 128 true stream uring"
	User time (seconds): 0.02
	System time (seconds): 1.99
	Percent of CPU this job got: 378%
	Elapsed (wall clock) time (h:mm:ss or m:ss): 0:00.53
	Average shared text size (kbytes): 0
	Average unshared data size (kbytes): 0
	Average stack size (kbytes): 0
	Average total size (kbytes): 0
	Maximum resident set size (kbytes): 75300
	Average resident set size (kbytes): 0
	Major (requiring I/O) page faults: 0
	Minor (reclaiming a frame) page faults: 25999
	Voluntary context switches: 2783
	Involuntary context switches: 304
	Swaps: 0
	File system inputs: 0
	File system outputs: 128
	Socket messages sent: 0
	Socket messages received: 0
	Signals delivered: 0
	Page size (bytes): 4096
	Exit status: 0
