topology_preflight=1
cpu_list=0-11
topology_busy_pct=1.0
strict_local_shared_host=yes
cpu0_governor=powersave
cpu1_governor=powersave
cpu2_governor=powersave
cpu3_governor=powersave
cpu4_governor=powersave
cpu5_governor=powersave
cpu6_governor=powersave
cpu7_governor=powersave
cpu8_governor=powersave
cpu9_governor=powersave
cpu10_governor=powersave
cpu11_governor=powersave
PERF WARNING: mapped CPUs are not all using performance governor: cpu0=powersave,cpu1=powersave,cpu2=powersave,cpu3=powersave,cpu4=powersave,cpu5=powersave,cpu6=powersave,cpu7=powersave,cpu8=powersave,cpu9=powersave,cpu10=powersave,cpu11=powersave
busy_cpu=3 pcpu=6.6 pid=1462717 tid=1462717 comm=postgres
busy_cpu=4 pcpu=6.3 pid=1615859 tid=1615859 comm=postgres
PERF WARNING: mapped CPUs already have threads above 1.0% CPU; benchmark is noisy unless those cores are isolated
memlock_limit=8192
PERF WARNING: memlock is 8192; zero-copy/RDMA/hugetlb comparisons are not representative without enough locked-memory headroom
nr_hugepages=0
PERF WARNING: vm.nr_hugepages is 0; this is a smoke run for hugetlb-backed zero-copy/RDMA comparisons
topology_preflight_warnings=4
topology_preflight_representative=0
