[    0.023627] RDSEED32 is broken. Disabling the corresponding CPUID bit.
ZCWORKLOAD_GUEST_BOOT role=client
Linux (none) 7.0.8-io-slots-03 #slots3 SMP PREEMPT_DYNAMIC Sun May 31 09:43:13 EDT 2026 x86_64 GNU/Linux
guest_cmdline=console=ttyS0 panic=-1 oops=panic quiet zcworkload_role=client
guest_online_cpus=0-3
guest_memlock_kib=8192
guest_hugepages_total=0
guest_hugepages_free=0
client_topology=lane0:workload-worker0:guest-cpu1:kernel-kthread0:guest-cpu3:wal-onramp-worker0:guest-cpu2 frame_bytes=4096
client_vcpu_host_map=vCPU0:hostCPU8,vCPU1:hostCPU9,vCPU2:hostCPU10,vCPU3:hostCPU11 emulator:hostCPU13
client_block_edge=/dev/zcnblk0 transport=shm userspace_stage=zcnblk-shm-target:wal-tcp placement_owner=none block_client_placement=no
PING 10.72.0.2 (10.72.0.2): 56 data bytes
64 bytes from 10.72.0.2: seq=0 ttl=64 time=0.382 ms

--- 10.72.0.2 ping statistics ---
1 packets transmitted, 1 packets received, 0% packet loss
round-trip min/avg/max = 0.382/0.382/0.382 ms
+ insmod /modules/zcnblk_client_mod.ko transport=shm lanes=1 connections_per_lane=1 shard_count=1 size_mib=128 logical_block_size=4096 max_frame_bytes=4096 queues=1 queue_depth=64 pipeline_depth=128 shm_ring_entries=128 shm_payload_entries=4096 shm_poll_us=50 batch_depth=1 write_acks=1 hctx_affinity=1 pin_threads=1 pin_base_cpu=3 pin_cpu_count=1 pin_stride=1
+ URING_PLAY_ZCNBLK_SHM_TARGET_PID_FILE=/tmp/zcworkload-onramp.pid URING_PLAY_ZCNBLK_SHM_LEAF_ADDR=10.72.0.2:29000 URING_PLAY_PIN_CPUS=1 URING_PLAY_PIN_CPU_LIST=2 /zcnblk-shm-target /dev/zcnblk-shmctl wal-tcp 128 2 1000 1000 10000
wal-onramp-pid=109 comm=zcnblk-shm-targ
zcnblk-shm-target: device=/dev/zcnblk-shmctl backend=WalTcp channels=1 ring_entries=128 payload_entries=4096 slot_bytes=4096 region_bytes=16834560 capacity_bytes=134217728 kick_batch=128 lease_release_batch=1 writeback_batch=2048 read_batch=128 read_batch_fill_us=0 read_batch_fill_min=32 write_batch_fill_us=0 write_batch_fill_min=128 remote_leaf=10.72.0.1:42420->10.72.0.2:29000 cpu_list=2 owner_dispatch=false owner_count=1 owner_extent_records=256 owner_max_tx_iovecs=960 split_transport=false transport_cpu_list=inline transport_wait=adaptive poll_us=1000 busy_poll_us=1000 busy_hysteresis_us=10000 poll_clock_check_spins=64 wait_policy=fixed-active ordering=global-submit-order shared_payload_slots=true payload_ownership=legacy-contiguous-hwm placement_owner=downstream-userspace-stage block_client_placement=no representative=false 
zcnblk-shm-target-owner-worker: lane=0 cpu=unpinned command_result_spins=0 pipeline_batches=16
--- zcnblk module parameters ---
transport=shm
lanes=1
connections_per_lane=1
size_mib=128
logical_block_size=4096
max_frame_bytes=4096
queues=1
queue_depth=64
pipeline_depth=128
shm_ring_entries=128
shm_payload_entries=4096
shm_poll_us=50
batch_depth=1
write_acks=Y
hctx_affinity=Y
pin_threads=Y
pin_base_cpu=3
pin_cpu_count=1
pin_stride=1
--- hctx maps ---
/sys/block/zcnblk0/mq/0/cpu_list=0, 1, 2, 3
 24:          0          0          0          0 PCI-MSIX-0000:00:01.0   0-edge      virtio0-config
 25:          0          0          0          5 PCI-MSIX-0000:00:01.0   1-edge      virtio0-input.0
 26:         12          0          0          0 PCI-MSIX-0000:00:01.0   2-edge      virtio0-output.0
--- zcnblk thread contexts: before ---
zcnblk-kthread-context: phase=before tid=108 comm=zcnblk-shm-0-0 voluntary=3 involuntary=0
zcnblk-kthread-context: phase=before tid=109 comm=zcnblk-shm-targ voluntary=13 involuntary=2
+ /bin/busybox ping -q -c 20 -W 2 10.72.0.2
PING 10.72.0.2 (10.72.0.2): 56 data bytes

--- 10.72.0.2 ping statistics ---
20 packets transmitted, 20 packets received, 0% packet loss
round-trip min/avg/max = 0.198/0.269/0.583 ms
measured_transport_rtt_ns=269000 semantics=ICMP_guest_to_guest_not_block_completion
+ /zcworkload sample --capacity 64M --requests 100000 --seed 42 --json
{
  "profile": "enterprise-mixed-v1",
  "seed": 42,
  "capacity": 67108864,
  "requests": 100000,
  "counters": {
    "ops": 100000,
    "reads": 39606,
    "writes": 60394,
    "bytes": 1073713152,
    "stream_ops": [
      3446,
      28217,
      7016,
      21254,
      1701,
      7134,
      3405,
      27827
    ],
    "size_ops": [
      15243,
      70983,
      7578,
      3065,
      3131
    ]
  },
  "invalid_alignment": 0,
  "out_of_bounds": 0,
  "streams": [
    {
      "index": 0,
      "name": "data-uniform",
      "area": "data",
      "target_percent": 3.5,
      "observed_percent": 3.446,
      "operations": 3446
    },
    {
      "index": 1,
      "name": "data-reuse-a",
      "area": "data",
      "target_percent": 28.1,
      "observed_percent": 28.217,
      "operations": 28217
    },
    {
      "index": 2,
      "name": "data-scan",
      "area": "data",
      "target_percent": 7.0,
      "observed_percent": 7.016,
      "operations": 7016
    },
    {
      "index": 3,
      "name": "data-reuse-b",
      "area": "data",
      "target_percent": 21.0,
      "observed_percent": 21.254,
      "operations": 21254
    },
    {
      "index": 4,
      "name": "user-uniform",
      "area": "user",
      "target_percent": 1.8,
      "observed_percent": 1.701,
      "operations": 1701
    },
    {
      "index": 5,
      "name": "user-reuse",
      "area": "user",
      "target_percent": 7.0,
      "observed_percent": 7.134,
      "operations": 7134
    },
    {
      "index": 6,
      "name": "user-scan",
      "area": "user",
      "target_percent": 3.5,
      "observed_percent": 3.405,
      "operations": 3405
    },
    {
      "index": 7,
      "name": "journal-append",
      "area": "journal",
      "target_percent": 28.1,
      "observed_percent": 27.827,
      "operations": 27827
    }
  ],
  "sizes": [
    {
      "bytes": 4096,
      "operations": 15243,
      "observed_percent": 15.243
    },
    {
      "bytes": 8192,
      "operations": 70983,
      "observed_percent": 70.983
    },
    {
      "bytes": 16384,
      "operations": 7578,
      "observed_percent": 7.578
    },
    {
      "bytes": 32768,
      "operations": 3065,
      "observed_percent": 3.065
    },
    {
      "bytes": 65536,
      "operations": 3131,
      "observed_percent": 3.131
    }
  ]
}
sample-validation: PASS requests=100000 invalid_alignment=0 out_of_bounds=0
+ URING_PLAY_TOPOLOGY_STRICT=1 /zcworkload run --target /dev/zcnblk0 --capacity 64M --engine sync --workers 1 --depth 1 --completion-batch 1 --ops-per-worker 8 --buffers small-pages --pin false --completion remote-ack
Error: Custom { kind: InvalidInput, error: "chunk-bytes=65536 exceeds block queue max_hw_sectors_kb=4" }
ZCWORKLOAD_GUEST_FINAL role=client status=1
[   35.339218] reboot: Power down
