[    0.021203] RDSEED32 is broken. Disabling the corresponding CPUID bit.
ZCWORKLOAD_GUEST_BOOT role=target
Linux (none) 7.0.8-io-slots-03 #slots3 SMP PREEMPT_DYNAMIC Sun May 31 09:43:13 EDT 2026 x86_64 GNU/Linux
guest_cmdline=console=ttyS0 panic=-1 oops=panic quiet zcworkload_role=target
guest_online_cpus=0-2
guest_memlock_kib=8192
guest_hugepages_total=0
guest_hugepages_free=0
zc-net-channels-before: interface=eth0 max_combined=2 combined=2 max_rx=0 rx=0 max_tx=0 tx=0
zc-net-channels-after: interface=eth0 combined=2
target-rxq-map: rxq0:irq25:guest-cpu1 rxq1:irq27:guest-cpu2
target-txq-map: txq0:irq26:guest-cpu1 txq1:irq28:guest-cpu2
target_topology=wal-tcp-lane0:leaf-worker0:guest-cpu1,wal-tcp-lane1:leaf-worker1:guest-cpu2 backend=zcmem:128M frame_bytes=4096 submit_mode=blocking
target_vcpu_host_map=vCPU0:hostCPU4,vCPU1:hostCPU5,vCPU2:hostCPU6 emulator:hostCPU2
target_no_raid=true target_no_terminal_block_media=true
 24:          0          0          0 PCI-MSIX-0000:00:01.0   0-edge      virtio0-config
 25:          0          1          0 PCI-MSIX-0000:00:01.0   1-edge      virtio0-input.0
 26:          0          0          0 PCI-MSIX-0000:00:01.0   2-edge      virtio0-output.0
 27:          0          0          0 PCI-MSIX-0000:00:01.0   3-edge      virtio0-input.1
 28:          0          0          0 PCI-MSIX-0000:00:01.0   4-edge      virtio0-output.1
+ URING_PLAY_PIN_CPUS=1 URING_PLAY_PIN_CPU_LIST=1,2 URING_PLAY_ZCNBLK_WAL_RESULT_RANGES=1 /uring-play zcnblk-wal-leaf zcmem:128M 10.72.0.2 29000 2 1 4096 2 true blocking
zcnblk-wal-leaf: target=zcmem:134217728 bind=10.72.0.2 base_port=29000 ports=2 connections_per_port=1 total_connections=2 chunk_bytes=4096 workers=2 pin_workers=true submit_mode=blocking ring_entries=64 ring_cq_entries=128 cqe_hot_poll=false leaf_sqpoll=false leaf_spin_reads=false leaf_spin_policy=off leaf_spin_budget=unbounded leaf_adaptive_spin_min=off leaf_adaptive_spin_max=off leaf_adaptive_wait_ns=off leaf_adaptive_hysteresis_ns=off uninit_read_buffers=true zero_copy_strict=false result_ranges_configured=true device_bytes=134217728 required_alignment=4096 memory_policy=first-touch memory_hugetlb=false preferred_numa_node=0 protocol=fan-wal-v2
PERF WARNING: requested SO_SNDBUF=16777216 bytes via URING_PLAY_SOCKET_BUFFER_BYTES but kernel reports 8388608 bytes; raise net.core.wmem_max/net.core.rmem_max and tcp_wmem/tcp_rmem before trusting high-IOPS TCP fan context-switch numbers
PERF WARNING: requested SO_RCVBUF=16777216 bytes via URING_PLAY_SOCKET_BUFFER_BYTES but kernel reports 8388608 bytes; raise net.core.wmem_max/net.core.rmem_max and tcp_wmem/tcp_rmem before trusting high-IOPS TCP fan context-switch numbers
tcp-bench-uring-mux-server: accepted peer=10.72.0.1:50376 lane=0 port=29000 conn=0 incoming_cpu=1 incoming_napi_id=8193
tcp-bench-uring-mux-server: accepted peer=10.72.0.1:44548 lane=1 port=29001 conn=0 incoming_cpu=1 incoming_napi_id=8193
zcnblk-wal-leaf-mux-assignment: worker=0 policy=port-lane peer=10.72.0.1:50376 listener_lane=0 listener_port=29000 conn=0 incoming_cpu=1 incoming_napi_id=8193
zcnblk-wal-leaf-mux-assignment: worker=1 policy=port-lane peer=10.72.0.1:44548 listener_lane=1 listener_port=29001 conn=0 incoming_cpu=1 incoming_napi_id=8193
zcnblk-wal-leaf-mux-assignment-summary: policy=port-lane workers=2 streams_by_worker=0:1,1:1
zcnblk-wal-leaf-worker: affinity_index=0 target_cpu=1 status=ok
zcnblk-wal-leaf-stream: affinity_index=0 target_cpu=1 status=ok
zcnblk-wal-leaf-stream: worker=0 slot=0 peer=10.72.0.1:50376 lane=0 port=29000 conn=0 incoming_cpu=1 incoming_napi_id=8193
zcnblk-wal-leaf-worker: affinity_index=1 target_cpu=2 status=ok
zcnblk-wal-leaf-stream: affinity_index=1 target_cpu=2 status=ok
zcnblk-wal-leaf-stream: worker=1 slot=0 peer=10.72.0.1:44548 lane=1 port=29001 conn=0 incoming_cpu=1 incoming_napi_id=8193
zcnblk-wal-leaf-request-batch-topology: worker=0 slot=0 stream_lane=0 branch=0 records=35 batch_payload_bytes=65920 desc_lane=0 desc_queue=0 desc_preferred_worker=0 desc_preferred_cpu=-1 desc_numa_node=-1 leaf_target_cpu=1 leaf_numa_node=0 leaf_affinity_applied=true result_ranges=true incoming_cpu=1 payload_destination=direct-memory-scatter
zcnblk-wal-leaf-request-batch-topology: worker=1 slot=0 stream_lane=1 branch=0 records=64 batch_payload_bytes=126976 desc_lane=1 desc_queue=1 desc_preferred_worker=1 desc_preferred_cpu=-1 desc_numa_node=-1 leaf_target_cpu=2 leaf_numa_node=0 leaf_affinity_applied=true result_ranges=true incoming_cpu=2 payload_destination=direct-memory-scatter
zcnblk-wal-leaf-worker: worker=0 streams=1 read_bytes=204656640 write_bytes=204435456 payload_read_bytes=217219584 heap_payload_bytes=12784128 heap_payload_descriptor_bytes=12784128 heap_payload_data_bytes=0 direct_memory_recv_bytes=204435456 memfd_payload_bytes=0 lease_submit_bytes=0 memfd_lease_submit_bytes=0 copy_submit_bytes=0 result_records=99876 result_batches=4336 result_range_batches=16 frames=99876 blocking_io_frames=99876 uring_io_frames=0 write_submit_runs=49907 max_write_submit_run_frames=2 phase_payload_read_seconds=0.059807 phase_payload_alloc_seconds=0.012250 phase_payload_recv_seconds=0.039221 phase_decode_seconds=0.005626 phase_submit_seconds=0.027837 phase_result_write_seconds=0.074543 frames_per_sec=58334 seconds=1.712149 logical_MiBps=227.87 stream_thread_cpu_seconds=0.270896 stream_cpu_wall_pct=15.8 target_cpu=1 affinity_applied=true voluntary_ctxt_switches=2513 involuntary_ctxt_switches=10 migrations=0
zcnblk-wal-leaf-worker: worker=1 streams=1 read_bytes=204992512 write_bytes=204111872 payload_read_bytes=216896384 heap_payload_bytes=12784512 heap_payload_descriptor_bytes=12784512 heap_payload_data_bytes=0 direct_memory_recv_bytes=204111872 memfd_payload_bytes=0 lease_submit_bytes=0 memfd_lease_submit_bytes=0 copy_submit_bytes=0 result_records=99879 result_batches=4508 result_range_batches=10 frames=99879 blocking_io_frames=99879 uring_io_frames=0 write_submit_runs=49830 max_write_submit_run_frames=2 phase_payload_read_seconds=0.055193 phase_payload_alloc_seconds=0.008834 phase_payload_recv_seconds=0.037010 phase_decode_seconds=0.006962 phase_submit_seconds=0.034180 phase_result_write_seconds=0.082395 frames_per_sec=59020 seconds=1.692291 logical_MiBps=230.55 stream_thread_cpu_seconds=0.281716 stream_cpu_wall_pct=16.6 target_cpu=2 affinity_applied=true voluntary_ctxt_switches=244 involuntary_ctxt_switches=18 migrations=0
zcnblk-wal-leaf-summary: streams=2 read_bytes=409649152 write_bytes=408547328 payload_read_bytes=434115968 heap_payload_bytes=25568640 heap_payload_descriptor_bytes=25568640 heap_payload_data_bytes=0 direct_memory_recv_bytes=408547328 memfd_payload_bytes=0 lease_submit_bytes=0 memfd_lease_submit_bytes=0 copy_submit_bytes=0 phase_payload_read_seconds=0.115000 phase_payload_alloc_seconds=0.021084 phase_payload_recv_seconds=0.076231 phase_decode_seconds=0.012588 phase_submit_seconds=0.062017 phase_result_write_seconds=0.156938 result_records=199755 result_batches=8844 result_range_batches=26 frames=199755 blocking_io_frames=199755 uring_io_frames=0 write_submit_runs=99737 max_write_submit_run_frames=2 stream_thread_cpu_seconds=0.552612 stream_cpu_wall_ratio=0.323 voluntary_ctxt_switches=2757 involuntary_ctxt_switches=28 migrations=0 frames_per_sec=116669
zcnblk-wal-leaf: bytes=818196480 seconds=1.712149 GiBps=0.445 Gbitps=3.823
ZCWORKLOAD_GUEST_FINAL role=target status=0
[   17.107417] reboot: Power down
