zcnblk-send: addr=127.0.0.1 shard_count=1 base_port=21400 ports=8 connections_per_port=1 total_connections=8 bytes_per_connection=33554432 chunk_bytes=4096 workers=8 op_mode=mixed read_window=2 write_window=2 access=random:range_bytes=33554432:seed=0x7a636e626c6b0001 verify_reads=yes wait_write_acks=yes batch_depth=1 payload_pattern=offset:seed=0x0000000000003039 source_ip=127.0.0.1 source_ports=kernel-ephemeral latency=yes encryption=none aes_frame_bytes=65536
zcnblk-send-worker: affinity_index=0 target_cpu=0 status=ok
zcnblk-send-stream: worker=0 lane=0 port=21400 conn=0 shard=0 base_offset=0
zcnblk-send-worker: affinity_index=1 target_cpu=1 status=ok
zcnblk-send-worker: affinity_index=2 target_cpu=2 status=ok
zcnblk-send-worker: affinity_index=3 target_cpu=3 status=ok
zcnblk-send-worker: affinity_index=5 target_cpu=5 status=ok
zcnblk-send-stream: worker=1 lane=1 port=21401 conn=0 shard=0 base_offset=33554432
zcnblk-send-worker: affinity_index=4 target_cpu=4 status=ok
zcnblk-send-stream: worker=2 lane=2 port=21402 conn=0 shard=0 base_offset=67108864
zcnblk-send-stream: worker=5 lane=5 port=21405 conn=0 shard=0 base_offset=167772160
zcnblk-send-stream: worker=4 lane=4 port=21404 conn=0 shard=0 base_offset=134217728
zcnblk-send-worker: affinity_index=7 target_cpu=7 status=ok
zcnblk-send-stream: worker=3 lane=3 port=21403 conn=0 shard=0 base_offset=100663296
zcnblk-send-worker: affinity_index=6 target_cpu=6 status=ok
zcnblk-send-stream: worker=6 lane=6 port=21406 conn=0 shard=0 base_offset=201326592
zcnblk-send-stream: worker=7 lane=7 port=21407 conn=0 shard=0 base_offset=234881024
zcnblk-send-worker: worker=0 streams=1 write_bytes=16777216 read_bytes=16777216 verified_read_bytes=16777216 read_checksum=0x000000007f7fcc64 expected_checksum=0x000000007f7fcc64 wire_bytes=34603008 frames=8192 read_frames=4096 write_frames=4096 frames_per_sec=48727 seconds=0.168122 logical_MiBps=190.34 target_cpu=0 affinity_applied=true
zcnblk-send-worker-latency: worker=0 write_ack_count=4096 write_ack_avg_ns=81073 write_ack_min_ns=49919 write_ack_p50_ns=81000 write_ack_p95_ns=103000 write_ack_p99_ns=114000 write_ack_p999_ns=135000 write_ack_max_ns=608769 read_count=4096 read_avg_ns=80252 read_min_ns=66610 read_p50_ns=79000 read_p95_ns=91000 read_p99_ns=111000 read_p999_ns=124000 read_max_ns=637569
zcnblk-send-worker: worker=1 streams=1 write_bytes=16777216 read_bytes=16777216 verified_read_bytes=16777216 read_checksum=0x000000007f7c61fa expected_checksum=0x000000007f7c61fa wire_bytes=34603008 frames=8192 read_frames=4096 write_frames=4096 frames_per_sec=48668 seconds=0.168323 logical_MiBps=190.11 target_cpu=1 affinity_applied=true
zcnblk-send-worker-latency: worker=1 write_ack_count=4096 write_ack_avg_ns=81213 write_ack_min_ns=49730 write_ack_p50_ns=81000 write_ack_p95_ns=103000 write_ack_p99_ns=113000 write_ack_p999_ns=140000 write_ack_max_ns=521349 read_count=4096 read_avg_ns=80359 read_min_ns=67160 read_p50_ns=80000 read_p95_ns=91000 read_p99_ns=112000 read_p999_ns=127000 read_max_ns=541959
zcnblk-send-worker: worker=2 streams=1 write_bytes=16777216 read_bytes=16777216 verified_read_bytes=16777216 read_checksum=0x000000007f864653 expected_checksum=0x000000007f864653 wire_bytes=34603008 frames=8192 read_frames=4096 write_frames=4096 frames_per_sec=48531 seconds=0.168798 logical_MiBps=189.58 target_cpu=2 affinity_applied=true
zcnblk-send-worker-latency: worker=2 write_ack_count=4096 write_ack_avg_ns=81399 write_ack_min_ns=49500 write_ack_p50_ns=81000 write_ack_p95_ns=104000 write_ack_p99_ns=115000 write_ack_p999_ns=169000 write_ack_max_ns=732289 read_count=4096 read_avg_ns=80572 read_min_ns=66860 read_p50_ns=80000 read_p95_ns=91000 read_p99_ns=112000 read_p999_ns=147000 read_max_ns=794679
zcnblk-send-worker: worker=3 streams=1 write_bytes=16777216 read_bytes=16777216 verified_read_bytes=16777216 read_checksum=0x000000007f8647e6 expected_checksum=0x000000007f8647e6 wire_bytes=34603008 frames=8192 read_frames=4096 write_frames=4096 frames_per_sec=48403 seconds=0.169245 logical_MiBps=189.08 target_cpu=3 affinity_applied=true
zcnblk-send-worker-latency: worker=3 write_ack_count=4096 write_ack_avg_ns=81652 write_ack_min_ns=48699 write_ack_p50_ns=81000 write_ack_p95_ns=105000 write_ack_p99_ns=113000 write_ack_p999_ns=143000 write_ack_max_ns=681349 read_count=4096 read_avg_ns=80809 read_min_ns=63730 read_p50_ns=80000 read_p95_ns=96000 read_p99_ns=113000 read_p999_ns=127000 read_max_ns=701369
zcnblk-send-worker: worker=4 streams=1 write_bytes=16777216 read_bytes=16777216 verified_read_bytes=16777216 read_checksum=0x000000007f8ea19a expected_checksum=0x000000007f8ea19a wire_bytes=34603008 frames=8192 read_frames=4096 write_frames=4096 frames_per_sec=48819 seconds=0.167803 logical_MiBps=190.70 target_cpu=4 affinity_applied=true
zcnblk-send-worker-latency: worker=4 write_ack_count=4096 write_ack_avg_ns=80962 write_ack_min_ns=49650 write_ack_p50_ns=81000 write_ack_p95_ns=104000 write_ack_p99_ns=113000 write_ack_p999_ns=147000 write_ack_max_ns=696179 read_count=4096 read_avg_ns=80120 read_min_ns=59019 read_p50_ns=79000 read_p95_ns=90000 read_p99_ns=111000 read_p999_ns=122000 read_max_ns=721719
zcnblk-send-worker: worker=5 streams=1 write_bytes=16777216 read_bytes=16777216 verified_read_bytes=16777216 read_checksum=0x000000007f7d9a7f expected_checksum=0x000000007f7d9a7f wire_bytes=34603008 frames=8192 read_frames=4096 write_frames=4096 frames_per_sec=48628 seconds=0.168462 logical_MiBps=189.95 target_cpu=5 affinity_applied=true
zcnblk-send-worker-latency: worker=5 write_ack_count=4096 write_ack_avg_ns=81242 write_ack_min_ns=49520 write_ack_p50_ns=81000 write_ack_p95_ns=103000 write_ack_p99_ns=114000 write_ack_p999_ns=144000 write_ack_max_ns=736749 read_count=4096 read_avg_ns=80420 read_min_ns=67160 read_p50_ns=80000 read_p95_ns=91000 read_p99_ns=111000 read_p999_ns=128000 read_max_ns=771889
zcnblk-send-worker: worker=6 streams=1 write_bytes=16777216 read_bytes=16777216 verified_read_bytes=16777216 read_checksum=0x000000007f85a0b6 expected_checksum=0x000000007f85a0b6 wire_bytes=34603008 frames=8192 read_frames=4096 write_frames=4096 frames_per_sec=48609 seconds=0.168527 logical_MiBps=189.88 target_cpu=6 affinity_applied=true
zcnblk-send-worker-latency: worker=6 write_ack_count=4096 write_ack_avg_ns=81316 write_ack_min_ns=49780 write_ack_p50_ns=81000 write_ack_p95_ns=104000 write_ack_p99_ns=113000 write_ack_p999_ns=133000 write_ack_max_ns=680709 read_count=4096 read_avg_ns=80472 read_min_ns=61580 read_p50_ns=80000 read_p95_ns=91000 read_p99_ns=112000 read_p999_ns=123000 read_max_ns=704159
zcnblk-send-worker: worker=7 streams=1 write_bytes=16777216 read_bytes=16777216 verified_read_bytes=16777216 read_checksum=0x000000007f84f904 expected_checksum=0x000000007f84f904 wire_bytes=34603008 frames=8192 read_frames=4096 write_frames=4096 frames_per_sec=48725 seconds=0.168126 logical_MiBps=190.33 target_cpu=7 affinity_applied=true
zcnblk-send-worker-latency: worker=7 write_ack_count=4096 write_ack_avg_ns=81076 write_ack_min_ns=49100 write_ack_p50_ns=81000 write_ack_p95_ns=103000 write_ack_p99_ns=114000 write_ack_p999_ns=134000 write_ack_max_ns=817909 read_count=4096 read_avg_ns=80246 read_min_ns=66570 read_p50_ns=79000 read_p95_ns=91000 read_p99_ns=111000 read_p999_ns=121000 read_max_ns=845729
zcnblk-send-summary: write_bytes=134217728 read_bytes=134217728 verified_read_bytes=134217728 read_checksum=0x00000003fc1f926a expected_checksum=0x00000003fc1f926a wire_bytes=276824064 frames=65536 read_frames=32768 write_frames=32768 frames_per_sec=387226
zcnblk-send-latency-summary: write_ack_count=32768 write_ack_avg_ns=81242 write_ack_min_ns=48699 write_ack_p50_ns=81000 write_ack_p95_ns=103000 write_ack_p99_ns=113000 write_ack_p999_ns=144000 write_ack_max_ns=817909 read_count=32768 read_avg_ns=80406 read_min_ns=59019 read_p50_ns=80000 read_p95_ns=91000 read_p99_ns=112000 read_p999_ns=127000 read_max_ns=845729
zcnblk-send: bytes=268435456 seconds=0.169245 GiBps=1.477 Gbitps=12.689
	Command being timed: "env URING_PLAY_PIN_CPUS=1 URING_PLAY_PIN_CPU_LIST=0,1,2,3,4,5,6,7 URING_PLAY_SOURCE_IP=127.0.0.1 URING_PLAY_SOCKET_BUFFER_BYTES=67108864 URING_PLAY_TCP_NODELAY=1 URING_PLAY_ZCNBLK_OP=mixed URING_PLAY_ZCNBLK_ACCESS=random URING_PLAY_ZCNBLK_RANDOM_RANGE_BYTES=32M URING_PLAY_ZCNBLK_VERIFY_READS=1 URING_PLAY_ZCNBLK_WAIT_WRITE_ACKS=1 URING_PLAY_ZCNBLK_BATCH_DEPTH=1 URING_PLAY_ZCNBLK_WAL_BATCH_WINDOW=1 URING_PLAY_ZCNBLK_READ_WINDOW=2 URING_PLAY_ZCNBLK_WRITE_WINDOW=2 URING_PLAY_ZCNBLK_LATENCY=1 URING_PLAY_SEND_PATTERN=offset URING_PLAY_SEND_PATTERN_SEED=12345 target/release/zcutils zcnblk-send 127.0.0.1 1 21400 8 1 32M 4096 8"
	User time (seconds): 0.11
	System time (seconds): 0.23
	Percent of CPU this job got: 204%
	Elapsed (wall clock) time (h:mm:ss or m:ss): 0:00.17
	Average shared text size (kbytes): 0
	Average unshared data size (kbytes): 0
	Average stack size (kbytes): 0
	Average total size (kbytes): 0
	Maximum resident set size (kbytes): 4332
	Average resident set size (kbytes): 0
	Major (requiring I/O) page faults: 0
	Minor (reclaiming a frame) page faults: 397
	Voluntary context switches: 68945
	Involuntary context switches: 31
	Swaps: 0
	File system inputs: 0
	File system outputs: 16
	Socket messages sent: 0
	Socket messages received: 0
	Signals delivered: 0
	Page size (bytes): 4096
	Exit status: 0
