2026/08/07 20:30:23 INFO: [core] original dial target is: "etcd-endpoints://0x2a426d484d20/127.0.0.1:22379"
2026/08/07 20:30:23 INFO: [core] [Channel #3] Channel created for target "etcd-endpoints://0x2a426d484d20/127.0.0.1:22379"
2026/08/07 20:30:23 INFO: [core] [Channel #3] parsed dial target is: resolver.Target{URL:url.URL{Scheme:"etcd-endpoints", Opaque:"", User:(*url.Userinfo)(nil), Host:"0x2a426d484d20", Path:"/127.0.0.1:22379", Fragment:"", RawQuery:"", RawPath:"", RawFragment:"", ForceQuery:false, OmitHost:false}}
2026/08/07 20:30:23 INFO: [core] [Channel #3] Channel authority set to "127.0.0.1:22379"
2026/08/07 20:30:23 INFO: [core] [Channel #3] Channel Connectivity change to CONNECTING
2026/08/07 20:30:23 INFO: [core] [Channel #3] Resolver state updated: {
  "Addresses": null,
  "Endpoints": [
    {
      "Addresses": [
        {
          "Addr": "127.0.0.1:22379",
          "ServerName": "127.0.0.1:22379",
          "Attributes": null,
          "BalancerAttributes": null,
          "Metadata": null
        }
      ],
      "Attributes": null
    }
  ],
  "ServiceConfig": {
    "Config": {
      "Config": null,
      "Methods": {}
    },
    "Err": null
  },
  "Attributes": null
} (service config updated)
2026/08/07 20:30:23 INFO: [core] [Channel #1 SubChannel #2] Subchannel Connectivity change to CONNECTING
2026/08/07 20:30:23 INFO: [core] [Channel #1 SubChannel #2] Subchannel picks a new address "127.0.0.1:22379" to connect
2026/08/07 20:30:23 INFO: [core] [Channel #3] Channel switches to new LB policy "round_robin"
2026/08/07 20:30:23 INFO: [roundrobin] [0x2a426d49dda0] Created
2026/08/07 20:30:23 INFO: [core] [Channel #3 SubChannel #4] Subchannel created
2026/08/07 20:30:23 INFO: [core] [Channel #3] Channel exiting idle mode
2026/08/07 20:30:23 INFO: [core] [Channel #3 SubChannel #4] Subchannel Connectivity change to CONNECTING
2026/08/07 20:30:23 INFO: [core] [Channel #3 SubChannel #4] Subchannel picks a new address "127.0.0.1:22379" to connect
2026/08/07 20:30:23 INFO: [core] original dial target is: "etcd-endpoints://0x2a426d485a40/127.0.0.1:22379"
2026/08/07 20:30:23 INFO: [core] [Channel #6] Channel created for target "etcd-endpoints://0x2a426d485a40/127.0.0.1:22379"
2026/08/07 20:30:23 INFO: [core] [Channel #6] parsed dial target is: resolver.Target{URL:url.URL{Scheme:"etcd-endpoints", Opaque:"", User:(*url.Userinfo)(nil), Host:"0x2a426d485a40", Path:"/127.0.0.1:22379", Fragment:"", RawQuery:"", RawPath:"", RawFragment:"", ForceQuery:false, OmitHost:false}}
2026/08/07 20:30:23 INFO: [core] [Channel #6] Channel authority set to "127.0.0.1:22379"
2026/08/07 20:30:23 INFO: [core] [Channel #6] Channel Connectivity change to CONNECTING
2026/08/07 20:30:23 INFO: [core] [Channel #6] Resolver state updated: {
  "Addresses": null,
  "Endpoints": [
    {
      "Addresses": [
        {
          "Addr": "127.0.0.1:22379",
          "ServerName": "127.0.0.1:22379",
          "Attributes": null,
          "BalancerAttributes": null,
          "Metadata": null
        }
      ],
      "Attributes": null
    }
  ],
  "ServiceConfig": {
    "Config": {
      "Config": null,
      "Methods": {}
    },
    "Err": null
  },
  "Attributes": null
} (service config updated)
2026/08/07 20:30:23 INFO: [core] [Channel #6] Channel switches to new LB policy "round_robin"
2026/08/07 20:30:23 INFO: [core] [Channel #1 SubChannel #2] Subchannel Connectivity change to READY
2026/08/07 20:30:23 INFO: [roundrobin] [0x2a426d564240] Created
2026/08/07 20:30:23 INFO: [core] [Channel #6 SubChannel #8] Subchannel created
2026/08/07 20:30:23 INFO: [core] [Channel #6 SubChannel #8] Subchannel Connectivity change to CONNECTING
2026/08/07 20:30:23 INFO: [core] [Channel #1] Channel Connectivity change to READY
2026/08/07 20:30:23 INFO: [core] [Channel #6 SubChannel #8] Subchannel picks a new address "127.0.0.1:22379" to connect
2026/08/07 20:30:23 INFO: [core] [Channel #6] Channel exiting idle mode
2026/08/07 20:30:23 INFO: [core] [Channel #3 SubChannel #4] Subchannel Connectivity change to READY
2026/08/07 20:30:23 INFO: [core] [Channel #3] Channel Connectivity change to READY
2026/08/07 20:30:23 INFO: [core] original dial target is: "etcd-endpoints://0x2a426d7381e0/127.0.0.1:22379"
2026/08/07 20:30:23 INFO: [core] [Channel #10] Channel created for target "etcd-endpoints://0x2a426d7381e0/127.0.0.1:22379"
2026/08/07 20:30:23 INFO: [core] [Channel #10] parsed dial target is: resolver.Target{URL:url.URL{Scheme:"etcd-endpoints", Opaque:"", User:(*url.Userinfo)(nil), Host:"0x2a426d7381e0", Path:"/127.0.0.1:22379", Fragment:"", RawQuery:"", RawPath:"", RawFragment:"", ForceQuery:false, OmitHost:false}}
2026/08/07 20:30:23 INFO: [core] [Channel #10] Channel authority set to "127.0.0.1:22379"
2026/08/07 20:30:23 INFO: [core] [Channel #10] Channel Connectivity change to CONNECTING
2026/08/07 20:30:23 INFO: [core] [Channel #6 SubChannel #8] Subchannel Connectivity change to READY
2026/08/07 20:30:23 INFO: [core] [Channel #10] Resolver state updated: {
  "Addresses": null,
  "Endpoints": [
    {
      "Addresses": [
        {
          "Addr": "127.0.0.1:22379",
          "ServerName": "127.0.0.1:22379",
          "Attributes": null,
          "BalancerAttributes": null,
          "Metadata": null
        }
      ],
      "Attributes": null
    }
  ],
  "ServiceConfig": {
    "Config": {
      "Config": null,
      "Methods": {}
    },
    "Err": null
  },
  "Attributes": null
} (service config updated)
2026/08/07 20:30:23 INFO: [core] [Channel #6] Channel Connectivity change to READY
2026/08/07 20:30:23 INFO: [core] [Channel #10] Channel switches to new LB policy "round_robin"
2026/08/07 20:30:23 INFO: [roundrobin] [0x2a426d6f3530] Created
2026/08/07 20:30:23 INFO: [core] [Channel #10 SubChannel #11] Subchannel created
2026/08/07 20:30:23 INFO: [core] [Channel #10] Channel exiting idle mode
2026/08/07 20:30:23 INFO: [core] [Channel #10 SubChannel #11] Subchannel Connectivity change to CONNECTING
2026/08/07 20:30:23 INFO: [core] original dial target is: "etcd-endpoints://0x2a426d6d1a40/127.0.0.1:22379"
2026/08/07 20:30:23 INFO: [core] [Channel #10 SubChannel #11] Subchannel picks a new address "127.0.0.1:22379" to connect
2026/08/07 20:30:23 INFO: [core] [Channel #12] Channel created for target "etcd-endpoints://0x2a426d6d1a40/127.0.0.1:22379"
2026/08/07 20:30:23 INFO: [core] [Channel #12] parsed dial target is: resolver.Target{URL:url.URL{Scheme:"etcd-endpoints", Opaque:"", User:(*url.Userinfo)(nil), Host:"0x2a426d6d1a40", Path:"/127.0.0.1:22379", Fragment:"", RawQuery:"", RawPath:"", RawFragment:"", ForceQuery:false, OmitHost:false}}
2026/08/07 20:30:23 INFO: [core] [Channel #12] Channel authority set to "127.0.0.1:22379"
2026/08/07 20:30:23 INFO: [core] [Channel #12] Channel Connectivity change to CONNECTING
2026/08/07 20:30:23 INFO: [core] [Channel #12] Resolver state updated: {
  "Addresses": null,
  "Endpoints": [
    {
      "Addresses": [
        {
          "Addr": "127.0.0.1:22379",
          "ServerName": "127.0.0.1:22379",
          "Attributes": null,
          "BalancerAttributes": null,
          "Metadata": null
        }
      ],
      "Attributes": null
    }
  ],
  "ServiceConfig": {
    "Config": {
      "Config": null,
      "Methods": {}
    },
    "Err": null
  },
  "Attributes": null
} (service config updated)
2026/08/07 20:30:23 INFO: [core] [Channel #12] Channel switches to new LB policy "round_robin"
2026/08/07 20:30:23 INFO: [roundrobin] [0x2a426d6f3ce0] Created
2026/08/07 20:30:23 INFO: [core] [Channel #12 SubChannel #13] Subchannel created
2026/08/07 20:30:23 INFO: [core] [Channel #12] Channel exiting idle mode
2026/08/07 20:30:23 INFO: [core] original dial target is: "etcd-endpoints://0x2a426d632960/127.0.0.1:22379"
2026/08/07 20:30:23 INFO: [core] [Channel #14] Channel created for target "etcd-endpoints://0x2a426d632960/127.0.0.1:22379"
2026/08/07 20:30:23 INFO: [core] [Channel #14] parsed dial target is: resolver.Target{URL:url.URL{Scheme:"etcd-endpoints", Opaque:"", User:(*url.Userinfo)(nil), Host:"0x2a426d632960", Path:"/127.0.0.1:22379", Fragment:"", RawQuery:"", RawPath:"", RawFragment:"", ForceQuery:false, OmitHost:false}}
2026/08/07 20:30:23 INFO: [core] [Channel #14] Channel authority set to "127.0.0.1:22379"
2026/08/07 20:30:23 INFO: [core] [Channel #14] Channel Connectivity change to CONNECTING
2026/08/07 20:30:23 INFO: [core] [Channel #12 SubChannel #13] Subchannel Connectivity change to CONNECTING
2026/08/07 20:30:23 INFO: [core] [Channel #12 SubChannel #13] Subchannel picks a new address "127.0.0.1:22379" to connect
2026/08/07 20:30:23 INFO: [core] [Channel #14] Resolver state updated: {
  "Addresses": null,
  "Endpoints": [
    {
      "Addresses": [
        {
          "Addr": "127.0.0.1:22379",
          "ServerName": "127.0.0.1:22379",
          "Attributes": null,
          "BalancerAttributes": null,
          "Metadata": null
        }
      ],
      "Attributes": null
    }
  ],
  "ServiceConfig": {
    "Config": {
      "Config": null,
      "Methods": {}
    },
    "Err": null
  },
  "Attributes": null
} (service config updated)
2026/08/07 20:30:23 INFO: [core] [Channel #10 SubChannel #11] Subchannel Connectivity change to READY
2026/08/07 20:30:23 INFO: [core] [Channel #14] Channel switches to new LB policy "round_robin"
2026/08/07 20:30:23 INFO: [roundrobin] [0x2a426d6becf0] Created
2026/08/07 20:30:23 INFO: [core] [Channel #10] Channel Connectivity change to READY
2026/08/07 20:30:23 INFO: [core] [Channel #14 SubChannel #16] Subchannel created
2026/08/07 20:30:23 INFO: [core] [Channel #14] Channel exiting idle mode
2026/08/07 20:30:23 INFO: [core] original dial target is: "etcd-endpoints://0x2a426d9050e0/127.0.0.1:22379"
2026/08/07 20:30:23 INFO: [core] [Channel #18] Channel created for target "etcd-endpoints://0x2a426d9050e0/127.0.0.1:22379"
2026/08/07 20:30:23 INFO: [core] [Channel #14 SubChannel #16] Subchannel Connectivity change to CONNECTING
2026/08/07 20:30:23 INFO: [core] [Channel #14 SubChannel #16] Subchannel picks a new address "127.0.0.1:22379" to connect
2026/08/07 20:30:23 INFO: [core] [Channel #12 SubChannel #13] Subchannel Connectivity change to READY
2026/08/07 20:30:23 INFO: [core] [Channel #18] parsed dial target is: resolver.Target{URL:url.URL{Scheme:"etcd-endpoints", Opaque:"", User:(*url.Userinfo)(nil), Host:"0x2a426d9050e0", Path:"/127.0.0.1:22379", Fragment:"", RawQuery:"", RawPath:"", RawFragment:"", ForceQuery:false, OmitHost:false}}
2026/08/07 20:30:23 INFO: [core] [Channel #18] Channel authority set to "127.0.0.1:22379"
2026/08/07 20:30:23 INFO: [core] [Channel #18] Channel Connectivity change to CONNECTING
2026/08/07 20:30:23 INFO: [core] [Channel #12] Channel Connectivity change to READY
2026/08/07 20:30:23 INFO: [core] [Channel #18] Resolver state updated: {
  "Addresses": null,
  "Endpoints": [
    {
      "Addresses": [
        {
          "Addr": "127.0.0.1:22379",
          "ServerName": "127.0.0.1:22379",
          "Attributes": null,
          "BalancerAttributes": null,
          "Metadata": null
        }
      ],
      "Attributes": null
    }
  ],
  "ServiceConfig": {
    "Config": {
      "Config": null,
      "Methods": {}
    },
    "Err": null
  },
  "Attributes": null
} (service config updated)
2026/08/07 20:30:23 INFO: [core] [Channel #18] Channel switches to new LB policy "round_robin"
2026/08/07 20:30:23 INFO: [roundrobin] [0x2a426d816840] Created
2026/08/07 20:30:23 INFO: [core] [Channel #18 SubChannel #19] Subchannel created
2026/08/07 20:30:23 INFO: [core] [Channel #18] Channel exiting idle mode
2026/08/07 20:30:23 INFO: [core] [Channel #18 SubChannel #19] Subchannel Connectivity change to CONNECTING
2026/08/07 20:30:23 INFO: [core] [Channel #18 SubChannel #19] Subchannel picks a new address "127.0.0.1:22379" to connect
2026/08/07 20:30:23 INFO: [core] [Channel #14 SubChannel #16] Subchannel Connectivity change to READY
2026/08/07 20:30:23 INFO: [core] [Channel #14] Channel Connectivity change to READY
2026/08/07 20:30:23 INFO: [core] original dial target is: "etcd-endpoints://0x2a426d633860/127.0.0.1:22379"
2026/08/07 20:30:23 INFO: [core] [Channel #21] Channel created for target "etcd-endpoints://0x2a426d633860/127.0.0.1:22379"
2026/08/07 20:30:23 INFO: [core] [Channel #21] parsed dial target is: resolver.Target{URL:url.URL{Scheme:"etcd-endpoints", Opaque:"", User:(*url.Userinfo)(nil), Host:"0x2a426d633860", Path:"/127.0.0.1:22379", Fragment:"", RawQuery:"", RawPath:"", RawFragment:"", ForceQuery:false, OmitHost:false}}
2026/08/07 20:30:23 INFO: [core] [Channel #21] Channel authority set to "127.0.0.1:22379"
2026/08/07 20:30:23 INFO: [core] [Channel #21] Channel Connectivity change to CONNECTING
2026/08/07 20:30:23 INFO: [core] [Channel #18 SubChannel #19] Subchannel Connectivity change to READY
2026/08/07 20:30:23 INFO: [core] [Channel #21] Resolver state updated: {
  "Addresses": null,
  "Endpoints": [
    {
      "Addresses": [
        {
          "Addr": "127.0.0.1:22379",
          "ServerName": "127.0.0.1:22379",
          "Attributes": null,
          "BalancerAttributes": null,
          "Metadata": null
        }
      ],
      "Attributes": null
    }
  ],
  "ServiceConfig": {
    "Config": {
      "Config": null,
      "Methods": {}
    },
    "Err": null
  },
  "Attributes": null
} (service config updated)
2026/08/07 20:30:23 INFO: [core] [Channel #18] Channel Connectivity change to READY
2026/08/07 20:30:23 INFO: [core] [Channel #21] Channel switches to new LB policy "round_robin"
2026/08/07 20:30:23 INFO: [roundrobin] [0x2a426d49d5c0] Created
2026/08/07 20:30:23 INFO: [core] [Channel #21 SubChannel #23] Subchannel created
2026/08/07 20:30:23 INFO: [core] [Channel #21] Channel exiting idle mode
2026/08/07 20:30:23 INFO: [core] [Channel #21 SubChannel #23] Subchannel Connectivity change to CONNECTING
2026/08/07 20:30:23 INFO: [core] [Channel #21 SubChannel #23] Subchannel picks a new address "127.0.0.1:22379" to connect
2026/08/07 20:30:23 INFO: [core] [Channel #21 SubChannel #23] Subchannel Connectivity change to READY
2026/08/07 20:30:23 INFO: [core] [Channel #21] Channel Connectivity change to READY
30543 / 200000 [---------->___________________________________________________________] 15.27% ? p/s61075 / 200000 [--------------------->________________________________________________] 30.54% ? p/s90929 / 200000 [------------------------------->______________________________________] 45.46% ? p/s120186 / 200000 [-------------------------------------->_________________________] 60.09% 149459 p/s148219 / 200000 [----------------------------------------------->________________] 74.11% 149459 p/s176685 / 200000 [-------------------------------------------------------->_______] 88.34% 149459 p/s200000 / 200000 [---------------------------------------------------------------] 100.00% 172340 p/s
Summary:
  Total:	1.360703835 secs.
  Slowest:	0.01042958 secs.
  Fastest:	4.245e-05 secs.
  Average:	0.00043244363721999397 secs.
  Stddev:	0.00032283098584854513 secs.
  Requests/sec:	146982.75617044908

Response time histogram:
  4.245e-05 [1]	|
  0.0010811630000000002 [191589]	|∎∎∎∎∎∎∎∎∎∎∎∎∎∎∎∎∎∎∎∎∎∎∎∎∎∎∎∎∎∎∎∎∎∎∎∎∎∎∎∎
  0.002119876 [7737]	|∎
  0.0031585890000000003 [535]	|
  0.004197302000000001 [78]	|
  0.005236015000000001 [33]	|
  0.006274728000000001 [6]	|
  0.007313441000000001 [3]	|
  0.008352154 [16]	|
  0.009390867 [1]	|
  0.01042958 [1]	|

Latency distribution:
  10% in 0.000192032 secs.
  25% in 0.000248102 secs.
  50% in 0.000330312 secs.
  75% in 0.000504303 secs.
  90% in 0.000813765 secs.
  95% in 0.001027657 secs.
  99% in 0.001632351 secs.
  99.9% in 0.002800669 secs.

