pgbench (16.14 (Ubuntu 16.14-0ubuntu0.24.04.1))
transaction type: <builtin: TPC-B (sort of)>
scaling factor: 100
query mode: simple
number of clients: 64
number of threads: 64
maximum number of tries: 1
duration: 30 s
number of transactions actually processed: 1222403
number of failed transactions: 0 (0.000%)
latency average = 1.570 ms
latency stddev = 1.488 ms
initial connection time = 19.881 ms
tps = 40764.359205 (without initial connection time)
statement latencies in milliseconds and failures:
         0.000           0  \set aid random(1, 100000 * :scale)
         0.000           0  \set bid random(1, 1 * :scale)
         0.000           0  \set tid random(1, 10 * :scale)
         0.000           0  \set delta random(-5000, 5000)
         0.043           0  BEGIN;
         0.102           0  UPDATE pgbench_accounts SET abalance = abalance + :delta WHERE aid = :aid;
         0.064           0  SELECT abalance FROM pgbench_accounts WHERE aid = :aid;
         0.106           0  UPDATE pgbench_tellers SET tbalance = tbalance + :delta WHERE tid = :tid;
         0.356           0  UPDATE pgbench_branches SET bbalance = bbalance + :delta WHERE bid = :bid;
         0.057           0  INSERT INTO pgbench_history (tid, bid, aid, delta, mtime) VALUES (:tid, :bid, :aid, :delta, CURRENT_TIMESTAMP);
         0.842           0  END;
