zcblockbench-plan: target=/dev/zcnblk0 engine=uring-fixed mode=write workers=16 ops_per_worker=250000 chunk_bytes=4096 iodepth=128 ring_entries=256 read_percent=0 region_bytes_per_worker=67108864 ring_mode=normal cqe=16 registered_ring=false sqpoll_idle_ms=1000 buffers=hugetlb pin_workers=true target_kind=block
zcblockbench-target: target=/dev/zcnblk0 total_region_bytes=1073741824 device_bytes=2147483648 required_alignment=4096 segment_bytes=2097152
zcblockbench-worker: affinity_index=3 target_cpu=12 status=ok
zcblockbench-worker: affinity_index=0 target_cpu=0 status=ok
zcblockbench-worker: affinity_index=1 target_cpu=4 status=ok
zcblockbench-worker: affinity_index=4 target_cpu=16 status=ok
zcblockbench-worker: affinity_index=7 target_cpu=28 status=ok
zcblockbench-worker: affinity_index=2 target_cpu=8 status=ok
zcblockbench-worker: affinity_index=9 target_cpu=36 status=ok
zcblockbench-worker: affinity_index=6 target_cpu=24 status=ok
zcblockbench-worker: affinity_index=8 target_cpu=32 status=ok
zcblockbench-worker: affinity_index=5 target_cpu=20 status=ok
zcblockbench-worker: affinity_index=10 target_cpu=40 status=ok
zcblockbench-worker: affinity_index=12 target_cpu=48 status=ok
zcblockbench-worker: affinity_index=11 target_cpu=44 status=ok
zcblockbench-worker: affinity_index=13 target_cpu=52 status=ok
zcblockbench-worker: affinity_index=14 target_cpu=56 status=ok
zcblockbench-worker: affinity_index=15 target_cpu=60 status=ok
zcblockbench-worker: engine=uring-fixed worker=0 ops=250000 reads=0 writes=250000 seconds=3.820256 ops_per_sec=65441 cpu_seconds=0.428647 cpu_percent=11.22 cpu_ns_per_op=1714.6 base_offset=0 region_bytes=67108864 depth=128 completion_batch=64 target_cpu=0 affinity_applied=true local_cpu=0 worker_numa_node=0 sqpoll_cpu=-1 buffers=hugetlb buffer_base=0xf14324000000 buffer_alignment=67108864 buffer_stride=2097152 buffer_map_len=268435456 memory_policy=first-touch
zcblockbench-worker: engine=uring-fixed worker=1 ops=250000 reads=0 writes=250000 seconds=3.817929 ops_per_sec=65481 cpu_seconds=0.439269 cpu_percent=11.51 cpu_ns_per_op=1757.1 base_offset=67108864 region_bytes=67108864 depth=128 completion_batch=64 target_cpu=4 affinity_applied=true local_cpu=4 worker_numa_node=0 sqpoll_cpu=-1 buffers=hugetlb buffer_base=0xf14314000000 buffer_alignment=67108864 buffer_stride=2097152 buffer_map_len=268435456 memory_policy=first-touch
zcblockbench-worker: engine=uring-fixed worker=2 ops=250000 reads=0 writes=250000 seconds=3.821058 ops_per_sec=65427 cpu_seconds=0.423033 cpu_percent=11.07 cpu_ns_per_op=1692.1 base_offset=134217728 region_bytes=67108864 depth=128 completion_batch=64 target_cpu=8 affinity_applied=true local_cpu=8 worker_numa_node=0 sqpoll_cpu=-1 buffers=hugetlb buffer_base=0xf142dc000000 buffer_alignment=67108864 buffer_stride=2097152 buffer_map_len=268435456 memory_policy=first-touch
zcblockbench-worker: engine=uring-fixed worker=3 ops=250000 reads=0 writes=250000 seconds=3.818019 ops_per_sec=65479 cpu_seconds=0.445028 cpu_percent=11.66 cpu_ns_per_op=1780.1 base_offset=201326592 region_bytes=67108864 depth=128 completion_batch=64 target_cpu=12 affinity_applied=true local_cpu=12 worker_numa_node=0 sqpoll_cpu=-1 buffers=hugetlb buffer_base=0xf1433c000000 buffer_alignment=67108864 buffer_stride=2097152 buffer_map_len=268435456 memory_policy=first-touch
zcblockbench-worker: engine=uring-fixed worker=4 ops=250000 reads=0 writes=250000 seconds=3.820967 ops_per_sec=65428 cpu_seconds=0.418263 cpu_percent=10.95 cpu_ns_per_op=1673.1 base_offset=268435456 region_bytes=67108864 depth=128 completion_batch=64 target_cpu=16 affinity_applied=true local_cpu=16 worker_numa_node=0 sqpoll_cpu=-1 buffers=hugetlb buffer_base=0xf14304000000 buffer_alignment=67108864 buffer_stride=2097152 buffer_map_len=268435456 memory_policy=first-touch
zcblockbench-worker: engine=uring-fixed worker=5 ops=250000 reads=0 writes=250000 seconds=3.825314 ops_per_sec=65354 cpu_seconds=0.385922 cpu_percent=10.09 cpu_ns_per_op=1543.7 base_offset=335544320 region_bytes=67108864 depth=128 completion_batch=64 target_cpu=20 affinity_applied=true local_cpu=20 worker_numa_node=0 sqpoll_cpu=-1 buffers=hugetlb buffer_base=0xf14294000000 buffer_alignment=67108864 buffer_stride=2097152 buffer_map_len=268435456 memory_policy=first-touch
zcblockbench-worker: engine=uring-fixed worker=6 ops=250000 reads=0 writes=250000 seconds=3.823456 ops_per_sec=65386 cpu_seconds=0.399331 cpu_percent=10.44 cpu_ns_per_op=1597.3 base_offset=402653184 region_bytes=67108864 depth=128 completion_batch=64 target_cpu=24 affinity_applied=true local_cpu=24 worker_numa_node=0 sqpoll_cpu=-1 buffers=hugetlb buffer_base=0xf142bc000000 buffer_alignment=67108864 buffer_stride=2097152 buffer_map_len=268435456 memory_policy=first-touch
zcblockbench-worker: engine=uring-fixed worker=7 ops=250000 reads=0 writes=250000 seconds=3.825390 ops_per_sec=65353 cpu_seconds=0.362016 cpu_percent=9.46 cpu_ns_per_op=1448.1 base_offset=469762048 region_bytes=67108864 depth=128 completion_batch=64 target_cpu=28 affinity_applied=true local_cpu=28 worker_numa_node=0 sqpoll_cpu=-1 buffers=hugetlb buffer_base=0xf142f4000000 buffer_alignment=67108864 buffer_stride=2097152 buffer_map_len=268435456 memory_policy=first-touch
zcblockbench-worker: engine=uring-fixed worker=8 ops=250000 reads=0 writes=250000 seconds=3.823021 ops_per_sec=65393 cpu_seconds=0.422585 cpu_percent=11.05 cpu_ns_per_op=1690.3 base_offset=536870912 region_bytes=67108864 depth=128 completion_batch=64 target_cpu=32 affinity_applied=true local_cpu=32 worker_numa_node=0 sqpoll_cpu=-1 buffers=hugetlb buffer_base=0xf142ac000000 buffer_alignment=67108864 buffer_stride=2097152 buffer_map_len=268435456 memory_policy=first-touch
zcblockbench-worker: engine=uring-fixed worker=9 ops=250000 reads=0 writes=250000 seconds=3.825388 ops_per_sec=65353 cpu_seconds=0.381875 cpu_percent=9.98 cpu_ns_per_op=1527.5 base_offset=603979776 region_bytes=67108864 depth=128 completion_batch=64 target_cpu=36 affinity_applied=true local_cpu=36 worker_numa_node=0 sqpoll_cpu=-1 buffers=hugetlb buffer_base=0xf142cc000000 buffer_alignment=67108864 buffer_stride=2097152 buffer_map_len=268435456 memory_policy=first-touch
zcblockbench-worker: engine=uring-fixed worker=10 ops=250000 reads=0 writes=250000 seconds=3.825377 ops_per_sec=65353 cpu_seconds=0.376103 cpu_percent=9.83 cpu_ns_per_op=1504.4 base_offset=671088640 region_bytes=67108864 depth=128 completion_batch=64 target_cpu=40 affinity_applied=true local_cpu=40 worker_numa_node=0 sqpoll_cpu=-1 buffers=hugetlb buffer_base=0xf1424c000000 buffer_alignment=67108864 buffer_stride=2097152 buffer_map_len=268435456 memory_policy=first-touch
zcblockbench-worker: engine=uring-fixed worker=11 ops=250000 reads=0 writes=250000 seconds=3.825367 ops_per_sec=65353 cpu_seconds=0.358196 cpu_percent=9.36 cpu_ns_per_op=1432.8 base_offset=738197504 region_bytes=67108864 depth=128 completion_batch=64 target_cpu=44 affinity_applied=true local_cpu=44 worker_numa_node=0 sqpoll_cpu=-1 buffers=hugetlb buffer_base=0xf1426c000000 buffer_alignment=67108864 buffer_stride=2097152 buffer_map_len=268435456 memory_policy=first-touch
zcblockbench-worker: engine=uring-fixed worker=12 ops=250000 reads=0 writes=250000 seconds=3.825381 ops_per_sec=65353 cpu_seconds=0.342420 cpu_percent=8.95 cpu_ns_per_op=1369.7 base_offset=805306368 region_bytes=67108864 depth=128 completion_batch=64 target_cpu=48 affinity_applied=true local_cpu=48 worker_numa_node=0 sqpoll_cpu=-1 buffers=hugetlb buffer_base=0xf1427c000000 buffer_alignment=67108864 buffer_stride=2097152 buffer_map_len=268435456 memory_policy=first-touch
zcblockbench-worker: engine=uring-fixed worker=13 ops=250000 reads=0 writes=250000 seconds=3.825381 ops_per_sec=65353 cpu_seconds=0.349278 cpu_percent=9.13 cpu_ns_per_op=1397.1 base_offset=872415232 region_bytes=67108864 depth=128 completion_batch=64 target_cpu=52 affinity_applied=true local_cpu=52 worker_numa_node=0 sqpoll_cpu=-1 buffers=hugetlb buffer_base=0xf1423c000000 buffer_alignment=67108864 buffer_stride=2097152 buffer_map_len=268435456 memory_policy=first-touch
zcblockbench-worker: engine=uring-fixed worker=14 ops=250000 reads=0 writes=250000 seconds=3.825378 ops_per_sec=65353 cpu_seconds=0.354711 cpu_percent=9.27 cpu_ns_per_op=1418.8 base_offset=939524096 region_bytes=67108864 depth=128 completion_batch=64 target_cpu=56 affinity_applied=true local_cpu=56 worker_numa_node=0 sqpoll_cpu=-1 buffers=hugetlb buffer_base=0xf1425c000000 buffer_alignment=67108864 buffer_stride=2097152 buffer_map_len=268435456 memory_policy=first-touch
zcblockbench-worker: engine=uring-fixed worker=15 ops=250000 reads=0 writes=250000 seconds=3.825423 ops_per_sec=65352 cpu_seconds=0.281001 cpu_percent=7.35 cpu_ns_per_op=1124.0 base_offset=1006632960 region_bytes=67108864 depth=128 completion_batch=64 target_cpu=60 affinity_applied=true local_cpu=60 worker_numa_node=0 sqpoll_cpu=-1 buffers=hugetlb buffer_base=0xf1422c000000 buffer_alignment=67108864 buffer_stride=2097152 buffer_map_len=268435456 memory_policy=first-touch
zcblockbench-result: target=/dev/zcnblk0 engine=uring-fixed mode=write workers=16 ops_per_worker=250000 total_ops=4000000 reads=0 writes=4000000 read_percent=0 chunk_bytes=4096 region_bytes_per_worker=67108864 pipeline_per_worker=128 total_pipeline=2048 ring_entries=256 ring_mode=normal cqe=16 registered_ring=false buffers=hugetlb pin_workers=true wall_seconds=3.843854 io_seconds=3.825423 slowest_worker_seconds=3.825423 total_cpu_seconds=6.167679 aggregate_cpu_percent=161.23 cpu_ns_per_op=1541.9 MiBps=4084.52 ops_per_sec=1045636
