topology_preflight=1
run_mode=local
strict=0
topology_preflight_fatal=0
topology_busy_pct=1.0
local_mapped_cpus=0,1,2,3,4,5,6,7,8,9
local_mapped_cpu_count=10
stage=client cpus=0-1 unique_cpus=2
stage=fan-handler cpus=2-3 unique_cpus=2
stage=fan-async cpus=4-5 unique_cpus=2
stage=leaf0 cpus=6-7 unique_cpus=2
stage=leaf1 cpus=8-9 unique_cpus=2
cpu=0 governor=powersave
cpu=1 governor=powersave
cpu=2 governor=powersave
cpu=3 governor=powersave
cpu=4 governor=powersave
cpu=5 governor=powersave
cpu=6 governor=powersave
cpu=7 governor=powersave
cpu=8 governor=powersave
cpu=9 governor=powersave
PERF WARNING: mapped CPUs are not all using performance governor: cpu0=powersave,cpu1=powersave,cpu2=powersave,cpu3=powersave,cpu4=powersave,cpu5=powersave,cpu6=powersave,cpu7=powersave,cpu8=powersave,cpu9=powersave
== mapped cpu mhz sample ==
CPU CORE SOCKET NODE L1d:L1i:L2:L3 ONLINE    MAXMHZ   MINMHZ       MHZ
  0    0      0    0 0:0:0:0          yes 5756.4521 624.1940 4794.3188
  1    1      0    0 1:1:1:0          yes 5756.4521 624.1940 5454.5532
  2    2      0    0 2:2:2:0          yes 5756.4521 624.1940 5010.8281
  3    3      0    0 3:3:3:0          yes 5756.4521 624.1940 5521.2378
  4    4      0    0 4:4:4:0          yes 5756.4521 624.1940 5541.4019
  5    5      0    0 5:5:5:0          yes 5756.4521 624.1940 4738.5532
  6    6      0    0 6:6:6:0          yes 5756.4521 624.1940 3906.5659
  7    7      0    0 7:7:7:0          yes 5756.4521 624.1940 3617.0979
  8    8      0    0 8:8:8:1          yes 5756.4521 624.1940 5571.1558
  9    9      0    0 9:9:9:1          yes 5756.4521 624.1940 5554.4990
PERF WARNING: mapped CPUs already have threads above 1.0% CPU; benchmark is noisy unless those cores are isolated
busy_cpu=9 pcpu=1.9 pid=1334 tid=1334 comm=shard-01-sandbo
busy_cpu=6 pcpu=1.5 pid=892063 tid=892068 comm=java
busy_cpu=4 pcpu=5.2 pid=892448 tid=892448 comm=postgres
busy_cpu=6 pcpu=5.0 pid=892791 tid=892791 comm=postgres
busy_cpu=9 pcpu=6.1 pid=892792 tid=892792 comm=postgres
memlock_limit=8192
PERF WARNING: memlock is 8192; zero-copy/RDMA/hugetlb results are not representative without enough locked-memory headroom
nr_hugepages=0
PERF WARNING: vm.nr_hugepages is 0; this is a smoke run for hugetlb-backed zero-copy/RDMA comparisons
