PERF WARNING: zcblockbench: small-page buffers are fine for smoke tests; use --buffer-mode hugetlb with enough huge pages for high-IOPS claims
PERF WARNING: zcblockbench: iodepth below 32 is a latency shape, not an IOPS ceiling run
zcblockbench-plan: target=/dev/zcbrd10 engine=uring-fixed mode=write workers=16 ops_per_worker=32768 chunk_bytes=4096 iodepth=16 ring_entries=32 read_percent=80 region_bytes_per_worker=134217728 ring_mode=normal cqe=16 registered_ring=false sqpoll_idle_ms=1000 buffers=small-pages pin_workers=true target_kind=block
zcblockbench-target: target=/dev/zcbrd10 total_region_bytes=2147483648 device_bytes=2147483648 required_alignment=4096 segment_bytes=4096
zcblockbench-worker: affinity_index=1 target_cpu=17 status=ok
zcblockbench-worker: affinity_index=0 target_cpu=1 status=ok
zcblockbench-worker: affinity_index=2 target_cpu=3 status=ok
zcblockbench-worker: affinity_index=3 target_cpu=19 status=ok
zcblockbench-worker: affinity_index=4 target_cpu=4 status=ok
zcblockbench-worker: affinity_index=5 target_cpu=20 status=ok
zcblockbench-worker: affinity_index=6 target_cpu=5 status=ok
zcblockbench-worker: affinity_index=9 target_cpu=22 status=ok
zcblockbench-worker: affinity_index=7 target_cpu=21 status=ok
zcblockbench-worker: affinity_index=8 target_cpu=6 status=ok
zcblockbench-worker: affinity_index=11 target_cpu=23 status=ok
zcblockbench-worker: affinity_index=10 target_cpu=7 status=ok
zcblockbench-worker: affinity_index=13 target_cpu=24 status=ok
zcblockbench-worker: affinity_index=14 target_cpu=9 status=ok
zcblockbench-worker: affinity_index=12 target_cpu=8 status=ok
zcblockbench-worker: affinity_index=15 target_cpu=25 status=ok
