pid 2442693's current affinity list: 4-7,12
pid 2442693's new affinity list: 12
pid 2442695's current affinity list: 4-7,12
pid 2442695's new affinity list: 12
pid 2442696's current affinity list: 4-7,12
pid 2442696's new affinity list: 12
pid 2442697's current affinity list: 4-7,12
pid 2442697's new affinity list: 12
pid 2442698's current affinity list: 4-7,12
pid 2442698's new affinity list: 12
pid 2442699's current affinity list: 4-7,12
pid 2442699's new affinity list: 12
pid 2442701's current affinity list: 4-7,12
pid 2442701's new affinity list: 12
pid 2442696's current affinity list: 12
pid 2442696's new affinity list: 4
vcpu-map: vm=target qemu_pid=2442693 tid=2442696 guest_vcpu=0 host_cpu=4
pid 2442697's current affinity list: 12
pid 2442697's new affinity list: 5
vcpu-map: vm=target qemu_pid=2442693 tid=2442697 guest_vcpu=1 host_cpu=5
pid 2442698's current affinity list: 12
pid 2442698's new affinity list: 6
vcpu-map: vm=target qemu_pid=2442693 tid=2442698 guest_vcpu=2 host_cpu=6
pid 2442699's current affinity list: 12
pid 2442699's new affinity list: 7
vcpu-map: vm=target qemu_pid=2442693 tid=2442699 guest_vcpu=3 host_cpu=7
emulator-map: vm=target qemu_pid=2442693 host_cpu=12
pid 2442708's current affinity list: 8-11,13
pid 2442708's new affinity list: 13
pid 2442711's current affinity list: 8-11,13
pid 2442711's new affinity list: 13
pid 2442713's current affinity list: 8-11,13
pid 2442713's new affinity list: 13
pid 2442714's current affinity list: 8-11,13
pid 2442714's new affinity list: 13
pid 2442715's current affinity list: 8-11,13
pid 2442715's new affinity list: 13
pid 2442716's current affinity list: 8-11,13
pid 2442716's new affinity list: 13
pid 2442718's current affinity list: 8-11,13
pid 2442718's new affinity list: 13
pid 2442713's current affinity list: 13
pid 2442713's new affinity list: 8
vcpu-map: vm=client qemu_pid=2442708 tid=2442713 guest_vcpu=0 host_cpu=8
pid 2442714's current affinity list: 13
pid 2442714's new affinity list: 9
vcpu-map: vm=client qemu_pid=2442708 tid=2442714 guest_vcpu=1 host_cpu=9
pid 2442715's current affinity list: 13
pid 2442715's new affinity list: 10
vcpu-map: vm=client qemu_pid=2442708 tid=2442715 guest_vcpu=2 host_cpu=10
pid 2442716's current affinity list: 13
pid 2442716's new affinity list: 11
vcpu-map: vm=client qemu_pid=2442708 tid=2442716 guest_vcpu=3 host_cpu=11
emulator-map: vm=client qemu_pid=2442708 host_cpu=13
