2026-07-16 07:49:47.511 EDT [915764] LOG:  starting PostgreSQL 17.10 (Debian 17.10-0+deb13u1) on x86_64-pc-linux-gnu, compiled by gcc (Debian 14.2.0-19) 14.2.0, 64-bit
2026-07-16 07:49:47.511 EDT [915764] LOG:  listening on Unix socket "/tmp/zc-pgbench-nvme-socket/.s.PGSQL.55432"
2026-07-16 07:49:47.518 EDT [915771] LOG:  database system was shut down at 2026-07-16 07:49:23 EDT
2026-07-16 07:49:47.522 EDT [915764] LOG:  database system is ready to accept connections
2026-07-16 07:50:13.484 EDT [915769] LOG:  checkpoints are occurring too frequently (26 seconds apart)
2026-07-16 07:50:13.484 EDT [915769] HINT:  Consider increasing the configuration parameter "max_wal_size".
2026-07-16 07:50:13.492 EDT [915769] LOG:  checkpoint starting: wal
2026-07-16 07:50:24.380 EDT [915769] LOG:  checkpoint complete: wrote 2962 buffers (9.0%); 0 WAL file(s) added, 0 removed, 67 recycled; write=10.549 s, sync=0.155 s, total=10.896 s; sync files=319, longest=0.102 s, average=0.001 s; distance=1101088 kB, estimate=1101088 kB; lsn=0/4E46FB48, redo lsn=0/44834E80
2026-07-16 07:50:24.380 EDT [915769] LOG:  checkpoint starting: immediate force wait
2026-07-16 07:50:24.423 EDT [915769] LOG:  checkpoint complete: wrote 2 buffers (0.0%); 0 WAL file(s) added, 0 removed, 10 recycled; write=0.003 s, sync=0.004 s, total=0.043 s; sync files=2, longest=0.002 s, average=0.002 s; distance=159979 kB, estimate=1006977 kB; lsn=0/4E46FC18, redo lsn=0/4E46FBC0
2026-07-16 07:50:39.050 EDT [915769] LOG:  checkpoints are occurring too frequently (15 seconds apart)
2026-07-16 07:50:39.050 EDT [915769] HINT:  Consider increasing the configuration parameter "max_wal_size".
2026-07-16 07:50:39.050 EDT [915769] LOG:  checkpoint starting: wal
2026-07-16 07:50:48.612 EDT [915769] LOG:  checkpoint complete: wrote 3070 buffers (9.4%); 0 WAL file(s) added, 0 removed, 67 recycled; write=9.052 s, sync=0.146 s, total=9.563 s; sync files=23, longest=0.093 s, average=0.007 s; distance=1093312 kB, estimate=1093312 kB; lsn=0/CD993408, redo lsn=0/9101FF20
2026-07-16 07:50:58.772 EDT [915769] LOG:  checkpoints are occurring too frequently (19 seconds apart)
2026-07-16 07:50:58.772 EDT [915769] HINT:  Consider increasing the configuration parameter "max_wal_size".
2026-07-16 07:50:58.772 EDT [915769] LOG:  checkpoint starting: wal
2026-07-16 07:51:09.167 EDT [915769] LOG:  checkpoint complete: wrote 2074 buffers (6.3%); 0 WAL file(s) added, 0 removed, 67 recycled; write=9.841 s, sync=0.187 s, total=10.396 s; sync files=21, longest=0.111 s, average=0.009 s; distance=1097684 kB, estimate=1097684 kB; lsn=1/10C2C138, redo lsn=0/D4015210
2026-07-16 07:51:10.864 EDT [915769] LOG:  checkpoints are occurring too frequently (12 seconds apart)
2026-07-16 07:51:10.864 EDT [915769] HINT:  Consider increasing the configuration parameter "max_wal_size".
2026-07-16 07:51:10.864 EDT [915769] LOG:  checkpoint starting: wal
2026-07-16 07:51:28.646 EDT [915769] LOG:  checkpoint complete: wrote 1685 buffers (5.1%); 0 WAL file(s) added, 0 removed, 67 recycled; write=17.253 s, sync=0.172 s, total=17.783 s; sync files=23, longest=0.104 s, average=0.008 s; distance=1097678 kB, estimate=1097684 kB; lsn=1/53C116E8, redo lsn=1/17008CF8
2026-07-16 07:51:30.651 EDT [915769] LOG:  checkpoints are occurring too frequently (20 seconds apart)
2026-07-16 07:51:30.651 EDT [915769] HINT:  Consider increasing the configuration parameter "max_wal_size".
2026-07-16 07:51:30.651 EDT [915769] LOG:  checkpoint starting: wal
2026-07-16 07:51:42.838 EDT [915769] LOG:  checkpoint complete: wrote 1573 buffers (4.8%); 0 WAL file(s) added, 0 removed, 67 recycled; write=11.647 s, sync=0.173 s, total=12.187 s; sync files=19, longest=0.107 s, average=0.010 s; distance=1097745 kB, estimate=1097745 kB; lsn=1/96A8DEF8, redo lsn=1/5A00D110
2026-07-16 07:52:18.709 EDT [915764] LOG:  received fast shutdown request
2026-07-16 07:52:18.713 EDT [915764] LOG:  aborting any active transactions
2026-07-16 07:52:18.714 EDT [915764] LOG:  background worker "logical replication launcher" (PID 915774) exited with exit code 1
2026-07-16 07:52:18.717 EDT [915769] LOG:  shutting down
2026-07-16 07:52:18.720 EDT [915769] LOG:  checkpoint starting: shutdown immediate
2026-07-16 07:52:18.964 EDT [915769] LOG:  checkpoint complete: wrote 12768 buffers (39.0%); 0 WAL file(s) added, 0 removed, 66 recycled; write=0.042 s, sync=0.011 s, total=0.247 s; sync files=20, longest=0.003 s, average=0.001 s; distance=1081920 kB, estimate=1096162 kB; lsn=1/9C09D1D8, redo lsn=1/9C09D1D8
2026-07-16 07:52:18.978 EDT [915764] LOG:  database system is shut down
