zcwal-extent-send: addr=172.31.35.97 base_port=41600 lanes=512 connections_per_lane=1 total_connections=512 bytes_per_connection=134217728 extent_bytes=1048576 record_size=4096 records_per_extent=256 workers=96 framing=stream data_path=uring ack_enabled=no sync_acks=no tcp_nodelay=yes socket_buffer_bytes=16777216 uring_send_bytes=1048576 uring_pipeline=32 uring_entries=512 source_ports=kernel-ephemeral
PERF WARNING: zcwal-extent-send workers=96 lanes=512; at least one worker will own multiple lanes
zcwal-extent-send-worker: affinity_index=0 target_cpu=0 status=ok
zcwal-extent-send-worker: affinity_index=1 target_cpu=1 status=ok
zcwal-extent-send-worker: affinity_index=2 target_cpu=2 status=ok
zcwal-extent-send-worker: affinity_index=4 target_cpu=4 status=ok
zcwal-extent-send-worker: affinity_index=5 target_cpu=5 status=ok
zcwal-extent-send-worker: affinity_index=3 target_cpu=3 status=ok
zcwal-extent-send-worker: affinity_index=6 target_cpu=6 status=ok
zcwal-extent-send-worker: affinity_index=7 target_cpu=7 status=ok
zcwal-extent-send-worker: affinity_index=8 target_cpu=8 status=ok
zcwal-extent-send-worker: affinity_index=9 target_cpu=9 status=ok
zcwal-extent-send-worker: affinity_index=10 target_cpu=10 status=ok
zcwal-extent-send-stream: worker=0 lane=0 port=41600 conn=0
zcwal-extent-send-worker: affinity_index=11 target_cpu=11 status=ok
zcwal-extent-send-stream: worker=2 lane=2 port=41602 conn=0
zcwal-extent-send-worker: affinity_index=12 target_cpu=12 status=ok
zcwal-extent-send-stream: worker=4 lane=4 port=41604 conn=0
zcwal-extent-send-worker: affinity_index=13 target_cpu=13 status=ok
zcwal-extent-send-worker: affinity_index=14 target_cpu=14 status=ok
zcwal-extent-send-stream: worker=3 lane=3 port=41603 conn=0
zcwal-extent-send-worker: affinity_index=15 target_cpu=15 status=ok
zcwal-extent-send-worker: affinity_index=16 target_cpu=16 status=ok
zcwal-extent-send-stream: worker=7 lane=7 port=41607 conn=0
zcwal-extent-send-worker: affinity_index=17 target_cpu=17 status=ok
zcwal-extent-send-worker: affinity_index=18 target_cpu=18 status=ok
zcwal-extent-send-stream: worker=9 lane=9 port=41609 conn=0
zcwal-extent-send-stream: worker=5 lane=5 port=41605 conn=0
zcwal-extent-send-worker: affinity_index=19 target_cpu=19 status=ok
zcwal-extent-send-stream: worker=0 lane=96 port=41696 conn=0
zcwal-extent-send-stream: worker=2 lane=98 port=41698 conn=0
zcwal-extent-send-stream: worker=6 lane=6 port=41606 conn=0
zcwal-extent-send-worker: affinity_index=20 target_cpu=20 status=ok
zcwal-extent-send-stream: worker=8 lane=8 port=41608 conn=0
zcwal-extent-send-worker: affinity_index=21 target_cpu=21 status=ok
zcwal-extent-send-stream: worker=14 lane=14 port=41614 conn=0
zcwal-extent-send-worker: affinity_index=22 target_cpu=22 status=ok
zcwal-extent-send-worker: affinity_index=23 target_cpu=23 status=ok
zcwal-extent-send-stream: worker=3 lane=99 port=41699 conn=0
zcwal-extent-send-stream: worker=4 lane=100 port=41700 conn=0
zcwal-extent-send-stream: worker=5 lane=101 port=41701 conn=0
zcwal-extent-send-stream: worker=12 lane=12 port=41612 conn=0
zcwal-extent-send-stream: worker=11 lane=11 port=41611 conn=0
zcwal-extent-send-stream: worker=13 lane=13 port=41613 conn=0
zcwal-extent-send-stream: worker=9 lane=105 port=41705 conn=0
zcwal-extent-send-stream: worker=7 lane=103 port=41703 conn=0
zcwal-extent-send-stream: worker=16 lane=16 port=41616 conn=0
zcwal-extent-send-worker: affinity_index=24 target_cpu=24 status=ok
zcwal-extent-send-stream: worker=15 lane=15 port=41615 conn=0
zcwal-extent-send-stream: worker=10 lane=10 port=41610 conn=0
zcwal-extent-send-stream: worker=2 lane=194 port=41794 conn=0
zcwal-extent-send-worker: affinity_index=25 target_cpu=25 status=ok
zcwal-extent-send-worker: affinity_index=26 target_cpu=26 status=ok
zcwal-extent-send-stream: worker=17 lane=17 port=41617 conn=0
zcwal-extent-send-stream: worker=18 lane=18 port=41618 conn=0
zcwal-extent-send-worker: affinity_index=27 target_cpu=27 status=ok
zcwal-extent-send-stream: worker=13 lane=109 port=41709 conn=0
zcwal-extent-send-stream: worker=20 lane=20 port=41620 conn=0
zcwal-extent-send-stream: worker=21 lane=21 port=41621 conn=0
zcwal-extent-send-stream: worker=10 lane=106 port=41706 conn=0
zcwal-extent-send-stream: worker=3 lane=195 port=41795 conn=0
zcwal-extent-send-stream: worker=14 lane=110 port=41710 conn=0
zcwal-extent-send-worker: affinity_index=28 target_cpu=28 status=ok
zcwal-extent-send-stream: worker=5 lane=197 port=41797 conn=0
zcwal-extent-send-stream: worker=11 lane=107 port=41707 conn=0
zcwal-extent-send-worker: affinity_index=29 target_cpu=29 status=ok
zcwal-extent-send-stream: worker=22 lane=22 port=41622 conn=0
zcwal-extent-send-stream: worker=0 lane=192 port=41792 conn=0
zcwal-extent-send-stream: worker=15 lane=111 port=41711 conn=0
zcwal-extent-send-stream: worker=19 lane=19 port=41619 conn=0
zcwal-extent-send-stream: worker=8 lane=104 port=41704 conn=0
zcwal-extent-send-stream: worker=9 lane=201 port=41801 conn=0
zcwal-extent-send-stream: worker=4 lane=196 port=41796 conn=0
zcwal-extent-send-stream: worker=7 lane=199 port=41799 conn=0
zcwal-extent-send-stream: worker=16 lane=112 port=41712 conn=0
zcwal-extent-send-worker: affinity_index=30 target_cpu=30 status=ok
zcwal-extent-send-stream: worker=12 lane=108 port=41708 conn=0
zcwal-extent-send-stream: worker=2 lane=290 port=41890 conn=0
zcwal-extent-send-stream: worker=24 lane=24 port=41624 conn=0
zcwal-extent-send-worker: affinity_index=31 target_cpu=31 status=ok
zcwal-extent-send-worker: affinity_index=32 target_cpu=32 status=ok
zcwal-extent-send-stream: worker=6 lane=102 port=41702 conn=0
zcwal-extent-send-stream: worker=20 lane=116 port=41716 conn=0
zcwal-extent-send-stream: worker=10 lane=202 port=41802 conn=0
zcwal-extent-send-worker: affinity_index=33 target_cpu=33 status=ok
zcwal-extent-send-stream: worker=11 lane=203 port=41803 conn=0
zcwal-extent-send-worker: affinity_index=34 target_cpu=34 status=ok
zcwal-extent-send-stream: worker=21 lane=117 port=41717 conn=0
zcwal-extent-send-stream: worker=25 lane=25 port=41625 conn=0
zcwal-extent-send-stream: worker=13 lane=205 port=41805 conn=0
zcwal-extent-send-worker: affinity_index=35 target_cpu=35 status=ok
zcwal-extent-send-worker: affinity_index=36 target_cpu=36 status=ok
zcwal-extent-send-stream: worker=28 lane=28 port=41628 conn=0
zcwal-extent-send-worker: affinity_index=37 target_cpu=37 status=ok
zcwal-extent-send-worker: affinity_index=38 target_cpu=38 status=ok
zcwal-extent-send-stream: worker=23 lane=23 port=41623 conn=0
zcwal-extent-send-stream: worker=3 lane=291 port=41891 conn=0
zcwal-extent-send-stream: worker=17 lane=113 port=41713 conn=0
zcwal-extent-send-worker: affinity_index=39 target_cpu=39 status=ok
zcwal-extent-send-stream: worker=1 lane=1 port=41601 conn=0
zcwal-extent-send-worker: affinity_index=40 target_cpu=40 status=ok
zcwal-extent-send-worker: affinity_index=41 target_cpu=41 status=ok
zcwal-extent-send-worker: affinity_index=42 target_cpu=42 status=ok
zcwal-extent-send-stream: worker=18 lane=114 port=41714 conn=0
zcwal-extent-send-stream: worker=28 lane=124 port=41724 conn=0
zcwal-extent-send-worker: affinity_index=43 target_cpu=43 status=ok
zcwal-extent-send-stream: worker=23 lane=119 port=41719 conn=0
zcwal-extent-send-worker: affinity_index=44 target_cpu=44 status=ok
zcwal-extent-send-worker: affinity_index=45 target_cpu=45 status=ok
zcwal-extent-send-worker: affinity_index=46 target_cpu=46 status=ok
zcwal-extent-send-worker: affinity_index=47 target_cpu=47 status=ok
zcwal-extent-send-worker: affinity_index=48 target_cpu=48 status=ok
zcwal-extent-send-worker: affinity_index=49 target_cpu=49 status=ok
zcwal-extent-send-worker: affinity_index=50 target_cpu=50 status=ok
zcwal-extent-send-worker: affinity_index=51 target_cpu=51 status=ok
zcwal-extent-send-worker: affinity_index=52 target_cpu=52 status=ok
zcwal-extent-send-worker: affinity_index=53 target_cpu=53 status=ok
zcwal-extent-send-worker: affinity_index=54 target_cpu=54 status=ok
zcwal-extent-send-worker: affinity_index=55 target_cpu=55 status=ok
zcwal-extent-send-worker: affinity_index=56 target_cpu=56 status=ok
zcwal-extent-send-worker: affinity_index=57 target_cpu=57 status=ok
zcwal-extent-send-worker: affinity_index=58 target_cpu=58 status=ok
zcwal-extent-send-worker: affinity_index=59 target_cpu=59 status=ok
zcwal-extent-send-worker: affinity_index=60 target_cpu=60 status=ok
zcwal-extent-send-worker: affinity_index=61 target_cpu=61 status=ok
zcwal-extent-send-worker: affinity_index=62 target_cpu=62 status=ok
zcwal-extent-send-worker: affinity_index=63 target_cpu=63 status=ok
zcwal-extent-send-worker: affinity_index=64 target_cpu=64 status=ok
zcwal-extent-send-worker: affinity_index=65 target_cpu=65 status=ok
zcwal-extent-send-worker: affinity_index=66 target_cpu=66 status=ok
zcwal-extent-send-worker: affinity_index=67 target_cpu=67 status=ok
zcwal-extent-send-worker: affinity_index=68 target_cpu=68 status=ok
zcwal-extent-send-worker: affinity_index=69 target_cpu=69 status=ok
zcwal-extent-send-worker: affinity_index=70 target_cpu=70 status=ok
zcwal-extent-send-worker: affinity_index=71 target_cpu=71 status=ok
zcwal-extent-send-worker: affinity_index=72 target_cpu=72 status=ok
zcwal-extent-send-worker: affinity_index=73 target_cpu=73 status=ok
zcwal-extent-send-worker: affinity_index=74 target_cpu=74 status=ok
zcwal-extent-send-worker: affinity_index=75 target_cpu=75 status=ok
zcwal-extent-send-worker: affinity_index=76 target_cpu=76 status=ok
zcwal-extent-send-worker: affinity_index=77 target_cpu=77 status=ok
zcwal-extent-send-worker: affinity_index=78 target_cpu=78 status=ok
zcwal-extent-send-worker: affinity_index=79 target_cpu=79 status=ok
zcwal-extent-send-worker: affinity_index=80 target_cpu=80 status=ok
zcwal-extent-send-worker: affinity_index=81 target_cpu=81 status=ok
zcwal-extent-send-worker: affinity_index=82 target_cpu=82 status=ok
zcwal-extent-send-worker: affinity_index=83 target_cpu=83 status=ok
zcwal-extent-send-worker: affinity_index=84 target_cpu=84 status=ok
zcwal-extent-send-worker: affinity_index=85 target_cpu=85 status=ok
zcwal-extent-send-worker: affinity_index=86 target_cpu=86 status=ok
zcwal-extent-send-worker: affinity_index=87 target_cpu=87 status=ok
zcwal-extent-send-worker: affinity_index=88 target_cpu=88 status=ok
zcwal-extent-send-worker: affinity_index=89 target_cpu=89 status=ok
zcwal-extent-send-worker: affinity_index=90 target_cpu=90 status=ok
zcwal-extent-send-worker: affinity_index=91 target_cpu=91 status=ok
zcwal-extent-send-worker: affinity_index=92 target_cpu=92 status=ok
zcwal-extent-send-worker: affinity_index=93 target_cpu=93 status=ok
zcwal-extent-send-worker: affinity_index=94 target_cpu=94 status=ok
zcwal-extent-send-worker: affinity_index=95 target_cpu=95 status=ok
zcwal-extent-send-stream: worker=1 lane=97 port=41697 conn=0
zcwal-extent-send-stream: worker=17 lane=209 port=41809 conn=0
zcwal-extent-send-stream: worker=28 lane=220 port=41820 conn=0
zcwal-extent-send-stream: worker=14 lane=206 port=41806 conn=0
zcwal-extent-send-stream: worker=18 lane=210 port=41810 conn=0
zcwal-extent-send-stream: worker=23 lane=215 port=41815 conn=0
zcwal-extent-send-stream: worker=79 lane=79 port=41679 conn=0
zcwal-extent-send-stream: worker=95 lane=95 port=41695 conn=0
zcwal-extent-send-stream: worker=3 lane=387 port=41987 conn=0
tcp-bench-connect-route-probe: peer=172.31.35.97:41601 local_socket=172.31.40.158:51505 probe_src=172.31.40.158 route_dev=ens68 route_src=172.31.40.158 route="172.31.35.97 from 172.31.40.158 dev ens68 uid 1000 \ cache"
zcwal-extent-send-stream: worker=67 lane=67 port=41667 conn=0
zcwal-extent-send-stream: worker=81 lane=81 port=41681 conn=0
zcwal-extent-send-stream: worker=87 lane=87 port=41687 conn=0
zcwal-extent-send-stream: worker=82 lane=82 port=41682 conn=0
zcwal-extent-send-stream: worker=92 lane=92 port=41692 conn=0
zcwal-extent-send-stream: worker=84 lane=84 port=41684 conn=0
zcwal-extent-send-stream: worker=86 lane=86 port=41686 conn=0
zcwal-extent-send-stream: worker=63 lane=63 port=41663 conn=0
zcwal-extent-send-stream: worker=74 lane=74 port=41674 conn=0
zcwal-extent-send-stream: worker=53 lane=53 port=41653 conn=0
zcwal-extent-send-stream: worker=76 lane=76 port=41676 conn=0
zcwal-extent-send-stream: worker=77 lane=77 port=41677 conn=0
zcwal-extent-send-stream: worker=75 lane=75 port=41675 conn=0
zcwal-extent-send-stream: worker=60 lane=60 port=41660 conn=0
zcwal-extent-send-stream: worker=83 lane=83 port=41683 conn=0
zcwal-extent-send-stream: worker=51 lane=51 port=41651 conn=0
zcwal-extent-send-stream: worker=71 lane=71 port=41671 conn=0
zcwal-extent-send-stream: worker=50 lane=50 port=41650 conn=0
zcwal-extent-send-stream: worker=72 lane=72 port=41672 conn=0
zcwal-extent-send-stream: worker=57 lane=57 port=41657 conn=0
zcwal-extent-send-stream: worker=73 lane=73 port=41673 conn=0
zcwal-extent-send-stream: worker=90 lane=90 port=41690 conn=0
zcwal-extent-send-stream: worker=85 lane=85 port=41685 conn=0
zcwal-extent-send-stream: worker=52 lane=52 port=41652 conn=0
zcwal-extent-send-stream: worker=68 lane=68 port=41668 conn=0
zcwal-extent-send-stream: worker=56 lane=56 port=41656 conn=0
zcwal-extent-send-stream: worker=42 lane=42 port=41642 conn=0
zcwal-extent-send-stream: worker=45 lane=45 port=41645 conn=0
zcwal-extent-send-stream: worker=55 lane=55 port=41655 conn=0
zcwal-extent-send-stream: worker=91 lane=91 port=41691 conn=0
zcwal-extent-send-stream: worker=59 lane=59 port=41659 conn=0
zcwal-extent-send-stream: worker=64 lane=64 port=41664 conn=0
zcwal-extent-send-stream: worker=89 lane=89 port=41689 conn=0
zcwal-extent-send-stream: worker=46 lane=46 port=41646 conn=0
zcwal-extent-send-stream: worker=49 lane=49 port=41649 conn=0
zcwal-extent-send-stream: worker=1 lane=193 port=41793 conn=0
zcwal-extent-send-stream: worker=70 lane=70 port=41670 conn=0
zcwal-extent-send-stream: worker=47 lane=47 port=41647 conn=0
zcwal-extent-send-stream: worker=43 lane=43 port=41643 conn=0
zcwal-extent-send-stream: worker=48 lane=48 port=41648 conn=0
zcwal-extent-send-stream: worker=65 lane=65 port=41665 conn=0
zcwal-extent-send-stream: worker=69 lane=69 port=41669 conn=0
zcwal-extent-send-stream: worker=94 lane=94 port=41694 conn=0
zcwal-extent-send-stream: worker=80 lane=80 port=41680 conn=0
zcwal-extent-send-stream: worker=66 lane=66 port=41666 conn=0
zcwal-extent-send-stream: worker=93 lane=93 port=41693 conn=0
zcwal-extent-send-stream: worker=58 lane=58 port=41658 conn=0
zcwal-extent-send-stream: worker=39 lane=39 port=41639 conn=0
zcwal-extent-send-stream: worker=88 lane=88 port=41688 conn=0
zcwal-extent-send-stream: worker=54 lane=54 port=41654 conn=0
zcwal-extent-send-stream: worker=17 lane=305 port=41905 conn=0
zcwal-extent-send-stream: worker=78 lane=78 port=41678 conn=0
zcwal-extent-send-stream: worker=61 lane=61 port=41661 conn=0
zcwal-extent-send-stream: worker=62 lane=62 port=41662 conn=0
zcwal-extent-send-stream: worker=41 lane=41 port=41641 conn=0
zcwal-extent-send-stream: worker=45 lane=141 port=41741 conn=0
zcwal-extent-send-stream: worker=1 lane=289 port=41889 conn=0
zcwal-extent-send-stream: worker=92 lane=188 port=41788 conn=0
zcwal-extent-send-stream: worker=58 lane=154 port=41754 conn=0
zcwal-extent-send-stream: worker=82 lane=178 port=41778 conn=0
zcwal-extent-send-stream: worker=94 lane=190 port=41790 conn=0
zcwal-extent-send-stream: worker=62 lane=158 port=41758 conn=0
zcwal-extent-send-stream: worker=17 lane=401 port=42001 conn=0
zcwal-extent-send-stream: worker=56 lane=152 port=41752 conn=0
zcwal-extent-send-stream: worker=41 lane=137 port=41737 conn=0
zcwal-extent-send-stream: worker=93 lane=189 port=41789 conn=0
zcwal-extent-send-stream: worker=95 lane=191 port=41791 conn=0
zcwal-extent-send-stream: worker=55 lane=151 port=41751 conn=0
zcwal-extent-send-stream: worker=4 lane=292 port=41892 conn=0
zcwal-extent-send-stream: worker=39 lane=135 port=41735 conn=0
zcwal-extent-send-stream: worker=90 lane=186 port=41786 conn=0
zcwal-extent-send-stream: worker=73 lane=169 port=41769 conn=0
zcwal-extent-send-stream: worker=6 lane=198 port=41798 conn=0
zcwal-extent-send-stream: worker=15 lane=207 port=41807 conn=0
zcwal-extent-send-stream: worker=11 lane=299 port=41899 conn=0
zcwal-extent-send-stream: worker=60 lane=156 port=41756 conn=0
zcwal-extent-send-stream: worker=19 lane=115 port=41715 conn=0
zcwal-extent-send-stream: worker=88 lane=184 port=41784 conn=0
zcwal-extent-send-stream: worker=22 lane=118 port=41718 conn=0
zcwal-extent-send-stream: worker=65 lane=161 port=41761 conn=0
zcwal-extent-send-stream: worker=9 lane=297 port=41897 conn=0
zcwal-extent-send-stream: worker=2 lane=386 port=41986 conn=0
zcwal-extent-send-stream: worker=24 lane=120 port=41720 conn=0
zcwal-extent-send-stream: worker=75 lane=171 port=41771 conn=0
zcwal-extent-send-stream: worker=3 lane=483 port=42083 conn=0
zcwal-extent-send-stream: worker=20 lane=212 port=41812 conn=0
zcwal-extent-send-stream: worker=48 lane=144 port=41744 conn=0
zcwal-extent-send-stream: worker=49 lane=145 port=41745 conn=0
zcwal-extent-send-stream: worker=12 lane=204 port=41804 conn=0
zcwal-extent-send-stream: worker=30 lane=30 port=41630 conn=0
zcwal-extent-send-stream: worker=79 lane=175 port=41775 conn=0
zcwal-extent-send-stream: worker=35 lane=35 port=41635 conn=0
zcwal-extent-send-stream: worker=61 lane=157 port=41757 conn=0
zcwal-extent-send-stream: worker=25 lane=121 port=41721 conn=0
zcwal-extent-send-stream: worker=91 lane=187 port=41787 conn=0
zcwal-extent-send-stream: worker=32 lane=32 port=41632 conn=0
zcwal-extent-send-stream: worker=50 lane=146 port=41746 conn=0
zcwal-extent-send-stream: worker=16 lane=208 port=41808 conn=0
zcwal-extent-send-stream: worker=23 lane=311 port=41911 conn=0
zcwal-extent-send-stream: worker=43 lane=139 port=41739 conn=0
zcwal-extent-send-stream: worker=38 lane=38 port=41638 conn=0
zcwal-extent-send-stream: worker=7 lane=295 port=41895 conn=0
zcwal-extent-send-stream: worker=80 lane=176 port=41776 conn=0
zcwal-extent-send-stream: worker=5 lane=293 port=41893 conn=0
zcwal-extent-send-stream: worker=84 lane=180 port=41780 conn=0
zcwal-extent-send-stream: worker=89 lane=185 port=41785 conn=0
zcwal-extent-send-stream: worker=36 lane=36 port=41636 conn=0
zcwal-extent-send-stream: worker=66 lane=162 port=41762 conn=0
zcwal-extent-send-stream: worker=10 lane=298 port=41898 conn=0
zcwal-extent-send-stream: worker=27 lane=27 port=41627 conn=0
zcwal-extent-send-stream: worker=14 lane=302 port=41902 conn=0
zcwal-extent-send-stream: worker=44 lane=44 port=41644 conn=0
zcwal-extent-send-stream: worker=71 lane=167 port=41767 conn=0
zcwal-extent-send-stream: worker=70 lane=166 port=41766 conn=0
zcwal-extent-send-stream: worker=33 lane=33 port=41633 conn=0
zcwal-extent-send-stream: worker=0 lane=288 port=41888 conn=0
zcwal-extent-send-stream: worker=64 lane=160 port=41760 conn=0
zcwal-extent-send-stream: worker=87 lane=183 port=41783 conn=0
zcwal-extent-send-stream: worker=51 lane=147 port=41747 conn=0
zcwal-extent-send-stream: worker=81 lane=177 port=41777 conn=0
zcwal-extent-send-stream: worker=59 lane=155 port=41755 conn=0
zcwal-extent-send-stream: worker=52 lane=148 port=41748 conn=0
zcwal-extent-send-stream: worker=17 lane=497 port=42097 conn=0
zcwal-extent-send-stream: worker=40 lane=40 port=41640 conn=0
zcwal-extent-send-stream: worker=57 lane=153 port=41753 conn=0
zcwal-extent-send-stream: worker=46 lane=142 port=41742 conn=0
zcwal-extent-send-stream: worker=31 lane=31 port=41631 conn=0
zcwal-extent-send-stream: worker=34 lane=34 port=41634 conn=0
zcwal-extent-send-stream: worker=77 lane=173 port=41773 conn=0
zcwal-extent-send-stream: worker=92 lane=284 port=41884 conn=0
zcwal-extent-send-stream: worker=69 lane=165 port=41765 conn=0
zcwal-extent-send-stream: worker=63 lane=159 port=41759 conn=0
zcwal-extent-send-stream: worker=78 lane=174 port=41774 conn=0
zcwal-extent-send-stream: worker=47 lane=143 port=41743 conn=0
zcwal-extent-send-stream: worker=76 lane=172 port=41772 conn=0
zcwal-extent-send-stream: worker=67 lane=163 port=41763 conn=0
zcwal-extent-send-stream: worker=86 lane=182 port=41782 conn=0
zcwal-extent-send-stream: worker=72 lane=168 port=41768 conn=0
zcwal-extent-send-stream: worker=28 lane=316 port=41916 conn=0
zcwal-extent-send-stream: worker=54 lane=150 port=41750 conn=0
zcwal-extent-send-stream: worker=21 lane=213 port=41813 conn=0
zcwal-extent-send-stream: worker=42 lane=138 port=41738 conn=0
zcwal-extent-send-stream: worker=26 lane=26 port=41626 conn=0
zcwal-extent-send-stream: worker=1 lane=385 port=41985 conn=0
zcwal-extent-send-stream: worker=85 lane=181 port=41781 conn=0
zcwal-extent-send-stream: worker=18 lane=306 port=41906 conn=0
zcwal-extent-send-stream: worker=29 lane=29 port=41629 conn=0
zcwal-extent-send-stream: worker=37 lane=37 port=41637 conn=0
zcwal-extent-send-stream: worker=95 lane=287 port=41887 conn=0
zcwal-extent-send-stream: worker=8 lane=200 port=41800 conn=0
zcwal-extent-send-stream: worker=41 lane=233 port=41833 conn=0
zcwal-extent-send-stream: worker=15 lane=303 port=41903 conn=0
zcwal-extent-send-stream: worker=74 lane=170 port=41770 conn=0
zcwal-extent-send-stream: worker=53 lane=149 port=41749 conn=0
zcwal-extent-send-stream: worker=90 lane=282 port=41882 conn=0
zcwal-extent-send-stream: worker=94 lane=286 port=41886 conn=0
zcwal-extent-send-stream: worker=73 lane=265 port=41865 conn=0
zcwal-extent-send-stream: worker=93 lane=285 port=41885 conn=0
zcwal-extent-send-stream: worker=58 lane=250 port=41850 conn=0
zcwal-extent-send-stream: worker=62 lane=254 port=41854 conn=0
zcwal-extent-send-stream: worker=83 lane=179 port=41779 conn=0
zcwal-extent-send-stream: worker=45 lane=237 port=41837 conn=0
zcwal-extent-send-stream: worker=2 lane=482 port=42082 conn=0
zcwal-extent-send-stream: worker=19 lane=211 port=41811 conn=0
zcwal-extent-send-stream: worker=11 lane=395 port=41995 conn=0
zcwal-extent-send-stream: worker=6 lane=294 port=41894 conn=0
zcwal-extent-send-stream: worker=56 lane=248 port=41848 conn=0
zcwal-extent-send-stream: worker=39 lane=231 port=41831 conn=0
zcwal-extent-send-stream: worker=60 lane=252 port=41852 conn=0
zcwal-extent-send-stream: worker=13 lane=301 port=41901 conn=0
zcwal-extent-send-stream: worker=88 lane=280 port=41880 conn=0
zcwal-extent-send-stream: worker=68 lane=164 port=41764 conn=0
zcwal-extent-send-stream: worker=65 lane=257 port=41857 conn=0
zcwal-extent-send-stream: worker=82 lane=274 port=41874 conn=0
zcwal-extent-send-stream: worker=48 lane=240 port=41840 conn=0
zcwal-extent-send-stream: worker=22 lane=214 port=41814 conn=0
zcwal-extent-send-stream: worker=4 lane=388 port=41988 conn=0
zcwal-extent-send-stream: worker=20 lane=308 port=41908 conn=0
zcwal-extent-send-stream: worker=49 lane=241 port=41841 conn=0
zcwal-extent-send-stream: worker=75 lane=267 port=41867 conn=0
zcwal-extent-send-stream: worker=9 lane=393 port=41993 conn=0
zcwal-extent-send-stream: worker=55 lane=247 port=41847 conn=0
zcwal-extent-send-stream: worker=24 lane=216 port=41816 conn=0
zcwal-extent-send-stream: worker=24 lane=312 port=41912 conn=0
zcwal-extent-send-stream: worker=60 lane=348 port=41948 conn=0
zcwal-extent-send-stream: worker=37 lane=133 port=41733 conn=0
zcwal-extent-send-stream: worker=20 lane=404 port=42004 conn=0
zcwal-extent-send-stream: worker=39 lane=327 port=41927 conn=0
zcwal-extent-send-stream: worker=13 lane=397 port=41997 conn=0
zcwal-extent-send-stream: worker=48 lane=336 port=41936 conn=0
zcwal-extent-send-stream: worker=62 lane=350 port=41950 conn=0
zcwal-extent-send-stream: worker=16 lane=304 port=41904 conn=0
zcwal-extent-send-stream: worker=12 lane=300 port=41900 conn=0
zcwal-extent-send-stream: worker=4 lane=484 port=42084 conn=0
zcwal-extent-send-stream: worker=21 lane=309 port=41909 conn=0
zcwal-extent-send-stream: worker=69 lane=261 port=41861 conn=0
zcwal-extent-send-stream: worker=61 lane=253 port=41853 conn=0
zcwal-extent-send-stream: worker=58 lane=346 port=41946 conn=0
zcwal-extent-send-stream: worker=59 lane=251 port=41851 conn=0
zcwal-extent-send-stream: worker=53 lane=245 port=41845 conn=0
zcwal-extent-send-stream: worker=23 lane=407 port=42007 conn=0
zcwal-extent-send-stream: worker=35 lane=131 port=41731 conn=0
zcwal-extent-send-stream: worker=66 lane=258 port=41858 conn=0
zcwal-extent-send-stream: worker=74 lane=266 port=41866 conn=0
zcwal-extent-send-stream: worker=55 lane=343 port=41943 conn=0
zcwal-extent-send-stream: worker=8 lane=296 port=41896 conn=0
zcwal-extent-send-stream: worker=95 lane=383 port=41983 conn=0
zcwal-extent-send-stream: worker=88 lane=376 port=41976 conn=0
zcwal-extent-send-stream: worker=22 lane=310 port=41910 conn=0
zcwal-extent-send-stream: worker=83 lane=275 port=41875 conn=0
zcwal-extent-send-stream: worker=75 lane=363 port=41963 conn=0
zcwal-extent-send-stream: worker=67 lane=259 port=41859 conn=0
zcwal-extent-send-stream: worker=93 lane=381 port=41981 conn=0
zcwal-extent-send-stream: worker=42 lane=234 port=41834 conn=0
zcwal-extent-send-stream: worker=94 lane=382 port=41982 conn=0
zcwal-extent-send-stream: worker=63 lane=255 port=41855 conn=0
zcwal-extent-send-stream: worker=25 lane=217 port=41817 conn=0
zcwal-extent-send-stream: worker=49 lane=337 port=41937 conn=0
zcwal-extent-send-stream: worker=78 lane=270 port=41870 conn=0
zcwal-extent-send-stream: worker=54 lane=246 port=41846 conn=0
zcwal-extent-send-stream: worker=15 lane=399 port=41999 conn=0
zcwal-extent-send-stream: worker=82 lane=370 port=41970 conn=0
zcwal-extent-send-stream: worker=68 lane=260 port=41860 conn=0
zcwal-extent-send-stream: worker=9 lane=489 port=42089 conn=0
zcwal-extent-send-stream: worker=56 lane=344 port=41944 conn=0
zcwal-extent-send-stream: worker=38 lane=134 port=41734 conn=0
zcwal-extent-send-stream: worker=34 lane=130 port=41730 conn=0
zcwal-extent-send-stream: worker=79 lane=271 port=41871 conn=0
zcwal-extent-send-stream: worker=57 lane=249 port=41849 conn=0
zcwal-extent-send-stream: worker=51 lane=243 port=41843 conn=0
zcwal-extent-send-stream: worker=50 lane=242 port=41842 conn=0
zcwal-extent-send-stream: worker=65 lane=353 port=41953 conn=0
zcwal-extent-send-stream: worker=19 lane=307 port=41907 conn=0
zcwal-extent-send-stream: worker=47 lane=239 port=41839 conn=0
zcwal-extent-send-stream: worker=14 lane=398 port=41998 conn=0
zcwal-extent-send-stream: worker=40 lane=136 port=41736 conn=0
zcwal-extent-send-stream: worker=27 lane=123 port=41723 conn=0
zcwal-extent-send-stream: worker=28 lane=412 port=42012 conn=0
zcwal-extent-send-stream: worker=1 lane=481 port=42081 conn=0
zcwal-extent-send-stream: worker=43 lane=235 port=41835 conn=0
zcwal-extent-send-stream: worker=33 lane=129 port=41729 conn=0
zcwal-extent-send-stream: worker=72 lane=264 port=41864 conn=0
zcwal-extent-send-stream: worker=36 lane=132 port=41732 conn=0
zcwal-extent-send-stream: worker=32 lane=128 port=41728 conn=0
zcwal-extent-send-stream: worker=44 lane=140 port=41740 conn=0
zcwal-extent-send-stream: worker=89 lane=281 port=41881 conn=0
zcwal-extent-send-stream: worker=10 lane=394 port=41994 conn=0
zcwal-extent-send-stream: worker=30 lane=126 port=41726 conn=0
zcwal-extent-send-stream: worker=90 lane=378 port=41978 conn=0
zcwal-extent-send-stream: worker=81 lane=273 port=41873 conn=0
zcwal-extent-send-stream: worker=77 lane=269 port=41869 conn=0
zcwal-extent-send-stream: worker=64 lane=256 port=41856 conn=0
zcwal-extent-send-stream: worker=31 lane=127 port=41727 conn=0
zcwal-extent-send-stream: worker=7 lane=391 port=41991 conn=0
zcwal-extent-send-stream: worker=29 lane=125 port=41725 conn=0
zcwal-extent-send-stream: worker=18 lane=402 port=42002 conn=0
zcwal-extent-send-stream: worker=52 lane=244 port=41844 conn=0
zcwal-extent-send-stream: worker=76 lane=268 port=41868 conn=0
zcwal-extent-send-stream: worker=80 lane=272 port=41872 conn=0
zcwal-extent-send-stream: worker=0 lane=384 port=41984 conn=0
zcwal-extent-send-stream: worker=70 lane=262 port=41862 conn=0
zcwal-extent-send-stream: worker=6 lane=390 port=41990 conn=0
zcwal-extent-send-stream: worker=84 lane=276 port=41876 conn=0
zcwal-extent-send-stream: worker=48 lane=432 port=42032 conn=0
zcwal-extent-send-stream: worker=5 lane=389 port=41989 conn=0
zcwal-extent-send-stream: worker=92 lane=380 port=41980 conn=0
zcwal-extent-send-stream: worker=24 lane=408 port=42008 conn=0
zcwal-extent-send-stream: worker=41 lane=329 port=41929 conn=0
zcwal-extent-send-stream: worker=59 lane=347 port=41947 conn=0
zcwal-extent-send-stream: worker=85 lane=277 port=41877 conn=0
zcwal-extent-send-stream: worker=62 lane=446 port=42046 conn=0
zcwal-extent-send-stream: worker=91 lane=283 port=41883 conn=0
zcwal-extent-send-stream: worker=46 lane=238 port=41838 conn=0
zcwal-extent-send-stream: worker=60 lane=444 port=42044 conn=0
zcwal-extent-send-stream: worker=87 lane=279 port=41879 conn=0
zcwal-extent-send-stream: worker=78 lane=366 port=41966 conn=0
zcwal-extent-send-stream: worker=35 lane=227 port=41827 conn=0
zcwal-extent-send-stream: worker=26 lane=122 port=41722 conn=0
zcwal-extent-send-stream: worker=74 lane=362 port=41962 conn=0
zcwal-extent-send-stream: worker=13 lane=493 port=42093 conn=0
zcwal-extent-send-stream: worker=67 lane=355 port=41955 conn=0
zcwal-extent-send-stream: worker=69 lane=357 port=41957 conn=0
zcwal-extent-send-stream: worker=20 lane=500 port=42100 conn=0
zcwal-extent-send-stream: worker=58 lane=442 port=42042 conn=0
zcwal-extent-send-stream: worker=25 lane=313 port=41913 conn=0
zcwal-extent-send-stream: worker=19 lane=403 port=42003 conn=0
zcwal-extent-send-stream: worker=63 lane=351 port=41951 conn=0
zcwal-extent-send-stream: worker=83 lane=371 port=41971 conn=0
zcwal-extent-send-stream: worker=61 lane=349 port=41949 conn=0
zcwal-extent-send-stream: worker=94 lane=478 port=42078 conn=0
zcwal-extent-send-stream: worker=88 lane=472 port=42072 conn=0
zcwal-extent-send-stream: worker=39 lane=423 port=42023 conn=0
zcwal-extent-send-stream: worker=8 lane=392 port=41992 conn=0
zcwal-extent-send-stream: worker=32 lane=224 port=41824 conn=0
zcwal-extent-send-stream: worker=28 lane=508 port=42108 conn=0
zcwal-extent-send-stream: worker=11 lane=491 port=42091 conn=0
zcwal-extent-send-stream: worker=21 lane=405 port=42005 conn=0
zcwal-extent-send-stream: worker=27 lane=219 port=41819 conn=0
zcwal-extent-send-stream: worker=16 lane=400 port=42000 conn=0
zcwal-extent-send-stream: worker=54 lane=342 port=41942 conn=0
zcwal-extent-send-stream: worker=95 lane=479 port=42079 conn=0
zcwal-extent-send-stream: worker=56 lane=440 port=42040 conn=0
zcwal-extent-send-stream: worker=38 lane=230 port=41830 conn=0
zcwal-extent-send-stream: worker=23 lane=503 port=42103 conn=0
zcwal-extent-send-stream: worker=72 lane=360 port=41960 conn=0
zcwal-extent-send-stream: worker=68 lane=356 port=41956 conn=0
zcwal-extent-send-stream: worker=36 lane=228 port=41828 conn=0
zcwal-extent-send-stream: worker=71 lane=263 port=41863 conn=0
zcwal-extent-send-stream: worker=44 lane=236 port=41836 conn=0
zcwal-extent-send-stream: worker=73 lane=361 port=41961 conn=0
zcwal-extent-send-stream: worker=49 lane=433 port=42033 conn=0
zcwal-extent-send-stream: worker=57 lane=345 port=41945 conn=0
zcwal-extent-send-stream: worker=86 lane=278 port=41878 conn=0
zcwal-extent-send-stream: worker=64 lane=352 port=41952 conn=0
zcwal-extent-send-stream: worker=50 lane=338 port=41938 conn=0
zcwal-extent-send-stream: worker=70 lane=358 port=41958 conn=0
zcwal-extent-send-stream: worker=34 lane=226 port=41826 conn=0
zcwal-extent-send-stream: worker=29 lane=221 port=41821 conn=0
zcwal-extent-send-stream: worker=43 lane=331 port=41931 conn=0
zcwal-extent-send-stream: worker=37 lane=229 port=41829 conn=0
zcwal-extent-send-stream: worker=80 lane=368 port=41968 conn=0
zcwal-extent-send-stream: worker=52 lane=340 port=41940 conn=0
zcwal-extent-send-stream: worker=45 lane=333 port=41933 conn=0
zcwal-extent-send-stream: worker=91 lane=379 port=41979 conn=0
zcwal-extent-send-stream: worker=30 lane=222 port=41822 conn=0
zcwal-extent-send-stream: worker=81 lane=369 port=41969 conn=0
zcwal-extent-send-stream: worker=33 lane=225 port=41825 conn=0
zcwal-extent-send-stream: worker=22 lane=406 port=42006 conn=0
zcwal-extent-send-stream: worker=76 lane=364 port=41964 conn=0
zcwal-extent-send-stream: worker=5 lane=485 port=42085 conn=0
zcwal-extent-send-stream: worker=77 lane=365 port=41965 conn=0
zcwal-extent-send-stream: worker=79 lane=367 port=41967 conn=0
zcwal-extent-send-stream: worker=15 lane=495 port=42095 conn=0
zcwal-extent-send-stream: worker=47 lane=335 port=41935 conn=0
zcwal-extent-send-stream: worker=93 lane=477 port=42077 conn=0
zcwal-extent-send-stream: worker=51 lane=339 port=41939 conn=0
zcwal-extent-send-stream: worker=82 lane=466 port=42066 conn=0
zcwal-extent-send-stream: worker=92 lane=476 port=42076 conn=0
zcwal-extent-send-stream: worker=12 lane=396 port=41996 conn=0
zcwal-extent-send-stream: worker=75 lane=459 port=42059 conn=0
zcwal-extent-send-stream: worker=24 lane=504 port=42104 conn=0
zcwal-extent-send-stream: worker=14 lane=494 port=42094 conn=0
zcwal-extent-send-stream: worker=40 lane=232 port=41832 conn=0
zcwal-extent-send-stream: worker=31 lane=223 port=41823 conn=0
zcwal-extent-send-stream: worker=0 lane=480 port=42080 conn=0
zcwal-extent-send-stream: worker=18 lane=498 port=42098 conn=0
zcwal-extent-send-stream: worker=87 lane=375 port=41975 conn=0
zcwal-extent-send-stream: worker=10 lane=490 port=42090 conn=0
zcwal-extent-send-stream: worker=59 lane=443 port=42043 conn=0
zcwal-extent-send-stream: worker=90 lane=474 port=42074 conn=0
zcwal-extent-send-stream: worker=46 lane=334 port=41934 conn=0
zcwal-extent-send-stream: worker=84 lane=372 port=41972 conn=0
zcwal-extent-send-stream: worker=65 lane=449 port=42049 conn=0
zcwal-extent-send-stream: worker=78 lane=462 port=42062 conn=0
zcwal-extent-send-stream: worker=42 lane=330 port=41930 conn=0
zcwal-extent-send-stream: worker=67 lane=451 port=42051 conn=0
zcwal-extent-send-stream: worker=26 lane=218 port=41818 conn=0
zcwal-extent-send-stream: worker=85 lane=373 port=41973 conn=0
zcwal-extent-send-stream: worker=7 lane=487 port=42087 conn=0
zcwal-extent-send-stream: worker=27 lane=315 port=41915 conn=0
zcwal-extent-send-stream: worker=55 lane=439 port=42039 conn=0
zcwal-extent-send-stream: worker=83 lane=467 port=42067 conn=0
zcwal-extent-send-stream: worker=53 lane=341 port=41941 conn=0
zcwal-extent-send-stream: worker=74 lane=458 port=42058 conn=0
zcwal-extent-send-stream: worker=21 lane=501 port=42101 conn=0
zcwal-extent-send-stream: worker=19 lane=499 port=42099 conn=0
zcwal-extent-send-stream: worker=25 lane=409 port=42009 conn=0
zcwal-extent-send-stream: worker=66 lane=354 port=41954 conn=0
zcwal-extent-send-stream: worker=68 lane=452 port=42052 conn=0
zcwal-extent-send-stream: worker=35 lane=323 port=41923 conn=0
zcwal-extent-send-stream: worker=89 lane=377 port=41977 conn=0
zcwal-extent-send-stream: worker=41 lane=425 port=42025 conn=0
zcwal-extent-send-stream: worker=34 lane=322 port=41922 conn=0
zcwal-extent-send-stream: worker=86 lane=374 port=41974 conn=0
zcwal-extent-send-stream: worker=6 lane=486 port=42086 conn=0
zcwal-extent-send-stream: worker=44 lane=332 port=41932 conn=0
zcwal-extent-send-stream: worker=45 lane=429 port=42029 conn=0
zcwal-extent-send-stream: worker=57 lane=441 port=42041 conn=0
zcwal-extent-send-stream: worker=69 lane=453 port=42053 conn=0
zcwal-extent-send-stream: worker=50 lane=434 port=42034 conn=0
zcwal-extent-send-stream: worker=33 lane=321 port=41921 conn=0
zcwal-extent-send-stream: worker=16 lane=496 port=42096 conn=0
zcwal-extent-send-stream: worker=61 lane=445 port=42045 conn=0
zcwal-extent-send-stream: worker=91 lane=475 port=42075 conn=0
zcwal-extent-send-stream: worker=30 lane=318 port=41918 conn=0
zcwal-extent-send-stream: worker=8 lane=488 port=42088 conn=0
zcwal-extent-send-stream: worker=71 lane=359 port=41959 conn=0
zcwal-extent-send-stream: worker=31 lane=319 port=41919 conn=0
zcwal-extent-send-stream: worker=54 lane=438 port=42038 conn=0
zcwal-extent-send-stream: worker=81 lane=465 port=42065 conn=0
zcwal-extent-send-stream: worker=32 lane=320 port=41920 conn=0
zcwal-extent-send-stream: worker=77 lane=461 port=42061 conn=0
zcwal-extent-send-stream: worker=72 lane=456 port=42056 conn=0
zcwal-extent-send-stream: worker=22 lane=502 port=42102 conn=0
zcwal-extent-send-stream: worker=70 lane=454 port=42054 conn=0
zcwal-extent-send-stream: worker=51 lane=435 port=42035 conn=0
zcwal-extent-send-stream: worker=85 lane=469 port=42069 conn=0
zcwal-extent-send-stream: worker=79 lane=463 port=42063 conn=0
zcwal-extent-send-stream: worker=66 lane=450 port=42050 conn=0
zcwal-extent-send-stream: worker=63 lane=447 port=42047 conn=0
zcwal-extent-send-stream: worker=40 lane=328 port=41928 conn=0
zcwal-extent-send-stream: worker=53 lane=437 port=42037 conn=0
zcwal-extent-send-stream: worker=36 lane=324 port=41924 conn=0
zcwal-extent-send-stream: worker=87 lane=471 port=42071 conn=0
zcwal-extent-send-stream: worker=73 lane=457 port=42057 conn=0
zcwal-extent-send-stream: worker=84 lane=468 port=42068 conn=0
zcwal-extent-send-stream: worker=47 lane=431 port=42031 conn=0
zcwal-extent-send-stream: worker=27 lane=411 port=42011 conn=0
zcwal-extent-send-stream: worker=29 lane=317 port=41917 conn=0
zcwal-extent-send-stream: worker=43 lane=427 port=42027 conn=0
zcwal-extent-send-stream: worker=52 lane=436 port=42036 conn=0
zcwal-extent-send-stream: worker=26 lane=314 port=41914 conn=0
zcwal-extent-send-stream: worker=12 lane=492 port=42092 conn=0
zcwal-extent-send-stream: worker=25 lane=505 port=42105 conn=0
zcwal-extent-send-stream: worker=80 lane=464 port=42064 conn=0
zcwal-extent-send-stream: worker=37 lane=325 port=41925 conn=0
zcwal-extent-send-stream: worker=38 lane=326 port=41926 conn=0
zcwal-extent-send-stream: worker=44 lane=428 port=42028 conn=0
zcwal-extent-send-stream: worker=46 lane=430 port=42030 conn=0
zcwal-extent-send-stream: worker=64 lane=448 port=42048 conn=0
zcwal-extent-send-stream: worker=89 lane=473 port=42073 conn=0
zcwal-extent-send-stream: worker=31 lane=415 port=42015 conn=0
zcwal-extent-send-stream: worker=42 lane=426 port=42026 conn=0
zcwal-extent-send-stream: worker=33 lane=417 port=42017 conn=0
zcwal-extent-send-stream: worker=71 lane=455 port=42055 conn=0
zcwal-extent-send-stream: worker=30 lane=414 port=42014 conn=0
zcwal-extent-send-stream: worker=76 lane=460 port=42060 conn=0
zcwal-extent-send-stream: worker=35 lane=419 port=42019 conn=0
zcwal-extent-send-stream: worker=40 lane=424 port=42024 conn=0
zcwal-extent-send-stream: worker=29 lane=413 port=42013 conn=0
zcwal-extent-send-stream: worker=86 lane=470 port=42070 conn=0
zcwal-extent-send-stream: worker=36 lane=420 port=42020 conn=0
zcwal-extent-send-stream: worker=38 lane=422 port=42022 conn=0
zcwal-extent-send-stream: worker=37 lane=421 port=42021 conn=0
zcwal-extent-send-stream: worker=27 lane=507 port=42107 conn=0
zcwal-extent-send-stream: worker=26 lane=410 port=42010 conn=0
zcwal-extent-send-stream: worker=34 lane=418 port=42018 conn=0
zcwal-extent-send-stream: worker=32 lane=416 port=42016 conn=0
zcwal-extent-send-stream: worker=30 lane=510 port=42110 conn=0
zcwal-extent-send-stream: worker=26 lane=506 port=42106 conn=0
Command exited with non-zero status 124
	Command being timed: "timeout 120s ./target/release/zcutils zcwal-extent-send 172.31.35.97 41600 512 1 128M 1M 96 false stream uring"
	User time (seconds): 0.01
	System time (seconds): 0.25
	Percent of CPU this job got: 0%
	Elapsed (wall clock) time (h:mm:ss or m:ss): 2:00.01
	Average shared text size (kbytes): 0
	Average unshared data size (kbytes): 0
	Average stack size (kbytes): 0
	Average total size (kbytes): 0
	Maximum resident set size (kbytes): 3104
	Average resident set size (kbytes): 0
	Major (requiring I/O) page faults: 0
	Minor (reclaiming a frame) page faults: 25161
	Voluntary context switches: 1407
	Involuntary context switches: 120
	Swaps: 0
	File system inputs: 0
	File system outputs: 0
	Socket messages sent: 0
	Socket messages received: 0
	Signals delivered: 0
	Page size (bytes): 4096
	Exit status: 124
