PERF WARNING: zcblockbench: small-page buffers are fine for smoke tests; use --buffer-mode hugetlb with enough huge pages for high-IOPS claims
zcblockbench-plan: target=/dev/zcbrd20 engine=uring-fixed mode=write workers=16 ops_per_worker=4096 chunk_bytes=4096 iodepth=64 ring_entries=128 read_percent=80 region_bytes_per_worker=134217728 ring_mode=normal cqe=16 registered_ring=false sqpoll_idle_ms=1000 buffers=small-pages pin_workers=true target_kind=block
zcblockbench-target: target=/dev/zcbrd20 total_region_bytes=2147483648 device_bytes=17179869184 required_alignment=4096 segment_bytes=4096
zcblockbench-worker: affinity_index=1 target_cpu=17 status=ok
zcblockbench-worker: affinity_index=0 target_cpu=1 status=ok
zcblockbench-worker: affinity_index=3 target_cpu=19 status=ok
zcblockbench-worker: affinity_index=2 target_cpu=3 status=ok
zcblockbench-worker: affinity_index=5 target_cpu=20 status=ok
zcblockbench-worker: affinity_index=4 target_cpu=4 status=ok
zcblockbench-worker: affinity_index=7 target_cpu=21 status=ok
zcblockbench-worker: affinity_index=6 target_cpu=5 status=ok
zcblockbench-worker: affinity_index=10 target_cpu=7 status=ok
zcblockbench-worker: affinity_index=8 target_cpu=6 status=ok
zcblockbench-worker: affinity_index=9 target_cpu=22 status=ok
zcblockbench-worker: affinity_index=11 target_cpu=23 status=ok
zcblockbench-worker: affinity_index=12 target_cpu=8 status=ok
zcblockbench-worker: affinity_index=13 target_cpu=24 status=ok
zcblockbench-worker: affinity_index=15 target_cpu=25 status=ok
zcblockbench-worker: affinity_index=14 target_cpu=9 status=ok
zcblockbench-worker: engine=uring-fixed worker=0 ops=4096 reads=0 writes=4096 seconds=0.012517 ops_per_sec=327235 cpu_seconds=0.012518 cpu_percent=100.00 cpu_ns_per_op=3056.0 base_offset=0 region_bytes=134217728 depth=64 completion_batch=64 target_cpu=1 affinity_applied=true local_cpu=1 worker_numa_node=0 sqpoll_cpu=-1 buffers=small-pages buffer_base=0x7f91aace5000 buffer_alignment=4096 buffer_stride=4096 buffer_map_len=262144 memory_policy=first-touch
zcblockbench-worker: engine=uring-fixed worker=1 ops=4096 reads=0 writes=4096 seconds=0.012556 ops_per_sec=326207 cpu_seconds=0.012557 cpu_percent=100.01 cpu_ns_per_op=3065.7 base_offset=134217728 region_bytes=134217728 depth=64 completion_batch=64 target_cpu=17 affinity_applied=true local_cpu=17 worker_numa_node=0 sqpoll_cpu=-1 buffers=small-pages buffer_base=0x7f91aaca5000 buffer_alignment=4096 buffer_stride=4096 buffer_map_len=262144 memory_policy=first-touch
zcblockbench-worker: engine=uring-fixed worker=2 ops=4096 reads=0 writes=4096 seconds=0.012445 ops_per_sec=329126 cpu_seconds=0.012446 cpu_percent=100.01 cpu_ns_per_op=3038.5 base_offset=268435456 region_bytes=134217728 depth=64 completion_batch=64 target_cpu=3 affinity_applied=true local_cpu=3 worker_numa_node=0 sqpoll_cpu=-1 buffers=small-pages buffer_base=0x7f91aaa24000 buffer_alignment=16384 buffer_stride=4096 buffer_map_len=262144 memory_policy=first-touch
zcblockbench-worker: engine=uring-fixed worker=3 ops=4096 reads=0 writes=4096 seconds=0.012405 ops_per_sec=330177 cpu_seconds=0.012407 cpu_percent=100.01 cpu_ns_per_op=3029.0 base_offset=402653184 region_bytes=134217728 depth=64 completion_batch=64 target_cpu=19 affinity_applied=true local_cpu=19 worker_numa_node=0 sqpoll_cpu=-1 buffers=small-pages buffer_base=0x7f91aac65000 buffer_alignment=4096 buffer_stride=4096 buffer_map_len=262144 memory_policy=first-touch
zcblockbench-worker: engine=uring-fixed worker=4 ops=4096 reads=0 writes=4096 seconds=0.012482 ops_per_sec=328142 cpu_seconds=0.012483 cpu_percent=100.01 cpu_ns_per_op=3047.7 base_offset=536870912 region_bytes=134217728 depth=64 completion_batch=64 target_cpu=4 affinity_applied=true local_cpu=4 worker_numa_node=0 sqpoll_cpu=-1 buffers=small-pages buffer_base=0x7f91aa3a1000 buffer_alignment=4096 buffer_stride=4096 buffer_map_len=262144 memory_policy=first-touch
zcblockbench-worker: engine=uring-fixed worker=5 ops=4096 reads=0 writes=4096 seconds=0.012483 ops_per_sec=328134 cpu_seconds=0.012483 cpu_percent=100.01 cpu_ns_per_op=3047.7 base_offset=671088640 region_bytes=134217728 depth=64 completion_batch=64 target_cpu=20 affinity_applied=true local_cpu=20 worker_numa_node=0 sqpoll_cpu=-1 buffers=small-pages buffer_base=0x7f91aa7e3000 buffer_alignment=4096 buffer_stride=4096 buffer_map_len=262144 memory_policy=first-touch
zcblockbench-worker: engine=uring-fixed worker=6 ops=4096 reads=0 writes=4096 seconds=0.012350 ops_per_sec=331666 cpu_seconds=0.012350 cpu_percent=100.00 cpu_ns_per_op=3015.2 base_offset=805306368 region_bytes=134217728 depth=64 completion_batch=64 target_cpu=5 affinity_applied=true local_cpu=5 worker_numa_node=0 sqpoll_cpu=-1 buffers=small-pages buffer_base=0x7f91aa321000 buffer_alignment=4096 buffer_stride=4096 buffer_map_len=262144 memory_policy=first-touch
zcblockbench-worker: engine=uring-fixed worker=7 ops=4096 reads=0 writes=4096 seconds=0.012303 ops_per_sec=332929 cpu_seconds=0.012304 cpu_percent=100.01 cpu_ns_per_op=3003.9 base_offset=939524096 region_bytes=134217728 depth=64 completion_batch=64 target_cpu=21 affinity_applied=true local_cpu=21 worker_numa_node=0 sqpoll_cpu=-1 buffers=small-pages buffer_base=0x7f91aa361000 buffer_alignment=4096 buffer_stride=4096 buffer_map_len=262144 memory_policy=first-touch
zcblockbench-worker: engine=uring-fixed worker=8 ops=4096 reads=0 writes=4096 seconds=0.012292 ops_per_sec=333212 cpu_seconds=0.012294 cpu_percent=100.01 cpu_ns_per_op=3001.4 base_offset=1073741824 region_bytes=134217728 depth=64 completion_batch=64 target_cpu=6 affinity_applied=true local_cpu=6 worker_numa_node=0 sqpoll_cpu=-1 buffers=small-pages buffer_base=0x7f91a9cb8000 buffer_alignment=32768 buffer_stride=4096 buffer_map_len=262144 memory_policy=first-touch
zcblockbench-worker: engine=uring-fixed worker=9 ops=4096 reads=0 writes=4096 seconds=0.012331 ops_per_sec=332158 cpu_seconds=0.012333 cpu_percent=100.01 cpu_ns_per_op=3010.9 base_offset=1207959552 region_bytes=134217728 depth=64 completion_batch=64 target_cpu=22 affinity_applied=true local_cpu=22 worker_numa_node=0 sqpoll_cpu=-1 buffers=small-pages buffer_base=0x7f91a99eb000 buffer_alignment=4096 buffer_stride=4096 buffer_map_len=262144 memory_policy=first-touch
zcblockbench-worker: engine=uring-fixed worker=10 ops=4096 reads=0 writes=4096 seconds=0.012468 ops_per_sec=328522 cpu_seconds=0.012469 cpu_percent=100.01 cpu_ns_per_op=3044.2 base_offset=1342177280 region_bytes=134217728 depth=64 completion_batch=64 target_cpu=7 affinity_applied=true local_cpu=7 worker_numa_node=0 sqpoll_cpu=-1 buffers=small-pages buffer_base=0x7f91a9a2b000 buffer_alignment=4096 buffer_stride=4096 buffer_map_len=262144 memory_policy=first-touch
zcblockbench-worker: engine=uring-fixed worker=11 ops=4096 reads=0 writes=4096 seconds=0.012498 ops_per_sec=327727 cpu_seconds=0.012480 cpu_percent=99.85 cpu_ns_per_op=3046.8 base_offset=1476395008 region_bytes=134217728 depth=64 completion_batch=64 target_cpu=23 affinity_applied=true local_cpu=23 worker_numa_node=0 sqpoll_cpu=-1 buffers=small-pages buffer_base=0x7f91a9a71000 buffer_alignment=4096 buffer_stride=4096 buffer_map_len=262144 memory_policy=first-touch
zcblockbench-worker: engine=uring-fixed worker=12 ops=4096 reads=0 writes=4096 seconds=0.007598 ops_per_sec=539066 cpu_seconds=0.007599 cpu_percent=100.01 cpu_ns_per_op=1855.2 base_offset=1610612736 region_bytes=134217728 depth=64 completion_batch=64 target_cpu=8 affinity_applied=true local_cpu=8 worker_numa_node=0 sqpoll_cpu=-1 buffers=small-pages buffer_base=0x7f91a9752000 buffer_alignment=8192 buffer_stride=4096 buffer_map_len=262144 memory_policy=first-touch
zcblockbench-worker: engine=uring-fixed worker=13 ops=4096 reads=0 writes=4096 seconds=0.007421 ops_per_sec=551940 cpu_seconds=0.007422 cpu_percent=100.01 cpu_ns_per_op=1812.0 base_offset=1744830464 region_bytes=134217728 depth=64 completion_batch=64 target_cpu=24 affinity_applied=true local_cpu=24 worker_numa_node=0 sqpoll_cpu=-1 buffers=small-pages buffer_base=0x7f91a9792000 buffer_alignment=8192 buffer_stride=4096 buffer_map_len=262144 memory_policy=first-touch
zcblockbench-worker: engine=uring-fixed worker=14 ops=4096 reads=0 writes=4096 seconds=0.007423 ops_per_sec=551790 cpu_seconds=0.007424 cpu_percent=100.01 cpu_ns_per_op=1812.5 base_offset=1879048192 region_bytes=134217728 depth=64 completion_batch=64 target_cpu=9 affinity_applied=true local_cpu=9 worker_numa_node=0 sqpoll_cpu=-1 buffers=small-pages buffer_base=0x7f91a96b4000 buffer_alignment=16384 buffer_stride=4096 buffer_map_len=262144 memory_policy=first-touch
zcblockbench-worker: engine=uring-fixed worker=15 ops=4096 reads=0 writes=4096 seconds=0.007419 ops_per_sec=552061 cpu_seconds=0.007421 cpu_percent=100.02 cpu_ns_per_op=1811.8 base_offset=2013265920 region_bytes=134217728 depth=64 completion_batch=64 target_cpu=25 affinity_applied=true local_cpu=25 worker_numa_node=0 sqpoll_cpu=-1 buffers=small-pages buffer_base=0x7f91a9712000 buffer_alignment=8192 buffer_stride=4096 buffer_map_len=262144 memory_policy=first-touch
zcblockbench-result: target=/dev/zcbrd20 engine=uring-fixed mode=write workers=16 ops_per_worker=4096 total_ops=65536 reads=0 writes=65536 read_percent=80 chunk_bytes=4096 region_bytes_per_worker=134217728 pipeline_per_worker=64 total_pipeline=1024 ring_entries=128 ring_mode=normal cqe=16 registered_ring=false buffers=small-pages pin_workers=true wall_seconds=0.014720 io_seconds=0.012556 slowest_worker_seconds=0.012556 total_cpu_seconds=0.178990 aggregate_cpu_percent=1425.48 cpu_ns_per_op=2731.2 MiBps=20387.93 ops_per_sec=5219309
