dropping old tables...
NOTICE:  table "pgbench_accounts" does not exist, skipping
NOTICE:  table "pgbench_branches" does not exist, skipping
NOTICE:  table "pgbench_history" does not exist, skipping
NOTICE:  table "pgbench_tellers" does not exist, skipping
creating tables...
generating data (client-side)...
100000 of 1000000 tuples (10%) of pgbench_accounts done (elapsed 0.02 s, remaining 0.16 s)
200000 of 1000000 tuples (20%) of pgbench_accounts done (elapsed 0.07 s, remaining 0.27 s)
300000 of 1000000 tuples (30%) of pgbench_accounts done (elapsed 0.30 s, remaining 0.71 s)
400000 of 1000000 tuples (40%) of pgbench_accounts done (elapsed 0.43 s, remaining 0.64 s)
500000 of 1000000 tuples (50%) of pgbench_accounts done (elapsed 0.44 s, remaining 0.44 s)
600000 of 1000000 tuples (60%) of pgbench_accounts done (elapsed 0.59 s, remaining 0.40 s)
700000 of 1000000 tuples (70%) of pgbench_accounts done (elapsed 0.75 s, remaining 0.32 s)
800000 of 1000000 tuples (80%) of pgbench_accounts done (elapsed 0.89 s, remaining 0.22 s)
900000 of 1000000 tuples (90%) of pgbench_accounts done (elapsed 1.06 s, remaining 0.12 s)
1000000 of 1000000 tuples (100%) of pgbench_accounts done (elapsed 1.08 s, remaining 0.00 s)
vacuuming...
creating primary keys...
done in 1.66 s (drop tables 0.00 s, create tables 0.00 s, client-side generate 1.22 s, vacuum 0.03 s, primary keys 0.40 s).
