PERF WARNING: zcblockbench: small-page buffers are fine for smoke tests; use --buffer-mode hugetlb with enough huge pages for high-IOPS claims
zcblockbench-plan: target=/dev/zcbrd20 engine=uring-fixed mode=write workers=16 ops_per_worker=4096 chunk_bytes=4096 iodepth=64 ring_entries=128 read_percent=80 region_bytes_per_worker=134217728 ring_mode=normal cqe=16 registered_ring=false sqpoll_idle_ms=1000 buffers=small-pages pin_workers=true target_kind=block
zcblockbench-target: target=/dev/zcbrd20 total_region_bytes=2147483648 device_bytes=17179869184 required_alignment=4096 segment_bytes=4096
zcblockbench-worker: affinity_index=0 target_cpu=1 status=ok
zcblockbench-worker: affinity_index=1 target_cpu=17 status=ok
zcblockbench-worker: affinity_index=2 target_cpu=3 status=ok
zcblockbench-worker: affinity_index=3 target_cpu=19 status=ok
zcblockbench-worker: affinity_index=4 target_cpu=4 status=ok
zcblockbench-worker: affinity_index=5 target_cpu=20 status=ok
zcblockbench-worker: affinity_index=6 target_cpu=5 status=ok
zcblockbench-worker: affinity_index=7 target_cpu=21 status=ok
zcblockbench-worker: affinity_index=9 target_cpu=22 status=ok
zcblockbench-worker: affinity_index=8 target_cpu=6 status=ok
zcblockbench-worker: affinity_index=10 target_cpu=7 status=ok
zcblockbench-worker: affinity_index=12 target_cpu=8 status=ok
zcblockbench-worker: affinity_index=11 target_cpu=23 status=ok
zcblockbench-worker: affinity_index=13 target_cpu=24 status=ok
zcblockbench-worker: affinity_index=14 target_cpu=9 status=ok
zcblockbench-worker: affinity_index=15 target_cpu=25 status=ok
zcblockbench-worker: engine=uring-fixed worker=0 ops=4096 reads=0 writes=4096 seconds=0.012530 ops_per_sec=326903 cpu_seconds=0.012531 cpu_percent=100.01 cpu_ns_per_op=3059.4 base_offset=0 region_bytes=134217728 depth=64 completion_batch=64 target_cpu=1 affinity_applied=true local_cpu=1 worker_numa_node=0 sqpoll_cpu=-1 buffers=small-pages buffer_base=0x7fc761abe000 buffer_alignment=8192 buffer_stride=4096 buffer_map_len=262144 memory_policy=first-touch
zcblockbench-worker: engine=uring-fixed worker=1 ops=4096 reads=0 writes=4096 seconds=0.012537 ops_per_sec=326707 cpu_seconds=0.012539 cpu_percent=100.01 cpu_ns_per_op=3061.2 base_offset=134217728 region_bytes=134217728 depth=64 completion_batch=64 target_cpu=17 affinity_applied=true local_cpu=17 worker_numa_node=0 sqpoll_cpu=-1 buffers=small-pages buffer_base=0x7fc761afe000 buffer_alignment=8192 buffer_stride=4096 buffer_map_len=262144 memory_policy=first-touch
zcblockbench-worker: engine=uring-fixed worker=2 ops=4096 reads=0 writes=4096 seconds=0.012902 ops_per_sec=317473 cpu_seconds=0.012902 cpu_percent=100.00 cpu_ns_per_op=3150.0 base_offset=268435456 region_bytes=134217728 depth=64 completion_batch=64 target_cpu=3 affinity_applied=true local_cpu=3 worker_numa_node=0 sqpoll_cpu=-1 buffers=small-pages buffer_base=0x7fc761b7e000 buffer_alignment=8192 buffer_stride=4096 buffer_map_len=262144 memory_policy=first-touch
zcblockbench-worker: engine=uring-fixed worker=3 ops=4096 reads=0 writes=4096 seconds=0.012893 ops_per_sec=317682 cpu_seconds=0.012894 cpu_percent=100.01 cpu_ns_per_op=3148.0 base_offset=402653184 region_bytes=134217728 depth=64 completion_batch=64 target_cpu=19 affinity_applied=true local_cpu=19 worker_numa_node=0 sqpoll_cpu=-1 buffers=small-pages buffer_base=0x7fc761bbe000 buffer_alignment=8192 buffer_stride=4096 buffer_map_len=262144 memory_policy=first-touch
zcblockbench-worker: engine=uring-fixed worker=4 ops=4096 reads=0 writes=4096 seconds=0.012887 ops_per_sec=317831 cpu_seconds=0.012889 cpu_percent=100.01 cpu_ns_per_op=3146.6 base_offset=536870912 region_bytes=134217728 depth=64 completion_batch=64 target_cpu=4 affinity_applied=true local_cpu=4 worker_numa_node=0 sqpoll_cpu=-1 buffers=small-pages buffer_base=0x7fc761bfe000 buffer_alignment=8192 buffer_stride=4096 buffer_map_len=262144 memory_policy=first-touch
zcblockbench-worker: engine=uring-fixed worker=5 ops=4096 reads=0 writes=4096 seconds=0.012845 ops_per_sec=318875 cpu_seconds=0.012846 cpu_percent=100.01 cpu_ns_per_op=3136.2 base_offset=671088640 region_bytes=134217728 depth=64 completion_batch=64 target_cpu=20 affinity_applied=true local_cpu=20 worker_numa_node=0 sqpoll_cpu=-1 buffers=small-pages buffer_base=0x7fc761b3e000 buffer_alignment=8192 buffer_stride=4096 buffer_map_len=262144 memory_policy=first-touch
zcblockbench-worker: engine=uring-fixed worker=6 ops=4096 reads=0 writes=4096 seconds=0.012645 ops_per_sec=323934 cpu_seconds=0.012646 cpu_percent=100.01 cpu_ns_per_op=3087.5 base_offset=805306368 region_bytes=134217728 depth=64 completion_batch=64 target_cpu=5 affinity_applied=true local_cpu=5 worker_numa_node=0 sqpoll_cpu=-1 buffers=small-pages buffer_base=0x7fc761a7e000 buffer_alignment=8192 buffer_stride=4096 buffer_map_len=262144 memory_policy=first-touch
zcblockbench-worker: engine=uring-fixed worker=7 ops=4096 reads=0 writes=4096 seconds=0.012675 ops_per_sec=323155 cpu_seconds=0.012675 cpu_percent=100.00 cpu_ns_per_op=3094.6 base_offset=939524096 region_bytes=134217728 depth=64 completion_batch=64 target_cpu=21 affinity_applied=true local_cpu=21 worker_numa_node=0 sqpoll_cpu=-1 buffers=small-pages buffer_base=0x7fc76123a000 buffer_alignment=8192 buffer_stride=4096 buffer_map_len=262144 memory_policy=first-touch
zcblockbench-worker: engine=uring-fixed worker=8 ops=4096 reads=0 writes=4096 seconds=0.012929 ops_per_sec=316813 cpu_seconds=0.012930 cpu_percent=100.01 cpu_ns_per_op=3156.7 base_offset=1073741824 region_bytes=134217728 depth=64 completion_batch=64 target_cpu=6 affinity_applied=true local_cpu=6 worker_numa_node=0 sqpoll_cpu=-1 buffers=small-pages buffer_base=0x7fc760fac000 buffer_alignment=16384 buffer_stride=4096 buffer_map_len=262144 memory_policy=first-touch
zcblockbench-worker: engine=uring-fixed worker=9 ops=4096 reads=0 writes=4096 seconds=0.012951 ops_per_sec=316258 cpu_seconds=0.012952 cpu_percent=100.01 cpu_ns_per_op=3162.2 base_offset=1207959552 region_bytes=134217728 depth=64 completion_batch=64 target_cpu=22 affinity_applied=true local_cpu=22 worker_numa_node=0 sqpoll_cpu=-1 buffers=small-pages buffer_base=0x7fc760fec000 buffer_alignment=16384 buffer_stride=4096 buffer_map_len=262144 memory_policy=first-touch
zcblockbench-worker: engine=uring-fixed worker=10 ops=4096 reads=0 writes=4096 seconds=0.012690 ops_per_sec=322772 cpu_seconds=0.012691 cpu_percent=100.01 cpu_ns_per_op=3098.5 base_offset=1342177280 region_bytes=134217728 depth=64 completion_batch=64 target_cpu=7 affinity_applied=true local_cpu=7 worker_numa_node=0 sqpoll_cpu=-1 buffers=small-pages buffer_base=0x7fc760d53000 buffer_alignment=4096 buffer_stride=4096 buffer_map_len=262144 memory_policy=first-touch
zcblockbench-worker: engine=uring-fixed worker=11 ops=4096 reads=0 writes=4096 seconds=0.012660 ops_per_sec=323550 cpu_seconds=0.012661 cpu_percent=100.01 cpu_ns_per_op=3091.1 base_offset=1476395008 region_bytes=134217728 depth=64 completion_batch=64 target_cpu=23 affinity_applied=true local_cpu=23 worker_numa_node=0 sqpoll_cpu=-1 buffers=small-pages buffer_base=0x7fc7608f7000 buffer_alignment=4096 buffer_stride=4096 buffer_map_len=262144 memory_policy=first-touch
zcblockbench-worker: engine=uring-fixed worker=12 ops=4096 reads=0 writes=4096 seconds=0.007842 ops_per_sec=522283 cpu_seconds=0.007843 cpu_percent=100.01 cpu_ns_per_op=1914.9 base_offset=1610612736 region_bytes=134217728 depth=64 completion_batch=64 target_cpu=8 affinity_applied=true local_cpu=8 worker_numa_node=0 sqpoll_cpu=-1 buffers=small-pages buffer_base=0x7fc760873000 buffer_alignment=4096 buffer_stride=4096 buffer_map_len=262144 memory_policy=first-touch
zcblockbench-worker: engine=uring-fixed worker=13 ops=4096 reads=0 writes=4096 seconds=0.007716 ops_per_sec=530870 cpu_seconds=0.007718 cpu_percent=100.03 cpu_ns_per_op=1884.2 base_offset=1744830464 region_bytes=134217728 depth=64 completion_batch=64 target_cpu=24 affinity_applied=true local_cpu=24 worker_numa_node=0 sqpoll_cpu=-1 buffers=small-pages buffer_base=0x7fc7608b3000 buffer_alignment=4096 buffer_stride=4096 buffer_map_len=262144 memory_policy=first-touch
zcblockbench-worker: engine=uring-fixed worker=14 ops=4096 reads=0 writes=4096 seconds=0.007642 ops_per_sec=536018 cpu_seconds=0.007574 cpu_percent=99.12 cpu_ns_per_op=1849.2 base_offset=1879048192 region_bytes=134217728 depth=64 completion_batch=64 target_cpu=9 affinity_applied=true local_cpu=9 worker_numa_node=0 sqpoll_cpu=-1 buffers=small-pages buffer_base=0x7fc76082f000 buffer_alignment=4096 buffer_stride=4096 buffer_map_len=262144 memory_policy=first-touch
zcblockbench-worker: engine=uring-fixed worker=15 ops=4096 reads=0 writes=4096 seconds=0.007640 ops_per_sec=536128 cpu_seconds=0.007642 cpu_percent=100.03 cpu_ns_per_op=1865.8 base_offset=2013265920 region_bytes=134217728 depth=64 completion_batch=64 target_cpu=25 affinity_applied=true local_cpu=25 worker_numa_node=0 sqpoll_cpu=-1 buffers=small-pages buffer_base=0x7fc7607e2000 buffer_alignment=8192 buffer_stride=4096 buffer_map_len=262144 memory_policy=first-touch
zcblockbench-result: target=/dev/zcbrd20 engine=uring-fixed mode=write workers=16 ops_per_worker=4096 total_ops=65536 reads=0 writes=65536 read_percent=80 chunk_bytes=4096 region_bytes_per_worker=134217728 pipeline_per_worker=64 total_pipeline=1024 ring_entries=128 ring_mode=normal cqe=16 registered_ring=false buffers=small-pages pin_workers=true wall_seconds=0.014195 io_seconds=0.012951 slowest_worker_seconds=0.012951 total_cpu_seconds=0.183936 aggregate_cpu_percent=1420.19 cpu_ns_per_op=2806.6 MiBps=19766.10 ops_per_sec=5060123
