zcnblk-send: addr=127.0.0.1 shard_count=1 base_port=61000 ports=16 connections_per_port=1 total_connections=16 bytes_per_connection=33554432 chunk_bytes=4096 workers=16 op_mode=write read_window=64 write_window=8192 verify_reads=no wait_write_acks=yes batch_depth=512 payload_pattern=fill:0x00 source_ip=kernel-route source_ports=kernel-ephemeral encryption=none aes_frame_bytes=65536
zcnblk-send-worker: affinity_index=0 target_cpu=0 status=ok
zcnblk-send-worker: affinity_index=1 target_cpu=1 status=ok
zcnblk-send-worker: affinity_index=2 target_cpu=2 status=ok
zcnblk-send-stream: worker=0 lane=0 port=61000 conn=0 shard=0 base_offset=0
zcnblk-send-worker: affinity_index=3 target_cpu=3 status=ok
zcnblk-send-worker: affinity_index=5 target_cpu=5 status=ok
zcnblk-send-worker: affinity_index=4 target_cpu=4 status=ok
zcnblk-send-worker: affinity_index=7 target_cpu=7 status=ok
zcnblk-send-worker: affinity_index=6 target_cpu=6 status=ok
zcnblk-send-stream: worker=2 lane=2 port=61002 conn=0 shard=0 base_offset=67108864
zcnblk-send-stream: worker=1 lane=1 port=61001 conn=0 shard=0 base_offset=33554432
zcnblk-send-stream: worker=3 lane=3 port=61003 conn=0 shard=0 base_offset=100663296
zcnblk-send-stream: worker=5 lane=5 port=61005 conn=0 shard=0 base_offset=167772160
zcnblk-send-stream: worker=6 lane=6 port=61006 conn=0 shard=0 base_offset=201326592
zcnblk-send-stream: worker=7 lane=7 port=61007 conn=0 shard=0 base_offset=234881024
zcnblk-send-stream: worker=4 lane=4 port=61004 conn=0 shard=0 base_offset=134217728
zcnblk-send-worker: affinity_index=10 target_cpu=10 status=ok
zcnblk-send-worker: affinity_index=8 target_cpu=8 status=ok
zcnblk-send-worker: affinity_index=9 target_cpu=9 status=ok
zcnblk-send-worker: affinity_index=12 target_cpu=12 status=ok
zcnblk-send-stream: worker=10 lane=10 port=61010 conn=0 shard=0 base_offset=335544320
zcnblk-send-worker: affinity_index=13 target_cpu=13 status=ok
zcnblk-send-stream: worker=8 lane=8 port=61008 conn=0 shard=0 base_offset=268435456
zcnblk-send-stream: worker=12 lane=12 port=61012 conn=0 shard=0 base_offset=402653184
zcnblk-send-worker: affinity_index=11 target_cpu=11 status=ok
zcnblk-send-stream: worker=9 lane=9 port=61009 conn=0 shard=0 base_offset=301989888
zcnblk-send-stream: worker=11 lane=11 port=61011 conn=0 shard=0 base_offset=369098752
zcnblk-send-worker: affinity_index=14 target_cpu=14 status=ok
zcnblk-send-stream: worker=13 lane=13 port=61013 conn=0 shard=0 base_offset=436207616
zcnblk-send-worker: affinity_index=15 target_cpu=15 status=ok
zcnblk-send-stream: worker=14 lane=14 port=61014 conn=0 shard=0 base_offset=469762048
zcnblk-send-stream: worker=15 lane=15 port=61015 conn=0 shard=0 base_offset=503316480
zcnblk-send-worker: worker=0 streams=1 write_bytes=33554432 read_bytes=0 verified_read_bytes=0 read_checksum=0x0000000000000000 expected_checksum=0x0000000000000000 wire_bytes=34605056 frames=8192 read_frames=0 write_frames=8192 frames_per_sec=60231 seconds=0.136010 logical_MiBps=235.28 target_cpu=0 affinity_applied=true
zcnblk-send-worker: worker=1 streams=1 write_bytes=33554432 read_bytes=0 verified_read_bytes=0 read_checksum=0x0000000000000000 expected_checksum=0x0000000000000000 wire_bytes=34605056 frames=8192 read_frames=0 write_frames=8192 frames_per_sec=60212 seconds=0.136053 logical_MiBps=235.20 target_cpu=1 affinity_applied=true
zcnblk-send-worker: worker=2 streams=1 write_bytes=33554432 read_bytes=0 verified_read_bytes=0 read_checksum=0x0000000000000000 expected_checksum=0x0000000000000000 wire_bytes=34605056 frames=8192 read_frames=0 write_frames=8192 frames_per_sec=57133 seconds=0.143384 logical_MiBps=223.18 target_cpu=2 affinity_applied=true
zcnblk-send-worker: worker=3 streams=1 write_bytes=33554432 read_bytes=0 verified_read_bytes=0 read_checksum=0x0000000000000000 expected_checksum=0x0000000000000000 wire_bytes=34605056 frames=8192 read_frames=0 write_frames=8192 frames_per_sec=57027 seconds=0.143650 logical_MiBps=222.76 target_cpu=3 affinity_applied=true
zcnblk-send-worker: worker=4 streams=1 write_bytes=33554432 read_bytes=0 verified_read_bytes=0 read_checksum=0x0000000000000000 expected_checksum=0x0000000000000000 wire_bytes=34605056 frames=8192 read_frames=0 write_frames=8192 frames_per_sec=55456 seconds=0.147720 logical_MiBps=216.63 target_cpu=4 affinity_applied=true
zcnblk-send-worker: worker=5 streams=1 write_bytes=33554432 read_bytes=0 verified_read_bytes=0 read_checksum=0x0000000000000000 expected_checksum=0x0000000000000000 wire_bytes=34605056 frames=8192 read_frames=0 write_frames=8192 frames_per_sec=55477 seconds=0.147664 logical_MiBps=216.71 target_cpu=5 affinity_applied=true
zcnblk-send-worker: worker=6 streams=1 write_bytes=33554432 read_bytes=0 verified_read_bytes=0 read_checksum=0x0000000000000000 expected_checksum=0x0000000000000000 wire_bytes=34605056 frames=8192 read_frames=0 write_frames=8192 frames_per_sec=52947 seconds=0.154721 logical_MiBps=206.82 target_cpu=6 affinity_applied=true
zcnblk-send-worker: worker=7 streams=1 write_bytes=33554432 read_bytes=0 verified_read_bytes=0 read_checksum=0x0000000000000000 expected_checksum=0x0000000000000000 wire_bytes=34605056 frames=8192 read_frames=0 write_frames=8192 frames_per_sec=59127 seconds=0.138550 logical_MiBps=230.96 target_cpu=7 affinity_applied=true
zcnblk-send-worker: worker=8 streams=1 write_bytes=33554432 read_bytes=0 verified_read_bytes=0 read_checksum=0x0000000000000000 expected_checksum=0x0000000000000000 wire_bytes=34605056 frames=8192 read_frames=0 write_frames=8192 frames_per_sec=47099 seconds=0.173932 logical_MiBps=183.98 target_cpu=8 affinity_applied=true
zcnblk-send-worker: worker=9 streams=1 write_bytes=33554432 read_bytes=0 verified_read_bytes=0 read_checksum=0x0000000000000000 expected_checksum=0x0000000000000000 wire_bytes=34605056 frames=8192 read_frames=0 write_frames=8192 frames_per_sec=47659 seconds=0.171888 logical_MiBps=186.17 target_cpu=9 affinity_applied=true
zcnblk-send-worker: worker=10 streams=1 write_bytes=33554432 read_bytes=0 verified_read_bytes=0 read_checksum=0x0000000000000000 expected_checksum=0x0000000000000000 wire_bytes=34605056 frames=8192 read_frames=0 write_frames=8192 frames_per_sec=47583 seconds=0.172163 logical_MiBps=185.87 target_cpu=10 affinity_applied=true
zcnblk-send-worker: worker=11 streams=1 write_bytes=33554432 read_bytes=0 verified_read_bytes=0 read_checksum=0x0000000000000000 expected_checksum=0x0000000000000000 wire_bytes=34605056 frames=8192 read_frames=0 write_frames=8192 frames_per_sec=47374 seconds=0.172922 logical_MiBps=185.05 target_cpu=11 affinity_applied=true
zcnblk-send-worker: worker=12 streams=1 write_bytes=33554432 read_bytes=0 verified_read_bytes=0 read_checksum=0x0000000000000000 expected_checksum=0x0000000000000000 wire_bytes=34605056 frames=8192 read_frames=0 write_frames=8192 frames_per_sec=47370 seconds=0.172937 logical_MiBps=185.04 target_cpu=12 affinity_applied=true
zcnblk-send-worker: worker=13 streams=1 write_bytes=33554432 read_bytes=0 verified_read_bytes=0 read_checksum=0x0000000000000000 expected_checksum=0x0000000000000000 wire_bytes=34605056 frames=8192 read_frames=0 write_frames=8192 frames_per_sec=47372 seconds=0.172928 logical_MiBps=185.05 target_cpu=13 affinity_applied=true
zcnblk-send-worker: worker=14 streams=1 write_bytes=33554432 read_bytes=0 verified_read_bytes=0 read_checksum=0x0000000000000000 expected_checksum=0x0000000000000000 wire_bytes=34605056 frames=8192 read_frames=0 write_frames=8192 frames_per_sec=52603 seconds=0.155732 logical_MiBps=205.48 target_cpu=14 affinity_applied=true
zcnblk-send-worker: worker=15 streams=1 write_bytes=33554432 read_bytes=0 verified_read_bytes=0 read_checksum=0x0000000000000000 expected_checksum=0x0000000000000000 wire_bytes=34605056 frames=8192 read_frames=0 write_frames=8192 frames_per_sec=48497 seconds=0.168918 logical_MiBps=189.44 target_cpu=15 affinity_applied=true
zcnblk-send-summary: write_bytes=536870912 read_bytes=0 verified_read_bytes=0 read_checksum=0x0000000000000000 expected_checksum=0x0000000000000000 wire_bytes=553680896 frames=131072 read_frames=0 write_frames=131072 frames_per_sec=753580
zcnblk-send: bytes=536870912 seconds=0.173932 GiBps=2.875 Gbitps=24.693
