zcwal-extent-send: addr=172.31.40.9 base_port=34300 lanes=96 connections_per_lane=1 total_connections=96 bytes_per_connection=536870912 extent_bytes=1048576 record_size=4096 records_per_extent=256 workers=96 framing=stream data_path=uring ack_enabled=no sync_acks=no tcp_nodelay=yes socket_buffer_bytes=16777216 uring_send_bytes=8388608 uring_pipeline=32 uring_entries=64 source_ports=kernel-ephemeral
zcwal-extent-send-worker: affinity_index=0 target_cpu=96 status=ok
zcwal-extent-send-worker: affinity_index=1 target_cpu=97 status=ok
zcwal-extent-send-worker: affinity_index=3 target_cpu=99 status=ok
zcwal-extent-send-worker: affinity_index=5 target_cpu=101 status=ok
zcwal-extent-send-worker: affinity_index=2 target_cpu=98 status=ok
zcwal-extent-send-worker: affinity_index=6 target_cpu=102 status=ok
zcwal-extent-send-worker: affinity_index=4 target_cpu=100 status=ok
zcwal-extent-send-stream: worker=1 lane=1 port=34301 conn=0
zcwal-extent-send-worker: affinity_index=7 target_cpu=103 status=ok
zcwal-extent-send-worker: affinity_index=8 target_cpu=104 status=ok
zcwal-extent-send-stream: worker=6 lane=6 port=34306 conn=0
zcwal-extent-send-worker: affinity_index=9 target_cpu=105 status=ok
zcwal-extent-send-stream: worker=3 lane=3 port=34303 conn=0
zcwal-extent-send-stream: worker=2 lane=2 port=34302 conn=0
zcwal-extent-send-stream: worker=5 lane=5 port=34305 conn=0
zcwal-extent-send-worker: affinity_index=10 target_cpu=106 status=ok
zcwal-extent-send-stream: worker=4 lane=4 port=34304 conn=0
zcwal-extent-send-worker: affinity_index=11 target_cpu=107 status=ok
zcwal-extent-send-worker: affinity_index=12 target_cpu=108 status=ok
zcwal-extent-send-stream: worker=9 lane=9 port=34309 conn=0
zcwal-extent-send-worker: affinity_index=13 target_cpu=109 status=ok
zcwal-extent-send-stream: worker=7 lane=7 port=34307 conn=0
zcwal-extent-send-worker: affinity_index=14 target_cpu=110 status=ok
zcwal-extent-send-worker: affinity_index=15 target_cpu=111 status=ok
zcwal-extent-send-worker: affinity_index=16 target_cpu=112 status=ok
zcwal-extent-send-stream: worker=10 lane=10 port=34310 conn=0
zcwal-extent-send-stream: worker=12 lane=12 port=34312 conn=0
zcwal-extent-send-worker: affinity_index=17 target_cpu=113 status=ok
zcwal-extent-send-stream: worker=8 lane=8 port=34308 conn=0
zcwal-extent-send-stream: worker=11 lane=11 port=34311 conn=0
zcwal-extent-send-stream: worker=14 lane=14 port=34314 conn=0
zcwal-extent-send-worker: affinity_index=19 target_cpu=115 status=ok
zcwal-extent-send-stream: worker=15 lane=15 port=34315 conn=0
zcwal-extent-send-stream: worker=17 lane=17 port=34317 conn=0
zcwal-extent-send-worker: affinity_index=18 target_cpu=114 status=ok
zcwal-extent-send-stream: worker=13 lane=13 port=34313 conn=0
zcwal-extent-send-worker: affinity_index=23 target_cpu=119 status=ok
zcwal-extent-send-stream: worker=18 lane=18 port=34318 conn=0
zcwal-extent-send-stream: worker=16 lane=16 port=34316 conn=0
zcwal-extent-send-stream: worker=19 lane=19 port=34319 conn=0
zcwal-extent-send-worker: affinity_index=21 target_cpu=117 status=ok
zcwal-extent-send-worker: affinity_index=20 target_cpu=116 status=ok
zcwal-extent-send-stream: worker=0 lane=0 port=34300 conn=0
zcwal-extent-send-worker: affinity_index=24 target_cpu=120 status=ok
zcwal-extent-send-worker: affinity_index=22 target_cpu=118 status=ok
zcwal-extent-send-stream: worker=23 lane=23 port=34323 conn=0
zcwal-extent-send-worker: affinity_index=25 target_cpu=121 status=ok
zcwal-extent-send-stream: worker=21 lane=21 port=34321 conn=0
zcwal-extent-send-worker: affinity_index=26 target_cpu=122 status=ok
zcwal-extent-send-stream: worker=24 lane=24 port=34324 conn=0
zcwal-extent-send-stream: worker=20 lane=20 port=34320 conn=0
zcwal-extent-send-stream: worker=25 lane=25 port=34325 conn=0
zcwal-extent-send-stream: worker=22 lane=22 port=34322 conn=0
zcwal-extent-send-worker: affinity_index=27 target_cpu=123 status=ok
zcwal-extent-send-worker: affinity_index=28 target_cpu=124 status=ok
zcwal-extent-send-stream: worker=26 lane=26 port=34326 conn=0
zcwal-extent-send-stream: worker=28 lane=28 port=34328 conn=0
zcwal-extent-send-worker: affinity_index=29 target_cpu=125 status=ok
zcwal-extent-send-stream: worker=27 lane=27 port=34327 conn=0
zcwal-extent-send-worker: affinity_index=30 target_cpu=126 status=ok
zcwal-extent-send-worker: affinity_index=32 target_cpu=128 status=ok
zcwal-extent-send-worker: affinity_index=33 target_cpu=129 status=ok
zcwal-extent-send-worker: affinity_index=31 target_cpu=127 status=ok
zcwal-extent-send-stream: worker=29 lane=29 port=34329 conn=0
zcwal-extent-send-worker: affinity_index=35 target_cpu=131 status=ok
zcwal-extent-send-worker: affinity_index=34 target_cpu=130 status=ok
zcwal-extent-send-stream: worker=30 lane=30 port=34330 conn=0
zcwal-extent-send-stream: worker=32 lane=32 port=34332 conn=0
zcwal-extent-send-worker: affinity_index=36 target_cpu=132 status=ok
zcwal-extent-send-worker: affinity_index=37 target_cpu=133 status=ok
zcwal-extent-send-worker: affinity_index=38 target_cpu=134 status=ok
zcwal-extent-send-stream: worker=31 lane=31 port=34331 conn=0
zcwal-extent-send-worker: affinity_index=39 target_cpu=135 status=ok
zcwal-extent-send-stream: worker=34 lane=34 port=34334 conn=0
zcwal-extent-send-worker: affinity_index=40 target_cpu=136 status=ok
zcwal-extent-send-stream: worker=36 lane=36 port=34336 conn=0
zcwal-extent-send-worker: affinity_index=41 target_cpu=137 status=ok
zcwal-extent-send-stream: worker=38 lane=38 port=34338 conn=0
zcwal-extent-send-worker: affinity_index=42 target_cpu=138 status=ok
zcwal-extent-send-stream: worker=37 lane=37 port=34337 conn=0
zcwal-extent-send-stream: worker=39 lane=39 port=34339 conn=0
zcwal-extent-send-stream: worker=33 lane=33 port=34333 conn=0
zcwal-extent-send-worker: affinity_index=43 target_cpu=139 status=ok
zcwal-extent-send-worker: affinity_index=44 target_cpu=140 status=ok
zcwal-extent-send-stream: worker=41 lane=41 port=34341 conn=0
zcwal-extent-send-stream: worker=40 lane=40 port=34340 conn=0
zcwal-extent-send-stream: worker=42 lane=42 port=34342 conn=0
zcwal-extent-send-stream: worker=35 lane=35 port=34335 conn=0
zcwal-extent-send-stream: worker=44 lane=44 port=34344 conn=0
zcwal-extent-send-stream: worker=43 lane=43 port=34343 conn=0
zcwal-extent-send-worker: affinity_index=46 target_cpu=142 status=ok
zcwal-extent-send-worker: affinity_index=47 target_cpu=143 status=ok
zcwal-extent-send-worker: affinity_index=48 target_cpu=144 status=ok
zcwal-extent-send-worker: affinity_index=45 target_cpu=141 status=ok
zcwal-extent-send-worker: affinity_index=49 target_cpu=145 status=ok
zcwal-extent-send-worker: affinity_index=50 target_cpu=146 status=ok
zcwal-extent-send-stream: worker=46 lane=46 port=34346 conn=0
zcwal-extent-send-worker: affinity_index=51 target_cpu=147 status=ok
zcwal-extent-send-stream: worker=48 lane=48 port=34348 conn=0
zcwal-extent-send-worker: affinity_index=52 target_cpu=148 status=ok
zcwal-extent-send-worker: affinity_index=53 target_cpu=149 status=ok
zcwal-extent-send-stream: worker=49 lane=49 port=34349 conn=0
zcwal-extent-send-stream: worker=45 lane=45 port=34345 conn=0
zcwal-extent-send-stream: worker=47 lane=47 port=34347 conn=0
zcwal-extent-send-worker: affinity_index=54 target_cpu=150 status=ok
zcwal-extent-send-stream: worker=51 lane=51 port=34351 conn=0
zcwal-extent-send-stream: worker=50 lane=50 port=34350 conn=0
zcwal-extent-send-stream: worker=53 lane=53 port=34353 conn=0
zcwal-extent-send-stream: worker=54 lane=54 port=34354 conn=0
zcwal-extent-send-worker: affinity_index=57 target_cpu=153 status=ok
zcwal-extent-send-worker: affinity_index=56 target_cpu=152 status=ok
zcwal-extent-send-worker: affinity_index=55 target_cpu=151 status=ok
zcwal-extent-send-worker: affinity_index=58 target_cpu=154 status=ok
zcwal-extent-send-stream: worker=52 lane=52 port=34352 conn=0
zcwal-extent-send-worker: affinity_index=59 target_cpu=155 status=ok
zcwal-extent-send-stream: worker=57 lane=57 port=34357 conn=0
zcwal-extent-send-stream: worker=56 lane=56 port=34356 conn=0
zcwal-extent-send-stream: worker=58 lane=58 port=34358 conn=0
zcwal-extent-send-worker: affinity_index=60 target_cpu=156 status=ok
zcwal-extent-send-stream: worker=55 lane=55 port=34355 conn=0
zcwal-extent-send-worker: affinity_index=61 target_cpu=157 status=ok
zcwal-extent-send-worker: affinity_index=62 target_cpu=158 status=ok
zcwal-extent-send-stream: worker=59 lane=59 port=34359 conn=0
zcwal-extent-send-worker: affinity_index=63 target_cpu=159 status=ok
zcwal-extent-send-worker: affinity_index=64 target_cpu=160 status=ok
zcwal-extent-send-worker: affinity_index=65 target_cpu=161 status=ok
zcwal-extent-send-worker: affinity_index=66 target_cpu=162 status=ok
zcwal-extent-send-stream: worker=60 lane=60 port=34360 conn=0
zcwal-extent-send-worker: affinity_index=67 target_cpu=163 status=ok
zcwal-extent-send-worker: affinity_index=68 target_cpu=164 status=ok
zcwal-extent-send-worker: affinity_index=69 target_cpu=165 status=ok
zcwal-extent-send-worker: affinity_index=70 target_cpu=166 status=ok
zcwal-extent-send-worker: affinity_index=71 target_cpu=167 status=ok
zcwal-extent-send-worker: affinity_index=72 target_cpu=168 status=ok
zcwal-extent-send-worker: affinity_index=73 target_cpu=169 status=ok
zcwal-extent-send-worker: affinity_index=74 target_cpu=170 status=ok
zcwal-extent-send-worker: affinity_index=75 target_cpu=171 status=ok
zcwal-extent-send-worker: affinity_index=76 target_cpu=172 status=ok
zcwal-extent-send-worker: affinity_index=77 target_cpu=173 status=ok
zcwal-extent-send-worker: affinity_index=78 target_cpu=174 status=ok
zcwal-extent-send-worker: affinity_index=79 target_cpu=175 status=ok
zcwal-extent-send-worker: affinity_index=80 target_cpu=176 status=ok
zcwal-extent-send-worker: affinity_index=81 target_cpu=177 status=ok
zcwal-extent-send-worker: affinity_index=82 target_cpu=178 status=ok
zcwal-extent-send-worker: affinity_index=83 target_cpu=179 status=ok
zcwal-extent-send-worker: affinity_index=84 target_cpu=180 status=ok
zcwal-extent-send-worker: affinity_index=85 target_cpu=181 status=ok
zcwal-extent-send-worker: affinity_index=86 target_cpu=182 status=ok
zcwal-extent-send-worker: affinity_index=87 target_cpu=183 status=ok
zcwal-extent-send-worker: affinity_index=88 target_cpu=184 status=ok
zcwal-extent-send-worker: affinity_index=89 target_cpu=185 status=ok
zcwal-extent-send-worker: affinity_index=90 target_cpu=186 status=ok
zcwal-extent-send-worker: affinity_index=91 target_cpu=187 status=ok
zcwal-extent-send-worker: affinity_index=93 target_cpu=189 status=ok
zcwal-extent-send-worker: affinity_index=92 target_cpu=188 status=ok
zcwal-extent-send-worker: affinity_index=95 target_cpu=191 status=ok
zcwal-extent-send-worker: affinity_index=94 target_cpu=190 status=ok
zcwal-extent-send-stream: worker=92 lane=92 port=34392 conn=0
zcwal-extent-send-stream: worker=91 lane=91 port=34391 conn=0
zcwal-extent-send-stream: worker=94 lane=94 port=34394 conn=0
zcwal-extent-send-stream: worker=90 lane=90 port=34390 conn=0
zcwal-extent-send-stream: worker=81 lane=81 port=34381 conn=0
zcwal-extent-send-stream: worker=86 lane=86 port=34386 conn=0
zcwal-extent-send-stream: worker=61 lane=61 port=34361 conn=0
zcwal-extent-send-stream: worker=95 lane=95 port=34395 conn=0
zcwal-extent-send-stream: worker=82 lane=82 port=34382 conn=0
zcwal-extent-send-stream: worker=93 lane=93 port=34393 conn=0
zcwal-extent-send-stream: worker=88 lane=88 port=34388 conn=0
zcwal-extent-send-stream: worker=74 lane=74 port=34374 conn=0
zcwal-extent-send-stream: worker=72 lane=72 port=34372 conn=0
zcwal-extent-send-stream: worker=78 lane=78 port=34378 conn=0
zcwal-extent-send-stream: worker=83 lane=83 port=34383 conn=0
zcwal-extent-send-stream: worker=85 lane=85 port=34385 conn=0
zcwal-extent-send-stream: worker=66 lane=66 port=34366 conn=0
zcwal-extent-send-stream: worker=73 lane=73 port=34373 conn=0
zcwal-extent-send-stream: worker=70 lane=70 port=34370 conn=0
zcwal-extent-send-stream: worker=80 lane=80 port=34380 conn=0
zcwal-extent-send-stream: worker=84 lane=84 port=34384 conn=0
zcwal-extent-send-stream: worker=77 lane=77 port=34377 conn=0
zcwal-extent-send-stream: worker=68 lane=68 port=34368 conn=0
zcwal-extent-send-stream: worker=87 lane=87 port=34387 conn=0
zcwal-extent-send-stream: worker=64 lane=64 port=34364 conn=0
zcwal-extent-send-stream: worker=79 lane=79 port=34379 conn=0
zcwal-extent-send-stream: worker=63 lane=63 port=34363 conn=0
zcwal-extent-send-stream: worker=75 lane=75 port=34375 conn=0
zcwal-extent-send-stream: worker=69 lane=69 port=34369 conn=0
zcwal-extent-send-stream: worker=76 lane=76 port=34376 conn=0
zcwal-extent-send-stream: worker=89 lane=89 port=34389 conn=0
zcwal-extent-send-stream: worker=71 lane=71 port=34371 conn=0
zcwal-extent-send-stream: worker=67 lane=67 port=34367 conn=0
zcwal-extent-send-stream: worker=65 lane=65 port=34365 conn=0
zcwal-extent-send-stream: worker=62 lane=62 port=34362 conn=0
tcp-bench-connect-route-probe: peer=172.31.40.9:34300 local_socket=172.31.41.126:52465 probe_src=172.31.41.126 route_dev=ens146 route_src=172.31.41.126 route="172.31.40.9 from 172.31.41.126 dev ens146 table 101 uid 1000 \ cache"
zcwal-extent-send-worker: worker=0 streams=1 payload_bytes=536870912 wire_bytes=536871040 extents=512 logical_records=131072 acks=0 seconds=1.272734 payload_Gbitps=3.375 logical_iops=102985 thread_cpu_seconds=0.105789 cpu_wall_pct=8.3 target_cpu=96 affinity_applied=true start_cpu=96 end_cpu=96 voluntary_ctxt_switches=56 involuntary_ctxt_switches=0 migrations=0
zcwal-extent-send-worker: worker=1 streams=1 payload_bytes=536870912 wire_bytes=536871040 extents=512 logical_records=131072 acks=0 seconds=0.856817 payload_Gbitps=5.013 logical_iops=152976 thread_cpu_seconds=0.165074 cpu_wall_pct=19.3 target_cpu=97 affinity_applied=true start_cpu=97 end_cpu=97 voluntary_ctxt_switches=50 involuntary_ctxt_switches=8 migrations=0
zcwal-extent-send-worker: worker=2 streams=1 payload_bytes=536870912 wire_bytes=536871040 extents=512 logical_records=131072 acks=0 seconds=1.162885 payload_Gbitps=3.693 logical_iops=112713 thread_cpu_seconds=0.109279 cpu_wall_pct=9.4 target_cpu=98 affinity_applied=true start_cpu=98 end_cpu=98 voluntary_ctxt_switches=50 involuntary_ctxt_switches=0 migrations=0
zcwal-extent-send-worker: worker=3 streams=1 payload_bytes=536870912 wire_bytes=536871040 extents=512 logical_records=131072 acks=0 seconds=1.257157 payload_Gbitps=3.416 logical_iops=104261 thread_cpu_seconds=0.117287 cpu_wall_pct=9.3 target_cpu=99 affinity_applied=true start_cpu=99 end_cpu=99 voluntary_ctxt_switches=50 involuntary_ctxt_switches=0 migrations=0
zcwal-extent-send-worker: worker=4 streams=1 payload_bytes=536870912 wire_bytes=536871040 extents=512 logical_records=131072 acks=0 seconds=1.172647 payload_Gbitps=3.663 logical_iops=111775 thread_cpu_seconds=0.129942 cpu_wall_pct=11.1 target_cpu=100 affinity_applied=true start_cpu=100 end_cpu=100 voluntary_ctxt_switches=54 involuntary_ctxt_switches=11 migrations=0
zcwal-extent-send-worker: worker=5 streams=1 payload_bytes=536870912 wire_bytes=536871040 extents=512 logical_records=131072 acks=0 seconds=0.583358 payload_Gbitps=7.362 logical_iops=224685 thread_cpu_seconds=0.110903 cpu_wall_pct=19.0 target_cpu=101 affinity_applied=true start_cpu=101 end_cpu=101 voluntary_ctxt_switches=52 involuntary_ctxt_switches=2 migrations=0
zcwal-extent-send-worker: worker=6 streams=1 payload_bytes=536870912 wire_bytes=536871040 extents=512 logical_records=131072 acks=0 seconds=1.235844 payload_Gbitps=3.475 logical_iops=106059 thread_cpu_seconds=0.108821 cpu_wall_pct=8.8 target_cpu=102 affinity_applied=true start_cpu=102 end_cpu=102 voluntary_ctxt_switches=52 involuntary_ctxt_switches=0 migrations=0
zcwal-extent-send-worker: worker=7 streams=1 payload_bytes=536870912 wire_bytes=536871040 extents=512 logical_records=131072 acks=0 seconds=1.085284 payload_Gbitps=3.957 logical_iops=120772 thread_cpu_seconds=0.110281 cpu_wall_pct=10.2 target_cpu=103 affinity_applied=true start_cpu=103 end_cpu=103 voluntary_ctxt_switches=52 involuntary_ctxt_switches=1 migrations=0
zcwal-extent-send-worker: worker=8 streams=1 payload_bytes=536870912 wire_bytes=536871040 extents=512 logical_records=131072 acks=0 seconds=1.469074 payload_Gbitps=2.924 logical_iops=89221 thread_cpu_seconds=0.101033 cpu_wall_pct=6.9 target_cpu=104 affinity_applied=true start_cpu=104 end_cpu=104 voluntary_ctxt_switches=55 involuntary_ctxt_switches=2 migrations=0
zcwal-extent-send-worker: worker=9 streams=1 payload_bytes=536870912 wire_bytes=536871040 extents=512 logical_records=131072 acks=0 seconds=0.898378 payload_Gbitps=4.781 logical_iops=145898 thread_cpu_seconds=0.155435 cpu_wall_pct=17.3 target_cpu=105 affinity_applied=true start_cpu=105 end_cpu=105 voluntary_ctxt_switches=49 involuntary_ctxt_switches=5 migrations=0
zcwal-extent-send-worker: worker=10 streams=1 payload_bytes=536870912 wire_bytes=536871040 extents=512 logical_records=131072 acks=0 seconds=1.600602 payload_Gbitps=2.683 logical_iops=81889 thread_cpu_seconds=0.101659 cpu_wall_pct=6.4 target_cpu=106 affinity_applied=true start_cpu=106 end_cpu=106 voluntary_ctxt_switches=54 involuntary_ctxt_switches=1 migrations=0
zcwal-extent-send-worker: worker=11 streams=1 payload_bytes=536870912 wire_bytes=536871040 extents=512 logical_records=131072 acks=0 seconds=1.103873 payload_Gbitps=3.891 logical_iops=118738 thread_cpu_seconds=0.128245 cpu_wall_pct=11.6 target_cpu=107 affinity_applied=true start_cpu=107 end_cpu=107 voluntary_ctxt_switches=54 involuntary_ctxt_switches=4 migrations=0
zcwal-extent-send-worker: worker=12 streams=1 payload_bytes=536870912 wire_bytes=536871040 extents=512 logical_records=131072 acks=0 seconds=0.681917 payload_Gbitps=6.298 logical_iops=192211 thread_cpu_seconds=0.112551 cpu_wall_pct=16.5 target_cpu=108 affinity_applied=true start_cpu=108 end_cpu=108 voluntary_ctxt_switches=49 involuntary_ctxt_switches=1 migrations=0
zcwal-extent-send-worker: worker=13 streams=1 payload_bytes=536870912 wire_bytes=536871040 extents=512 logical_records=131072 acks=0 seconds=0.735631 payload_Gbitps=5.838 logical_iops=178176 thread_cpu_seconds=0.141197 cpu_wall_pct=19.2 target_cpu=109 affinity_applied=true start_cpu=109 end_cpu=109 voluntary_ctxt_switches=47 involuntary_ctxt_switches=5 migrations=0
zcwal-extent-send-worker: worker=14 streams=1 payload_bytes=536870912 wire_bytes=536871040 extents=512 logical_records=131072 acks=0 seconds=1.145590 payload_Gbitps=3.749 logical_iops=114414 thread_cpu_seconds=0.105861 cpu_wall_pct=9.2 target_cpu=110 affinity_applied=true start_cpu=110 end_cpu=110 voluntary_ctxt_switches=53 involuntary_ctxt_switches=0 migrations=0
zcwal-extent-send-worker: worker=15 streams=1 payload_bytes=536870912 wire_bytes=536871040 extents=512 logical_records=131072 acks=0 seconds=1.239489 payload_Gbitps=3.465 logical_iops=105747 thread_cpu_seconds=0.106388 cpu_wall_pct=8.6 target_cpu=111 affinity_applied=true start_cpu=111 end_cpu=111 voluntary_ctxt_switches=52 involuntary_ctxt_switches=3 migrations=0
zcwal-extent-send-worker: worker=16 streams=1 payload_bytes=536870912 wire_bytes=536871040 extents=512 logical_records=131072 acks=0 seconds=0.772819 payload_Gbitps=5.558 logical_iops=169602 thread_cpu_seconds=0.116038 cpu_wall_pct=15.0 target_cpu=112 affinity_applied=true start_cpu=112 end_cpu=112 voluntary_ctxt_switches=58 involuntary_ctxt_switches=1 migrations=0
zcwal-extent-send-worker: worker=17 streams=1 payload_bytes=536870912 wire_bytes=536871040 extents=512 logical_records=131072 acks=0 seconds=1.085787 payload_Gbitps=3.956 logical_iops=120716 thread_cpu_seconds=0.106206 cpu_wall_pct=9.8 target_cpu=113 affinity_applied=true start_cpu=113 end_cpu=113 voluntary_ctxt_switches=63 involuntary_ctxt_switches=1 migrations=0
zcwal-extent-send-worker: worker=18 streams=1 payload_bytes=536870912 wire_bytes=536871040 extents=512 logical_records=131072 acks=0 seconds=0.949055 payload_Gbitps=4.526 logical_iops=138108 thread_cpu_seconds=0.110434 cpu_wall_pct=11.6 target_cpu=114 affinity_applied=true start_cpu=114 end_cpu=114 voluntary_ctxt_switches=51 involuntary_ctxt_switches=1 migrations=0
zcwal-extent-send-worker: worker=19 streams=1 payload_bytes=536870912 wire_bytes=536871040 extents=512 logical_records=131072 acks=0 seconds=0.920644 payload_Gbitps=4.665 logical_iops=142370 thread_cpu_seconds=0.123616 cpu_wall_pct=13.4 target_cpu=115 affinity_applied=true start_cpu=115 end_cpu=115 voluntary_ctxt_switches=53 involuntary_ctxt_switches=0 migrations=0
zcwal-extent-send-worker: worker=20 streams=1 payload_bytes=536870912 wire_bytes=536871040 extents=512 logical_records=131072 acks=0 seconds=0.947529 payload_Gbitps=4.533 logical_iops=138330 thread_cpu_seconds=0.102121 cpu_wall_pct=10.8 target_cpu=116 affinity_applied=true start_cpu=116 end_cpu=116 voluntary_ctxt_switches=53 involuntary_ctxt_switches=0 migrations=0
zcwal-extent-send-worker: worker=21 streams=1 payload_bytes=536870912 wire_bytes=536871040 extents=512 logical_records=131072 acks=0 seconds=0.728097 payload_Gbitps=5.899 logical_iops=180020 thread_cpu_seconds=0.124236 cpu_wall_pct=17.1 target_cpu=117 affinity_applied=true start_cpu=117 end_cpu=117 voluntary_ctxt_switches=51 involuntary_ctxt_switches=5 migrations=0
zcwal-extent-send-worker: worker=22 streams=1 payload_bytes=536870912 wire_bytes=536871040 extents=512 logical_records=131072 acks=0 seconds=1.121016 payload_Gbitps=3.831 logical_iops=116922 thread_cpu_seconds=0.108598 cpu_wall_pct=9.7 target_cpu=118 affinity_applied=true start_cpu=118 end_cpu=118 voluntary_ctxt_switches=49 involuntary_ctxt_switches=2 migrations=0
zcwal-extent-send-worker: worker=23 streams=1 payload_bytes=536870912 wire_bytes=536871040 extents=512 logical_records=131072 acks=0 seconds=1.025687 payload_Gbitps=4.187 logical_iops=127790 thread_cpu_seconds=0.134366 cpu_wall_pct=13.1 target_cpu=119 affinity_applied=true start_cpu=119 end_cpu=119 voluntary_ctxt_switches=52 involuntary_ctxt_switches=2 migrations=0
zcwal-extent-send-worker: worker=24 streams=1 payload_bytes=536870912 wire_bytes=536871040 extents=512 logical_records=131072 acks=0 seconds=1.315576 payload_Gbitps=3.265 logical_iops=99631 thread_cpu_seconds=0.105642 cpu_wall_pct=8.0 target_cpu=120 affinity_applied=true start_cpu=120 end_cpu=120 voluntary_ctxt_switches=52 involuntary_ctxt_switches=4 migrations=0
zcwal-extent-send-worker: worker=25 streams=1 payload_bytes=536870912 wire_bytes=536871040 extents=512 logical_records=131072 acks=0 seconds=1.002644 payload_Gbitps=4.284 logical_iops=130726 thread_cpu_seconds=0.109774 cpu_wall_pct=10.9 target_cpu=121 affinity_applied=true start_cpu=121 end_cpu=121 voluntary_ctxt_switches=57 involuntary_ctxt_switches=0 migrations=0
zcwal-extent-send-worker: worker=26 streams=1 payload_bytes=536870912 wire_bytes=536871040 extents=512 logical_records=131072 acks=0 seconds=1.026572 payload_Gbitps=4.184 logical_iops=127679 thread_cpu_seconds=0.108405 cpu_wall_pct=10.6 target_cpu=122 affinity_applied=true start_cpu=122 end_cpu=122 voluntary_ctxt_switches=53 involuntary_ctxt_switches=0 migrations=0
zcwal-extent-send-worker: worker=27 streams=1 payload_bytes=536870912 wire_bytes=536871040 extents=512 logical_records=131072 acks=0 seconds=1.369081 payload_Gbitps=3.137 logical_iops=95737 thread_cpu_seconds=0.108116 cpu_wall_pct=7.9 target_cpu=123 affinity_applied=true start_cpu=123 end_cpu=123 voluntary_ctxt_switches=50 involuntary_ctxt_switches=1 migrations=0
zcwal-extent-send-worker: worker=28 streams=1 payload_bytes=536870912 wire_bytes=536871040 extents=512 logical_records=131072 acks=0 seconds=1.432680 payload_Gbitps=2.998 logical_iops=91487 thread_cpu_seconds=0.107530 cpu_wall_pct=7.5 target_cpu=124 affinity_applied=true start_cpu=124 end_cpu=124 voluntary_ctxt_switches=54 involuntary_ctxt_switches=1 migrations=0
zcwal-extent-send-worker: worker=29 streams=1 payload_bytes=536870912 wire_bytes=536871040 extents=512 logical_records=131072 acks=0 seconds=0.981680 payload_Gbitps=4.375 logical_iops=133518 thread_cpu_seconds=0.144971 cpu_wall_pct=14.8 target_cpu=125 affinity_applied=true start_cpu=125 end_cpu=125 voluntary_ctxt_switches=49 involuntary_ctxt_switches=4 migrations=0
zcwal-extent-send-worker: worker=30 streams=1 payload_bytes=536870912 wire_bytes=536871040 extents=512 logical_records=131072 acks=0 seconds=0.771966 payload_Gbitps=5.564 logical_iops=169790 thread_cpu_seconds=0.106128 cpu_wall_pct=13.7 target_cpu=126 affinity_applied=true start_cpu=126 end_cpu=126 voluntary_ctxt_switches=74 involuntary_ctxt_switches=1 migrations=0
zcwal-extent-send-worker: worker=31 streams=1 payload_bytes=536870912 wire_bytes=536871040 extents=512 logical_records=131072 acks=0 seconds=1.247617 payload_Gbitps=3.443 logical_iops=105058 thread_cpu_seconds=0.124744 cpu_wall_pct=10.0 target_cpu=127 affinity_applied=true start_cpu=127 end_cpu=127 voluntary_ctxt_switches=52 involuntary_ctxt_switches=3 migrations=0
zcwal-extent-send-worker: worker=32 streams=1 payload_bytes=536870912 wire_bytes=536871040 extents=512 logical_records=131072 acks=0 seconds=0.713636 payload_Gbitps=6.018 logical_iops=183668 thread_cpu_seconds=0.120171 cpu_wall_pct=16.8 target_cpu=128 affinity_applied=true start_cpu=128 end_cpu=128 voluntary_ctxt_switches=49 involuntary_ctxt_switches=0 migrations=0
zcwal-extent-send-worker: worker=33 streams=1 payload_bytes=536870912 wire_bytes=536871040 extents=512 logical_records=131072 acks=0 seconds=0.734117 payload_Gbitps=5.851 logical_iops=178544 thread_cpu_seconds=0.144837 cpu_wall_pct=19.7 target_cpu=129 affinity_applied=true start_cpu=129 end_cpu=129 voluntary_ctxt_switches=49 involuntary_ctxt_switches=6 migrations=0
zcwal-extent-send-worker: worker=34 streams=1 payload_bytes=536870912 wire_bytes=536871040 extents=512 logical_records=131072 acks=0 seconds=1.055136 payload_Gbitps=4.071 logical_iops=124223 thread_cpu_seconds=0.115884 cpu_wall_pct=11.0 target_cpu=130 affinity_applied=true start_cpu=130 end_cpu=130 voluntary_ctxt_switches=51 involuntary_ctxt_switches=0 migrations=0
zcwal-extent-send-worker: worker=35 streams=1 payload_bytes=536870912 wire_bytes=536871040 extents=512 logical_records=131072 acks=0 seconds=1.447894 payload_Gbitps=2.966 logical_iops=90526 thread_cpu_seconds=0.107610 cpu_wall_pct=7.4 target_cpu=131 affinity_applied=true start_cpu=131 end_cpu=131 voluntary_ctxt_switches=64 involuntary_ctxt_switches=0 migrations=0
zcwal-extent-send-worker: worker=36 streams=1 payload_bytes=536870912 wire_bytes=536871040 extents=512 logical_records=131072 acks=0 seconds=1.050187 payload_Gbitps=4.090 logical_iops=124808 thread_cpu_seconds=0.115230 cpu_wall_pct=11.0 target_cpu=132 affinity_applied=true start_cpu=132 end_cpu=132 voluntary_ctxt_switches=51 involuntary_ctxt_switches=1 migrations=0
zcwal-extent-send-worker: worker=37 streams=1 payload_bytes=536870912 wire_bytes=536871040 extents=512 logical_records=131072 acks=0 seconds=1.053411 payload_Gbitps=4.077 logical_iops=124426 thread_cpu_seconds=0.134493 cpu_wall_pct=12.8 target_cpu=133 affinity_applied=true start_cpu=133 end_cpu=133 voluntary_ctxt_switches=53 involuntary_ctxt_switches=5 migrations=0
zcwal-extent-send-worker: worker=38 streams=1 payload_bytes=536870912 wire_bytes=536871040 extents=512 logical_records=131072 acks=0 seconds=1.127916 payload_Gbitps=3.808 logical_iops=116207 thread_cpu_seconds=0.114340 cpu_wall_pct=10.1 target_cpu=134 affinity_applied=true start_cpu=134 end_cpu=134 voluntary_ctxt_switches=51 involuntary_ctxt_switches=0 migrations=0
zcwal-extent-send-worker: worker=39 streams=1 payload_bytes=536870912 wire_bytes=536871040 extents=512 logical_records=131072 acks=0 seconds=1.151503 payload_Gbitps=3.730 logical_iops=113827 thread_cpu_seconds=0.123037 cpu_wall_pct=10.7 target_cpu=135 affinity_applied=true start_cpu=135 end_cpu=135 voluntary_ctxt_switches=52 involuntary_ctxt_switches=6 migrations=0
zcwal-extent-send-worker: worker=40 streams=1 payload_bytes=536870912 wire_bytes=536871040 extents=512 logical_records=131072 acks=0 seconds=0.804990 payload_Gbitps=5.335 logical_iops=162824 thread_cpu_seconds=0.116979 cpu_wall_pct=14.5 target_cpu=136 affinity_applied=true start_cpu=136 end_cpu=136 voluntary_ctxt_switches=55 involuntary_ctxt_switches=0 migrations=0
zcwal-extent-send-worker: worker=41 streams=1 payload_bytes=536870912 wire_bytes=536871040 extents=512 logical_records=131072 acks=0 seconds=1.115164 payload_Gbitps=3.851 logical_iops=117536 thread_cpu_seconds=0.116370 cpu_wall_pct=10.4 target_cpu=137 affinity_applied=true start_cpu=137 end_cpu=137 voluntary_ctxt_switches=51 involuntary_ctxt_switches=3 migrations=0
zcwal-extent-send-worker: worker=42 streams=1 payload_bytes=536870912 wire_bytes=536871040 extents=512 logical_records=131072 acks=0 seconds=1.386610 payload_Gbitps=3.097 logical_iops=94527 thread_cpu_seconds=0.106926 cpu_wall_pct=7.7 target_cpu=138 affinity_applied=true start_cpu=138 end_cpu=138 voluntary_ctxt_switches=49 involuntary_ctxt_switches=1 migrations=0
zcwal-extent-send-worker: worker=43 streams=1 payload_bytes=536870912 wire_bytes=536871040 extents=512 logical_records=131072 acks=0 seconds=0.811702 payload_Gbitps=5.291 logical_iops=161478 thread_cpu_seconds=0.140118 cpu_wall_pct=17.3 target_cpu=139 affinity_applied=true start_cpu=139 end_cpu=139 voluntary_ctxt_switches=48 involuntary_ctxt_switches=6 migrations=0
zcwal-extent-send-worker: worker=44 streams=1 payload_bytes=536870912 wire_bytes=536871040 extents=512 logical_records=131072 acks=0 seconds=0.959724 payload_Gbitps=4.475 logical_iops=136573 thread_cpu_seconds=0.120202 cpu_wall_pct=12.5 target_cpu=140 affinity_applied=true start_cpu=140 end_cpu=140 voluntary_ctxt_switches=51 involuntary_ctxt_switches=0 migrations=0
zcwal-extent-send-worker: worker=45 streams=1 payload_bytes=536870912 wire_bytes=536871040 extents=512 logical_records=131072 acks=0 seconds=1.189270 payload_Gbitps=3.611 logical_iops=110212 thread_cpu_seconds=0.101689 cpu_wall_pct=8.6 target_cpu=141 affinity_applied=true start_cpu=141 end_cpu=141 voluntary_ctxt_switches=51 involuntary_ctxt_switches=1 migrations=0
zcwal-extent-send-worker: worker=46 streams=1 payload_bytes=536870912 wire_bytes=536871040 extents=512 logical_records=131072 acks=0 seconds=1.341248 payload_Gbitps=3.202 logical_iops=97724 thread_cpu_seconds=0.100365 cpu_wall_pct=7.5 target_cpu=142 affinity_applied=true start_cpu=142 end_cpu=142 voluntary_ctxt_switches=51 involuntary_ctxt_switches=1 migrations=0
zcwal-extent-send-worker: worker=47 streams=1 payload_bytes=536870912 wire_bytes=536871040 extents=512 logical_records=131072 acks=0 seconds=1.001937 payload_Gbitps=4.287 logical_iops=130819 thread_cpu_seconds=0.130974 cpu_wall_pct=13.1 target_cpu=143 affinity_applied=true start_cpu=143 end_cpu=143 voluntary_ctxt_switches=49 involuntary_ctxt_switches=4 migrations=0
zcwal-extent-send-worker: worker=48 streams=1 payload_bytes=536870912 wire_bytes=536871040 extents=512 logical_records=131072 acks=0 seconds=1.172250 payload_Gbitps=3.664 logical_iops=111812 thread_cpu_seconds=0.112590 cpu_wall_pct=9.6 target_cpu=144 affinity_applied=true start_cpu=144 end_cpu=144 voluntary_ctxt_switches=54 involuntary_ctxt_switches=1 migrations=0
zcwal-extent-send-worker: worker=49 streams=1 payload_bytes=536870912 wire_bytes=536871040 extents=512 logical_records=131072 acks=0 seconds=1.114080 payload_Gbitps=3.855 logical_iops=117650 thread_cpu_seconds=0.126158 cpu_wall_pct=11.3 target_cpu=145 affinity_applied=true start_cpu=145 end_cpu=145 voluntary_ctxt_switches=53 involuntary_ctxt_switches=5 migrations=0
zcwal-extent-send-worker: worker=50 streams=1 payload_bytes=536870912 wire_bytes=536871040 extents=512 logical_records=131072 acks=0 seconds=0.940559 payload_Gbitps=4.566 logical_iops=139355 thread_cpu_seconds=0.116811 cpu_wall_pct=12.4 target_cpu=146 affinity_applied=true start_cpu=146 end_cpu=146 voluntary_ctxt_switches=55 involuntary_ctxt_switches=0 migrations=0
zcwal-extent-send-worker: worker=51 streams=1 payload_bytes=536870912 wire_bytes=536871040 extents=512 logical_records=131072 acks=0 seconds=1.135469 payload_Gbitps=3.783 logical_iops=115434 thread_cpu_seconds=0.137529 cpu_wall_pct=12.1 target_cpu=147 affinity_applied=true start_cpu=147 end_cpu=147 voluntary_ctxt_switches=51 involuntary_ctxt_switches=8 migrations=0
zcwal-extent-send-worker: worker=52 streams=1 payload_bytes=536870912 wire_bytes=536871040 extents=512 logical_records=131072 acks=0 seconds=1.437771 payload_Gbitps=2.987 logical_iops=91163 thread_cpu_seconds=0.106759 cpu_wall_pct=7.4 target_cpu=148 affinity_applied=true start_cpu=148 end_cpu=148 voluntary_ctxt_switches=55 involuntary_ctxt_switches=1 migrations=0
zcwal-extent-send-worker: worker=53 streams=1 payload_bytes=536870912 wire_bytes=536871040 extents=512 logical_records=131072 acks=0 seconds=1.279755 payload_Gbitps=3.356 logical_iops=102420 thread_cpu_seconds=0.110789 cpu_wall_pct=8.7 target_cpu=149 affinity_applied=true start_cpu=149 end_cpu=149 voluntary_ctxt_switches=50 involuntary_ctxt_switches=1 migrations=0
zcwal-extent-send-worker: worker=54 streams=1 payload_bytes=536870912 wire_bytes=536871040 extents=512 logical_records=131072 acks=0 seconds=1.220982 payload_Gbitps=3.518 logical_iops=107350 thread_cpu_seconds=0.112514 cpu_wall_pct=9.2 target_cpu=150 affinity_applied=true start_cpu=150 end_cpu=150 voluntary_ctxt_switches=51 involuntary_ctxt_switches=1 migrations=0
zcwal-extent-send-worker: worker=55 streams=1 payload_bytes=536870912 wire_bytes=536871040 extents=512 logical_records=131072 acks=0 seconds=1.265544 payload_Gbitps=3.394 logical_iops=103570 thread_cpu_seconds=0.112516 cpu_wall_pct=8.9 target_cpu=151 affinity_applied=true start_cpu=151 end_cpu=151 voluntary_ctxt_switches=51 involuntary_ctxt_switches=1 migrations=0
zcwal-extent-send-worker: worker=56 streams=1 payload_bytes=536870912 wire_bytes=536871040 extents=512 logical_records=131072 acks=0 seconds=1.388766 payload_Gbitps=3.093 logical_iops=94380 thread_cpu_seconds=0.111412 cpu_wall_pct=8.0 target_cpu=152 affinity_applied=true start_cpu=152 end_cpu=152 voluntary_ctxt_switches=53 involuntary_ctxt_switches=1 migrations=0
zcwal-extent-send-worker: worker=57 streams=1 payload_bytes=536870912 wire_bytes=536871040 extents=512 logical_records=131072 acks=0 seconds=1.491749 payload_Gbitps=2.879 logical_iops=87865 thread_cpu_seconds=0.150264 cpu_wall_pct=10.1 target_cpu=153 affinity_applied=true start_cpu=153 end_cpu=153 voluntary_ctxt_switches=49 involuntary_ctxt_switches=13 migrations=0
zcwal-extent-send-worker: worker=58 streams=1 payload_bytes=536870912 wire_bytes=536871040 extents=512 logical_records=131072 acks=0 seconds=0.937779 payload_Gbitps=4.580 logical_iops=139769 thread_cpu_seconds=0.118083 cpu_wall_pct=12.6 target_cpu=154 affinity_applied=true start_cpu=154 end_cpu=154 voluntary_ctxt_switches=51 involuntary_ctxt_switches=1 migrations=0
zcwal-extent-send-worker: worker=59 streams=1 payload_bytes=536870912 wire_bytes=536871040 extents=512 logical_records=131072 acks=0 seconds=1.437294 payload_Gbitps=2.988 logical_iops=91194 thread_cpu_seconds=0.177460 cpu_wall_pct=12.3 target_cpu=155 affinity_applied=true start_cpu=155 end_cpu=155 voluntary_ctxt_switches=46 involuntary_ctxt_switches=18 migrations=0
zcwal-extent-send-worker: worker=60 streams=1 payload_bytes=536870912 wire_bytes=536871040 extents=512 logical_records=131072 acks=0 seconds=0.940470 payload_Gbitps=4.567 logical_iops=139369 thread_cpu_seconds=0.118023 cpu_wall_pct=12.5 target_cpu=156 affinity_applied=true start_cpu=156 end_cpu=156 voluntary_ctxt_switches=50 involuntary_ctxt_switches=0 migrations=0
zcwal-extent-send-worker: worker=61 streams=1 payload_bytes=536870912 wire_bytes=536871040 extents=512 logical_records=131072 acks=0 seconds=1.215805 payload_Gbitps=3.533 logical_iops=107807 thread_cpu_seconds=0.146645 cpu_wall_pct=12.1 target_cpu=157 affinity_applied=true start_cpu=157 end_cpu=157 voluntary_ctxt_switches=55 involuntary_ctxt_switches=7 migrations=0
zcwal-extent-send-worker: worker=62 streams=1 payload_bytes=536870912 wire_bytes=536871040 extents=512 logical_records=131072 acks=0 seconds=1.037841 payload_Gbitps=4.138 logical_iops=126293 thread_cpu_seconds=0.115314 cpu_wall_pct=11.1 target_cpu=158 affinity_applied=true start_cpu=158 end_cpu=158 voluntary_ctxt_switches=53 involuntary_ctxt_switches=0 migrations=0
zcwal-extent-send-worker: worker=63 streams=1 payload_bytes=536870912 wire_bytes=536871040 extents=512 logical_records=131072 acks=0 seconds=0.869109 payload_Gbitps=4.942 logical_iops=150812 thread_cpu_seconds=0.119402 cpu_wall_pct=13.7 target_cpu=159 affinity_applied=true start_cpu=159 end_cpu=159 voluntary_ctxt_switches=55 involuntary_ctxt_switches=0 migrations=0
zcwal-extent-send-worker: worker=64 streams=1 payload_bytes=536870912 wire_bytes=536871040 extents=512 logical_records=131072 acks=0 seconds=0.892886 payload_Gbitps=4.810 logical_iops=146796 thread_cpu_seconds=0.116715 cpu_wall_pct=13.1 target_cpu=160 affinity_applied=true start_cpu=160 end_cpu=160 voluntary_ctxt_switches=49 involuntary_ctxt_switches=0 migrations=0
zcwal-extent-send-worker: worker=65 streams=1 payload_bytes=536870912 wire_bytes=536871040 extents=512 logical_records=131072 acks=0 seconds=1.113327 payload_Gbitps=3.858 logical_iops=117730 thread_cpu_seconds=0.121665 cpu_wall_pct=10.9 target_cpu=161 affinity_applied=true start_cpu=161 end_cpu=161 voluntary_ctxt_switches=54 involuntary_ctxt_switches=2 migrations=0
zcwal-extent-send-worker: worker=66 streams=1 payload_bytes=536870912 wire_bytes=536871040 extents=512 logical_records=131072 acks=0 seconds=1.442449 payload_Gbitps=2.978 logical_iops=90868 thread_cpu_seconds=0.107085 cpu_wall_pct=7.4 target_cpu=162 affinity_applied=true start_cpu=162 end_cpu=162 voluntary_ctxt_switches=54 involuntary_ctxt_switches=1 migrations=0
zcwal-extent-send-worker: worker=67 streams=1 payload_bytes=536870912 wire_bytes=536871040 extents=512 logical_records=131072 acks=0 seconds=0.556074 payload_Gbitps=7.724 logical_iops=235710 thread_cpu_seconds=0.169660 cpu_wall_pct=30.5 target_cpu=163 affinity_applied=true start_cpu=163 end_cpu=163 voluntary_ctxt_switches=46 involuntary_ctxt_switches=7 migrations=0
zcwal-extent-send-worker: worker=68 streams=1 payload_bytes=536870912 wire_bytes=536871040 extents=512 logical_records=131072 acks=0 seconds=1.300784 payload_Gbitps=3.302 logical_iops=100764 thread_cpu_seconds=0.115797 cpu_wall_pct=8.9 target_cpu=164 affinity_applied=true start_cpu=164 end_cpu=164 voluntary_ctxt_switches=51 involuntary_ctxt_switches=0 migrations=0
zcwal-extent-send-worker: worker=69 streams=1 payload_bytes=536870912 wire_bytes=536871040 extents=512 logical_records=131072 acks=0 seconds=1.662638 payload_Gbitps=2.583 logical_iops=78834 thread_cpu_seconds=0.148238 cpu_wall_pct=8.9 target_cpu=165 affinity_applied=true start_cpu=165 end_cpu=165 voluntary_ctxt_switches=52 involuntary_ctxt_switches=7 migrations=0
zcwal-extent-send-worker: worker=70 streams=1 payload_bytes=536870912 wire_bytes=536871040 extents=512 logical_records=131072 acks=0 seconds=1.258862 payload_Gbitps=3.412 logical_iops=104119 thread_cpu_seconds=0.112753 cpu_wall_pct=9.0 target_cpu=166 affinity_applied=true start_cpu=166 end_cpu=166 voluntary_ctxt_switches=53 involuntary_ctxt_switches=0 migrations=0
zcwal-extent-send-worker: worker=71 streams=1 payload_bytes=536870912 wire_bytes=536871040 extents=512 logical_records=131072 acks=0 seconds=1.395184 payload_Gbitps=3.078 logical_iops=93946 thread_cpu_seconds=0.109333 cpu_wall_pct=7.8 target_cpu=167 affinity_applied=true start_cpu=167 end_cpu=167 voluntary_ctxt_switches=51 involuntary_ctxt_switches=0 migrations=0
zcwal-extent-send-worker: worker=72 streams=1 payload_bytes=536870912 wire_bytes=536871040 extents=512 logical_records=131072 acks=0 seconds=1.407997 payload_Gbitps=3.050 logical_iops=93091 thread_cpu_seconds=0.107381 cpu_wall_pct=7.6 target_cpu=168 affinity_applied=true start_cpu=168 end_cpu=168 voluntary_ctxt_switches=55 involuntary_ctxt_switches=1 migrations=0
zcwal-extent-send-worker: worker=73 streams=1 payload_bytes=536870912 wire_bytes=536871040 extents=512 logical_records=131072 acks=0 seconds=1.323138 payload_Gbitps=3.246 logical_iops=99061 thread_cpu_seconds=0.105525 cpu_wall_pct=8.0 target_cpu=169 affinity_applied=true start_cpu=169 end_cpu=169 voluntary_ctxt_switches=50 involuntary_ctxt_switches=2 migrations=0
zcwal-extent-send-worker: worker=74 streams=1 payload_bytes=536870912 wire_bytes=536871040 extents=512 logical_records=131072 acks=0 seconds=1.162666 payload_Gbitps=3.694 logical_iops=112734 thread_cpu_seconds=0.110938 cpu_wall_pct=9.5 target_cpu=170 affinity_applied=true start_cpu=170 end_cpu=170 voluntary_ctxt_switches=53 involuntary_ctxt_switches=2 migrations=0
zcwal-extent-send-worker: worker=75 streams=1 payload_bytes=536870912 wire_bytes=536871040 extents=512 logical_records=131072 acks=0 seconds=0.960397 payload_Gbitps=4.472 logical_iops=136477 thread_cpu_seconds=0.128062 cpu_wall_pct=13.3 target_cpu=171 affinity_applied=true start_cpu=171 end_cpu=171 voluntary_ctxt_switches=49 involuntary_ctxt_switches=2 migrations=0
zcwal-extent-send-worker: worker=76 streams=1 payload_bytes=536870912 wire_bytes=536871040 extents=512 logical_records=131072 acks=0 seconds=0.902641 payload_Gbitps=4.758 logical_iops=145210 thread_cpu_seconds=0.118662 cpu_wall_pct=13.1 target_cpu=172 affinity_applied=true start_cpu=172 end_cpu=172 voluntary_ctxt_switches=53 involuntary_ctxt_switches=0 migrations=0
zcwal-extent-send-worker: worker=77 streams=1 payload_bytes=536870912 wire_bytes=536871040 extents=512 logical_records=131072 acks=0 seconds=1.050965 payload_Gbitps=4.087 logical_iops=124716 thread_cpu_seconds=0.179225 cpu_wall_pct=17.1 target_cpu=173 affinity_applied=true start_cpu=173 end_cpu=173 voluntary_ctxt_switches=54 involuntary_ctxt_switches=7 migrations=0
zcwal-extent-send-worker: worker=78 streams=1 payload_bytes=536870912 wire_bytes=536871040 extents=512 logical_records=131072 acks=0 seconds=1.174858 payload_Gbitps=3.656 logical_iops=111564 thread_cpu_seconds=0.111763 cpu_wall_pct=9.5 target_cpu=174 affinity_applied=true start_cpu=174 end_cpu=174 voluntary_ctxt_switches=54 involuntary_ctxt_switches=0 migrations=0
zcwal-extent-send-worker: worker=79 streams=1 payload_bytes=536870912 wire_bytes=536871040 extents=512 logical_records=131072 acks=0 seconds=1.086336 payload_Gbitps=3.954 logical_iops=120655 thread_cpu_seconds=0.152568 cpu_wall_pct=14.0 target_cpu=175 affinity_applied=true start_cpu=175 end_cpu=175 voluntary_ctxt_switches=49 involuntary_ctxt_switches=6 migrations=0
zcwal-extent-send-worker: worker=80 streams=1 payload_bytes=536870912 wire_bytes=536871040 extents=512 logical_records=131072 acks=0 seconds=1.453968 payload_Gbitps=2.954 logical_iops=90148 thread_cpu_seconds=0.111740 cpu_wall_pct=7.7 target_cpu=176 affinity_applied=true start_cpu=176 end_cpu=176 voluntary_ctxt_switches=57 involuntary_ctxt_switches=1 migrations=0
zcwal-extent-send-worker: worker=81 streams=1 payload_bytes=536870912 wire_bytes=536871040 extents=512 logical_records=131072 acks=0 seconds=1.422588 payload_Gbitps=3.019 logical_iops=92136 thread_cpu_seconds=0.113100 cpu_wall_pct=8.0 target_cpu=177 affinity_applied=true start_cpu=177 end_cpu=177 voluntary_ctxt_switches=52 involuntary_ctxt_switches=1 migrations=0
zcwal-extent-send-worker: worker=82 streams=1 payload_bytes=536870912 wire_bytes=536871040 extents=512 logical_records=131072 acks=0 seconds=1.027895 payload_Gbitps=4.178 logical_iops=127515 thread_cpu_seconds=0.117579 cpu_wall_pct=11.4 target_cpu=178 affinity_applied=true start_cpu=178 end_cpu=178 voluntary_ctxt_switches=56 involuntary_ctxt_switches=0 migrations=0
zcwal-extent-send-worker: worker=83 streams=1 payload_bytes=536870912 wire_bytes=536871040 extents=512 logical_records=131072 acks=0 seconds=0.772904 payload_Gbitps=5.557 logical_iops=169584 thread_cpu_seconds=0.121040 cpu_wall_pct=15.7 target_cpu=179 affinity_applied=true start_cpu=179 end_cpu=179 voluntary_ctxt_switches=52 involuntary_ctxt_switches=0 migrations=0
zcwal-extent-send-worker: worker=84 streams=1 payload_bytes=536870912 wire_bytes=536871040 extents=512 logical_records=131072 acks=0 seconds=1.102297 payload_Gbitps=3.896 logical_iops=118908 thread_cpu_seconds=0.115073 cpu_wall_pct=10.4 target_cpu=180 affinity_applied=true start_cpu=180 end_cpu=180 voluntary_ctxt_switches=52 involuntary_ctxt_switches=1 migrations=0
zcwal-extent-send-worker: worker=85 streams=1 payload_bytes=536870912 wire_bytes=536871040 extents=512 logical_records=131072 acks=0 seconds=1.265755 payload_Gbitps=3.393 logical_iops=103552 thread_cpu_seconds=0.148021 cpu_wall_pct=11.7 target_cpu=181 affinity_applied=true start_cpu=181 end_cpu=181 voluntary_ctxt_switches=57 involuntary_ctxt_switches=10 migrations=0
zcwal-extent-send-worker: worker=86 streams=1 payload_bytes=536870912 wire_bytes=536871040 extents=512 logical_records=131072 acks=0 seconds=0.546009 payload_Gbitps=7.866 logical_iops=240055 thread_cpu_seconds=0.123651 cpu_wall_pct=22.6 target_cpu=182 affinity_applied=true start_cpu=182 end_cpu=182 voluntary_ctxt_switches=51 involuntary_ctxt_switches=0 migrations=0
zcwal-extent-send-worker: worker=87 streams=1 payload_bytes=536870912 wire_bytes=536871040 extents=512 logical_records=131072 acks=0 seconds=1.418891 payload_Gbitps=3.027 logical_iops=92376 thread_cpu_seconds=0.144084 cpu_wall_pct=10.2 target_cpu=183 affinity_applied=true start_cpu=183 end_cpu=183 voluntary_ctxt_switches=52 involuntary_ctxt_switches=11 migrations=0
zcwal-extent-send-worker: worker=88 streams=1 payload_bytes=536870912 wire_bytes=536871040 extents=512 logical_records=131072 acks=0 seconds=0.887966 payload_Gbitps=4.837 logical_iops=147609 thread_cpu_seconds=0.123937 cpu_wall_pct=14.0 target_cpu=184 affinity_applied=true start_cpu=184 end_cpu=184 voluntary_ctxt_switches=52 involuntary_ctxt_switches=0 migrations=0
zcwal-extent-send-worker: worker=89 streams=1 payload_bytes=536870912 wire_bytes=536871040 extents=512 logical_records=131072 acks=0 seconds=1.282591 payload_Gbitps=3.349 logical_iops=102193 thread_cpu_seconds=0.182229 cpu_wall_pct=14.2 target_cpu=185 affinity_applied=true start_cpu=185 end_cpu=185 voluntary_ctxt_switches=51 involuntary_ctxt_switches=8 migrations=0
zcwal-extent-send-worker: worker=90 streams=1 payload_bytes=536870912 wire_bytes=536871040 extents=512 logical_records=131072 acks=0 seconds=1.235786 payload_Gbitps=3.475 logical_iops=106064 thread_cpu_seconds=0.111983 cpu_wall_pct=9.1 target_cpu=186 affinity_applied=true start_cpu=186 end_cpu=186 voluntary_ctxt_switches=62 involuntary_ctxt_switches=0 migrations=0
zcwal-extent-send-worker: worker=91 streams=1 payload_bytes=536870912 wire_bytes=536871040 extents=512 logical_records=131072 acks=0 seconds=1.427793 payload_Gbitps=3.008 logical_iops=91800 thread_cpu_seconds=0.109512 cpu_wall_pct=7.7 target_cpu=187 affinity_applied=true start_cpu=187 end_cpu=187 voluntary_ctxt_switches=53 involuntary_ctxt_switches=1 migrations=0
zcwal-extent-send-worker: worker=92 streams=1 payload_bytes=536870912 wire_bytes=536871040 extents=512 logical_records=131072 acks=0 seconds=1.170536 payload_Gbitps=3.669 logical_iops=111976 thread_cpu_seconds=0.116120 cpu_wall_pct=9.9 target_cpu=188 affinity_applied=true start_cpu=188 end_cpu=188 voluntary_ctxt_switches=51 involuntary_ctxt_switches=1 migrations=0
zcwal-extent-send-worker: worker=93 streams=1 payload_bytes=536870912 wire_bytes=536871040 extents=512 logical_records=131072 acks=0 seconds=1.454622 payload_Gbitps=2.953 logical_iops=90107 thread_cpu_seconds=0.107866 cpu_wall_pct=7.4 target_cpu=189 affinity_applied=true start_cpu=189 end_cpu=189 voluntary_ctxt_switches=58 involuntary_ctxt_switches=1 migrations=0
zcwal-extent-send-worker: worker=94 streams=1 payload_bytes=536870912 wire_bytes=536871040 extents=512 logical_records=131072 acks=0 seconds=1.415870 payload_Gbitps=3.033 logical_iops=92573 thread_cpu_seconds=0.111622 cpu_wall_pct=7.9 target_cpu=190 affinity_applied=true start_cpu=190 end_cpu=190 voluntary_ctxt_switches=55 involuntary_ctxt_switches=1 migrations=0
zcwal-extent-send-worker: worker=95 streams=1 payload_bytes=536870912 wire_bytes=536871040 extents=512 logical_records=131072 acks=0 seconds=1.137693 payload_Gbitps=3.775 logical_iops=115209 thread_cpu_seconds=0.116403 cpu_wall_pct=10.2 target_cpu=191 affinity_applied=true start_cpu=191 end_cpu=191 voluntary_ctxt_switches=53 involuntary_ctxt_switches=1 migrations=0
zcwal-extent-send-summary: payload_bytes=51539607552 wire_bytes=51539619840 extents=49152 logical_records=12582912 acks=0 seconds=1.664671 payload_Gbitps=247.687 logical_iops=7558800
