zcnblk-send: addr=127.0.0.1 shard_count=1 base_port=23600 ports=64 connections_per_port=1 total_connections=64 bytes_per_connection=16777216 chunk_bytes=4096 workers=64 op_mode=write read_window=16 write_window=16 verify_reads=no wait_write_acks=yes batch_depth=64 payload_pattern=fill:0x00 source_ip=kernel-route source_ports=kernel-ephemeral latency=yes encryption=none aes_frame_bytes=65536
zcnblk-send-worker: affinity_index=0 target_cpu=64 status=ok
zcnblk-send-worker: affinity_index=1 target_cpu=160 status=ok
zcnblk-send-stream: worker=0 lane=0 port=23600 conn=0 shard=0 base_offset=0
zcnblk-send-worker: affinity_index=3 target_cpu=161 status=ok
zcnblk-send-worker: affinity_index=4 target_cpu=66 status=ok
zcnblk-send-worker: affinity_index=5 target_cpu=162 status=ok
zcnblk-send-stream: worker=3 lane=3 port=23603 conn=0 shard=0 base_offset=50331648
zcnblk-send-worker: affinity_index=6 target_cpu=67 status=ok
zcnblk-send-stream: worker=4 lane=4 port=23604 conn=0 shard=0 base_offset=67108864
zcnblk-send-worker: affinity_index=2 target_cpu=65 status=ok
zcnblk-send-stream: worker=1 lane=1 port=23601 conn=0 shard=0 base_offset=16777216
zcnblk-send-stream: worker=5 lane=5 port=23605 conn=0 shard=0 base_offset=83886080
zcnblk-send-stream: worker=6 lane=6 port=23606 conn=0 shard=0 base_offset=100663296
zcnblk-send-stream: worker=2 lane=2 port=23602 conn=0 shard=0 base_offset=33554432
PERF WARNING: zcnblk-send write_window=16 is below batch_depth(64) * fan_batch_window(64); this forces upstream-idle drains in fan WAL and keeps effective leaf batches smaller than the configured topology window
zcnblk-send-worker: affinity_index=7 target_cpu=163 status=ok
zcnblk-send-worker: affinity_index=8 target_cpu=68 status=ok
zcnblk-send-worker: affinity_index=10 target_cpu=69 status=ok
zcnblk-send-stream: worker=7 lane=7 port=23607 conn=0 shard=0 base_offset=117440512
zcnblk-send-worker: affinity_index=9 target_cpu=164 status=ok
zcnblk-send-stream: worker=8 lane=8 port=23608 conn=0 shard=0 base_offset=134217728
zcnblk-send-stream: worker=10 lane=10 port=23610 conn=0 shard=0 base_offset=167772160
zcnblk-send-stream: worker=9 lane=9 port=23609 conn=0 shard=0 base_offset=150994944
zcnblk-send-worker: affinity_index=12 target_cpu=70 status=ok
zcnblk-send-worker: affinity_index=11 target_cpu=165 status=ok
zcnblk-send-worker: affinity_index=13 target_cpu=166 status=ok
zcnblk-send-worker: affinity_index=14 target_cpu=71 status=ok
zcnblk-send-stream: worker=12 lane=12 port=23612 conn=0 shard=0 base_offset=201326592
zcnblk-send-stream: worker=13 lane=13 port=23613 conn=0 shard=0 base_offset=218103808
zcnblk-send-stream: worker=11 lane=11 port=23611 conn=0 shard=0 base_offset=184549376
zcnblk-send-stream: worker=14 lane=14 port=23614 conn=0 shard=0 base_offset=234881024
zcnblk-send-worker: affinity_index=15 target_cpu=167 status=ok
zcnblk-send-worker: affinity_index=17 target_cpu=168 status=ok
zcnblk-send-worker: affinity_index=16 target_cpu=72 status=ok
zcnblk-send-stream: worker=15 lane=15 port=23615 conn=0 shard=0 base_offset=251658240
zcnblk-send-worker: affinity_index=18 target_cpu=73 status=ok
zcnblk-send-stream: worker=16 lane=16 port=23616 conn=0 shard=0 base_offset=268435456
zcnblk-send-worker: affinity_index=19 target_cpu=169 status=ok
zcnblk-send-stream: worker=18 lane=18 port=23618 conn=0 shard=0 base_offset=301989888
zcnblk-send-stream: worker=17 lane=17 port=23617 conn=0 shard=0 base_offset=285212672
zcnblk-send-worker: affinity_index=20 target_cpu=74 status=ok
zcnblk-send-stream: worker=19 lane=19 port=23619 conn=0 shard=0 base_offset=318767104
zcnblk-send-stream: worker=20 lane=20 port=23620 conn=0 shard=0 base_offset=335544320
zcnblk-send-worker: affinity_index=22 target_cpu=75 status=ok
zcnblk-send-worker: affinity_index=21 target_cpu=170 status=ok
zcnblk-send-worker: affinity_index=23 target_cpu=171 status=ok
zcnblk-send-worker: affinity_index=24 target_cpu=76 status=ok
zcnblk-send-stream: worker=22 lane=22 port=23622 conn=0 shard=0 base_offset=369098752
zcnblk-send-worker: affinity_index=26 target_cpu=77 status=ok
zcnblk-send-stream: worker=21 lane=21 port=23621 conn=0 shard=0 base_offset=352321536
zcnblk-send-worker: affinity_index=25 target_cpu=172 status=ok
zcnblk-send-stream: worker=23 lane=23 port=23623 conn=0 shard=0 base_offset=385875968
zcnblk-send-stream: worker=24 lane=24 port=23624 conn=0 shard=0 base_offset=402653184
zcnblk-send-stream: worker=26 lane=26 port=23626 conn=0 shard=0 base_offset=436207616
zcnblk-send-worker: affinity_index=28 target_cpu=78 status=ok
zcnblk-send-stream: worker=25 lane=25 port=23625 conn=0 shard=0 base_offset=419430400
zcnblk-send-worker: affinity_index=30 target_cpu=79 status=ok
zcnblk-send-worker: affinity_index=27 target_cpu=173 status=ok
zcnblk-send-worker: affinity_index=29 target_cpu=174 status=ok
zcnblk-send-stream: worker=28 lane=28 port=23628 conn=0 shard=0 base_offset=469762048
zcnblk-send-stream: worker=30 lane=30 port=23630 conn=0 shard=0 base_offset=503316480
zcnblk-send-stream: worker=27 lane=27 port=23627 conn=0 shard=0 base_offset=452984832
zcnblk-send-stream: worker=29 lane=29 port=23629 conn=0 shard=0 base_offset=486539264
zcnblk-send-worker: affinity_index=31 target_cpu=175 status=ok
zcnblk-send-worker: affinity_index=32 target_cpu=80 status=ok
zcnblk-send-stream: worker=31 lane=31 port=23631 conn=0 shard=0 base_offset=520093696
zcnblk-send-stream: worker=32 lane=32 port=23632 conn=0 shard=0 base_offset=536870912
zcnblk-send-worker: affinity_index=34 target_cpu=81 status=ok
zcnblk-send-worker: affinity_index=35 target_cpu=177 status=ok
zcnblk-send-worker: affinity_index=36 target_cpu=82 status=ok
zcnblk-send-worker: affinity_index=33 target_cpu=176 status=ok
zcnblk-send-stream: worker=35 lane=35 port=23635 conn=0 shard=0 base_offset=587202560
zcnblk-send-stream: worker=34 lane=34 port=23634 conn=0 shard=0 base_offset=570425344
zcnblk-send-stream: worker=36 lane=36 port=23636 conn=0 shard=0 base_offset=603979776
zcnblk-send-worker: affinity_index=37 target_cpu=178 status=ok
zcnblk-send-stream: worker=33 lane=33 port=23633 conn=0 shard=0 base_offset=553648128
zcnblk-send-worker: affinity_index=38 target_cpu=83 status=ok
zcnblk-send-worker: affinity_index=40 target_cpu=84 status=ok
zcnblk-send-stream: worker=37 lane=37 port=23637 conn=0 shard=0 base_offset=620756992
zcnblk-send-worker: affinity_index=39 target_cpu=179 status=ok
zcnblk-send-stream: worker=38 lane=38 port=23638 conn=0 shard=0 base_offset=637534208
zcnblk-send-stream: worker=40 lane=40 port=23640 conn=0 shard=0 base_offset=671088640
zcnblk-send-worker: affinity_index=41 target_cpu=180 status=ok
zcnblk-send-stream: worker=39 lane=39 port=23639 conn=0 shard=0 base_offset=654311424
zcnblk-send-worker: affinity_index=42 target_cpu=85 status=ok
zcnblk-send-stream: worker=42 lane=42 port=23642 conn=0 shard=0 base_offset=704643072
zcnblk-send-worker: affinity_index=44 target_cpu=86 status=ok
zcnblk-send-worker: affinity_index=46 target_cpu=87 status=ok
zcnblk-send-stream: worker=41 lane=41 port=23641 conn=0 shard=0 base_offset=687865856
zcnblk-send-worker: affinity_index=45 target_cpu=182 status=ok
zcnblk-send-stream: worker=44 lane=44 port=23644 conn=0 shard=0 base_offset=738197504
zcnblk-send-worker: affinity_index=43 target_cpu=181 status=ok
zcnblk-send-stream: worker=46 lane=46 port=23646 conn=0 shard=0 base_offset=771751936
zcnblk-send-stream: worker=45 lane=45 port=23645 conn=0 shard=0 base_offset=754974720
zcnblk-send-stream: worker=43 lane=43 port=23643 conn=0 shard=0 base_offset=721420288
zcnblk-send-worker: affinity_index=47 target_cpu=183 status=ok
zcnblk-send-worker: affinity_index=48 target_cpu=88 status=ok
zcnblk-send-worker: affinity_index=50 target_cpu=89 status=ok
zcnblk-send-worker: affinity_index=49 target_cpu=184 status=ok
zcnblk-send-stream: worker=47 lane=47 port=23647 conn=0 shard=0 base_offset=788529152
zcnblk-send-stream: worker=50 lane=50 port=23650 conn=0 shard=0 base_offset=838860800
zcnblk-send-stream: worker=48 lane=48 port=23648 conn=0 shard=0 base_offset=805306368
zcnblk-send-worker: affinity_index=52 target_cpu=90 status=ok
zcnblk-send-worker: affinity_index=51 target_cpu=185 status=ok
zcnblk-send-stream: worker=49 lane=49 port=23649 conn=0 shard=0 base_offset=822083584
zcnblk-send-stream: worker=52 lane=52 port=23652 conn=0 shard=0 base_offset=872415232
zcnblk-send-worker: affinity_index=53 target_cpu=186 status=ok
zcnblk-send-stream: worker=51 lane=51 port=23651 conn=0 shard=0 base_offset=855638016
zcnblk-send-worker: affinity_index=54 target_cpu=91 status=ok
zcnblk-send-worker: affinity_index=55 target_cpu=187 status=ok
zcnblk-send-worker: affinity_index=56 target_cpu=92 status=ok
zcnblk-send-stream: worker=53 lane=53 port=23653 conn=0 shard=0 base_offset=889192448
zcnblk-send-stream: worker=54 lane=54 port=23654 conn=0 shard=0 base_offset=905969664
zcnblk-send-stream: worker=56 lane=56 port=23656 conn=0 shard=0 base_offset=939524096
zcnblk-send-stream: worker=55 lane=55 port=23655 conn=0 shard=0 base_offset=922746880
zcnblk-send-worker: affinity_index=57 target_cpu=188 status=ok
zcnblk-send-worker: affinity_index=58 target_cpu=93 status=ok
zcnblk-send-worker: affinity_index=59 target_cpu=189 status=ok
zcnblk-send-stream: worker=57 lane=57 port=23657 conn=0 shard=0 base_offset=956301312
zcnblk-send-stream: worker=58 lane=58 port=23658 conn=0 shard=0 base_offset=973078528
zcnblk-send-worker: affinity_index=60 target_cpu=94 status=ok
zcnblk-send-worker: affinity_index=61 target_cpu=190 status=ok
zcnblk-send-worker: affinity_index=62 target_cpu=95 status=ok
zcnblk-send-stream: worker=60 lane=60 port=23660 conn=0 shard=0 base_offset=1006632960
zcnblk-send-stream: worker=59 lane=59 port=23659 conn=0 shard=0 base_offset=989855744
zcnblk-send-worker: affinity_index=63 target_cpu=191 status=ok
zcnblk-send-stream: worker=62 lane=62 port=23662 conn=0 shard=0 base_offset=1040187392
zcnblk-send-stream: worker=61 lane=61 port=23661 conn=0 shard=0 base_offset=1023410176
zcnblk-send-stream: worker=63 lane=63 port=23663 conn=0 shard=0 base_offset=1056964608
zcnblk-send-worker: worker=0 streams=1 write_bytes=16777216 read_bytes=0 verified_read_bytes=0 read_checksum=0x0000000000000000 expected_checksum=0x0000000000000000 wire_bytes=17334272 frames=4096 read_frames=0 write_frames=4096 frames_per_sec=38753 seconds=0.105696 logical_MiBps=151.38 target_cpu=64 affinity_applied=true
zcnblk-send-worker-latency: worker=0 write_ack_count=4096 write_ack_avg_ns=409917 write_ack_min_ns=269417 write_ack_p50_ns=396000 write_ack_p95_ns=520000 write_ack_p99_ns=605000 write_ack_p999_ns=3000000 write_ack_max_ns=2646543 read_count=0 read_avg_ns=0 read_min_ns=0 read_p50_ns=0 read_p95_ns=0 read_p99_ns=0 read_p999_ns=0 read_max_ns=0
zcnblk-send-worker: worker=1 streams=1 write_bytes=16777216 read_bytes=0 verified_read_bytes=0 read_checksum=0x0000000000000000 expected_checksum=0x0000000000000000 wire_bytes=17334272 frames=4096 read_frames=0 write_frames=4096 frames_per_sec=36832 seconds=0.111206 logical_MiBps=143.88 target_cpu=160 affinity_applied=true
zcnblk-send-worker-latency: worker=1 write_ack_count=4096 write_ack_avg_ns=431517 write_ack_min_ns=244236 write_ack_p50_ns=404000 write_ack_p95_ns=600000 write_ack_p99_ns=685000 write_ack_p999_ns=3000000 write_ack_max_ns=2656922 read_count=0 read_avg_ns=0 read_min_ns=0 read_p50_ns=0 read_p95_ns=0 read_p99_ns=0 read_p999_ns=0 read_max_ns=0
zcnblk-send-worker: worker=2 streams=1 write_bytes=16777216 read_bytes=0 verified_read_bytes=0 read_checksum=0x0000000000000000 expected_checksum=0x0000000000000000 wire_bytes=17334272 frames=4096 read_frames=0 write_frames=4096 frames_per_sec=39812 seconds=0.102883 logical_MiBps=155.52 target_cpu=65 affinity_applied=true
zcnblk-send-worker-latency: worker=2 write_ack_count=4096 write_ack_avg_ns=399021 write_ack_min_ns=255134 write_ack_p50_ns=384000 write_ack_p95_ns=524000 write_ack_p99_ns=649000 write_ack_p999_ns=3000000 write_ack_max_ns=2736247 read_count=0 read_avg_ns=0 read_min_ns=0 read_p50_ns=0 read_p95_ns=0 read_p99_ns=0 read_p999_ns=0 read_max_ns=0
zcnblk-send-worker: worker=3 streams=1 write_bytes=16777216 read_bytes=0 verified_read_bytes=0 read_checksum=0x0000000000000000 expected_checksum=0x0000000000000000 wire_bytes=17334272 frames=4096 read_frames=0 write_frames=4096 frames_per_sec=38505 seconds=0.106376 logical_MiBps=150.41 target_cpu=161 affinity_applied=true
zcnblk-send-worker-latency: worker=3 write_ack_count=4096 write_ack_avg_ns=412240 write_ack_min_ns=260382 write_ack_p50_ns=385000 write_ack_p95_ns=562000 write_ack_p99_ns=651000 write_ack_p999_ns=3000000 write_ack_max_ns=2673610 read_count=0 read_avg_ns=0 read_min_ns=0 read_p50_ns=0 read_p95_ns=0 read_p99_ns=0 read_p999_ns=0 read_max_ns=0
zcnblk-send-worker: worker=4 streams=1 write_bytes=16777216 read_bytes=0 verified_read_bytes=0 read_checksum=0x0000000000000000 expected_checksum=0x0000000000000000 wire_bytes=17334272 frames=4096 read_frames=0 write_frames=4096 frames_per_sec=43105 seconds=0.095023 logical_MiBps=168.38 target_cpu=66 affinity_applied=true
zcnblk-send-worker-latency: worker=4 write_ack_count=4096 write_ack_avg_ns=367859 write_ack_min_ns=242873 write_ack_p50_ns=345000 write_ack_p95_ns=488000 write_ack_p99_ns=553000 write_ack_p999_ns=3000000 write_ack_max_ns=2730505 read_count=0 read_avg_ns=0 read_min_ns=0 read_p50_ns=0 read_p95_ns=0 read_p99_ns=0 read_p999_ns=0 read_max_ns=0
zcnblk-send-worker: worker=5 streams=1 write_bytes=16777216 read_bytes=0 verified_read_bytes=0 read_checksum=0x0000000000000000 expected_checksum=0x0000000000000000 wire_bytes=17334272 frames=4096 read_frames=0 write_frames=4096 frames_per_sec=40266 seconds=0.101723 logical_MiBps=157.29 target_cpu=162 affinity_applied=true
zcnblk-send-worker-latency: worker=5 write_ack_count=4096 write_ack_avg_ns=394637 write_ack_min_ns=236556 write_ack_p50_ns=368000 write_ack_p95_ns=548000 write_ack_p99_ns=643000 write_ack_p999_ns=3000000 write_ack_max_ns=2802812 read_count=0 read_avg_ns=0 read_min_ns=0 read_p50_ns=0 read_p95_ns=0 read_p99_ns=0 read_p999_ns=0 read_max_ns=0
zcnblk-send-worker: worker=6 streams=1 write_bytes=16777216 read_bytes=0 verified_read_bytes=0 read_checksum=0x0000000000000000 expected_checksum=0x0000000000000000 wire_bytes=17334272 frames=4096 read_frames=0 write_frames=4096 frames_per_sec=44145 seconds=0.092786 logical_MiBps=172.44 target_cpu=67 affinity_applied=true
zcnblk-send-worker-latency: worker=6 write_ack_count=4096 write_ack_avg_ns=359682 write_ack_min_ns=240286 write_ack_p50_ns=337000 write_ack_p95_ns=465000 write_ack_p99_ns=520000 write_ack_p999_ns=3000000 write_ack_max_ns=2820513 read_count=0 read_avg_ns=0 read_min_ns=0 read_p50_ns=0 read_p95_ns=0 read_p99_ns=0 read_p999_ns=0 read_max_ns=0
zcnblk-send-worker: worker=7 streams=1 write_bytes=16777216 read_bytes=0 verified_read_bytes=0 read_checksum=0x0000000000000000 expected_checksum=0x0000000000000000 wire_bytes=17334272 frames=4096 read_frames=0 write_frames=4096 frames_per_sec=34963 seconds=0.117153 logical_MiBps=136.57 target_cpu=163 affinity_applied=true
zcnblk-send-worker-latency: worker=7 write_ack_count=4096 write_ack_avg_ns=454511 write_ack_min_ns=279526 write_ack_p50_ns=422000 write_ack_p95_ns=640000 write_ack_p99_ns=715000 write_ack_p999_ns=3000000 write_ack_max_ns=2990273 read_count=0 read_avg_ns=0 read_min_ns=0 read_p50_ns=0 read_p95_ns=0 read_p99_ns=0 read_p999_ns=0 read_max_ns=0
zcnblk-send-worker: worker=8 streams=1 write_bytes=16777216 read_bytes=0 verified_read_bytes=0 read_checksum=0x0000000000000000 expected_checksum=0x0000000000000000 wire_bytes=17334272 frames=4096 read_frames=0 write_frames=4096 frames_per_sec=40304 seconds=0.101627 logical_MiBps=157.44 target_cpu=68 affinity_applied=true
zcnblk-send-worker-latency: worker=8 write_ack_count=4096 write_ack_avg_ns=394012 write_ack_min_ns=248680 write_ack_p50_ns=371000 write_ack_p95_ns=519000 write_ack_p99_ns=654000 write_ack_p999_ns=4000000 write_ack_max_ns=3026344 read_count=0 read_avg_ns=0 read_min_ns=0 read_p50_ns=0 read_p95_ns=0 read_p99_ns=0 read_p999_ns=0 read_max_ns=0
zcnblk-send-worker: worker=9 streams=1 write_bytes=16777216 read_bytes=0 verified_read_bytes=0 read_checksum=0x0000000000000000 expected_checksum=0x0000000000000000 wire_bytes=17334272 frames=4096 read_frames=0 write_frames=4096 frames_per_sec=40673 seconds=0.100706 logical_MiBps=158.88 target_cpu=164 affinity_applied=true
zcnblk-send-worker-latency: worker=9 write_ack_count=4096 write_ack_avg_ns=390491 write_ack_min_ns=244293 write_ack_p50_ns=368000 write_ack_p95_ns=528000 write_ack_p99_ns=577000 write_ack_p999_ns=3000000 write_ack_max_ns=2927839 read_count=0 read_avg_ns=0 read_min_ns=0 read_p50_ns=0 read_p95_ns=0 read_p99_ns=0 read_p999_ns=0 read_max_ns=0
zcnblk-send-worker: worker=10 streams=1 write_bytes=16777216 read_bytes=0 verified_read_bytes=0 read_checksum=0x0000000000000000 expected_checksum=0x0000000000000000 wire_bytes=17334272 frames=4096 read_frames=0 write_frames=4096 frames_per_sec=37544 seconds=0.109098 logical_MiBps=146.66 target_cpu=69 affinity_applied=true
zcnblk-send-worker-latency: worker=10 write_ack_count=4096 write_ack_avg_ns=423394 write_ack_min_ns=213335 write_ack_p50_ns=373000 write_ack_p95_ns=681000 write_ack_p99_ns=739000 write_ack_p999_ns=3000000 write_ack_max_ns=2949860 read_count=0 read_avg_ns=0 read_min_ns=0 read_p50_ns=0 read_p95_ns=0 read_p99_ns=0 read_p999_ns=0 read_max_ns=0
zcnblk-send-worker: worker=11 streams=1 write_bytes=16777216 read_bytes=0 verified_read_bytes=0 read_checksum=0x0000000000000000 expected_checksum=0x0000000000000000 wire_bytes=17334272 frames=4096 read_frames=0 write_frames=4096 frames_per_sec=40023 seconds=0.102341 logical_MiBps=156.34 target_cpu=165 affinity_applied=true
zcnblk-send-worker-latency: worker=11 write_ack_count=4096 write_ack_avg_ns=396620 write_ack_min_ns=239269 write_ack_p50_ns=378000 write_ack_p95_ns=528000 write_ack_p99_ns=571000 write_ack_p999_ns=4000000 write_ack_max_ns=3151171 read_count=0 read_avg_ns=0 read_min_ns=0 read_p50_ns=0 read_p95_ns=0 read_p99_ns=0 read_p999_ns=0 read_max_ns=0
zcnblk-send-worker: worker=12 streams=1 write_bytes=16777216 read_bytes=0 verified_read_bytes=0 read_checksum=0x0000000000000000 expected_checksum=0x0000000000000000 wire_bytes=17334272 frames=4096 read_frames=0 write_frames=4096 frames_per_sec=39175 seconds=0.104558 logical_MiBps=153.03 target_cpu=70 affinity_applied=true
zcnblk-send-worker-latency: worker=12 write_ack_count=4096 write_ack_avg_ns=405679 write_ack_min_ns=280036 write_ack_p50_ns=390000 write_ack_p95_ns=550000 write_ack_p99_ns=604000 write_ack_p999_ns=4000000 write_ack_max_ns=3121973 read_count=0 read_avg_ns=0 read_min_ns=0 read_p50_ns=0 read_p95_ns=0 read_p99_ns=0 read_p999_ns=0 read_max_ns=0
zcnblk-send-worker: worker=13 streams=1 write_bytes=16777216 read_bytes=0 verified_read_bytes=0 read_checksum=0x0000000000000000 expected_checksum=0x0000000000000000 wire_bytes=17334272 frames=4096 read_frames=0 write_frames=4096 frames_per_sec=38962 seconds=0.105128 logical_MiBps=152.20 target_cpu=166 affinity_applied=true
zcnblk-send-worker-latency: worker=13 write_ack_count=4096 write_ack_avg_ns=407860 write_ack_min_ns=256592 write_ack_p50_ns=395000 write_ack_p95_ns=515000 write_ack_p99_ns=600000 write_ack_p999_ns=4000000 write_ack_max_ns=3136422 read_count=0 read_avg_ns=0 read_min_ns=0 read_p50_ns=0 read_p95_ns=0 read_p99_ns=0 read_p999_ns=0 read_max_ns=0
zcnblk-send-worker: worker=14 streams=1 write_bytes=16777216 read_bytes=0 verified_read_bytes=0 read_checksum=0x0000000000000000 expected_checksum=0x0000000000000000 wire_bytes=17334272 frames=4096 read_frames=0 write_frames=4096 frames_per_sec=40592 seconds=0.100906 logical_MiBps=158.56 target_cpu=71 affinity_applied=true
zcnblk-send-worker-latency: worker=14 write_ack_count=4096 write_ack_avg_ns=391399 write_ack_min_ns=263845 write_ack_p50_ns=366000 write_ack_p95_ns=534000 write_ack_p99_ns=597000 write_ack_p999_ns=4000000 write_ack_max_ns=3120323 read_count=0 read_avg_ns=0 read_min_ns=0 read_p50_ns=0 read_p95_ns=0 read_p99_ns=0 read_p999_ns=0 read_max_ns=0
zcnblk-send-worker: worker=15 streams=1 write_bytes=16777216 read_bytes=0 verified_read_bytes=0 read_checksum=0x0000000000000000 expected_checksum=0x0000000000000000 wire_bytes=17334272 frames=4096 read_frames=0 write_frames=4096 frames_per_sec=40512 seconds=0.101105 logical_MiBps=158.25 target_cpu=167 affinity_applied=true
zcnblk-send-worker-latency: worker=15 write_ack_count=4096 write_ack_avg_ns=392088 write_ack_min_ns=260914 write_ack_p50_ns=366000 write_ack_p95_ns=523000 write_ack_p99_ns=571000 write_ack_p999_ns=4000000 write_ack_max_ns=3297249 read_count=0 read_avg_ns=0 read_min_ns=0 read_p50_ns=0 read_p95_ns=0 read_p99_ns=0 read_p999_ns=0 read_max_ns=0
zcnblk-send-worker: worker=16 streams=1 write_bytes=16777216 read_bytes=0 verified_read_bytes=0 read_checksum=0x0000000000000000 expected_checksum=0x0000000000000000 wire_bytes=17334272 frames=4096 read_frames=0 write_frames=4096 frames_per_sec=39550 seconds=0.103566 logical_MiBps=154.49 target_cpu=72 affinity_applied=true
zcnblk-send-worker-latency: worker=16 write_ack_count=4096 write_ack_avg_ns=401522 write_ack_min_ns=254054 write_ack_p50_ns=381000 write_ack_p95_ns=524000 write_ack_p99_ns=590000 write_ack_p999_ns=4000000 write_ack_max_ns=3379317 read_count=0 read_avg_ns=0 read_min_ns=0 read_p50_ns=0 read_p95_ns=0 read_p99_ns=0 read_p999_ns=0 read_max_ns=0
zcnblk-send-worker: worker=17 streams=1 write_bytes=16777216 read_bytes=0 verified_read_bytes=0 read_checksum=0x0000000000000000 expected_checksum=0x0000000000000000 wire_bytes=17334272 frames=4096 read_frames=0 write_frames=4096 frames_per_sec=30789 seconds=0.133032 logical_MiBps=120.27 target_cpu=168 affinity_applied=true
zcnblk-send-worker-latency: worker=17 write_ack_count=4096 write_ack_avg_ns=516918 write_ack_min_ns=247109 write_ack_p50_ns=522000 write_ack_p95_ns=631000 write_ack_p99_ns=786000 write_ack_p999_ns=4000000 write_ack_max_ns=3423337 read_count=0 read_avg_ns=0 read_min_ns=0 read_p50_ns=0 read_p95_ns=0 read_p99_ns=0 read_p999_ns=0 read_max_ns=0
zcnblk-send-worker: worker=18 streams=1 write_bytes=16777216 read_bytes=0 verified_read_bytes=0 read_checksum=0x0000000000000000 expected_checksum=0x0000000000000000 wire_bytes=17334272 frames=4096 read_frames=0 write_frames=4096 frames_per_sec=36324 seconds=0.112763 logical_MiBps=141.89 target_cpu=73 affinity_applied=true
zcnblk-send-worker-latency: worker=18 write_ack_count=4096 write_ack_avg_ns=437695 write_ack_min_ns=259329 write_ack_p50_ns=407000 write_ack_p95_ns=587000 write_ack_p99_ns=693000 write_ack_p999_ns=4000000 write_ack_max_ns=3562184 read_count=0 read_avg_ns=0 read_min_ns=0 read_p50_ns=0 read_p95_ns=0 read_p99_ns=0 read_p999_ns=0 read_max_ns=0
zcnblk-send-worker: worker=19 streams=1 write_bytes=16777216 read_bytes=0 verified_read_bytes=0 read_checksum=0x0000000000000000 expected_checksum=0x0000000000000000 wire_bytes=17334272 frames=4096 read_frames=0 write_frames=4096 frames_per_sec=34108 seconds=0.120088 logical_MiBps=133.24 target_cpu=169 affinity_applied=true
zcnblk-send-worker-latency: worker=19 write_ack_count=4096 write_ack_avg_ns=466288 write_ack_min_ns=270371 write_ack_p50_ns=444000 write_ack_p95_ns=652000 write_ack_p99_ns=729000 write_ack_p999_ns=4000000 write_ack_max_ns=3520450 read_count=0 read_avg_ns=0 read_min_ns=0 read_p50_ns=0 read_p95_ns=0 read_p99_ns=0 read_p999_ns=0 read_max_ns=0
zcnblk-send-worker: worker=20 streams=1 write_bytes=16777216 read_bytes=0 verified_read_bytes=0 read_checksum=0x0000000000000000 expected_checksum=0x0000000000000000 wire_bytes=17334272 frames=4096 read_frames=0 write_frames=4096 frames_per_sec=39061 seconds=0.104862 logical_MiBps=152.58 target_cpu=74 affinity_applied=true
zcnblk-send-worker-latency: worker=20 write_ack_count=4096 write_ack_avg_ns=406690 write_ack_min_ns=253238 write_ack_p50_ns=382000 write_ack_p95_ns=572000 write_ack_p99_ns=687000 write_ack_p999_ns=4000000 write_ack_max_ns=3603167 read_count=0 read_avg_ns=0 read_min_ns=0 read_p50_ns=0 read_p95_ns=0 read_p99_ns=0 read_p999_ns=0 read_max_ns=0
zcnblk-send-worker: worker=21 streams=1 write_bytes=16777216 read_bytes=0 verified_read_bytes=0 read_checksum=0x0000000000000000 expected_checksum=0x0000000000000000 wire_bytes=17334272 frames=4096 read_frames=0 write_frames=4096 frames_per_sec=40927 seconds=0.100082 logical_MiBps=159.87 target_cpu=170 affinity_applied=true
zcnblk-send-worker-latency: worker=21 write_ack_count=4096 write_ack_avg_ns=388130 write_ack_min_ns=241806 write_ack_p50_ns=357000 write_ack_p95_ns=534000 write_ack_p99_ns=642000 write_ack_p999_ns=4000000 write_ack_max_ns=3671009 read_count=0 read_avg_ns=0 read_min_ns=0 read_p50_ns=0 read_p95_ns=0 read_p99_ns=0 read_p999_ns=0 read_max_ns=0
zcnblk-send-worker: worker=22 streams=1 write_bytes=16777216 read_bytes=0 verified_read_bytes=0 read_checksum=0x0000000000000000 expected_checksum=0x0000000000000000 wire_bytes=17334272 frames=4096 read_frames=0 write_frames=4096 frames_per_sec=38494 seconds=0.106408 logical_MiBps=150.37 target_cpu=75 affinity_applied=true
zcnblk-send-worker-latency: worker=22 write_ack_count=4096 write_ack_avg_ns=412916 write_ack_min_ns=246497 write_ack_p50_ns=383000 write_ack_p95_ns=545000 write_ack_p99_ns=600000 write_ack_p999_ns=4000000 write_ack_max_ns=3722272 read_count=0 read_avg_ns=0 read_min_ns=0 read_p50_ns=0 read_p95_ns=0 read_p99_ns=0 read_p999_ns=0 read_max_ns=0
zcnblk-send-worker: worker=23 streams=1 write_bytes=16777216 read_bytes=0 verified_read_bytes=0 read_checksum=0x0000000000000000 expected_checksum=0x0000000000000000 wire_bytes=17334272 frames=4096 read_frames=0 write_frames=4096 frames_per_sec=49769 seconds=0.082300 logical_MiBps=194.41 target_cpu=171 affinity_applied=true
zcnblk-send-worker-latency: worker=23 write_ack_count=4096 write_ack_avg_ns=318135 write_ack_min_ns=206506 write_ack_p50_ns=294000 write_ack_p95_ns=411000 write_ack_p99_ns=432000 write_ack_p999_ns=4000000 write_ack_max_ns=3840288 read_count=0 read_avg_ns=0 read_min_ns=0 read_p50_ns=0 read_p95_ns=0 read_p99_ns=0 read_p999_ns=0 read_max_ns=0
zcnblk-send-worker: worker=24 streams=1 write_bytes=16777216 read_bytes=0 verified_read_bytes=0 read_checksum=0x0000000000000000 expected_checksum=0x0000000000000000 wire_bytes=17334272 frames=4096 read_frames=0 write_frames=4096 frames_per_sec=38575 seconds=0.106183 logical_MiBps=150.68 target_cpu=76 affinity_applied=true
zcnblk-send-worker-latency: worker=24 write_ack_count=4096 write_ack_avg_ns=411721 write_ack_min_ns=263661 write_ack_p50_ns=394000 write_ack_p95_ns=517000 write_ack_p99_ns=580000 write_ack_p999_ns=4000000 write_ack_max_ns=3831537 read_count=0 read_avg_ns=0 read_min_ns=0 read_p50_ns=0 read_p95_ns=0 read_p99_ns=0 read_p999_ns=0 read_max_ns=0
zcnblk-send-worker: worker=25 streams=1 write_bytes=16777216 read_bytes=0 verified_read_bytes=0 read_checksum=0x0000000000000000 expected_checksum=0x0000000000000000 wire_bytes=17334272 frames=4096 read_frames=0 write_frames=4096 frames_per_sec=41909 seconds=0.097736 logical_MiBps=163.71 target_cpu=172 affinity_applied=true
zcnblk-send-worker-latency: worker=25 write_ack_count=4096 write_ack_avg_ns=378974 write_ack_min_ns=252100 write_ack_p50_ns=354000 write_ack_p95_ns=477000 write_ack_p99_ns=558000 write_ack_p999_ns=5000000 write_ack_max_ns=4171091 read_count=0 read_avg_ns=0 read_min_ns=0 read_p50_ns=0 read_p95_ns=0 read_p99_ns=0 read_p999_ns=0 read_max_ns=0
zcnblk-send-worker: worker=26 streams=1 write_bytes=16777216 read_bytes=0 verified_read_bytes=0 read_checksum=0x0000000000000000 expected_checksum=0x0000000000000000 wire_bytes=17334272 frames=4096 read_frames=0 write_frames=4096 frames_per_sec=47802 seconds=0.085687 logical_MiBps=186.73 target_cpu=77 affinity_applied=true
zcnblk-send-worker-latency: worker=26 write_ack_count=4096 write_ack_avg_ns=331993 write_ack_min_ns=228725 write_ack_p50_ns=314000 write_ack_p95_ns=398000 write_ack_p99_ns=473000 write_ack_p999_ns=5000000 write_ack_max_ns=4007137 read_count=0 read_avg_ns=0 read_min_ns=0 read_p50_ns=0 read_p95_ns=0 read_p99_ns=0 read_p999_ns=0 read_max_ns=0
zcnblk-send-worker: worker=27 streams=1 write_bytes=16777216 read_bytes=0 verified_read_bytes=0 read_checksum=0x0000000000000000 expected_checksum=0x0000000000000000 wire_bytes=17334272 frames=4096 read_frames=0 write_frames=4096 frames_per_sec=35668 seconds=0.114836 logical_MiBps=139.33 target_cpu=173 affinity_applied=true
zcnblk-send-worker-latency: worker=27 write_ack_count=4096 write_ack_avg_ns=445589 write_ack_min_ns=262729 write_ack_p50_ns=414000 write_ack_p95_ns=600000 write_ack_p99_ns=675000 write_ack_p999_ns=5000000 write_ack_max_ns=4085791 read_count=0 read_avg_ns=0 read_min_ns=0 read_p50_ns=0 read_p95_ns=0 read_p99_ns=0 read_p999_ns=0 read_max_ns=0
zcnblk-send-worker: worker=28 streams=1 write_bytes=16777216 read_bytes=0 verified_read_bytes=0 read_checksum=0x0000000000000000 expected_checksum=0x0000000000000000 wire_bytes=17334272 frames=4096 read_frames=0 write_frames=4096 frames_per_sec=38763 seconds=0.105667 logical_MiBps=151.42 target_cpu=78 affinity_applied=true
zcnblk-send-worker-latency: worker=28 write_ack_count=4096 write_ack_avg_ns=409695 write_ack_min_ns=251717 write_ack_p50_ns=387000 write_ack_p95_ns=553000 write_ack_p99_ns=707000 write_ack_p999_ns=5000000 write_ack_max_ns=4147293 read_count=0 read_avg_ns=0 read_min_ns=0 read_p50_ns=0 read_p95_ns=0 read_p99_ns=0 read_p999_ns=0 read_max_ns=0
zcnblk-send-worker: worker=29 streams=1 write_bytes=16777216 read_bytes=0 verified_read_bytes=0 read_checksum=0x0000000000000000 expected_checksum=0x0000000000000000 wire_bytes=17334272 frames=4096 read_frames=0 write_frames=4096 frames_per_sec=40223 seconds=0.101833 logical_MiBps=157.12 target_cpu=174 affinity_applied=true
zcnblk-send-worker-latency: worker=29 write_ack_count=4096 write_ack_avg_ns=395063 write_ack_min_ns=256040 write_ack_p50_ns=371000 write_ack_p95_ns=509000 write_ack_p99_ns=598000 write_ack_p999_ns=5000000 write_ack_max_ns=4308432 read_count=0 read_avg_ns=0 read_min_ns=0 read_p50_ns=0 read_p95_ns=0 read_p99_ns=0 read_p999_ns=0 read_max_ns=0
zcnblk-send-worker: worker=30 streams=1 write_bytes=16777216 read_bytes=0 verified_read_bytes=0 read_checksum=0x0000000000000000 expected_checksum=0x0000000000000000 wire_bytes=17334272 frames=4096 read_frames=0 write_frames=4096 frames_per_sec=38508 seconds=0.106369 logical_MiBps=150.42 target_cpu=79 affinity_applied=true
zcnblk-send-worker-latency: worker=30 write_ack_count=4096 write_ack_avg_ns=412708 write_ack_min_ns=256462 write_ack_p50_ns=388000 write_ack_p95_ns=545000 write_ack_p99_ns=626000 write_ack_p999_ns=5000000 write_ack_max_ns=4415649 read_count=0 read_avg_ns=0 read_min_ns=0 read_p50_ns=0 read_p95_ns=0 read_p99_ns=0 read_p999_ns=0 read_max_ns=0
zcnblk-send-worker: worker=31 streams=1 write_bytes=16777216 read_bytes=0 verified_read_bytes=0 read_checksum=0x0000000000000000 expected_checksum=0x0000000000000000 wire_bytes=17334272 frames=4096 read_frames=0 write_frames=4096 frames_per_sec=34412 seconds=0.119029 logical_MiBps=134.42 target_cpu=175 affinity_applied=true
zcnblk-send-worker-latency: worker=31 write_ack_count=4096 write_ack_avg_ns=462035 write_ack_min_ns=269300 write_ack_p50_ns=439000 write_ack_p95_ns=629000 write_ack_p99_ns=711000 write_ack_p999_ns=5000000 write_ack_max_ns=4621495 read_count=0 read_avg_ns=0 read_min_ns=0 read_p50_ns=0 read_p95_ns=0 read_p99_ns=0 read_p999_ns=0 read_max_ns=0
zcnblk-send-worker: worker=32 streams=1 write_bytes=16777216 read_bytes=0 verified_read_bytes=0 read_checksum=0x0000000000000000 expected_checksum=0x0000000000000000 wire_bytes=17334272 frames=4096 read_frames=0 write_frames=4096 frames_per_sec=40397 seconds=0.101393 logical_MiBps=157.80 target_cpu=80 affinity_applied=true
zcnblk-send-worker-latency: worker=32 write_ack_count=4096 write_ack_avg_ns=393348 write_ack_min_ns=254020 write_ack_p50_ns=363000 write_ack_p95_ns=531000 write_ack_p99_ns=633000 write_ack_p999_ns=5000000 write_ack_max_ns=4567356 read_count=0 read_avg_ns=0 read_min_ns=0 read_p50_ns=0 read_p95_ns=0 read_p99_ns=0 read_p999_ns=0 read_max_ns=0
zcnblk-send-worker: worker=33 streams=1 write_bytes=16777216 read_bytes=0 verified_read_bytes=0 read_checksum=0x0000000000000000 expected_checksum=0x0000000000000000 wire_bytes=17334272 frames=4096 read_frames=0 write_frames=4096 frames_per_sec=46772 seconds=0.087574 logical_MiBps=182.70 target_cpu=176 affinity_applied=true
zcnblk-send-worker-latency: worker=33 write_ack_count=4096 write_ack_avg_ns=339307 write_ack_min_ns=205440 write_ack_p50_ns=314000 write_ack_p95_ns=445000 write_ack_p99_ns=556000 write_ack_p999_ns=5000000 write_ack_max_ns=4785994 read_count=0 read_avg_ns=0 read_min_ns=0 read_p50_ns=0 read_p95_ns=0 read_p99_ns=0 read_p999_ns=0 read_max_ns=0
zcnblk-send-worker: worker=34 streams=1 write_bytes=16777216 read_bytes=0 verified_read_bytes=0 read_checksum=0x0000000000000000 expected_checksum=0x0000000000000000 wire_bytes=17334272 frames=4096 read_frames=0 write_frames=4096 frames_per_sec=39339 seconds=0.104120 logical_MiBps=153.67 target_cpu=81 affinity_applied=true
zcnblk-send-worker-latency: worker=34 write_ack_count=4096 write_ack_avg_ns=403991 write_ack_min_ns=254362 write_ack_p50_ns=369000 write_ack_p95_ns=555000 write_ack_p99_ns=660000 write_ack_p999_ns=5000000 write_ack_max_ns=4955679 read_count=0 read_avg_ns=0 read_min_ns=0 read_p50_ns=0 read_p95_ns=0 read_p99_ns=0 read_p999_ns=0 read_max_ns=0
zcnblk-send-worker: worker=35 streams=1 write_bytes=16777216 read_bytes=0 verified_read_bytes=0 read_checksum=0x0000000000000000 expected_checksum=0x0000000000000000 wire_bytes=17334272 frames=4096 read_frames=0 write_frames=4096 frames_per_sec=36657 seconds=0.111737 logical_MiBps=143.19 target_cpu=177 affinity_applied=true
zcnblk-send-worker-latency: worker=35 write_ack_count=4096 write_ack_avg_ns=433703 write_ack_min_ns=277183 write_ack_p50_ns=398000 write_ack_p95_ns=571000 write_ack_p99_ns=667000 write_ack_p999_ns=5000000 write_ack_max_ns=4981344 read_count=0 read_avg_ns=0 read_min_ns=0 read_p50_ns=0 read_p95_ns=0 read_p99_ns=0 read_p999_ns=0 read_max_ns=0
zcnblk-send-worker: worker=36 streams=1 write_bytes=16777216 read_bytes=0 verified_read_bytes=0 read_checksum=0x0000000000000000 expected_checksum=0x0000000000000000 wire_bytes=17334272 frames=4096 read_frames=0 write_frames=4096 frames_per_sec=39612 seconds=0.103402 logical_MiBps=154.74 target_cpu=82 affinity_applied=true
zcnblk-send-worker-latency: worker=36 write_ack_count=4096 write_ack_avg_ns=401077 write_ack_min_ns=225328 write_ack_p50_ns=366000 write_ack_p95_ns=593000 write_ack_p99_ns=679000 write_ack_p999_ns=6000000 write_ack_max_ns=5131500 read_count=0 read_avg_ns=0 read_min_ns=0 read_p50_ns=0 read_p95_ns=0 read_p99_ns=0 read_p999_ns=0 read_max_ns=0
zcnblk-send-worker: worker=37 streams=1 write_bytes=16777216 read_bytes=0 verified_read_bytes=0 read_checksum=0x0000000000000000 expected_checksum=0x0000000000000000 wire_bytes=17334272 frames=4096 read_frames=0 write_frames=4096 frames_per_sec=33455 seconds=0.122433 logical_MiBps=130.68 target_cpu=178 affinity_applied=true
zcnblk-send-worker-latency: worker=37 write_ack_count=4096 write_ack_avg_ns=475447 write_ack_min_ns=233621 write_ack_p50_ns=489000 write_ack_p95_ns=565000 write_ack_p99_ns=602000 write_ack_p999_ns=6000000 write_ack_max_ns=5224666 read_count=0 read_avg_ns=0 read_min_ns=0 read_p50_ns=0 read_p95_ns=0 read_p99_ns=0 read_p999_ns=0 read_max_ns=0
zcnblk-send-worker: worker=38 streams=1 write_bytes=16777216 read_bytes=0 verified_read_bytes=0 read_checksum=0x0000000000000000 expected_checksum=0x0000000000000000 wire_bytes=17334272 frames=4096 read_frames=0 write_frames=4096 frames_per_sec=39246 seconds=0.104368 logical_MiBps=153.30 target_cpu=83 affinity_applied=true
zcnblk-send-worker-latency: worker=38 write_ack_count=4096 write_ack_avg_ns=404890 write_ack_min_ns=233841 write_ack_p50_ns=361000 write_ack_p95_ns=607000 write_ack_p99_ns=702000 write_ack_p999_ns=6000000 write_ack_max_ns=5325531 read_count=0 read_avg_ns=0 read_min_ns=0 read_p50_ns=0 read_p95_ns=0 read_p99_ns=0 read_p999_ns=0 read_max_ns=0
zcnblk-send-worker: worker=39 streams=1 write_bytes=16777216 read_bytes=0 verified_read_bytes=0 read_checksum=0x0000000000000000 expected_checksum=0x0000000000000000 wire_bytes=17334272 frames=4096 read_frames=0 write_frames=4096 frames_per_sec=34577 seconds=0.118461 logical_MiBps=135.07 target_cpu=179 affinity_applied=true
zcnblk-send-worker-latency: worker=39 write_ack_count=4096 write_ack_avg_ns=459985 write_ack_min_ns=258360 write_ack_p50_ns=432000 write_ack_p95_ns=631000 write_ack_p99_ns=685000 write_ack_p999_ns=6000000 write_ack_max_ns=5530359 read_count=0 read_avg_ns=0 read_min_ns=0 read_p50_ns=0 read_p95_ns=0 read_p99_ns=0 read_p999_ns=0 read_max_ns=0
zcnblk-send-worker: worker=40 streams=1 write_bytes=16777216 read_bytes=0 verified_read_bytes=0 read_checksum=0x0000000000000000 expected_checksum=0x0000000000000000 wire_bytes=17334272 frames=4096 read_frames=0 write_frames=4096 frames_per_sec=39392 seconds=0.103982 logical_MiBps=153.87 target_cpu=84 affinity_applied=true
zcnblk-send-worker-latency: worker=40 write_ack_count=4096 write_ack_avg_ns=403379 write_ack_min_ns=239664 write_ack_p50_ns=385000 write_ack_p95_ns=520000 write_ack_p99_ns=573000 write_ack_p999_ns=6000000 write_ack_max_ns=5376037 read_count=0 read_avg_ns=0 read_min_ns=0 read_p50_ns=0 read_p95_ns=0 read_p99_ns=0 read_p999_ns=0 read_max_ns=0
zcnblk-send-worker: worker=41 streams=1 write_bytes=16777216 read_bytes=0 verified_read_bytes=0 read_checksum=0x0000000000000000 expected_checksum=0x0000000000000000 wire_bytes=17334272 frames=4096 read_frames=0 write_frames=4096 frames_per_sec=36386 seconds=0.112572 logical_MiBps=142.13 target_cpu=180 affinity_applied=true
zcnblk-send-worker-latency: worker=41 write_ack_count=4096 write_ack_avg_ns=436947 write_ack_min_ns=269867 write_ack_p50_ns=400000 write_ack_p95_ns=610000 write_ack_p99_ns=710000 write_ack_p999_ns=6000000 write_ack_max_ns=5512224 read_count=0 read_avg_ns=0 read_min_ns=0 read_p50_ns=0 read_p95_ns=0 read_p99_ns=0 read_p999_ns=0 read_max_ns=0
zcnblk-send-worker: worker=42 streams=1 write_bytes=16777216 read_bytes=0 verified_read_bytes=0 read_checksum=0x0000000000000000 expected_checksum=0x0000000000000000 wire_bytes=17334272 frames=4096 read_frames=0 write_frames=4096 frames_per_sec=33537 seconds=0.122134 logical_MiBps=131.00 target_cpu=85 affinity_applied=true
zcnblk-send-worker-latency: worker=42 write_ack_count=4096 write_ack_avg_ns=474249 write_ack_min_ns=272513 write_ack_p50_ns=443000 write_ack_p95_ns=650000 write_ack_p99_ns=735000 write_ack_p999_ns=6000000 write_ack_max_ns=5752577 read_count=0 read_avg_ns=0 read_min_ns=0 read_p50_ns=0 read_p95_ns=0 read_p99_ns=0 read_p999_ns=0 read_max_ns=0
zcnblk-send-worker: worker=43 streams=1 write_bytes=16777216 read_bytes=0 verified_read_bytes=0 read_checksum=0x0000000000000000 expected_checksum=0x0000000000000000 wire_bytes=17334272 frames=4096 read_frames=0 write_frames=4096 frames_per_sec=34120 seconds=0.120046 logical_MiBps=133.28 target_cpu=181 affinity_applied=true
zcnblk-send-worker-latency: worker=43 write_ack_count=4096 write_ack_avg_ns=465951 write_ack_min_ns=253000 write_ack_p50_ns=429000 write_ack_p95_ns=633000 write_ack_p99_ns=715000 write_ack_p999_ns=6000000 write_ack_max_ns=5995841 read_count=0 read_avg_ns=0 read_min_ns=0 read_p50_ns=0 read_p95_ns=0 read_p99_ns=0 read_p999_ns=0 read_max_ns=0
zcnblk-send-worker: worker=44 streams=1 write_bytes=16777216 read_bytes=0 verified_read_bytes=0 read_checksum=0x0000000000000000 expected_checksum=0x0000000000000000 wire_bytes=17334272 frames=4096 read_frames=0 write_frames=4096 frames_per_sec=35150 seconds=0.116528 logical_MiBps=137.31 target_cpu=86 affinity_applied=true
zcnblk-send-worker-latency: worker=44 write_ack_count=4096 write_ack_avg_ns=451998 write_ack_min_ns=264744 write_ack_p50_ns=415000 write_ack_p95_ns=596000 write_ack_p99_ns=676000 write_ack_p999_ns=6000000 write_ack_max_ns=5951791 read_count=0 read_avg_ns=0 read_min_ns=0 read_p50_ns=0 read_p95_ns=0 read_p99_ns=0 read_p999_ns=0 read_max_ns=0
zcnblk-send-worker: worker=45 streams=1 write_bytes=16777216 read_bytes=0 verified_read_bytes=0 read_checksum=0x0000000000000000 expected_checksum=0x0000000000000000 wire_bytes=17334272 frames=4096 read_frames=0 write_frames=4096 frames_per_sec=38305 seconds=0.106930 logical_MiBps=149.63 target_cpu=182 affinity_applied=true
zcnblk-send-worker-latency: worker=45 write_ack_count=4096 write_ack_avg_ns=414832 write_ack_min_ns=249651 write_ack_p50_ns=390000 write_ack_p95_ns=523000 write_ack_p99_ns=642000 write_ack_p999_ns=6000000 write_ack_max_ns=5994370 read_count=0 read_avg_ns=0 read_min_ns=0 read_p50_ns=0 read_p95_ns=0 read_p99_ns=0 read_p999_ns=0 read_max_ns=0
zcnblk-send-worker: worker=46 streams=1 write_bytes=16777216 read_bytes=0 verified_read_bytes=0 read_checksum=0x0000000000000000 expected_checksum=0x0000000000000000 wire_bytes=17334272 frames=4096 read_frames=0 write_frames=4096 frames_per_sec=37466 seconds=0.109326 logical_MiBps=146.35 target_cpu=87 affinity_applied=true
zcnblk-send-worker-latency: worker=46 write_ack_count=4096 write_ack_avg_ns=424305 write_ack_min_ns=275057 write_ack_p50_ns=388000 write_ack_p95_ns=537000 write_ack_p99_ns=598000 write_ack_p999_ns=7000000 write_ack_max_ns=6122682 read_count=0 read_avg_ns=0 read_min_ns=0 read_p50_ns=0 read_p95_ns=0 read_p99_ns=0 read_p999_ns=0 read_max_ns=0
zcnblk-send-worker: worker=47 streams=1 write_bytes=16777216 read_bytes=0 verified_read_bytes=0 read_checksum=0x0000000000000000 expected_checksum=0x0000000000000000 wire_bytes=17334272 frames=4096 read_frames=0 write_frames=4096 frames_per_sec=28786 seconds=0.142290 logical_MiBps=112.45 target_cpu=183 affinity_applied=true
zcnblk-send-worker-latency: worker=47 write_ack_count=4096 write_ack_avg_ns=552860 write_ack_min_ns=272559 write_ack_p50_ns=529000 write_ack_p95_ns=681000 write_ack_p99_ns=715000 write_ack_p999_ns=7000000 write_ack_max_ns=6160236 read_count=0 read_avg_ns=0 read_min_ns=0 read_p50_ns=0 read_p95_ns=0 read_p99_ns=0 read_p999_ns=0 read_max_ns=0
zcnblk-send-worker: worker=48 streams=1 write_bytes=16777216 read_bytes=0 verified_read_bytes=0 read_checksum=0x0000000000000000 expected_checksum=0x0000000000000000 wire_bytes=17334272 frames=4096 read_frames=0 write_frames=4096 frames_per_sec=38582 seconds=0.106163 logical_MiBps=150.71 target_cpu=88 affinity_applied=true
zcnblk-send-worker-latency: worker=48 write_ack_count=4096 write_ack_avg_ns=411810 write_ack_min_ns=235716 write_ack_p50_ns=373000 write_ack_p95_ns=533000 write_ack_p99_ns=656000 write_ack_p999_ns=7000000 write_ack_max_ns=6324799 read_count=0 read_avg_ns=0 read_min_ns=0 read_p50_ns=0 read_p95_ns=0 read_p99_ns=0 read_p999_ns=0 read_max_ns=0
zcnblk-send-worker: worker=49 streams=1 write_bytes=16777216 read_bytes=0 verified_read_bytes=0 read_checksum=0x0000000000000000 expected_checksum=0x0000000000000000 wire_bytes=17334272 frames=4096 read_frames=0 write_frames=4096 frames_per_sec=35763 seconds=0.114533 logical_MiBps=139.70 target_cpu=184 affinity_applied=true
zcnblk-send-worker-latency: worker=49 write_ack_count=4096 write_ack_avg_ns=444542 write_ack_min_ns=264747 write_ack_p50_ns=410000 write_ack_p95_ns=586000 write_ack_p99_ns=705000 write_ack_p999_ns=7000000 write_ack_max_ns=6335677 read_count=0 read_avg_ns=0 read_min_ns=0 read_p50_ns=0 read_p95_ns=0 read_p99_ns=0 read_p999_ns=0 read_max_ns=0
zcnblk-send-worker: worker=50 streams=1 write_bytes=16777216 read_bytes=0 verified_read_bytes=0 read_checksum=0x0000000000000000 expected_checksum=0x0000000000000000 wire_bytes=17334272 frames=4096 read_frames=0 write_frames=4096 frames_per_sec=37363 seconds=0.109627 logical_MiBps=145.95 target_cpu=89 affinity_applied=true
zcnblk-send-worker-latency: worker=50 write_ack_count=4096 write_ack_avg_ns=425421 write_ack_min_ns=259229 write_ack_p50_ns=392000 write_ack_p95_ns=583000 write_ack_p99_ns=652000 write_ack_p999_ns=7000000 write_ack_max_ns=6624776 read_count=0 read_avg_ns=0 read_min_ns=0 read_p50_ns=0 read_p95_ns=0 read_p99_ns=0 read_p999_ns=0 read_max_ns=0
zcnblk-send-worker: worker=51 streams=1 write_bytes=16777216 read_bytes=0 verified_read_bytes=0 read_checksum=0x0000000000000000 expected_checksum=0x0000000000000000 wire_bytes=17334272 frames=4096 read_frames=0 write_frames=4096 frames_per_sec=36941 seconds=0.110879 logical_MiBps=144.30 target_cpu=185 affinity_applied=true
zcnblk-send-worker-latency: worker=51 write_ack_count=4096 write_ack_avg_ns=430022 write_ack_min_ns=225496 write_ack_p50_ns=402000 write_ack_p95_ns=553000 write_ack_p99_ns=683000 write_ack_p999_ns=7000000 write_ack_max_ns=6853639 read_count=0 read_avg_ns=0 read_min_ns=0 read_p50_ns=0 read_p95_ns=0 read_p99_ns=0 read_p999_ns=0 read_max_ns=0
zcnblk-send-worker: worker=52 streams=1 write_bytes=16777216 read_bytes=0 verified_read_bytes=0 read_checksum=0x0000000000000000 expected_checksum=0x0000000000000000 wire_bytes=17334272 frames=4096 read_frames=0 write_frames=4096 frames_per_sec=45285 seconds=0.090449 logical_MiBps=176.90 target_cpu=90 affinity_applied=true
zcnblk-send-worker-latency: worker=52 write_ack_count=4096 write_ack_avg_ns=350595 write_ack_min_ns=249440 write_ack_p50_ns=324000 write_ack_p95_ns=414000 write_ack_p99_ns=485000 write_ack_p999_ns=7000000 write_ack_max_ns=6871329 read_count=0 read_avg_ns=0 read_min_ns=0 read_p50_ns=0 read_p95_ns=0 read_p99_ns=0 read_p999_ns=0 read_max_ns=0
zcnblk-send-worker: worker=53 streams=1 write_bytes=16777216 read_bytes=0 verified_read_bytes=0 read_checksum=0x0000000000000000 expected_checksum=0x0000000000000000 wire_bytes=17334272 frames=4096 read_frames=0 write_frames=4096 frames_per_sec=35443 seconds=0.115565 logical_MiBps=138.45 target_cpu=186 affinity_applied=true
zcnblk-send-worker-latency: worker=53 write_ack_count=4096 write_ack_avg_ns=448609 write_ack_min_ns=273534 write_ack_p50_ns=407000 write_ack_p95_ns=556000 write_ack_p99_ns=692000 write_ack_p999_ns=8000000 write_ack_max_ns=7486941 read_count=0 read_avg_ns=0 read_min_ns=0 read_p50_ns=0 read_p95_ns=0 read_p99_ns=0 read_p999_ns=0 read_max_ns=0
zcnblk-send-worker: worker=54 streams=1 write_bytes=16777216 read_bytes=0 verified_read_bytes=0 read_checksum=0x0000000000000000 expected_checksum=0x0000000000000000 wire_bytes=17334272 frames=4096 read_frames=0 write_frames=4096 frames_per_sec=36372 seconds=0.112614 logical_MiBps=142.08 target_cpu=91 affinity_applied=true
zcnblk-send-worker-latency: worker=54 write_ack_count=4096 write_ack_avg_ns=437025 write_ack_min_ns=258018 write_ack_p50_ns=402000 write_ack_p95_ns=590000 write_ack_p99_ns=672000 write_ack_p999_ns=7000000 write_ack_max_ns=6919859 read_count=0 read_avg_ns=0 read_min_ns=0 read_p50_ns=0 read_p95_ns=0 read_p99_ns=0 read_p999_ns=0 read_max_ns=0
zcnblk-send-worker: worker=55 streams=1 write_bytes=16777216 read_bytes=0 verified_read_bytes=0 read_checksum=0x0000000000000000 expected_checksum=0x0000000000000000 wire_bytes=17334272 frames=4096 read_frames=0 write_frames=4096 frames_per_sec=36767 seconds=0.111403 logical_MiBps=143.62 target_cpu=187 affinity_applied=true
zcnblk-send-worker-latency: worker=55 write_ack_count=4096 write_ack_avg_ns=432357 write_ack_min_ns=233327 write_ack_p50_ns=388000 write_ack_p95_ns=582000 write_ack_p99_ns=663000 write_ack_p999_ns=8000000 write_ack_max_ns=7536906 read_count=0 read_avg_ns=0 read_min_ns=0 read_p50_ns=0 read_p95_ns=0 read_p99_ns=0 read_p999_ns=0 read_max_ns=0
zcnblk-send-worker: worker=56 streams=1 write_bytes=16777216 read_bytes=0 verified_read_bytes=0 read_checksum=0x0000000000000000 expected_checksum=0x0000000000000000 wire_bytes=17334272 frames=4096 read_frames=0 write_frames=4096 frames_per_sec=37090 seconds=0.110434 logical_MiBps=144.88 target_cpu=92 affinity_applied=true
zcnblk-send-worker-latency: worker=56 write_ack_count=4096 write_ack_avg_ns=428261 write_ack_min_ns=241754 write_ack_p50_ns=387000 write_ack_p95_ns=559000 write_ack_p99_ns=674000 write_ack_p999_ns=8000000 write_ack_max_ns=7585534 read_count=0 read_avg_ns=0 read_min_ns=0 read_p50_ns=0 read_p95_ns=0 read_p99_ns=0 read_p999_ns=0 read_max_ns=0
zcnblk-send-worker: worker=57 streams=1 write_bytes=16777216 read_bytes=0 verified_read_bytes=0 read_checksum=0x0000000000000000 expected_checksum=0x0000000000000000 wire_bytes=17334272 frames=4096 read_frames=0 write_frames=4096 frames_per_sec=34070 seconds=0.120225 logical_MiBps=133.08 target_cpu=188 affinity_applied=true
zcnblk-send-worker-latency: worker=57 write_ack_count=4096 write_ack_avg_ns=466728 write_ack_min_ns=267092 write_ack_p50_ns=438000 write_ack_p95_ns=554000 write_ack_p99_ns=591000 write_ack_p999_ns=8000000 write_ack_max_ns=7410969 read_count=0 read_avg_ns=0 read_min_ns=0 read_p50_ns=0 read_p95_ns=0 read_p99_ns=0 read_p999_ns=0 read_max_ns=0
zcnblk-send-worker: worker=58 streams=1 write_bytes=16777216 read_bytes=0 verified_read_bytes=0 read_checksum=0x0000000000000000 expected_checksum=0x0000000000000000 wire_bytes=17334272 frames=4096 read_frames=0 write_frames=4096 frames_per_sec=28983 seconds=0.141326 logical_MiBps=113.21 target_cpu=93 affinity_applied=true
zcnblk-send-worker-latency: worker=58 write_ack_count=4096 write_ack_avg_ns=549248 write_ack_min_ns=296693 write_ack_p50_ns=528000 write_ack_p95_ns=671000 write_ack_p99_ns=718000 write_ack_p999_ns=8000000 write_ack_max_ns=7613616 read_count=0 read_avg_ns=0 read_min_ns=0 read_p50_ns=0 read_p95_ns=0 read_p99_ns=0 read_p999_ns=0 read_max_ns=0
zcnblk-send-worker: worker=59 streams=1 write_bytes=16777216 read_bytes=0 verified_read_bytes=0 read_checksum=0x0000000000000000 expected_checksum=0x0000000000000000 wire_bytes=17334272 frames=4096 read_frames=0 write_frames=4096 frames_per_sec=28694 seconds=0.142747 logical_MiBps=112.09 target_cpu=189 affinity_applied=true
zcnblk-send-worker-latency: worker=59 write_ack_count=4096 write_ack_avg_ns=554810 write_ack_min_ns=257615 write_ack_p50_ns=524000 write_ack_p95_ns=638000 write_ack_p99_ns=783000 write_ack_p999_ns=8000000 write_ack_max_ns=7899720 read_count=0 read_avg_ns=0 read_min_ns=0 read_p50_ns=0 read_p95_ns=0 read_p99_ns=0 read_p999_ns=0 read_max_ns=0
zcnblk-send-worker: worker=60 streams=1 write_bytes=16777216 read_bytes=0 verified_read_bytes=0 read_checksum=0x0000000000000000 expected_checksum=0x0000000000000000 wire_bytes=17334272 frames=4096 read_frames=0 write_frames=4096 frames_per_sec=42352 seconds=0.096714 logical_MiBps=165.44 target_cpu=94 affinity_applied=true
zcnblk-send-worker-latency: worker=60 write_ack_count=4096 write_ack_avg_ns=374785 write_ack_min_ns=251306 write_ack_p50_ns=340000 write_ack_p95_ns=454000 write_ack_p99_ns=481000 write_ack_p999_ns=8000000 write_ack_max_ns=7850166 read_count=0 read_avg_ns=0 read_min_ns=0 read_p50_ns=0 read_p95_ns=0 read_p99_ns=0 read_p999_ns=0 read_max_ns=0
zcnblk-send-worker: worker=61 streams=1 write_bytes=16777216 read_bytes=0 verified_read_bytes=0 read_checksum=0x0000000000000000 expected_checksum=0x0000000000000000 wire_bytes=17334272 frames=4096 read_frames=0 write_frames=4096 frames_per_sec=39480 seconds=0.103748 logical_MiBps=154.22 target_cpu=190 affinity_applied=true
zcnblk-send-worker-latency: worker=61 write_ack_count=4096 write_ack_avg_ns=402489 write_ack_min_ns=240664 write_ack_p50_ns=353000 write_ack_p95_ns=525000 write_ack_p99_ns=638000 write_ack_p999_ns=9000000 write_ack_max_ns=8182903 read_count=0 read_avg_ns=0 read_min_ns=0 read_p50_ns=0 read_p95_ns=0 read_p99_ns=0 read_p999_ns=0 read_max_ns=0
zcnblk-send-worker: worker=62 streams=1 write_bytes=16777216 read_bytes=0 verified_read_bytes=0 read_checksum=0x0000000000000000 expected_checksum=0x0000000000000000 wire_bytes=17334272 frames=4096 read_frames=0 write_frames=4096 frames_per_sec=36911 seconds=0.110971 logical_MiBps=144.18 target_cpu=95 affinity_applied=true
zcnblk-send-worker-latency: worker=62 write_ack_count=4096 write_ack_avg_ns=430722 write_ack_min_ns=257965 write_ack_p50_ns=394000 write_ack_p95_ns=546000 write_ack_p99_ns=660000 write_ack_p999_ns=9000000 write_ack_max_ns=8165251 read_count=0 read_avg_ns=0 read_min_ns=0 read_p50_ns=0 read_p95_ns=0 read_p99_ns=0 read_p999_ns=0 read_max_ns=0
zcnblk-send-worker: worker=63 streams=1 write_bytes=16777216 read_bytes=0 verified_read_bytes=0 read_checksum=0x0000000000000000 expected_checksum=0x0000000000000000 wire_bytes=17334272 frames=4096 read_frames=0 write_frames=4096 frames_per_sec=36973 seconds=0.110783 logical_MiBps=144.43 target_cpu=191 affinity_applied=true
zcnblk-send-worker-latency: worker=63 write_ack_count=4096 write_ack_avg_ns=429958 write_ack_min_ns=265715 write_ack_p50_ns=388000 write_ack_p95_ns=543000 write_ack_p99_ns=635000 write_ack_p999_ns=9000000 write_ack_max_ns=8174304 read_count=0 read_avg_ns=0 read_min_ns=0 read_p50_ns=0 read_p95_ns=0 read_p99_ns=0 read_p999_ns=0 read_max_ns=0
zcnblk-send-summary: write_bytes=1073741824 read_bytes=0 verified_read_bytes=0 read_checksum=0x0000000000000000 expected_checksum=0x0000000000000000 wire_bytes=1109393408 frames=262144 read_frames=0 write_frames=262144 frames_per_sec=1836423
zcnblk-send-latency-summary: write_ack_count=262144 write_ack_avg_ns=421573 write_ack_min_ns=205440 write_ack_p50_ns=389000 write_ack_p95_ns=576000 write_ack_p99_ns=682000 write_ack_p999_ns=7000000 write_ack_max_ns=8182903 read_count=0 read_avg_ns=0 read_min_ns=0 read_p50_ns=0 read_p95_ns=0 read_p99_ns=0 read_p999_ns=0 read_max_ns=0
zcnblk-send: bytes=1073741824 seconds=0.142747 GiBps=7.005 Gbitps=60.176
