dropping old tables...
NOTICE:  table "pgbench_accounts" does not exist, skipping
NOTICE:  table "pgbench_branches" does not exist, skipping
NOTICE:  table "pgbench_history" does not exist, skipping
NOTICE:  table "pgbench_tellers" does not exist, skipping
creating tables...
generating data (client-side)...
100000 of 1000000 tuples (10%) of pgbench_accounts done (elapsed 0.02 s, remaining 0.16 s)
200000 of 1000000 tuples (20%) of pgbench_accounts done (elapsed 0.37 s, remaining 1.46 s)
300000 of 1000000 tuples (30%) of pgbench_accounts done (elapsed 0.80 s, remaining 1.87 s)
400000 of 1000000 tuples (40%) of pgbench_accounts done (elapsed 0.83 s, remaining 1.25 s)
500000 of 1000000 tuples (50%) of pgbench_accounts done (elapsed 0.85 s, remaining 0.85 s)
600000 of 1000000 tuples (60%) of pgbench_accounts done (elapsed 1.20 s, remaining 0.80 s)
700000 of 1000000 tuples (70%) of pgbench_accounts done (elapsed 1.64 s, remaining 0.70 s)
800000 of 1000000 tuples (80%) of pgbench_accounts done (elapsed 1.98 s, remaining 0.49 s)
900000 of 1000000 tuples (90%) of pgbench_accounts done (elapsed 2.51 s, remaining 0.28 s)
1000000 of 1000000 tuples (100%) of pgbench_accounts done (elapsed 3.05 s, remaining 0.00 s)
vacuuming...
creating primary keys...
done in 3.72 s (drop tables 0.00 s, create tables 0.01 s, client-side generate 3.05 s, vacuum 0.14 s, primary keys 0.51 s).
