zcwal-extent-send: addr=172.31.38.28 base_port=50100 lanes=32 connections_per_lane=1 total_connections=32 bytes_per_connection=402653184 extent_bytes=393216 record_size=4096 records_per_extent=96 workers=32 framing=extent data_path=blocking ack_enabled=yes sync_acks=no tcp_nodelay=yes socket_buffer_bytes=134217728 uring_pipeline=32 uring_entries=64 source_ports=kernel-ephemeral
zcwal-extent-send-worker: affinity_index=0 target_cpu=0 status=ok
zcwal-extent-send-worker: affinity_index=1 target_cpu=1 status=ok
zcwal-extent-send-worker: affinity_index=3 target_cpu=3 status=ok
zcwal-extent-send-worker: affinity_index=2 target_cpu=2 status=ok
zcwal-extent-send-worker: affinity_index=5 target_cpu=5 status=ok
zcwal-extent-send-worker: affinity_index=4 target_cpu=4 status=ok
zcwal-extent-send-worker: affinity_index=7 target_cpu=7 status=ok
zcwal-extent-send-worker: affinity_index=6 target_cpu=6 status=ok
zcwal-extent-send-stream: worker=1 lane=1 port=50101 conn=0
zcwal-extent-send-stream: worker=3 lane=3 port=50103 conn=0
zcwal-extent-send-stream: worker=0 lane=0 port=50100 conn=0
zcwal-extent-send-stream: worker=2 lane=2 port=50102 conn=0
zcwal-extent-send-stream: worker=7 lane=7 port=50107 conn=0
zcwal-extent-send-stream: worker=6 lane=6 port=50106 conn=0
zcwal-extent-send-worker: affinity_index=9 target_cpu=9 status=ok
zcwal-extent-send-stream: worker=5 lane=5 port=50105 conn=0
zcwal-extent-send-worker: affinity_index=8 target_cpu=8 status=ok
zcwal-extent-send-worker: affinity_index=11 target_cpu=11 status=ok
zcwal-extent-send-stream: worker=4 lane=4 port=50104 conn=0
zcwal-extent-send-worker: affinity_index=10 target_cpu=10 status=ok
zcwal-extent-send-worker: affinity_index=12 target_cpu=12 status=ok
zcwal-extent-send-worker: affinity_index=13 target_cpu=13 status=ok
zcwal-extent-send-stream: worker=9 lane=9 port=50109 conn=0
zcwal-extent-send-stream: worker=8 lane=8 port=50108 conn=0
zcwal-extent-send-worker: affinity_index=14 target_cpu=14 status=ok
zcwal-extent-send-worker: affinity_index=15 target_cpu=15 status=ok
zcwal-extent-send-worker: affinity_index=16 target_cpu=16 status=ok
zcwal-extent-send-worker: affinity_index=17 target_cpu=17 status=ok
zcwal-extent-send-stream: worker=13 lane=13 port=50113 conn=0
zcwal-extent-send-stream: worker=11 lane=11 port=50111 conn=0
zcwal-extent-send-stream: worker=12 lane=12 port=50112 conn=0
zcwal-extent-send-worker: affinity_index=18 target_cpu=18 status=ok
zcwal-extent-send-worker: affinity_index=20 target_cpu=20 status=ok
zcwal-extent-send-stream: worker=10 lane=10 port=50110 conn=0
zcwal-extent-send-stream: worker=14 lane=14 port=50114 conn=0
zcwal-extent-send-stream: worker=15 lane=15 port=50115 conn=0
zcwal-extent-send-stream: worker=17 lane=17 port=50117 conn=0
zcwal-extent-send-stream: worker=16 lane=16 port=50116 conn=0
zcwal-extent-send-worker: affinity_index=19 target_cpu=19 status=ok
zcwal-extent-send-stream: worker=20 lane=20 port=50120 conn=0
zcwal-extent-send-worker: affinity_index=22 target_cpu=22 status=ok
zcwal-extent-send-worker: affinity_index=24 target_cpu=24 status=ok
zcwal-extent-send-worker: affinity_index=21 target_cpu=21 status=ok
zcwal-extent-send-stream: worker=18 lane=18 port=50118 conn=0
zcwal-extent-send-stream: worker=19 lane=19 port=50119 conn=0
zcwal-extent-send-stream: worker=22 lane=22 port=50122 conn=0
zcwal-extent-send-worker: affinity_index=25 target_cpu=25 status=ok
zcwal-extent-send-stream: worker=24 lane=24 port=50124 conn=0
zcwal-extent-send-worker: affinity_index=23 target_cpu=23 status=ok
zcwal-extent-send-worker: affinity_index=26 target_cpu=26 status=ok
zcwal-extent-send-stream: worker=21 lane=21 port=50121 conn=0
zcwal-extent-send-worker: affinity_index=27 target_cpu=27 status=ok
zcwal-extent-send-stream: worker=23 lane=23 port=50123 conn=0
zcwal-extent-send-worker: affinity_index=28 target_cpu=28 status=ok
zcwal-extent-send-worker: affinity_index=29 target_cpu=29 status=ok
zcwal-extent-send-stream: worker=25 lane=25 port=50125 conn=0
zcwal-extent-send-worker: affinity_index=30 target_cpu=30 status=ok
zcwal-extent-send-stream: worker=27 lane=27 port=50127 conn=0
zcwal-extent-send-stream: worker=26 lane=26 port=50126 conn=0
zcwal-extent-send-worker: affinity_index=31 target_cpu=31 status=ok
zcwal-extent-send-stream: worker=28 lane=28 port=50128 conn=0
zcwal-extent-send-stream: worker=29 lane=29 port=50129 conn=0
zcwal-extent-send-stream: worker=30 lane=30 port=50130 conn=0
zcwal-extent-send-stream: worker=31 lane=31 port=50131 conn=0
zcwal-extent-send-worker: worker=0 streams=1 payload_bytes=402653184 wire_bytes=402784256 extents=1024 logical_records=98304 acks=1024 seconds=0.354246 payload_Gbitps=9.093 logical_iops=277502 thread_cpu_seconds=0.070250 cpu_wall_pct=19.8 target_cpu=0 affinity_applied=true start_cpu=0 end_cpu=0 voluntary_ctxt_switches=604 involuntary_ctxt_switches=0 migrations=0
zcwal-extent-send-worker: worker=1 streams=1 payload_bytes=402653184 wire_bytes=402784256 extents=1024 logical_records=98304 acks=1024 seconds=0.406762 payload_Gbitps=7.919 logical_iops=241675 thread_cpu_seconds=0.067620 cpu_wall_pct=16.6 target_cpu=1 affinity_applied=true start_cpu=1 end_cpu=1 voluntary_ctxt_switches=764 involuntary_ctxt_switches=0 migrations=0
zcwal-extent-send-worker: worker=2 streams=1 payload_bytes=402653184 wire_bytes=402784256 extents=1024 logical_records=98304 acks=1024 seconds=0.380950 payload_Gbitps=8.456 logical_iops=258050 thread_cpu_seconds=0.065152 cpu_wall_pct=17.1 target_cpu=2 affinity_applied=true start_cpu=2 end_cpu=2 voluntary_ctxt_switches=796 involuntary_ctxt_switches=0 migrations=0
zcwal-extent-send-worker: worker=3 streams=1 payload_bytes=402653184 wire_bytes=402784256 extents=1024 logical_records=98304 acks=1024 seconds=0.352489 payload_Gbitps=9.139 logical_iops=278885 thread_cpu_seconds=0.068810 cpu_wall_pct=19.5 target_cpu=3 affinity_applied=true start_cpu=3 end_cpu=3 voluntary_ctxt_switches=711 involuntary_ctxt_switches=0 migrations=0
zcwal-extent-send-worker: worker=4 streams=1 payload_bytes=402653184 wire_bytes=402784256 extents=1024 logical_records=98304 acks=1024 seconds=0.423394 payload_Gbitps=7.608 logical_iops=232181 thread_cpu_seconds=0.061907 cpu_wall_pct=14.6 target_cpu=4 affinity_applied=true start_cpu=4 end_cpu=4 voluntary_ctxt_switches=838 involuntary_ctxt_switches=0 migrations=0
zcwal-extent-send-worker: worker=5 streams=1 payload_bytes=402653184 wire_bytes=402784256 extents=1024 logical_records=98304 acks=1024 seconds=0.468424 payload_Gbitps=6.877 logical_iops=209861 thread_cpu_seconds=0.079993 cpu_wall_pct=17.1 target_cpu=5 affinity_applied=true start_cpu=5 end_cpu=5 voluntary_ctxt_switches=869 involuntary_ctxt_switches=3 migrations=0
zcwal-extent-send-worker: worker=6 streams=1 payload_bytes=402653184 wire_bytes=402784256 extents=1024 logical_records=98304 acks=1024 seconds=0.389368 payload_Gbitps=8.273 logical_iops=252471 thread_cpu_seconds=0.066430 cpu_wall_pct=17.1 target_cpu=6 affinity_applied=true start_cpu=6 end_cpu=6 voluntary_ctxt_switches=743 involuntary_ctxt_switches=0 migrations=0
zcwal-extent-send-worker: worker=7 streams=1 payload_bytes=402653184 wire_bytes=402784256 extents=1024 logical_records=98304 acks=1024 seconds=0.370054 payload_Gbitps=8.705 logical_iops=265648 thread_cpu_seconds=0.090336 cpu_wall_pct=24.4 target_cpu=7 affinity_applied=true start_cpu=7 end_cpu=7 voluntary_ctxt_switches=608 involuntary_ctxt_switches=7 migrations=0
zcwal-extent-send-worker: worker=8 streams=1 payload_bytes=402653184 wire_bytes=402784256 extents=1024 logical_records=98304 acks=1024 seconds=0.359042 payload_Gbitps=8.972 logical_iops=273795 thread_cpu_seconds=0.064837 cpu_wall_pct=18.1 target_cpu=8 affinity_applied=true start_cpu=8 end_cpu=8 voluntary_ctxt_switches=701 involuntary_ctxt_switches=0 migrations=0
zcwal-extent-send-worker: worker=9 streams=1 payload_bytes=402653184 wire_bytes=402784256 extents=1024 logical_records=98304 acks=1024 seconds=0.365642 payload_Gbitps=8.810 logical_iops=268853 thread_cpu_seconds=0.105021 cpu_wall_pct=28.7 target_cpu=9 affinity_applied=true start_cpu=9 end_cpu=9 voluntary_ctxt_switches=530 involuntary_ctxt_switches=6 migrations=0
zcwal-extent-send-worker: worker=10 streams=1 payload_bytes=402653184 wire_bytes=402784256 extents=1024 logical_records=98304 acks=1024 seconds=0.339787 payload_Gbitps=9.480 logical_iops=289311 thread_cpu_seconds=0.065779 cpu_wall_pct=19.4 target_cpu=10 affinity_applied=true start_cpu=10 end_cpu=10 voluntary_ctxt_switches=838 involuntary_ctxt_switches=0 migrations=0
zcwal-extent-send-worker: worker=11 streams=1 payload_bytes=402653184 wire_bytes=402784256 extents=1024 logical_records=98304 acks=1024 seconds=0.344124 payload_Gbitps=9.361 logical_iops=285665 thread_cpu_seconds=0.086978 cpu_wall_pct=25.3 target_cpu=11 affinity_applied=true start_cpu=11 end_cpu=11 voluntary_ctxt_switches=718 involuntary_ctxt_switches=4 migrations=0
zcwal-extent-send-worker: worker=12 streams=1 payload_bytes=402653184 wire_bytes=402784256 extents=1024 logical_records=98304 acks=1024 seconds=0.381732 payload_Gbitps=8.438 logical_iops=257521 thread_cpu_seconds=0.061525 cpu_wall_pct=16.1 target_cpu=12 affinity_applied=true start_cpu=12 end_cpu=12 voluntary_ctxt_switches=837 involuntary_ctxt_switches=0 migrations=0
zcwal-extent-send-worker: worker=13 streams=1 payload_bytes=402653184 wire_bytes=402784256 extents=1024 logical_records=98304 acks=1024 seconds=0.431735 payload_Gbitps=7.461 logical_iops=227695 thread_cpu_seconds=0.060035 cpu_wall_pct=13.9 target_cpu=13 affinity_applied=true start_cpu=13 end_cpu=13 voluntary_ctxt_switches=794 involuntary_ctxt_switches=0 migrations=0
zcwal-extent-send-worker: worker=14 streams=1 payload_bytes=402653184 wire_bytes=402784256 extents=1024 logical_records=98304 acks=1024 seconds=0.412662 payload_Gbitps=7.806 logical_iops=238219 thread_cpu_seconds=0.063004 cpu_wall_pct=15.3 target_cpu=14 affinity_applied=true start_cpu=14 end_cpu=14 voluntary_ctxt_switches=854 involuntary_ctxt_switches=0 migrations=0
zcwal-extent-send-worker: worker=15 streams=1 payload_bytes=402653184 wire_bytes=402784256 extents=1024 logical_records=98304 acks=1024 seconds=0.390399 payload_Gbitps=8.251 logical_iops=251804 thread_cpu_seconds=0.065838 cpu_wall_pct=16.9 target_cpu=15 affinity_applied=true start_cpu=15 end_cpu=15 voluntary_ctxt_switches=686 involuntary_ctxt_switches=1 migrations=0
zcwal-extent-send-worker: worker=16 streams=1 payload_bytes=402653184 wire_bytes=402784256 extents=1024 logical_records=98304 acks=1024 seconds=0.378110 payload_Gbitps=8.519 logical_iops=259988 thread_cpu_seconds=0.071435 cpu_wall_pct=18.9 target_cpu=16 affinity_applied=true start_cpu=16 end_cpu=16 voluntary_ctxt_switches=814 involuntary_ctxt_switches=0 migrations=0
zcwal-extent-send-worker: worker=17 streams=1 payload_bytes=402653184 wire_bytes=402784256 extents=1024 logical_records=98304 acks=1024 seconds=0.357572 payload_Gbitps=9.009 logical_iops=274921 thread_cpu_seconds=0.064768 cpu_wall_pct=18.1 target_cpu=17 affinity_applied=true start_cpu=17 end_cpu=17 voluntary_ctxt_switches=801 involuntary_ctxt_switches=0 migrations=0
zcwal-extent-send-worker: worker=18 streams=1 payload_bytes=402653184 wire_bytes=402784256 extents=1024 logical_records=98304 acks=1024 seconds=0.363661 payload_Gbitps=8.858 logical_iops=270318 thread_cpu_seconds=0.069594 cpu_wall_pct=19.1 target_cpu=18 affinity_applied=true start_cpu=18 end_cpu=18 voluntary_ctxt_switches=780 involuntary_ctxt_switches=4 migrations=0
zcwal-extent-send-worker: worker=19 streams=1 payload_bytes=402653184 wire_bytes=402784256 extents=1024 logical_records=98304 acks=1024 seconds=0.349559 payload_Gbitps=9.215 logical_iops=281223 thread_cpu_seconds=0.068895 cpu_wall_pct=19.7 target_cpu=19 affinity_applied=true start_cpu=19 end_cpu=19 voluntary_ctxt_switches=637 involuntary_ctxt_switches=0 migrations=0
zcwal-extent-send-worker: worker=20 streams=1 payload_bytes=402653184 wire_bytes=402784256 extents=1024 logical_records=98304 acks=1024 seconds=0.340189 payload_Gbitps=9.469 logical_iops=288969 thread_cpu_seconds=0.068062 cpu_wall_pct=20.0 target_cpu=20 affinity_applied=true start_cpu=20 end_cpu=20 voluntary_ctxt_switches=698 involuntary_ctxt_switches=0 migrations=0
zcwal-extent-send-worker: worker=21 streams=1 payload_bytes=402653184 wire_bytes=402784256 extents=1024 logical_records=98304 acks=1024 seconds=0.467940 payload_Gbitps=6.884 logical_iops=210078 thread_cpu_seconds=0.080945 cpu_wall_pct=17.3 target_cpu=21 affinity_applied=true start_cpu=21 end_cpu=21 voluntary_ctxt_switches=787 involuntary_ctxt_switches=3 migrations=0
zcwal-extent-send-worker: worker=22 streams=1 payload_bytes=402653184 wire_bytes=402784256 extents=1024 logical_records=98304 acks=1024 seconds=0.683323 payload_Gbitps=4.714 logical_iops=143862 thread_cpu_seconds=0.057992 cpu_wall_pct=8.5 target_cpu=22 affinity_applied=true start_cpu=22 end_cpu=22 voluntary_ctxt_switches=936 involuntary_ctxt_switches=0 migrations=0
zcwal-extent-send-worker: worker=23 streams=1 payload_bytes=402653184 wire_bytes=402784256 extents=1024 logical_records=98304 acks=1024 seconds=0.342834 payload_Gbitps=9.396 logical_iops=286739 thread_cpu_seconds=0.068818 cpu_wall_pct=20.1 target_cpu=23 affinity_applied=true start_cpu=23 end_cpu=23 voluntary_ctxt_switches=785 involuntary_ctxt_switches=0 migrations=0
zcwal-extent-send-worker: worker=24 streams=1 payload_bytes=402653184 wire_bytes=402784256 extents=1024 logical_records=98304 acks=1024 seconds=0.364633 payload_Gbitps=8.834 logical_iops=269597 thread_cpu_seconds=0.063335 cpu_wall_pct=17.4 target_cpu=24 affinity_applied=true start_cpu=24 end_cpu=24 voluntary_ctxt_switches=825 involuntary_ctxt_switches=0 migrations=0
zcwal-extent-send-worker: worker=25 streams=1 payload_bytes=402653184 wire_bytes=402784256 extents=1024 logical_records=98304 acks=1024 seconds=0.715349 payload_Gbitps=4.503 logical_iops=137421 thread_cpu_seconds=0.059091 cpu_wall_pct=8.3 target_cpu=25 affinity_applied=true start_cpu=25 end_cpu=25 voluntary_ctxt_switches=912 involuntary_ctxt_switches=0 migrations=0
zcwal-extent-send-worker: worker=26 streams=1 payload_bytes=402653184 wire_bytes=402784256 extents=1024 logical_records=98304 acks=1024 seconds=0.341574 payload_Gbitps=9.431 logical_iops=287797 thread_cpu_seconds=0.070287 cpu_wall_pct=20.6 target_cpu=26 affinity_applied=true start_cpu=26 end_cpu=26 voluntary_ctxt_switches=744 involuntary_ctxt_switches=1 migrations=0
zcwal-extent-send-worker: worker=27 streams=1 payload_bytes=402653184 wire_bytes=402784256 extents=1024 logical_records=98304 acks=1024 seconds=0.368649 payload_Gbitps=8.738 logical_iops=266660 thread_cpu_seconds=0.066123 cpu_wall_pct=17.9 target_cpu=27 affinity_applied=true start_cpu=27 end_cpu=27 voluntary_ctxt_switches=809 involuntary_ctxt_switches=0 migrations=0
zcwal-extent-send-worker: worker=28 streams=1 payload_bytes=402653184 wire_bytes=402784256 extents=1024 logical_records=98304 acks=1024 seconds=0.390559 payload_Gbitps=8.248 logical_iops=251701 thread_cpu_seconds=0.080070 cpu_wall_pct=20.5 target_cpu=28 affinity_applied=true start_cpu=28 end_cpu=28 voluntary_ctxt_switches=742 involuntary_ctxt_switches=0 migrations=0
zcwal-extent-send-worker: worker=29 streams=1 payload_bytes=402653184 wire_bytes=402784256 extents=1024 logical_records=98304 acks=1024 seconds=0.388105 payload_Gbitps=8.300 logical_iops=253292 thread_cpu_seconds=0.064698 cpu_wall_pct=16.7 target_cpu=29 affinity_applied=true start_cpu=29 end_cpu=29 voluntary_ctxt_switches=686 involuntary_ctxt_switches=0 migrations=0
zcwal-extent-send-worker: worker=30 streams=1 payload_bytes=402653184 wire_bytes=402784256 extents=1024 logical_records=98304 acks=1024 seconds=0.372354 payload_Gbitps=8.651 logical_iops=264007 thread_cpu_seconds=0.062212 cpu_wall_pct=16.7 target_cpu=30 affinity_applied=true start_cpu=30 end_cpu=30 voluntary_ctxt_switches=799 involuntary_ctxt_switches=0 migrations=0
zcwal-extent-send-worker: worker=31 streams=1 payload_bytes=402653184 wire_bytes=402784256 extents=1024 logical_records=98304 acks=1024 seconds=0.375401 payload_Gbitps=8.581 logical_iops=261864 thread_cpu_seconds=0.064154 cpu_wall_pct=17.1 target_cpu=31 affinity_applied=true start_cpu=31 end_cpu=31 voluntary_ctxt_switches=761 involuntary_ctxt_switches=0 migrations=0
zcwal-extent-send-summary: payload_bytes=12884901888 wire_bytes=12889096192 extents=32768 logical_records=3145728 acks=32768 seconds=0.715799 payload_Gbitps=144.006 logical_iops=4394706
	Command being timed: "./target/release/zcutils zcwal-extent-send 172.31.38.28 50100 32 1 402653184 393216 32 true extent blocking"
	User time (seconds): 0.01
	System time (seconds): 2.22
	Percent of CPU this job got: 310%
	Elapsed (wall clock) time (h:mm:ss or m:ss): 0:00.72
	Average shared text size (kbytes): 0
	Average unshared data size (kbytes): 0
	Average stack size (kbytes): 0
	Average total size (kbytes): 0
	Maximum resident set size (kbytes): 3116
	Average resident set size (kbytes): 0
	Major (requiring I/O) page faults: 0
	Minor (reclaiming a frame) page faults: 3620
	Voluntary context switches: 24475
	Involuntary context switches: 61
	Swaps: 0
	File system inputs: 0
	File system outputs: 40
	Socket messages sent: 0
	Socket messages received: 0
	Signals delivered: 0
	Page size (bytes): 4096
	Exit status: 0
