{
  "ami_id": "ami-0e03e3a55ecc62f7d",
  "az": "us-east-2c",
  "cost_ceiling": {
    "duration_hours": 1.6522222222222223,
    "public_ipv4_ceiling_usd": 0.008261111111111111,
    "root_ebs_ceiling_usd": 0.02172785388127854,
    "spot_ceiling_usd": 3.3044444444444445,
    "total_ceiling_usd": 3.334433409436834
  },
  "drop_dead_utc": "2026-06-06T02:40:38Z",
  "ena_express": false,
  "enable_efa": true,
  "instance_type": "c8gn.48xlarge",
  "network_card_count": 2,
  "nodes": 1,
  "public_ip_mode": "tagged-eip-post-launch",
  "region": "us-east-2",
  "request": {
    "BlockDeviceMappings": [
      {
        "DeviceName": "/dev/sda1",
        "Ebs": {
          "DeleteOnTermination": true,
          "VolumeSize": 80,
          "VolumeType": "gp3"
        }
      }
    ],
    "ImageId": "ami-0e03e3a55ecc62f7d",
    "InstanceMarketOptions": {
      "MarketType": "spot",
      "SpotOptions": {
        "InstanceInterruptionBehavior": "terminate",
        "MaxPrice": "2.00",
        "SpotInstanceType": "one-time"
      }
    },
    "InstanceType": "c8gn.48xlarge",
    "KeyName": "adhocMasterKeypair",
    "MaxCount": 1,
    "MetadataOptions": {
      "HttpEndpoint": "enabled",
      "HttpTokens": "required"
    },
    "MinCount": 1,
    "NetworkInterfaces": [
      {
        "DeviceIndex": 0,
        "Groups": [
          "sg-025a50a35d3073a8a"
        ],
        "InterfaceType": "efa",
        "NetworkCardIndex": 0,
        "SubnetId": "subnet-c66ddd8b"
      },
      {
        "DeviceIndex": 1,
        "Groups": [
          "sg-025a50a35d3073a8a"
        ],
        "InterfaceType": "efa",
        "NetworkCardIndex": 1,
        "SubnetId": "subnet-c66ddd8b"
      }
    ],
    "Placement": {
      "AvailabilityZone": "us-east-2c"
    },
    "TagSpecifications": [
      {
        "ResourceType": "instance",
        "Tags": [
          {
            "Key": "Name",
            "Value": "zc-efa-fwd-adhoc-c8gn48-20260606T0101Z"
          },
          {
            "Key": "Project",
            "Value": "uring-play"
          },
          {
            "Key": "Purpose",
            "Value": "adhoc-performance-compute"
          },
          {
            "Key": "uringPlayRunId",
            "Value": "zc-efa-fwd-adhoc-c8gn48-20260606T0101Z"
          },
          {
            "Key": "adhocKeepaliveModeAction",
            "Value": "terminate"
          },
          {
            "Key": "adhocKeepalive",
            "Value": "2026-06-06T02:40:38Z"
          }
        ]
      },
      {
        "ResourceType": "volume",
        "Tags": [
          {
            "Key": "Name",
            "Value": "zc-efa-fwd-adhoc-c8gn48-20260606T0101Z"
          },
          {
            "Key": "Project",
            "Value": "uring-play"
          },
          {
            "Key": "Purpose",
            "Value": "adhoc-performance-compute"
          },
          {
            "Key": "uringPlayRunId",
            "Value": "zc-efa-fwd-adhoc-c8gn48-20260606T0101Z"
          },
          {
            "Key": "adhocKeepaliveModeAction",
            "Value": "terminate"
          },
          {
            "Key": "adhocKeepalive",
            "Value": "2026-06-06T02:40:38Z"
          }
        ]
      }
    ]
  },
  "run_id": "zc-efa-fwd-adhoc-c8gn48-20260606T0101Z",
  "subnet_id": "subnet-c66ddd8b"
}
{
  "drop_dead_utc": "2026-06-06T02:40:38Z",
  "instances": [
    {
      "az": "us-east-2c",
      "instance_id": "i-0fe97d2ae64821e37",
      "instance_type": "c8gn.48xlarge",
      "network_interfaces": [
        {
          "device_index": 0,
          "interface_type": "efa",
          "mac": "0a:4c:d8:32:d9:87",
          "network_card_index": 0,
          "network_interface_id": "eni-0a4bbd008d4ae1c3d",
          "private_ip": "172.31.44.133",
          "public_ip": "3.148.22.181"
        },
        {
          "device_index": 1,
          "interface_type": "efa",
          "mac": "0a:15:1e:cc:90:49",
          "network_card_index": 1,
          "network_interface_id": "eni-059a7e8acce8a95ab",
          "private_ip": "172.31.37.202",
          "public_ip": null
        }
      ],
      "private_ip": "172.31.44.133",
      "public_ip": "3.148.22.181"
    }
  ],
  "public_ip_mode": "tagged-eip-post-launch",
  "region": "us-east-2",
  "run_id": "zc-efa-fwd-adhoc-c8gn48-20260606T0101Z"
}
wrote inventory: qemu-zcrx/zc-efa-fwd-adhoc-c8gn48-20260606T0101Z-inventory.json
