zcwal-extent-send: addr=172.31.42.81 base_port=30000 lanes=96 connections_per_lane=1 total_connections=96 bytes_per_connection=268435456 extent_bytes=1048576 record_size=4096 records_per_extent=256 workers=96 framing=stream data_path=uring ack_enabled=no sync_acks=no tcp_nodelay=yes socket_buffer_bytes=16777216 uring_pipeline=32 uring_entries=64 source_ports=kernel-ephemeral
zcwal-extent-send-worker: affinity_index=0 target_cpu=0 status=ok
zcwal-extent-send-worker: affinity_index=1 target_cpu=1 status=ok
zcwal-extent-send-worker: affinity_index=2 target_cpu=2 status=ok
zcwal-extent-send-worker: affinity_index=3 target_cpu=3 status=ok
zcwal-extent-send-worker: affinity_index=4 target_cpu=4 status=ok
zcwal-extent-send-worker: affinity_index=5 target_cpu=5 status=ok
zcwal-extent-send-worker: affinity_index=6 target_cpu=6 status=ok
zcwal-extent-send-worker: affinity_index=8 target_cpu=8 status=ok
zcwal-extent-send-worker: affinity_index=7 target_cpu=7 status=ok
zcwal-extent-send-worker: affinity_index=9 target_cpu=9 status=ok
zcwal-extent-send-worker: affinity_index=10 target_cpu=10 status=ok
zcwal-extent-send-stream: worker=0 lane=0 port=30000 conn=0
zcwal-extent-send-stream: worker=2 lane=2 port=30002 conn=0
zcwal-extent-send-stream: worker=4 lane=4 port=30004 conn=0
zcwal-extent-send-stream: worker=5 lane=5 port=30005 conn=0
zcwal-extent-send-stream: worker=1 lane=1 port=30001 conn=0
zcwal-extent-send-stream: worker=6 lane=6 port=30006 conn=0
zcwal-extent-send-stream: worker=8 lane=8 port=30008 conn=0
zcwal-extent-send-worker: affinity_index=12 target_cpu=12 status=ok
zcwal-extent-send-stream: worker=7 lane=7 port=30007 conn=0
zcwal-extent-send-worker: affinity_index=11 target_cpu=11 status=ok
zcwal-extent-send-worker: affinity_index=13 target_cpu=13 status=ok
zcwal-extent-send-stream: worker=10 lane=10 port=30010 conn=0
zcwal-extent-send-worker: affinity_index=14 target_cpu=14 status=ok
zcwal-extent-send-stream: worker=13 lane=13 port=30013 conn=0
zcwal-extent-send-stream: worker=11 lane=11 port=30011 conn=0
zcwal-extent-send-stream: worker=9 lane=9 port=30009 conn=0
zcwal-extent-send-stream: worker=12 lane=12 port=30012 conn=0
zcwal-extent-send-worker: affinity_index=15 target_cpu=15 status=ok
zcwal-extent-send-stream: worker=14 lane=14 port=30014 conn=0
zcwal-extent-send-worker: affinity_index=17 target_cpu=17 status=ok
zcwal-extent-send-stream: worker=15 lane=15 port=30015 conn=0
zcwal-extent-send-worker: affinity_index=16 target_cpu=16 status=ok
zcwal-extent-send-stream: worker=17 lane=17 port=30017 conn=0
zcwal-extent-send-worker: affinity_index=18 target_cpu=18 status=ok
zcwal-extent-send-worker: affinity_index=19 target_cpu=19 status=ok
zcwal-extent-send-stream: worker=16 lane=16 port=30016 conn=0
zcwal-extent-send-worker: affinity_index=21 target_cpu=21 status=ok
zcwal-extent-send-stream: worker=19 lane=19 port=30019 conn=0
zcwal-extent-send-worker: affinity_index=20 target_cpu=20 status=ok
zcwal-extent-send-stream: worker=18 lane=18 port=30018 conn=0
zcwal-extent-send-worker: affinity_index=22 target_cpu=22 status=ok
zcwal-extent-send-worker: affinity_index=23 target_cpu=23 status=ok
zcwal-extent-send-worker: affinity_index=24 target_cpu=24 status=ok
zcwal-extent-send-stream: worker=20 lane=20 port=30020 conn=0
zcwal-extent-send-worker: affinity_index=25 target_cpu=25 status=ok
zcwal-extent-send-stream: worker=22 lane=22 port=30022 conn=0
zcwal-extent-send-worker: affinity_index=26 target_cpu=26 status=ok
zcwal-extent-send-stream: worker=23 lane=23 port=30023 conn=0
zcwal-extent-send-stream: worker=3 lane=3 port=30003 conn=0
zcwal-extent-send-stream: worker=21 lane=21 port=30021 conn=0
zcwal-extent-send-stream: worker=24 lane=24 port=30024 conn=0
zcwal-extent-send-worker: affinity_index=27 target_cpu=27 status=ok
zcwal-extent-send-stream: worker=25 lane=25 port=30025 conn=0
zcwal-extent-send-stream: worker=26 lane=26 port=30026 conn=0
zcwal-extent-send-stream: worker=27 lane=27 port=30027 conn=0
zcwal-extent-send-worker: affinity_index=28 target_cpu=28 status=ok
zcwal-extent-send-worker: affinity_index=29 target_cpu=29 status=ok
zcwal-extent-send-stream: worker=28 lane=28 port=30028 conn=0
zcwal-extent-send-stream: worker=29 lane=29 port=30029 conn=0
zcwal-extent-send-worker: affinity_index=30 target_cpu=30 status=ok
zcwal-extent-send-worker: affinity_index=31 target_cpu=31 status=ok
zcwal-extent-send-worker: affinity_index=32 target_cpu=32 status=ok
zcwal-extent-send-stream: worker=30 lane=30 port=30030 conn=0
zcwal-extent-send-stream: worker=31 lane=31 port=30031 conn=0
zcwal-extent-send-worker: affinity_index=33 target_cpu=33 status=ok
zcwal-extent-send-worker: affinity_index=35 target_cpu=35 status=ok
tcp-bench-connect-route-probe: peer=172.31.42.81:30003 local_socket=172.31.41.87:39322 probe_src=172.31.41.87 route_dev=ens68 route_src=172.31.41.87 route="172.31.42.81 from 172.31.41.87 dev ens68 uid 1000 \ cache"
zcwal-extent-send-worker: affinity_index=36 target_cpu=36 status=ok
zcwal-extent-send-stream: worker=32 lane=32 port=30032 conn=0
zcwal-extent-send-worker: affinity_index=34 target_cpu=34 status=ok
zcwal-extent-send-stream: worker=33 lane=33 port=30033 conn=0
zcwal-extent-send-stream: worker=35 lane=35 port=30035 conn=0
zcwal-extent-send-stream: worker=34 lane=34 port=30034 conn=0
zcwal-extent-send-stream: worker=36 lane=36 port=30036 conn=0
zcwal-extent-send-worker: affinity_index=38 target_cpu=38 status=ok
zcwal-extent-send-worker: affinity_index=39 target_cpu=39 status=ok
zcwal-extent-send-worker: affinity_index=37 target_cpu=37 status=ok
zcwal-extent-send-worker: affinity_index=40 target_cpu=40 status=ok
zcwal-extent-send-stream: worker=38 lane=38 port=30038 conn=0
zcwal-extent-send-worker: affinity_index=41 target_cpu=41 status=ok
zcwal-extent-send-worker: affinity_index=42 target_cpu=42 status=ok
zcwal-extent-send-stream: worker=39 lane=39 port=30039 conn=0
zcwal-extent-send-stream: worker=37 lane=37 port=30037 conn=0
zcwal-extent-send-worker: affinity_index=43 target_cpu=43 status=ok
zcwal-extent-send-stream: worker=40 lane=40 port=30040 conn=0
zcwal-extent-send-stream: worker=41 lane=41 port=30041 conn=0
zcwal-extent-send-worker: affinity_index=45 target_cpu=45 status=ok
zcwal-extent-send-stream: worker=43 lane=43 port=30043 conn=0
zcwal-extent-send-stream: worker=42 lane=42 port=30042 conn=0
zcwal-extent-send-stream: worker=45 lane=45 port=30045 conn=0
zcwal-extent-send-worker: affinity_index=46 target_cpu=46 status=ok
zcwal-extent-send-worker: affinity_index=47 target_cpu=47 status=ok
zcwal-extent-send-worker: affinity_index=44 target_cpu=44 status=ok
zcwal-extent-send-stream: worker=46 lane=46 port=30046 conn=0
zcwal-extent-send-worker: affinity_index=48 target_cpu=48 status=ok
zcwal-extent-send-stream: worker=47 lane=47 port=30047 conn=0
zcwal-extent-send-worker: affinity_index=49 target_cpu=49 status=ok
zcwal-extent-send-stream: worker=44 lane=44 port=30044 conn=0
zcwal-extent-send-stream: worker=48 lane=48 port=30048 conn=0
zcwal-extent-send-stream: worker=49 lane=49 port=30049 conn=0
zcwal-extent-send-worker: affinity_index=50 target_cpu=50 status=ok
zcwal-extent-send-worker: affinity_index=51 target_cpu=51 status=ok
zcwal-extent-send-worker: affinity_index=52 target_cpu=52 status=ok
zcwal-extent-send-worker: affinity_index=53 target_cpu=53 status=ok
zcwal-extent-send-worker: affinity_index=54 target_cpu=54 status=ok
zcwal-extent-send-stream: worker=51 lane=51 port=30051 conn=0
zcwal-extent-send-stream: worker=52 lane=52 port=30052 conn=0
zcwal-extent-send-stream: worker=53 lane=53 port=30053 conn=0
zcwal-extent-send-stream: worker=50 lane=50 port=30050 conn=0
zcwal-extent-send-worker: affinity_index=57 target_cpu=57 status=ok
zcwal-extent-send-worker: affinity_index=59 target_cpu=59 status=ok
zcwal-extent-send-worker: affinity_index=55 target_cpu=55 status=ok
zcwal-extent-send-worker: affinity_index=61 target_cpu=61 status=ok
zcwal-extent-send-worker: affinity_index=62 target_cpu=62 status=ok
zcwal-extent-send-worker: affinity_index=56 target_cpu=56 status=ok
zcwal-extent-send-stream: worker=59 lane=59 port=30059 conn=0
zcwal-extent-send-stream: worker=55 lane=55 port=30055 conn=0
zcwal-extent-send-stream: worker=54 lane=54 port=30054 conn=0
zcwal-extent-send-worker: affinity_index=58 target_cpu=58 status=ok
zcwal-extent-send-worker: affinity_index=60 target_cpu=60 status=ok
zcwal-extent-send-stream: worker=61 lane=61 port=30061 conn=0
zcwal-extent-send-stream: worker=56 lane=56 port=30056 conn=0
zcwal-extent-send-stream: worker=57 lane=57 port=30057 conn=0
zcwal-extent-send-stream: worker=58 lane=58 port=30058 conn=0
zcwal-extent-send-worker: affinity_index=63 target_cpu=63 status=ok
zcwal-extent-send-worker: affinity_index=64 target_cpu=64 status=ok
zcwal-extent-send-worker: affinity_index=65 target_cpu=65 status=ok
zcwal-extent-send-worker: affinity_index=66 target_cpu=66 status=ok
zcwal-extent-send-worker: affinity_index=67 target_cpu=67 status=ok
zcwal-extent-send-worker: affinity_index=69 target_cpu=69 status=ok
zcwal-extent-send-worker: affinity_index=68 target_cpu=68 status=ok
zcwal-extent-send-worker: affinity_index=70 target_cpu=70 status=ok
zcwal-extent-send-worker: affinity_index=71 target_cpu=71 status=ok
zcwal-extent-send-worker: affinity_index=72 target_cpu=72 status=ok
zcwal-extent-send-worker: affinity_index=73 target_cpu=73 status=ok
zcwal-extent-send-worker: affinity_index=75 target_cpu=75 status=ok
zcwal-extent-send-worker: affinity_index=74 target_cpu=74 status=ok
zcwal-extent-send-worker: affinity_index=76 target_cpu=76 status=ok
zcwal-extent-send-worker: affinity_index=77 target_cpu=77 status=ok
zcwal-extent-send-worker: affinity_index=78 target_cpu=78 status=ok
zcwal-extent-send-worker: affinity_index=79 target_cpu=79 status=ok
zcwal-extent-send-worker: affinity_index=81 target_cpu=81 status=ok
zcwal-extent-send-worker: affinity_index=80 target_cpu=80 status=ok
zcwal-extent-send-worker: affinity_index=82 target_cpu=82 status=ok
zcwal-extent-send-worker: affinity_index=83 target_cpu=83 status=ok
zcwal-extent-send-worker: affinity_index=84 target_cpu=84 status=ok
zcwal-extent-send-worker: affinity_index=85 target_cpu=85 status=ok
zcwal-extent-send-worker: affinity_index=86 target_cpu=86 status=ok
zcwal-extent-send-worker: affinity_index=87 target_cpu=87 status=ok
zcwal-extent-send-worker: affinity_index=88 target_cpu=88 status=ok
zcwal-extent-send-worker: affinity_index=89 target_cpu=89 status=ok
zcwal-extent-send-worker: affinity_index=90 target_cpu=90 status=ok
zcwal-extent-send-worker: affinity_index=91 target_cpu=91 status=ok
zcwal-extent-send-worker: affinity_index=92 target_cpu=92 status=ok
zcwal-extent-send-worker: affinity_index=93 target_cpu=93 status=ok
zcwal-extent-send-worker: affinity_index=94 target_cpu=94 status=ok
zcwal-extent-send-worker: affinity_index=95 target_cpu=95 status=ok
zcwal-extent-send-stream: worker=62 lane=62 port=30062 conn=0
zcwal-extent-send-stream: worker=95 lane=95 port=30095 conn=0
zcwal-extent-send-stream: worker=87 lane=87 port=30087 conn=0
zcwal-extent-send-stream: worker=81 lane=81 port=30081 conn=0
zcwal-extent-send-stream: worker=89 lane=89 port=30089 conn=0
zcwal-extent-send-stream: worker=60 lane=60 port=30060 conn=0
zcwal-extent-send-stream: worker=83 lane=83 port=30083 conn=0
zcwal-extent-send-stream: worker=70 lane=70 port=30070 conn=0
zcwal-extent-send-stream: worker=90 lane=90 port=30090 conn=0
zcwal-extent-send-stream: worker=65 lane=65 port=30065 conn=0
zcwal-extent-send-stream: worker=91 lane=91 port=30091 conn=0
zcwal-extent-send-stream: worker=76 lane=76 port=30076 conn=0
zcwal-extent-send-stream: worker=64 lane=64 port=30064 conn=0
zcwal-extent-send-stream: worker=94 lane=94 port=30094 conn=0
zcwal-extent-send-stream: worker=75 lane=75 port=30075 conn=0
zcwal-extent-send-stream: worker=79 lane=79 port=30079 conn=0
zcwal-extent-send-stream: worker=77 lane=77 port=30077 conn=0
zcwal-extent-send-stream: worker=72 lane=72 port=30072 conn=0
zcwal-extent-send-stream: worker=85 lane=85 port=30085 conn=0
zcwal-extent-send-stream: worker=78 lane=78 port=30078 conn=0
zcwal-extent-send-stream: worker=73 lane=73 port=30073 conn=0
zcwal-extent-send-stream: worker=86 lane=86 port=30086 conn=0
zcwal-extent-send-stream: worker=67 lane=67 port=30067 conn=0
zcwal-extent-send-stream: worker=82 lane=82 port=30082 conn=0
zcwal-extent-send-stream: worker=88 lane=88 port=30088 conn=0
zcwal-extent-send-stream: worker=80 lane=80 port=30080 conn=0
zcwal-extent-send-stream: worker=71 lane=71 port=30071 conn=0
zcwal-extent-send-stream: worker=93 lane=93 port=30093 conn=0
zcwal-extent-send-stream: worker=74 lane=74 port=30074 conn=0
zcwal-extent-send-stream: worker=63 lane=63 port=30063 conn=0
zcwal-extent-send-stream: worker=84 lane=84 port=30084 conn=0
zcwal-extent-send-stream: worker=69 lane=69 port=30069 conn=0
zcwal-extent-send-stream: worker=68 lane=68 port=30068 conn=0
zcwal-extent-send-stream: worker=92 lane=92 port=30092 conn=0
zcwal-extent-send-stream: worker=66 lane=66 port=30066 conn=0
zcwal-extent-send-worker: worker=0 streams=1 payload_bytes=268435456 wire_bytes=268435584 extents=256 logical_records=65536 acks=0 seconds=0.402989 payload_Gbitps=5.329 logical_iops=162625 thread_cpu_seconds=0.037968 cpu_wall_pct=9.4 target_cpu=0 affinity_applied=true start_cpu=0 end_cpu=0 voluntary_ctxt_switches=37 involuntary_ctxt_switches=0 migrations=0
zcwal-extent-send-worker: worker=1 streams=1 payload_bytes=268435456 wire_bytes=268435584 extents=256 logical_records=65536 acks=0 seconds=0.565187 payload_Gbitps=3.800 logical_iops=115954 thread_cpu_seconds=0.041161 cpu_wall_pct=7.3 target_cpu=1 affinity_applied=true start_cpu=1 end_cpu=1 voluntary_ctxt_switches=36 involuntary_ctxt_switches=0 migrations=0
zcwal-extent-send-worker: worker=2 streams=1 payload_bytes=268435456 wire_bytes=268435584 extents=256 logical_records=65536 acks=0 seconds=1.394931 payload_Gbitps=1.539 logical_iops=46982 thread_cpu_seconds=0.034527 cpu_wall_pct=2.5 target_cpu=2 affinity_applied=true start_cpu=2 end_cpu=2 voluntary_ctxt_switches=33 involuntary_ctxt_switches=0 migrations=0
zcwal-extent-send-worker: worker=3 streams=1 payload_bytes=268435456 wire_bytes=268435584 extents=256 logical_records=65536 acks=0 seconds=1.495201 payload_Gbitps=1.436 logical_iops=43831 thread_cpu_seconds=0.056991 cpu_wall_pct=3.8 target_cpu=3 affinity_applied=true start_cpu=3 end_cpu=3 voluntary_ctxt_switches=39 involuntary_ctxt_switches=2 migrations=0
zcwal-extent-send-worker: worker=4 streams=1 payload_bytes=268435456 wire_bytes=268435584 extents=256 logical_records=65536 acks=0 seconds=0.673921 payload_Gbitps=3.187 logical_iops=97246 thread_cpu_seconds=0.036671 cpu_wall_pct=5.4 target_cpu=4 affinity_applied=true start_cpu=4 end_cpu=4 voluntary_ctxt_switches=36 involuntary_ctxt_switches=0 migrations=0
zcwal-extent-send-worker: worker=5 streams=1 payload_bytes=268435456 wire_bytes=268435584 extents=256 logical_records=65536 acks=0 seconds=1.289273 payload_Gbitps=1.666 logical_iops=50832 thread_cpu_seconds=0.056124 cpu_wall_pct=4.4 target_cpu=5 affinity_applied=true start_cpu=5 end_cpu=5 voluntary_ctxt_switches=34 involuntary_ctxt_switches=5 migrations=0
zcwal-extent-send-worker: worker=6 streams=1 payload_bytes=268435456 wire_bytes=268435584 extents=256 logical_records=65536 acks=0 seconds=0.425723 payload_Gbitps=5.044 logical_iops=153940 thread_cpu_seconds=0.041790 cpu_wall_pct=9.8 target_cpu=6 affinity_applied=true start_cpu=6 end_cpu=6 voluntary_ctxt_switches=37 involuntary_ctxt_switches=0 migrations=0
zcwal-extent-send-worker: worker=7 streams=1 payload_bytes=268435456 wire_bytes=268435584 extents=256 logical_records=65536 acks=0 seconds=1.239884 payload_Gbitps=1.732 logical_iops=52857 thread_cpu_seconds=0.044949 cpu_wall_pct=3.6 target_cpu=7 affinity_applied=true start_cpu=7 end_cpu=7 voluntary_ctxt_switches=32 involuntary_ctxt_switches=3 migrations=0
zcwal-extent-send-worker: worker=8 streams=1 payload_bytes=268435456 wire_bytes=268435584 extents=256 logical_records=65536 acks=0 seconds=0.468936 payload_Gbitps=4.579 logical_iops=139755 thread_cpu_seconds=0.035713 cpu_wall_pct=7.6 target_cpu=8 affinity_applied=true start_cpu=8 end_cpu=8 voluntary_ctxt_switches=28 involuntary_ctxt_switches=0 migrations=0
zcwal-extent-send-worker: worker=9 streams=1 payload_bytes=268435456 wire_bytes=268435584 extents=256 logical_records=65536 acks=0 seconds=1.089122 payload_Gbitps=1.972 logical_iops=60173 thread_cpu_seconds=0.060721 cpu_wall_pct=5.6 target_cpu=9 affinity_applied=true start_cpu=9 end_cpu=9 voluntary_ctxt_switches=36 involuntary_ctxt_switches=0 migrations=0
zcwal-extent-send-worker: worker=10 streams=1 payload_bytes=268435456 wire_bytes=268435584 extents=256 logical_records=65536 acks=0 seconds=0.399715 payload_Gbitps=5.373 logical_iops=163957 thread_cpu_seconds=0.038309 cpu_wall_pct=9.6 target_cpu=10 affinity_applied=true start_cpu=10 end_cpu=10 voluntary_ctxt_switches=32 involuntary_ctxt_switches=0 migrations=0
zcwal-extent-send-worker: worker=11 streams=1 payload_bytes=268435456 wire_bytes=268435584 extents=256 logical_records=65536 acks=0 seconds=0.309727 payload_Gbitps=6.933 logical_iops=211593 thread_cpu_seconds=0.053336 cpu_wall_pct=17.2 target_cpu=11 affinity_applied=true start_cpu=11 end_cpu=11 voluntary_ctxt_switches=35 involuntary_ctxt_switches=2 migrations=0
zcwal-extent-send-worker: worker=12 streams=1 payload_bytes=268435456 wire_bytes=268435584 extents=256 logical_records=65536 acks=0 seconds=0.609300 payload_Gbitps=3.525 logical_iops=107559 thread_cpu_seconds=0.036475 cpu_wall_pct=6.0 target_cpu=12 affinity_applied=true start_cpu=12 end_cpu=12 voluntary_ctxt_switches=37 involuntary_ctxt_switches=0 migrations=0
zcwal-extent-send-worker: worker=13 streams=1 payload_bytes=268435456 wire_bytes=268435584 extents=256 logical_records=65536 acks=0 seconds=0.788962 payload_Gbitps=2.722 logical_iops=83066 thread_cpu_seconds=0.035220 cpu_wall_pct=4.5 target_cpu=13 affinity_applied=true start_cpu=13 end_cpu=13 voluntary_ctxt_switches=35 involuntary_ctxt_switches=0 migrations=0
zcwal-extent-send-worker: worker=14 streams=1 payload_bytes=268435456 wire_bytes=268435584 extents=256 logical_records=65536 acks=0 seconds=0.709527 payload_Gbitps=3.027 logical_iops=92366 thread_cpu_seconds=0.036218 cpu_wall_pct=5.1 target_cpu=14 affinity_applied=true start_cpu=14 end_cpu=14 voluntary_ctxt_switches=29 involuntary_ctxt_switches=0 migrations=0
zcwal-extent-send-worker: worker=15 streams=1 payload_bytes=268435456 wire_bytes=268435584 extents=256 logical_records=65536 acks=0 seconds=1.568004 payload_Gbitps=1.370 logical_iops=41796 thread_cpu_seconds=0.032107 cpu_wall_pct=2.0 target_cpu=15 affinity_applied=true start_cpu=15 end_cpu=15 voluntary_ctxt_switches=33 involuntary_ctxt_switches=0 migrations=0
zcwal-extent-send-worker: worker=16 streams=1 payload_bytes=268435456 wire_bytes=268435584 extents=256 logical_records=65536 acks=0 seconds=1.031399 payload_Gbitps=2.082 logical_iops=63541 thread_cpu_seconds=0.060131 cpu_wall_pct=5.8 target_cpu=16 affinity_applied=true start_cpu=16 end_cpu=16 voluntary_ctxt_switches=30 involuntary_ctxt_switches=3 migrations=0
zcwal-extent-send-worker: worker=17 streams=1 payload_bytes=268435456 wire_bytes=268435584 extents=256 logical_records=65536 acks=0 seconds=0.669398 payload_Gbitps=3.208 logical_iops=97903 thread_cpu_seconds=0.035281 cpu_wall_pct=5.3 target_cpu=17 affinity_applied=true start_cpu=17 end_cpu=17 voluntary_ctxt_switches=31 involuntary_ctxt_switches=0 migrations=0
zcwal-extent-send-worker: worker=18 streams=1 payload_bytes=268435456 wire_bytes=268435584 extents=256 logical_records=65536 acks=0 seconds=1.057587 payload_Gbitps=2.031 logical_iops=61967 thread_cpu_seconds=0.056307 cpu_wall_pct=5.3 target_cpu=18 affinity_applied=true start_cpu=18 end_cpu=18 voluntary_ctxt_switches=30 involuntary_ctxt_switches=1 migrations=0
zcwal-extent-send-worker: worker=19 streams=1 payload_bytes=268435456 wire_bytes=268435584 extents=256 logical_records=65536 acks=0 seconds=0.786722 payload_Gbitps=2.730 logical_iops=83303 thread_cpu_seconds=0.039165 cpu_wall_pct=5.0 target_cpu=19 affinity_applied=true start_cpu=19 end_cpu=19 voluntary_ctxt_switches=33 involuntary_ctxt_switches=0 migrations=0
zcwal-extent-send-worker: worker=20 streams=1 payload_bytes=268435456 wire_bytes=268435584 extents=256 logical_records=65536 acks=0 seconds=0.740893 payload_Gbitps=2.899 logical_iops=88455 thread_cpu_seconds=0.039513 cpu_wall_pct=5.3 target_cpu=20 affinity_applied=true start_cpu=20 end_cpu=20 voluntary_ctxt_switches=31 involuntary_ctxt_switches=0 migrations=0
zcwal-extent-send-worker: worker=21 streams=1 payload_bytes=268435456 wire_bytes=268435584 extents=256 logical_records=65536 acks=0 seconds=0.981114 payload_Gbitps=2.189 logical_iops=66798 thread_cpu_seconds=0.040336 cpu_wall_pct=4.1 target_cpu=21 affinity_applied=true start_cpu=21 end_cpu=21 voluntary_ctxt_switches=37 involuntary_ctxt_switches=0 migrations=0
zcwal-extent-send-worker: worker=22 streams=1 payload_bytes=268435456 wire_bytes=268435584 extents=256 logical_records=65536 acks=0 seconds=1.235738 payload_Gbitps=1.738 logical_iops=53034 thread_cpu_seconds=0.045365 cpu_wall_pct=3.7 target_cpu=22 affinity_applied=true start_cpu=22 end_cpu=22 voluntary_ctxt_switches=34 involuntary_ctxt_switches=0 migrations=0
zcwal-extent-send-worker: worker=23 streams=1 payload_bytes=268435456 wire_bytes=268435584 extents=256 logical_records=65536 acks=0 seconds=0.627297 payload_Gbitps=3.423 logical_iops=104474 thread_cpu_seconds=0.036017 cpu_wall_pct=5.7 target_cpu=23 affinity_applied=true start_cpu=23 end_cpu=23 voluntary_ctxt_switches=35 involuntary_ctxt_switches=1 migrations=0
zcwal-extent-send-worker: worker=24 streams=1 payload_bytes=268435456 wire_bytes=268435584 extents=256 logical_records=65536 acks=0 seconds=1.229603 payload_Gbitps=1.746 logical_iops=53298 thread_cpu_seconds=0.036467 cpu_wall_pct=3.0 target_cpu=24 affinity_applied=true start_cpu=24 end_cpu=24 voluntary_ctxt_switches=35 involuntary_ctxt_switches=0 migrations=0
zcwal-extent-send-worker: worker=25 streams=1 payload_bytes=268435456 wire_bytes=268435584 extents=256 logical_records=65536 acks=0 seconds=1.203455 payload_Gbitps=1.784 logical_iops=54457 thread_cpu_seconds=0.042944 cpu_wall_pct=3.6 target_cpu=25 affinity_applied=true start_cpu=25 end_cpu=25 voluntary_ctxt_switches=38 involuntary_ctxt_switches=0 migrations=0
zcwal-extent-send-worker: worker=26 streams=1 payload_bytes=268435456 wire_bytes=268435584 extents=256 logical_records=65536 acks=0 seconds=0.953736 payload_Gbitps=2.252 logical_iops=68715 thread_cpu_seconds=0.060810 cpu_wall_pct=6.4 target_cpu=26 affinity_applied=true start_cpu=26 end_cpu=26 voluntary_ctxt_switches=30 involuntary_ctxt_switches=0 migrations=0
zcwal-extent-send-worker: worker=27 streams=1 payload_bytes=268435456 wire_bytes=268435584 extents=256 logical_records=65536 acks=0 seconds=1.123272 payload_Gbitps=1.912 logical_iops=58344 thread_cpu_seconds=0.043004 cpu_wall_pct=3.8 target_cpu=27 affinity_applied=true start_cpu=27 end_cpu=27 voluntary_ctxt_switches=34 involuntary_ctxt_switches=0 migrations=0
zcwal-extent-send-worker: worker=28 streams=1 payload_bytes=268435456 wire_bytes=268435584 extents=256 logical_records=65536 acks=0 seconds=0.730921 payload_Gbitps=2.938 logical_iops=89662 thread_cpu_seconds=0.049425 cpu_wall_pct=6.8 target_cpu=28 affinity_applied=true start_cpu=28 end_cpu=28 voluntary_ctxt_switches=26 involuntary_ctxt_switches=4 migrations=0
zcwal-extent-send-worker: worker=29 streams=1 payload_bytes=268435456 wire_bytes=268435584 extents=256 logical_records=65536 acks=0 seconds=1.263677 payload_Gbitps=1.699 logical_iops=51861 thread_cpu_seconds=0.043683 cpu_wall_pct=3.5 target_cpu=29 affinity_applied=true start_cpu=29 end_cpu=29 voluntary_ctxt_switches=33 involuntary_ctxt_switches=0 migrations=0
zcwal-extent-send-worker: worker=30 streams=1 payload_bytes=268435456 wire_bytes=268435584 extents=256 logical_records=65536 acks=0 seconds=1.315469 payload_Gbitps=1.632 logical_iops=49819 thread_cpu_seconds=0.042975 cpu_wall_pct=3.3 target_cpu=30 affinity_applied=true start_cpu=30 end_cpu=30 voluntary_ctxt_switches=35 involuntary_ctxt_switches=0 migrations=0
zcwal-extent-send-worker: worker=31 streams=1 payload_bytes=268435456 wire_bytes=268435584 extents=256 logical_records=65536 acks=0 seconds=1.132578 payload_Gbitps=1.896 logical_iops=57864 thread_cpu_seconds=0.042813 cpu_wall_pct=3.8 target_cpu=31 affinity_applied=true start_cpu=31 end_cpu=31 voluntary_ctxt_switches=36 involuntary_ctxt_switches=0 migrations=0
zcwal-extent-send-worker: worker=32 streams=1 payload_bytes=268435456 wire_bytes=268435584 extents=256 logical_records=65536 acks=0 seconds=1.224212 payload_Gbitps=1.754 logical_iops=53533 thread_cpu_seconds=0.043671 cpu_wall_pct=3.6 target_cpu=32 affinity_applied=true start_cpu=32 end_cpu=32 voluntary_ctxt_switches=33 involuntary_ctxt_switches=0 migrations=0
zcwal-extent-send-worker: worker=33 streams=1 payload_bytes=268435456 wire_bytes=268435584 extents=256 logical_records=65536 acks=0 seconds=1.420185 payload_Gbitps=1.512 logical_iops=46146 thread_cpu_seconds=0.041997 cpu_wall_pct=3.0 target_cpu=33 affinity_applied=true start_cpu=33 end_cpu=33 voluntary_ctxt_switches=35 involuntary_ctxt_switches=0 migrations=0
zcwal-extent-send-worker: worker=34 streams=1 payload_bytes=268435456 wire_bytes=268435584 extents=256 logical_records=65536 acks=0 seconds=0.861789 payload_Gbitps=2.492 logical_iops=76046 thread_cpu_seconds=0.059497 cpu_wall_pct=6.9 target_cpu=34 affinity_applied=true start_cpu=34 end_cpu=34 voluntary_ctxt_switches=36 involuntary_ctxt_switches=2 migrations=0
zcwal-extent-send-worker: worker=35 streams=1 payload_bytes=268435456 wire_bytes=268435584 extents=256 logical_records=65536 acks=0 seconds=1.287244 payload_Gbitps=1.668 logical_iops=50912 thread_cpu_seconds=0.041892 cpu_wall_pct=3.3 target_cpu=35 affinity_applied=true start_cpu=35 end_cpu=35 voluntary_ctxt_switches=34 involuntary_ctxt_switches=0 migrations=0
zcwal-extent-send-worker: worker=36 streams=1 payload_bytes=268435456 wire_bytes=268435584 extents=256 logical_records=65536 acks=0 seconds=0.897557 payload_Gbitps=2.393 logical_iops=73016 thread_cpu_seconds=0.061452 cpu_wall_pct=6.8 target_cpu=36 affinity_applied=true start_cpu=36 end_cpu=36 voluntary_ctxt_switches=27 involuntary_ctxt_switches=2 migrations=0
zcwal-extent-send-worker: worker=37 streams=1 payload_bytes=268435456 wire_bytes=268435584 extents=256 logical_records=65536 acks=0 seconds=1.126029 payload_Gbitps=1.907 logical_iops=58201 thread_cpu_seconds=0.042682 cpu_wall_pct=3.8 target_cpu=37 affinity_applied=true start_cpu=37 end_cpu=37 voluntary_ctxt_switches=36 involuntary_ctxt_switches=0 migrations=0
zcwal-extent-send-worker: worker=38 streams=1 payload_bytes=268435456 wire_bytes=268435584 extents=256 logical_records=65536 acks=0 seconds=0.805768 payload_Gbitps=2.665 logical_iops=81334 thread_cpu_seconds=0.058342 cpu_wall_pct=7.2 target_cpu=38 affinity_applied=true start_cpu=38 end_cpu=38 voluntary_ctxt_switches=29 involuntary_ctxt_switches=1 migrations=0
zcwal-extent-send-worker: worker=39 streams=1 payload_bytes=268435456 wire_bytes=268435584 extents=256 logical_records=65536 acks=0 seconds=1.307255 payload_Gbitps=1.643 logical_iops=50133 thread_cpu_seconds=0.042242 cpu_wall_pct=3.2 target_cpu=39 affinity_applied=true start_cpu=39 end_cpu=39 voluntary_ctxt_switches=36 involuntary_ctxt_switches=0 migrations=0
zcwal-extent-send-worker: worker=40 streams=1 payload_bytes=268435456 wire_bytes=268435584 extents=256 logical_records=65536 acks=0 seconds=0.697977 payload_Gbitps=3.077 logical_iops=93894 thread_cpu_seconds=0.044033 cpu_wall_pct=6.3 target_cpu=40 affinity_applied=true start_cpu=40 end_cpu=40 voluntary_ctxt_switches=34 involuntary_ctxt_switches=0 migrations=0
zcwal-extent-send-worker: worker=41 streams=1 payload_bytes=268435456 wire_bytes=268435584 extents=256 logical_records=65536 acks=0 seconds=0.800386 payload_Gbitps=2.683 logical_iops=81880 thread_cpu_seconds=0.043447 cpu_wall_pct=5.4 target_cpu=41 affinity_applied=true start_cpu=41 end_cpu=41 voluntary_ctxt_switches=31 involuntary_ctxt_switches=0 migrations=0
zcwal-extent-send-worker: worker=42 streams=1 payload_bytes=268435456 wire_bytes=268435584 extents=256 logical_records=65536 acks=0 seconds=1.052760 payload_Gbitps=2.040 logical_iops=62252 thread_cpu_seconds=0.043521 cpu_wall_pct=4.1 target_cpu=42 affinity_applied=true start_cpu=42 end_cpu=42 voluntary_ctxt_switches=33 involuntary_ctxt_switches=0 migrations=0
zcwal-extent-send-worker: worker=43 streams=1 payload_bytes=268435456 wire_bytes=268435584 extents=256 logical_records=65536 acks=0 seconds=1.259277 payload_Gbitps=1.705 logical_iops=52043 thread_cpu_seconds=0.041790 cpu_wall_pct=3.3 target_cpu=43 affinity_applied=true start_cpu=43 end_cpu=43 voluntary_ctxt_switches=34 involuntary_ctxt_switches=0 migrations=0
zcwal-extent-send-worker: worker=44 streams=1 payload_bytes=268435456 wire_bytes=268435584 extents=256 logical_records=65536 acks=0 seconds=0.701498 payload_Gbitps=3.061 logical_iops=93423 thread_cpu_seconds=0.072587 cpu_wall_pct=10.3 target_cpu=44 affinity_applied=true start_cpu=44 end_cpu=44 voluntary_ctxt_switches=31 involuntary_ctxt_switches=0 migrations=0
zcwal-extent-send-worker: worker=45 streams=1 payload_bytes=268435456 wire_bytes=268435584 extents=256 logical_records=65536 acks=0 seconds=1.470073 payload_Gbitps=1.461 logical_iops=44580 thread_cpu_seconds=0.042008 cpu_wall_pct=2.9 target_cpu=45 affinity_applied=true start_cpu=45 end_cpu=45 voluntary_ctxt_switches=35 involuntary_ctxt_switches=0 migrations=0
zcwal-extent-send-worker: worker=46 streams=1 payload_bytes=268435456 wire_bytes=268435584 extents=256 logical_records=65536 acks=0 seconds=0.652805 payload_Gbitps=3.290 logical_iops=100391 thread_cpu_seconds=0.059387 cpu_wall_pct=9.1 target_cpu=46 affinity_applied=true start_cpu=46 end_cpu=46 voluntary_ctxt_switches=27 involuntary_ctxt_switches=1 migrations=0
zcwal-extent-send-worker: worker=47 streams=1 payload_bytes=268435456 wire_bytes=268435584 extents=256 logical_records=65536 acks=0 seconds=0.631435 payload_Gbitps=3.401 logical_iops=103789 thread_cpu_seconds=0.041106 cpu_wall_pct=6.5 target_cpu=47 affinity_applied=true start_cpu=47 end_cpu=47 voluntary_ctxt_switches=30 involuntary_ctxt_switches=0 migrations=0
zcwal-extent-send-worker: worker=48 streams=1 payload_bytes=268435456 wire_bytes=268435584 extents=256 logical_records=65536 acks=0 seconds=1.028939 payload_Gbitps=2.087 logical_iops=63693 thread_cpu_seconds=0.057713 cpu_wall_pct=5.6 target_cpu=48 affinity_applied=true start_cpu=48 end_cpu=48 voluntary_ctxt_switches=31 involuntary_ctxt_switches=2 migrations=0
zcwal-extent-send-worker: worker=49 streams=1 payload_bytes=268435456 wire_bytes=268435584 extents=256 logical_records=65536 acks=0 seconds=1.172293 payload_Gbitps=1.832 logical_iops=55904 thread_cpu_seconds=0.043380 cpu_wall_pct=3.7 target_cpu=49 affinity_applied=true start_cpu=49 end_cpu=49 voluntary_ctxt_switches=31 involuntary_ctxt_switches=0 migrations=0
zcwal-extent-send-worker: worker=50 streams=1 payload_bytes=268435456 wire_bytes=268435584 extents=256 logical_records=65536 acks=0 seconds=1.170743 payload_Gbitps=1.834 logical_iops=55978 thread_cpu_seconds=0.039341 cpu_wall_pct=3.4 target_cpu=50 affinity_applied=true start_cpu=50 end_cpu=50 voluntary_ctxt_switches=31 involuntary_ctxt_switches=0 migrations=0
zcwal-extent-send-worker: worker=51 streams=1 payload_bytes=268435456 wire_bytes=268435584 extents=256 logical_records=65536 acks=0 seconds=1.130085 payload_Gbitps=1.900 logical_iops=57992 thread_cpu_seconds=0.041353 cpu_wall_pct=3.7 target_cpu=51 affinity_applied=true start_cpu=51 end_cpu=51 voluntary_ctxt_switches=29 involuntary_ctxt_switches=1 migrations=0
zcwal-extent-send-worker: worker=52 streams=1 payload_bytes=268435456 wire_bytes=268435584 extents=256 logical_records=65536 acks=0 seconds=0.523115 payload_Gbitps=4.105 logical_iops=125280 thread_cpu_seconds=0.044293 cpu_wall_pct=8.5 target_cpu=52 affinity_applied=true start_cpu=52 end_cpu=52 voluntary_ctxt_switches=34 involuntary_ctxt_switches=0 migrations=0
zcwal-extent-send-worker: worker=53 streams=1 payload_bytes=268435456 wire_bytes=268435584 extents=256 logical_records=65536 acks=0 seconds=1.364151 payload_Gbitps=1.574 logical_iops=48042 thread_cpu_seconds=0.042966 cpu_wall_pct=3.1 target_cpu=53 affinity_applied=true start_cpu=53 end_cpu=53 voluntary_ctxt_switches=32 involuntary_ctxt_switches=0 migrations=0
zcwal-extent-send-worker: worker=54 streams=1 payload_bytes=268435456 wire_bytes=268435584 extents=256 logical_records=65536 acks=0 seconds=1.526755 payload_Gbitps=1.407 logical_iops=42925 thread_cpu_seconds=0.048133 cpu_wall_pct=3.2 target_cpu=54 affinity_applied=true start_cpu=54 end_cpu=54 voluntary_ctxt_switches=42 involuntary_ctxt_switches=5 migrations=0
zcwal-extent-send-worker: worker=55 streams=1 payload_bytes=268435456 wire_bytes=268435584 extents=256 logical_records=65536 acks=0 seconds=1.204607 payload_Gbitps=1.783 logical_iops=54404 thread_cpu_seconds=0.044656 cpu_wall_pct=3.7 target_cpu=55 affinity_applied=true start_cpu=55 end_cpu=55 voluntary_ctxt_switches=33 involuntary_ctxt_switches=0 migrations=0
zcwal-extent-send-worker: worker=56 streams=1 payload_bytes=268435456 wire_bytes=268435584 extents=256 logical_records=65536 acks=0 seconds=0.988237 payload_Gbitps=2.173 logical_iops=66316 thread_cpu_seconds=0.065184 cpu_wall_pct=6.6 target_cpu=56 affinity_applied=true start_cpu=56 end_cpu=56 voluntary_ctxt_switches=28 involuntary_ctxt_switches=2 migrations=0
zcwal-extent-send-worker: worker=57 streams=1 payload_bytes=268435456 wire_bytes=268435584 extents=256 logical_records=65536 acks=0 seconds=0.575590 payload_Gbitps=3.731 logical_iops=113859 thread_cpu_seconds=0.045279 cpu_wall_pct=7.9 target_cpu=57 affinity_applied=true start_cpu=57 end_cpu=57 voluntary_ctxt_switches=30 involuntary_ctxt_switches=0 migrations=0
zcwal-extent-send-worker: worker=58 streams=1 payload_bytes=268435456 wire_bytes=268435584 extents=256 logical_records=65536 acks=0 seconds=0.542294 payload_Gbitps=3.960 logical_iops=120850 thread_cpu_seconds=0.055343 cpu_wall_pct=10.2 target_cpu=58 affinity_applied=true start_cpu=58 end_cpu=58 voluntary_ctxt_switches=30 involuntary_ctxt_switches=1 migrations=0
zcwal-extent-send-worker: worker=59 streams=1 payload_bytes=268435456 wire_bytes=268435584 extents=256 logical_records=65536 acks=0 seconds=1.274716 payload_Gbitps=1.685 logical_iops=51412 thread_cpu_seconds=0.044017 cpu_wall_pct=3.5 target_cpu=59 affinity_applied=true start_cpu=59 end_cpu=59 voluntary_ctxt_switches=34 involuntary_ctxt_switches=0 migrations=0
zcwal-extent-send-worker: worker=60 streams=1 payload_bytes=268435456 wire_bytes=268435584 extents=256 logical_records=65536 acks=0 seconds=0.983121 payload_Gbitps=2.184 logical_iops=66661 thread_cpu_seconds=0.043268 cpu_wall_pct=4.4 target_cpu=60 affinity_applied=true start_cpu=60 end_cpu=60 voluntary_ctxt_switches=34 involuntary_ctxt_switches=1 migrations=0
zcwal-extent-send-worker: worker=61 streams=1 payload_bytes=268435456 wire_bytes=268435584 extents=256 logical_records=65536 acks=0 seconds=1.406488 payload_Gbitps=1.527 logical_iops=46596 thread_cpu_seconds=0.043419 cpu_wall_pct=3.1 target_cpu=61 affinity_applied=true start_cpu=61 end_cpu=61 voluntary_ctxt_switches=31 involuntary_ctxt_switches=0 migrations=0
zcwal-extent-send-worker: worker=62 streams=1 payload_bytes=268435456 wire_bytes=268435584 extents=256 logical_records=65536 acks=0 seconds=0.865755 payload_Gbitps=2.480 logical_iops=75698 thread_cpu_seconds=0.051032 cpu_wall_pct=5.9 target_cpu=62 affinity_applied=true start_cpu=62 end_cpu=62 voluntary_ctxt_switches=32 involuntary_ctxt_switches=1 migrations=0
zcwal-extent-send-worker: worker=63 streams=1 payload_bytes=268435456 wire_bytes=268435584 extents=256 logical_records=65536 acks=0 seconds=1.009828 payload_Gbitps=2.127 logical_iops=64898 thread_cpu_seconds=0.043351 cpu_wall_pct=4.3 target_cpu=63 affinity_applied=true start_cpu=63 end_cpu=63 voluntary_ctxt_switches=33 involuntary_ctxt_switches=0 migrations=0
zcwal-extent-send-worker: worker=64 streams=1 payload_bytes=268435456 wire_bytes=268435584 extents=256 logical_records=65536 acks=0 seconds=0.892370 payload_Gbitps=2.406 logical_iops=73440 thread_cpu_seconds=0.065086 cpu_wall_pct=7.3 target_cpu=64 affinity_applied=true start_cpu=64 end_cpu=64 voluntary_ctxt_switches=31 involuntary_ctxt_switches=2 migrations=0
zcwal-extent-send-worker: worker=65 streams=1 payload_bytes=268435456 wire_bytes=268435584 extents=256 logical_records=65536 acks=0 seconds=0.571776 payload_Gbitps=3.756 logical_iops=114618 thread_cpu_seconds=0.044418 cpu_wall_pct=7.8 target_cpu=65 affinity_applied=true start_cpu=65 end_cpu=65 voluntary_ctxt_switches=30 involuntary_ctxt_switches=0 migrations=0
zcwal-extent-send-worker: worker=66 streams=1 payload_bytes=268435456 wire_bytes=268435584 extents=256 logical_records=65536 acks=0 seconds=1.210309 payload_Gbitps=1.774 logical_iops=54148 thread_cpu_seconds=0.069517 cpu_wall_pct=5.7 target_cpu=66 affinity_applied=true start_cpu=66 end_cpu=66 voluntary_ctxt_switches=34 involuntary_ctxt_switches=8 migrations=0
zcwal-extent-send-worker: worker=67 streams=1 payload_bytes=268435456 wire_bytes=268435584 extents=256 logical_records=65536 acks=0 seconds=1.326136 payload_Gbitps=1.619 logical_iops=49419 thread_cpu_seconds=0.044319 cpu_wall_pct=3.3 target_cpu=67 affinity_applied=true start_cpu=67 end_cpu=67 voluntary_ctxt_switches=32 involuntary_ctxt_switches=0 migrations=0
zcwal-extent-send-worker: worker=68 streams=1 payload_bytes=268435456 wire_bytes=268435584 extents=256 logical_records=65536 acks=0 seconds=0.908291 payload_Gbitps=2.364 logical_iops=72153 thread_cpu_seconds=0.057320 cpu_wall_pct=6.3 target_cpu=68 affinity_applied=true start_cpu=68 end_cpu=68 voluntary_ctxt_switches=34 involuntary_ctxt_switches=9 migrations=0
zcwal-extent-send-worker: worker=69 streams=1 payload_bytes=268435456 wire_bytes=268435584 extents=256 logical_records=65536 acks=0 seconds=1.218029 payload_Gbitps=1.763 logical_iops=53805 thread_cpu_seconds=0.043033 cpu_wall_pct=3.5 target_cpu=69 affinity_applied=true start_cpu=69 end_cpu=69 voluntary_ctxt_switches=31 involuntary_ctxt_switches=0 migrations=0
zcwal-extent-send-worker: worker=70 streams=1 payload_bytes=268435456 wire_bytes=268435584 extents=256 logical_records=65536 acks=0 seconds=1.203123 payload_Gbitps=1.785 logical_iops=54472 thread_cpu_seconds=0.042142 cpu_wall_pct=3.5 target_cpu=70 affinity_applied=true start_cpu=70 end_cpu=70 voluntary_ctxt_switches=33 involuntary_ctxt_switches=0 migrations=0
zcwal-extent-send-worker: worker=71 streams=1 payload_bytes=268435456 wire_bytes=268435584 extents=256 logical_records=65536 acks=0 seconds=1.180472 payload_Gbitps=1.819 logical_iops=55517 thread_cpu_seconds=0.042777 cpu_wall_pct=3.6 target_cpu=71 affinity_applied=true start_cpu=71 end_cpu=71 voluntary_ctxt_switches=32 involuntary_ctxt_switches=0 migrations=0
zcwal-extent-send-worker: worker=72 streams=1 payload_bytes=268435456 wire_bytes=268435584 extents=256 logical_records=65536 acks=0 seconds=1.589327 payload_Gbitps=1.351 logical_iops=41235 thread_cpu_seconds=0.060087 cpu_wall_pct=3.8 target_cpu=72 affinity_applied=true start_cpu=72 end_cpu=72 voluntary_ctxt_switches=32 involuntary_ctxt_switches=2 migrations=0
zcwal-extent-send-worker: worker=73 streams=1 payload_bytes=268435456 wire_bytes=268435584 extents=256 logical_records=65536 acks=0 seconds=1.119027 payload_Gbitps=1.919 logical_iops=58565 thread_cpu_seconds=0.042461 cpu_wall_pct=3.8 target_cpu=73 affinity_applied=true start_cpu=73 end_cpu=73 voluntary_ctxt_switches=32 involuntary_ctxt_switches=0 migrations=0
zcwal-extent-send-worker: worker=74 streams=1 payload_bytes=268435456 wire_bytes=268435584 extents=256 logical_records=65536 acks=0 seconds=0.808294 payload_Gbitps=2.657 logical_iops=81079 thread_cpu_seconds=0.056823 cpu_wall_pct=7.0 target_cpu=74 affinity_applied=true start_cpu=74 end_cpu=74 voluntary_ctxt_switches=31 involuntary_ctxt_switches=0 migrations=0
zcwal-extent-send-worker: worker=75 streams=1 payload_bytes=268435456 wire_bytes=268435584 extents=256 logical_records=65536 acks=0 seconds=1.055101 payload_Gbitps=2.035 logical_iops=62113 thread_cpu_seconds=0.039643 cpu_wall_pct=3.8 target_cpu=75 affinity_applied=true start_cpu=75 end_cpu=75 voluntary_ctxt_switches=35 involuntary_ctxt_switches=0 migrations=0
zcwal-extent-send-worker: worker=76 streams=1 payload_bytes=268435456 wire_bytes=268435584 extents=256 logical_records=65536 acks=0 seconds=0.510297 payload_Gbitps=4.208 logical_iops=128427 thread_cpu_seconds=0.063967 cpu_wall_pct=12.5 target_cpu=76 affinity_applied=true start_cpu=76 end_cpu=76 voluntary_ctxt_switches=32 involuntary_ctxt_switches=3 migrations=0
zcwal-extent-send-worker: worker=77 streams=1 payload_bytes=268435456 wire_bytes=268435584 extents=256 logical_records=65536 acks=0 seconds=1.241266 payload_Gbitps=1.730 logical_iops=52798 thread_cpu_seconds=0.041050 cpu_wall_pct=3.3 target_cpu=77 affinity_applied=true start_cpu=77 end_cpu=77 voluntary_ctxt_switches=33 involuntary_ctxt_switches=0 migrations=0
zcwal-extent-send-worker: worker=78 streams=1 payload_bytes=268435456 wire_bytes=268435584 extents=256 logical_records=65536 acks=0 seconds=0.949531 payload_Gbitps=2.262 logical_iops=69019 thread_cpu_seconds=0.042497 cpu_wall_pct=4.5 target_cpu=78 affinity_applied=true start_cpu=78 end_cpu=78 voluntary_ctxt_switches=34 involuntary_ctxt_switches=2 migrations=0
zcwal-extent-send-worker: worker=79 streams=1 payload_bytes=268435456 wire_bytes=268435584 extents=256 logical_records=65536 acks=0 seconds=1.287996 payload_Gbitps=1.667 logical_iops=50882 thread_cpu_seconds=0.044330 cpu_wall_pct=3.4 target_cpu=79 affinity_applied=true start_cpu=79 end_cpu=79 voluntary_ctxt_switches=37 involuntary_ctxt_switches=0 migrations=0
zcwal-extent-send-worker: worker=80 streams=1 payload_bytes=268435456 wire_bytes=268435584 extents=256 logical_records=65536 acks=0 seconds=1.126090 payload_Gbitps=1.907 logical_iops=58198 thread_cpu_seconds=0.040742 cpu_wall_pct=3.6 target_cpu=80 affinity_applied=true start_cpu=80 end_cpu=80 voluntary_ctxt_switches=33 involuntary_ctxt_switches=0 migrations=0
zcwal-extent-send-worker: worker=81 streams=1 payload_bytes=268435456 wire_bytes=268435584 extents=256 logical_records=65536 acks=0 seconds=1.126989 payload_Gbitps=1.906 logical_iops=58151 thread_cpu_seconds=0.046006 cpu_wall_pct=4.1 target_cpu=81 affinity_applied=true start_cpu=81 end_cpu=81 voluntary_ctxt_switches=37 involuntary_ctxt_switches=0 migrations=0
zcwal-extent-send-worker: worker=82 streams=1 payload_bytes=268435456 wire_bytes=268435584 extents=256 logical_records=65536 acks=0 seconds=1.350381 payload_Gbitps=1.590 logical_iops=48531 thread_cpu_seconds=0.069696 cpu_wall_pct=5.2 target_cpu=82 affinity_applied=true start_cpu=82 end_cpu=82 voluntary_ctxt_switches=34 involuntary_ctxt_switches=6 migrations=0
zcwal-extent-send-worker: worker=83 streams=1 payload_bytes=268435456 wire_bytes=268435584 extents=256 logical_records=65536 acks=0 seconds=0.745233 payload_Gbitps=2.882 logical_iops=87940 thread_cpu_seconds=0.044875 cpu_wall_pct=6.0 target_cpu=83 affinity_applied=true start_cpu=83 end_cpu=83 voluntary_ctxt_switches=35 involuntary_ctxt_switches=0 migrations=0
zcwal-extent-send-worker: worker=84 streams=1 payload_bytes=268435456 wire_bytes=268435584 extents=256 logical_records=65536 acks=0 seconds=1.221054 payload_Gbitps=1.759 logical_iops=53672 thread_cpu_seconds=0.065337 cpu_wall_pct=5.4 target_cpu=84 affinity_applied=true start_cpu=84 end_cpu=84 voluntary_ctxt_switches=31 involuntary_ctxt_switches=7 migrations=0
zcwal-extent-send-worker: worker=85 streams=1 payload_bytes=268435456 wire_bytes=268435584 extents=256 logical_records=65536 acks=0 seconds=1.250655 payload_Gbitps=1.717 logical_iops=52401 thread_cpu_seconds=0.044679 cpu_wall_pct=3.6 target_cpu=85 affinity_applied=true start_cpu=85 end_cpu=85 voluntary_ctxt_switches=33 involuntary_ctxt_switches=0 migrations=0
zcwal-extent-send-worker: worker=86 streams=1 payload_bytes=268435456 wire_bytes=268435584 extents=256 logical_records=65536 acks=0 seconds=1.026750 payload_Gbitps=2.092 logical_iops=63829 thread_cpu_seconds=0.046053 cpu_wall_pct=4.5 target_cpu=86 affinity_applied=true start_cpu=86 end_cpu=86 voluntary_ctxt_switches=35 involuntary_ctxt_switches=5 migrations=0
zcwal-extent-send-worker: worker=87 streams=1 payload_bytes=268435456 wire_bytes=268435584 extents=256 logical_records=65536 acks=0 seconds=0.616265 payload_Gbitps=3.485 logical_iops=106344 thread_cpu_seconds=0.043794 cpu_wall_pct=7.1 target_cpu=87 affinity_applied=true start_cpu=87 end_cpu=87 voluntary_ctxt_switches=33 involuntary_ctxt_switches=0 migrations=0
zcwal-extent-send-worker: worker=88 streams=1 payload_bytes=268435456 wire_bytes=268435584 extents=256 logical_records=65536 acks=0 seconds=0.579260 payload_Gbitps=3.707 logical_iops=113137 thread_cpu_seconds=0.053530 cpu_wall_pct=9.2 target_cpu=88 affinity_applied=true start_cpu=88 end_cpu=88 voluntary_ctxt_switches=34 involuntary_ctxt_switches=4 migrations=0
zcwal-extent-send-worker: worker=89 streams=1 payload_bytes=268435456 wire_bytes=268435584 extents=256 logical_records=65536 acks=0 seconds=0.861254 payload_Gbitps=2.493 logical_iops=76094 thread_cpu_seconds=0.047949 cpu_wall_pct=5.6 target_cpu=89 affinity_applied=true start_cpu=89 end_cpu=89 voluntary_ctxt_switches=35 involuntary_ctxt_switches=0 migrations=0
zcwal-extent-send-worker: worker=90 streams=1 payload_bytes=268435456 wire_bytes=268435584 extents=256 logical_records=65536 acks=0 seconds=0.640809 payload_Gbitps=3.351 logical_iops=102271 thread_cpu_seconds=0.043524 cpu_wall_pct=6.8 target_cpu=90 affinity_applied=true start_cpu=90 end_cpu=90 voluntary_ctxt_switches=41 involuntary_ctxt_switches=0 migrations=0
zcwal-extent-send-worker: worker=91 streams=1 payload_bytes=268435456 wire_bytes=268435584 extents=256 logical_records=65536 acks=0 seconds=0.600819 payload_Gbitps=3.574 logical_iops=109078 thread_cpu_seconds=0.045374 cpu_wall_pct=7.6 target_cpu=91 affinity_applied=true start_cpu=91 end_cpu=91 voluntary_ctxt_switches=58 involuntary_ctxt_switches=0 migrations=0
zcwal-extent-send-worker: worker=92 streams=1 payload_bytes=268435456 wire_bytes=268435584 extents=256 logical_records=65536 acks=0 seconds=1.498946 payload_Gbitps=1.433 logical_iops=43721 thread_cpu_seconds=0.060453 cpu_wall_pct=4.0 target_cpu=92 affinity_applied=true start_cpu=92 end_cpu=92 voluntary_ctxt_switches=29 involuntary_ctxt_switches=1 migrations=0
zcwal-extent-send-worker: worker=93 streams=1 payload_bytes=268435456 wire_bytes=268435584 extents=256 logical_records=65536 acks=0 seconds=1.207191 payload_Gbitps=1.779 logical_iops=54288 thread_cpu_seconds=0.036747 cpu_wall_pct=3.0 target_cpu=93 affinity_applied=true start_cpu=93 end_cpu=93 voluntary_ctxt_switches=34 involuntary_ctxt_switches=0 migrations=0
zcwal-extent-send-worker: worker=94 streams=1 payload_bytes=268435456 wire_bytes=268435584 extents=256 logical_records=65536 acks=0 seconds=1.217854 payload_Gbitps=1.763 logical_iops=53813 thread_cpu_seconds=0.095560 cpu_wall_pct=7.8 target_cpu=94 affinity_applied=true start_cpu=94 end_cpu=94 voluntary_ctxt_switches=30 involuntary_ctxt_switches=6 migrations=0
zcwal-extent-send-worker: worker=95 streams=1 payload_bytes=268435456 wire_bytes=268435584 extents=256 logical_records=65536 acks=0 seconds=0.863919 payload_Gbitps=2.486 logical_iops=75859 thread_cpu_seconds=0.045728 cpu_wall_pct=5.3 target_cpu=95 affinity_applied=true start_cpu=95 end_cpu=95 voluntary_ctxt_switches=32 involuntary_ctxt_switches=0 migrations=0
zcwal-extent-send-summary: payload_bytes=25769803776 wire_bytes=25769816064 extents=24576 logical_records=6291456 acks=0 seconds=1.591020 payload_Gbitps=129.576 logical_iops=3954354
