[11:35:28] applying benchmark host sysctls
[11:35:28] setting vm.nr_hugepages=1024
[11:35:28] raising shell memlock limit where permitted
[11:35:28] rust already installed: rustc 1.97.1 (8bab26f4f 2026-07-14)
[11:35:28] building release binaries: zcutils zcblockbench zcnblk-shm-target zcnblk-fan zcnblk-wal-leaf zcfanout-logshm-bench zcfanout-logtcp-bench
warning: unused import: `ZCNBLK_WAL_FEATURE_ALL`
  --> src/lib.rs:43:5
   |
43 |     ZCNBLK_WAL_FEATURE_ALL, ZCNBLK_WAL_FEATURE_ATOMIC_WRITE, ZCNBLK_WAL_FEATURE_BATCH_SUBMISSION,
   |     ^^^^^^^^^^^^^^^^^^^^^^
   |
   = note: `#[warn(unused_imports)]` (part of `#[warn(unused)]`) on by default

warning: value assigned to `rq_region` is never read
    --> src/lib.rs:2484:13
     |
2484 |             rq_region.id = 0;
     |             ^^^^^^^^^^^^^^^^
     |
     = help: maybe it is overwritten before being read?
     = note: `#[warn(unused_assignments)]` (part of `#[warn(unused)]`) on by default

warning: value assigned to `rq_region` is never read
    --> src/lib.rs:2485:13
     |
2485 |             rq_region.mmap_offset = 0;
     |             ^^^^^^^^^^^^^^^^^^^^^^^^^
     |
     = help: maybe it is overwritten before being read?

warning: methods `rma_write`, `rma_write_post_raw`, and `rma_read` are never used
     --> src/lib.rs:11285:8
      |
10593 | impl ZcOfiEndpoint {
      | ------------------ methods in this implementation
...
11285 |     fn rma_write(&mut self, buf: &[u8], remote_addr: u64, remote_key: u64) -> io::Result<()> {
      |        ^^^^^^^^^
...
11316 |     unsafe fn rma_write_post_raw(
      |               ^^^^^^^^^^^^^^^^^^
...
11404 |     fn rma_read(&mut self, buf: &mut [u8], remote_addr: u64, remote_key: u64) -> io::Result<()> {
      |        ^^^^^^^^
      |
      = note: `#[warn(dead_code)]` (part of `#[warn(unused)]`) on by default

warning: associated items `connect`, `register_rma_target`, `register_rma_read_buffer`, `post_rma_write_raw`, and `rma_read` are never used
     --> src/lib.rs:12164:8
      |
12163 | impl ZcOfiMessageStream {
      | ----------------------- associated items in this implementation
12164 |     fn connect(
      |        ^^^^^^^
...
12265 |     fn register_rma_target(&mut self, target: &mut [u8]) -> io::Result<(u64, u64)> {
      |        ^^^^^^^^^^^^^^^^^^^
...
12277 |     fn register_rma_read_buffer(&mut self, target: &mut [u8]) -> io::Result<()> {
      |        ^^^^^^^^^^^^^^^^^^^^^^^^
...
12307 |     unsafe fn post_rma_write_raw(
      |               ^^^^^^^^^^^^^^^^^^
...
12380 |     fn rma_read(&mut self, target: &mut [u8], remote_addr: u64, remote_key: u64) -> io::Result<()> {
      |        ^^^^^^^^

warning: function `zcnblk_fan_wal_recv_exact_dontwait_spin` is never used
     --> src/lib.rs:34217:4
      |
34217 | fn zcnblk_fan_wal_recv_exact_dontwait_spin(
      |    ^^^^^^^^^^^^^^^^^^^^^^^^^^^^^^^^^^^^^^^

warning: function `zcnblk_fan_wal_read_frame_dontwait_spin` is never used
     --> src/lib.rs:34552:4
      |
34552 | fn zcnblk_fan_wal_read_frame_dontwait_spin(stream: &TcpStream) -> io::Result<ZcnblkFanWalFrame> {
      |    ^^^^^^^^^^^^^^^^^^^^^^^^^^^^^^^^^^^^^^^

warning: function `zcnblk_fan_wal_read_payload_dontwait_spin` is never used
     --> src/lib.rs:34673:4
      |
34673 | fn zcnblk_fan_wal_read_payload_dontwait_spin(
      |    ^^^^^^^^^^^^^^^^^^^^^^^^^^^^^^^^^^^^^^^^^

warning: method `append` is never used
     --> src/lib.rs:35835:8
      |
35815 | impl ZcnblkFanWalMemfdLog {
      | ------------------------- method in this implementation
...
35835 |     fn append(&self, payload: &[u8]) -> io::Result<u64> {
      |        ^^^^^^

warning: method `admit_write_shared_lease` is never used
     --> src/lib.rs:37212:19
      |
36741 | impl ZcnblkFanWalDirtyCache {
      | --------------------------- method in this implementation
...
37212 |     pub(crate) fn admit_write_shared_lease(
      |                   ^^^^^^^^^^^^^^^^^^^^^^^^

warning: function `zc_ofi_rma_write` is never used
     --> src/lib.rs:10473:8
      |
10473 |     fn zc_ofi_rma_write(
      |        ^^^^^^^^^^^^^^^^

warning: function `zc_ofi_rma_write_post` is never used
     --> src/lib.rs:10482:8
      |
10482 |     fn zc_ofi_rma_write_post(
      |        ^^^^^^^^^^^^^^^^^^^^^

warning: function `zc_ofi_rma_read` is never used
     --> src/lib.rs:10510:8
      |
10510 |     fn zc_ofi_rma_read(
      |        ^^^^^^^^^^^^^^^

warning: constant `ZCNBLK_WAL_WRITE_LIFE_NONE` is never used
  --> src/wal_contract.rs:36:18
   |
36 | pub(crate) const ZCNBLK_WAL_WRITE_LIFE_NONE: u8 = 1;
   |                  ^^^^^^^^^^^^^^^^^^^^^^^^^^

warning: constant `ZCNBLK_WAL_WRITE_LIFE_SHORT` is never used
  --> src/wal_contract.rs:37:18
   |
37 | pub(crate) const ZCNBLK_WAL_WRITE_LIFE_SHORT: u8 = 2;
   |                  ^^^^^^^^^^^^^^^^^^^^^^^^^^^

warning: constant `ZCNBLK_WAL_WRITE_LIFE_MEDIUM` is never used
  --> src/wal_contract.rs:38:18
   |
38 | pub(crate) const ZCNBLK_WAL_WRITE_LIFE_MEDIUM: u8 = 3;
   |                  ^^^^^^^^^^^^^^^^^^^^^^^^^^^^

warning: constant `ZCNBLK_WAL_WRITE_LIFE_LONG` is never used
  --> src/wal_contract.rs:39:18
   |
39 | pub(crate) const ZCNBLK_WAL_WRITE_LIFE_LONG: u8 = 4;
   |                  ^^^^^^^^^^^^^^^^^^^^^^^^^^

warning: methods `register_rma_read_buffer` and `rma_read` are never used
   --> src/zcnblk_shm_target.rs:539:8
    |
509 | impl RemoteWalStream {
    | -------------------- methods in this implementation
...
539 |     fn register_rma_read_buffer(&mut self, target: &mut [u8]) -> io::Result<()> {
    |        ^^^^^^^^^^^^^^^^^^^^^^^^
...
679 |     fn rma_read(&mut self, target: &mut [u8], remote_addr: u64, remote_key: u64) -> io::Result<()> {
    |        ^^^^^^^^

warning: methods `write_batch` and `read_into` are never used
    --> src/zcnblk_shm_target.rs:2902:8
     |
2111 | impl RemoteWalLeaf {
     | ------------------ methods in this implementation
...
2902 |     fn write_batch(
     |        ^^^^^^^^^^^
...
2997 |     fn read_into(&mut self, request: ZcnblkShmRequest, out: &mut [u8]) -> io::Result<()> {
     |        ^^^^^^^^^

warning: fields `lane_count` and `address` are never read
    --> src/zcnblk_shm_target.rs:3597:5
     |
3595 | struct RemoteWalWorker {
     |        --------------- fields in this struct
3596[11:35:29] host topology snapshot
Linux zcutils-gce-axion-small-20260813t112542z-01 6.17.0-1022-gcp #25-Ubuntu SMP Sat Jul 25 00:47:17 UTC 2026 aarch64 aarch64 aarch64 GNU/Linux
Architecture:                            aarch64
CPU op-mode(s):                          64-bit
Byte Order:                              Little Endian
CPU(s):                                  4
On-line CPU(s) list:                     0-3
Vendor ID:                               ARM
Model name:                              Neoverse-V2
Model:                                   1
Thread(s) per core:                      1
Core(s) per socket:                      4
Socket(s):                               1
Stepping:                                r0p1
BogoMIPS:                                2000.00
Flags:                                   fp asimd evtstrm aes pmull sha1 sha2 crc32 atomics fphp asimdhp cpuid asimdrdm jscvt fcma lrcpc dcpop sha3 sm3 sm4 asimddp sha512 sve asimdfhm dit uscat ilrcpc flagm sb paca pacg dcpodp sve2 sveaes svepmull svebitperm svesha3 svesm4 flagm2 frint svei8mm svebf16 i8mm bf16 dgh rng bti
L1d cache:                               256 KiB (4 instances)
L1i cache:                               256 KiB (4 instances)
L2 cache:                                8 MiB (4 instances)
L3 cache:                                80 MiB (1 instance)
NUMA node(s):                            1
NUMA node0 CPU(s):                       0-3
Vulnerability Gather data sampling:      Not affected
Vulnerability Ghostwrite:                Not affected
Vulnerability Indirect target selection: Not affected
Vulnerability Itlb multihit:             Not affected
Vulnerability L1tf:                      Not affected
Vulnerability Mds:                       Not affected
Vulnerability Meltdown:                  Not affected
Vulnerability Mmio stale data:           Not affected
Vulnerability Old microcode:             Not affected
Vulnerability Reg file data sampling:    Not affected
Vulnerability Retbleed:                  Not affected
Vulnerability Spec rstack overflow:      Not affected
Vulnerability Spec store bypass:         Mitigation; Speculative Store Bypass disabled via prctl
Vulnerability Spectre v1:                Mitigation; __user pointer sanitization
Vulnerability Spectre v2:                Mitigation; CSV2, BHB

lo               UNKNOWN        127.0.0.1/8 ::1/128 
enp0s0           UP             10.128.0.6/32 metric 100 fe80::4001:aff:fe80:6/64 

interface=enp0s0 numa=-1 queues=9
  driver: gve
  version: 1.0.0
  firmware-version: 
  expansion-rom-version: 
  bus-info: 0000:00:00.0
  supports-statistics: yes
  supports-test: no
  supports-eeprom-access: no
  supports-register-dump: no
  supports-priv-flags: yes

 |     lane_id: u32,
3597 |     lane_count: u32,
     |     ^^^^^^^^^^
3598 |     address: String,
     |     ^^^^^^^

warning: field `lane_id` is never read
    --> src/zcnblk_shm_target.rs:3940:5
     |
3939 | struct WalLaneTransportWorker {
     |        ---------------------- field in this struct
3940 |     lane_id: u32,
     |     ^^^^^^^

warning: method `requeue_request_head` is never used
    --> src/zcnblk_shm_target.rs:7923:8
     |
6996 | impl SharedTarget {
     | ----------------- method in this implementation
...
7923 |     fn requeue_request_head(&mut self, channel: u32, sequence: u64, submit_sequence: u64) {
     |        ^^^^^^^^^^^^^^^^^^^^

warning: `zcutils` (lib) generated 22 warnings (run `cargo fix --lib -p zcutils` to apply 1 suggestion)
    Finished `release` profile [optimized] target(s) in 0.06s
fi_getinfo: -61
[11:35:29] WARNING: record lane-to-worker and lane-to-CPU mappings for every benchmark
[11:35:29] WARNING: pin hot workers/kthreads and verify route/NIC affinity before trusting IOPS numbers
[11:35:29] bootstrap manifest: /home/rob/.local/state/zcutils/adhoc-bootstrap.env
[11:35:29] zcutils adhoc bootstrap complete
