zcnblk-send: addr=127.0.0.1 shard_count=1 base_port=36960 ports=8 connections_per_port=1 total_connections=8 bytes_per_connection=16777216 chunk_bytes=4096 workers=8 op_mode=write read_window=64 verify_reads=no wait_write_acks=yes batch_depth=8 payload_pattern=fill:0x00 source_ip=kernel-route source_ports=kernel-ephemeral encryption=none aes_frame_bytes=65536
zcnblk-send-worker: affinity_index=1 target_cpu=17 status=ok
zcnblk-send-worker: affinity_index=0 target_cpu=16 status=ok
zcnblk-send-worker: affinity_index=3 target_cpu=19 status=ok
zcnblk-send-worker: affinity_index=4 target_cpu=20 status=ok
zcnblk-send-worker: affinity_index=2 target_cpu=18 status=ok
zcnblk-send-stream: worker=1 lane=1 port=36961 conn=0 shard=0 base_offset=16777216
zcnblk-send-stream: worker=0 lane=0 port=36960 conn=0 shard=0 base_offset=0
zcnblk-send-stream: worker=4 lane=4 port=36964 conn=0 shard=0 base_offset=67108864
zcnblk-send-worker: affinity_index=6 target_cpu=22 status=ok
zcnblk-send-stream: worker=3 lane=3 port=36963 conn=0 shard=0 base_offset=50331648
zcnblk-send-worker: affinity_index=7 target_cpu=23 status=ok
zcnblk-send-stream: worker=2 lane=2 port=36962 conn=0 shard=0 base_offset=33554432
zcnblk-send-worker: affinity_index=5 target_cpu=21 status=ok
zcnblk-send-stream: worker=6 lane=6 port=36966 conn=0 shard=0 base_offset=100663296
zcnblk-send-stream: worker=7 lane=7 port=36967 conn=0 shard=0 base_offset=117440512
zcnblk-send-stream: worker=5 lane=5 port=36965 conn=0 shard=0 base_offset=83886080
zcnblk-send-worker: worker=0 streams=1 write_bytes=16777216 read_bytes=0 verified_read_bytes=0 read_checksum=0x0000000000000000 expected_checksum=0x0000000000000000 wire_bytes=17334272 frames=4096 read_frames=0 write_frames=4096 frames_per_sec=243405 seconds=0.016828 logical_MiBps=950.80 target_cpu=16 affinity_applied=true
zcnblk-send-worker: worker=1 streams=1 write_bytes=16777216 read_bytes=0 verified_read_bytes=0 read_checksum=0x0000000000000000 expected_checksum=0x0000000000000000 wire_bytes=17334272 frames=4096 read_frames=0 write_frames=4096 frames_per_sec=244724 seconds=0.016737 logical_MiBps=955.95 target_cpu=17 affinity_applied=true
zcnblk-send-worker: worker=2 streams=1 write_bytes=16777216 read_bytes=0 verified_read_bytes=0 read_checksum=0x0000000000000000 expected_checksum=0x0000000000000000 wire_bytes=17334272 frames=4096 read_frames=0 write_frames=4096 frames_per_sec=246874 seconds=0.016591 logical_MiBps=964.35 target_cpu=18 affinity_applied=true
zcnblk-send-worker: worker=3 streams=1 write_bytes=16777216 read_bytes=0 verified_read_bytes=0 read_checksum=0x0000000000000000 expected_checksum=0x0000000000000000 wire_bytes=17334272 frames=4096 read_frames=0 write_frames=4096 frames_per_sec=243958 seconds=0.016790 logical_MiBps=952.96 target_cpu=19 affinity_applied=true
zcnblk-send-worker: worker=4 streams=1 write_bytes=16777216 read_bytes=0 verified_read_bytes=0 read_checksum=0x0000000000000000 expected_checksum=0x0000000000000000 wire_bytes=17334272 frames=4096 read_frames=0 write_frames=4096 frames_per_sec=296467 seconds=0.013816 logical_MiBps=1158.07 target_cpu=20 affinity_applied=true
zcnblk-send-worker: worker=5 streams=1 write_bytes=16777216 read_bytes=0 verified_read_bytes=0 read_checksum=0x0000000000000000 expected_checksum=0x0000000000000000 wire_bytes=17334272 frames=4096 read_frames=0 write_frames=4096 frames_per_sec=297031 seconds=0.013790 logical_MiBps=1160.28 target_cpu=21 affinity_applied=true
zcnblk-send-worker: worker=6 streams=1 write_bytes=16777216 read_bytes=0 verified_read_bytes=0 read_checksum=0x0000000000000000 expected_checksum=0x0000000000000000 wire_bytes=17334272 frames=4096 read_frames=0 write_frames=4096 frames_per_sec=282342 seconds=0.014507 logical_MiBps=1102.90 target_cpu=22 affinity_applied=true
zcnblk-send-worker: worker=7 streams=1 write_bytes=16777216 read_bytes=0 verified_read_bytes=0 read_checksum=0x0000000000000000 expected_checksum=0x0000000000000000 wire_bytes=17334272 frames=4096 read_frames=0 write_frames=4096 frames_per_sec=293277 seconds=0.013966 logical_MiBps=1145.61 target_cpu=23 affinity_applied=true
zcnblk-send-summary: write_bytes=134217728 read_bytes=0 verified_read_bytes=0 read_checksum=0x0000000000000000 expected_checksum=0x0000000000000000 wire_bytes=138674176 frames=32768 read_frames=0 write_frames=32768 frames_per_sec=1947241
zcnblk-send: bytes=134217728 seconds=0.016828 GiBps=7.428 Gbitps=63.807
