bench with linearizable range
2026/08/08 10:58:51 INFO: [core] original dial target is: "etcd-endpoints://0x48ceb33d2c0/127.0.0.1:22379"
2026/08/08 10:58:51 INFO: [core] [Channel #3] Channel created for target "etcd-endpoints://0x48ceb33d2c0/127.0.0.1:22379"
2026/08/08 10:58:51 INFO: [core] [Channel #3] parsed dial target is: resolver.Target{URL:url.URL{Scheme:"etcd-endpoints", Opaque:"", User:(*url.Userinfo)(nil), Host:"0x48ceb33d2c0", Path:"/127.0.0.1:22379", Fragment:"", RawQuery:"", RawPath:"", RawFragment:"", ForceQuery:false, OmitHost:false}}
2026/08/08 10:58:51 INFO: [core] [Channel #3] Channel authority set to "127.0.0.1:22379"
2026/08/08 10:58:51 INFO: [core] [Channel #3] Channel Connectivity change to CONNECTING
2026/08/08 10:58:51 INFO: [core] [Channel #3] Resolver state updated: {
  "Addresses": null,
  "Endpoints": [
    {
      "Addresses": [
        {
          "Addr": "127.0.0.1:22379",
          "ServerName": "127.0.0.1:22379",
          "Attributes": null,
          "BalancerAttributes": null,
          "Metadata": null
        }
      ],
      "Attributes": null
    }
  ],
  "ServiceConfig": {
    "Config": {
      "Config": null,
      "Methods": {}
    },
    "Err": null
  },
  "Attributes": null
} (service config updated)
2026/08/08 10:58:51 INFO: [core] [Channel #3] Channel switches to new LB policy "round_robin"
2026/08/08 10:58:51 INFO: [core] [Channel #1 SubChannel #2] Subchannel Connectivity change to CONNECTING
2026/08/08 10:58:51 INFO: [roundrobin] [0x48ceb1fadb0] Created
2026/08/08 10:58:51 INFO: [core] [Channel #3 SubChannel #4] Subchannel created
2026/08/08 10:58:51 INFO: [core] [Channel #1 SubChannel #2] Subchannel picks a new address "127.0.0.1:22379" to connect
2026/08/08 10:58:51 INFO: [core] [Channel #3] Channel exiting idle mode
2026/08/08 10:58:51 INFO: [core] [Channel #3 SubChannel #4] Subchannel Connectivity change to CONNECTING
2026/08/08 10:58:51 INFO: [core] [Channel #3 SubChannel #4] Subchannel picks a new address "127.0.0.1:22379" to connect
2026/08/08 10:58:51 INFO: [core] original dial target is: "etcd-endpoints://0x48ceb41c1e0/127.0.0.1:22379"
2026/08/08 10:58:51 INFO: [core] [Channel #5] Channel created for target "etcd-endpoints://0x48ceb41c1e0/127.0.0.1:22379"
2026/08/08 10:58:51 INFO: [core] [Channel #5] parsed dial target is: resolver.Target{URL:url.URL{Scheme:"etcd-endpoints", Opaque:"", User:(*url.Userinfo)(nil), Host:"0x48ceb41c1e0", Path:"/127.0.0.1:22379", Fragment:"", RawQuery:"", RawPath:"", RawFragment:"", ForceQuery:false, OmitHost:false}}
2026/08/08 10:58:51 INFO: [core] [Channel #5] Channel authority set to "127.0.0.1:22379"
2026/08/08 10:58:51 INFO: [core] [Channel #5] Channel Connectivity change to CONNECTING
2026/08/08 10:58:51 INFO: [core] [Channel #5] Resolver state updated: {
  "Addresses": null,
  "Endpoints": [
    {
      "Addresses": [
        {
          "Addr": "127.0.0.1:22379",
          "ServerName": "127.0.0.1:22379",
          "Attributes": null,
          "BalancerAttributes": null,
          "Metadata": null
        }
      ],
      "Attributes": null
    }
  ],
  "ServiceConfig": {
    "Config": {
      "Config": null,
      "Methods": {}
    },
    "Err": null
  },
  "Attributes": null
} (service config updated)
2026/08/08 10:58:51 INFO: [core] [Channel #5] Channel switches to new LB policy "round_robin"
2026/08/08 10:58:51 INFO: [roundrobin] [0x48ceb1fb590] Created
2026/08/08 10:58:51 INFO: [core] [Channel #5 SubChannel #7] Subchannel created
2026/08/08 10:58:51 INFO: [core] [Channel #5] Channel exiting idle mode
2026/08/08 10:58:51 INFO: [core] [Channel #1 SubChannel #2] Subchannel Connectivity change to READY
2026/08/08 10:58:51 INFO: [core] [Channel #1] Channel Connectivity change to READY
2026/08/08 10:58:51 INFO: [core] [Channel #5 SubChannel #7] Subchannel Connectivity change to CONNECTING
2026/08/08 10:58:51 INFO: [core] [Channel #5 SubChannel #7] Subchannel picks a new address "127.0.0.1:22379" to connect
2026/08/08 10:58:51 INFO: [core] original dial target is: "etcd-endpoints://0x48ceb1d90e0/127.0.0.1:22379"
2026/08/08 10:58:51 INFO: [core] [Channel #9] Channel created for target "etcd-endpoints://0x48ceb1d90e0/127.0.0.1:22379"
2026/08/08 10:58:51 INFO: [core] [Channel #9] parsed dial target is: resolver.Target{URL:url.URL{Scheme:"etcd-endpoints", Opaque:"", User:(*url.Userinfo)(nil), Host:"0x48ceb1d90e0", Path:"/127.0.0.1:22379", Fragment:"", RawQuery:"", RawPath:"", RawFragment:"", ForceQuery:false, OmitHost:false}}
2026/08/08 10:58:51 INFO: [core] [Channel #9] Channel authority set to "127.0.0.1:22379"
2026/08/08 10:58:51 INFO: [core] [Channel #9] Channel Connectivity change to CONNECTING
2026/08/08 10:58:51 INFO: [core] [Channel #9] Resolver state updated: {
  "Addresses": null,
  "Endpoints": [
    {
      "Addresses": [
        {
          "Addr": "127.0.0.1:22379",
          "ServerName": "127.0.0.1:22379",
          "Attributes": null,
          "BalancerAttributes": null,
          "Metadata": null
        }
      ],
      "Attributes": null
    }
  ],
  "ServiceConfig": {
    "Config": {
      "Config": null,
      "Methods": {}
    },
    "Err": null
  },
  "Attributes": null
} (service config updated)
2026/08/08 10:58:51 INFO: [core] [Channel #9] Channel switches to new LB policy "round_robin"
2026/08/08 10:58:51 INFO: [roundrobin] [0x48ceb06cea0] Created
2026/08/08 10:58:51 INFO: [core] [Channel #9 SubChannel #10] Subchannel created
2026/08/08 10:58:51 INFO: [core] [Channel #9] Channel exiting idle mode
2026/08/08 10:58:51 INFO: [core] [Channel #9 SubChannel #10] Subchannel Connectivity change to CONNECTING
2026/08/08 10:58:51 INFO: [core] [Channel #9 SubChannel #10] Subchannel picks a new address "127.0.0.1:22379" to connect
2026/08/08 10:58:51 INFO: [core] [Channel #9 SubChannel #10] Subchannel Connectivity change to READY
2026/08/08 10:58:51 INFO: [core] [Channel #3 SubChannel #4] Subchannel Connectivity change to READY
2026/08/08 10:58:51 INFO: [core] [Channel #3] Channel Connectivity change to READY
2026/08/08 10:58:51 INFO: [core] [Channel #9] Channel Connectivity change to READY
2026/08/08 10:58:51 INFO: [core] [Channel #5 SubChannel #7] Subchannel Connectivity change to READY
2026/08/08 10:58:51 INFO: [core] [Channel #5] Channel Connectivity change to READY
10000 / 10000 [----------------------------------------------------------------------] 100.00% ? p/s
Summary:
  Total:	0.09931965 secs.
  Slowest:	0.002376158 secs.
  Fastest:	4.13e-05 secs.
  Average:	0.00015656396210000036 secs.
  Stddev:	0.00012807168591557152 secs.
  Requests/sec:	100685.01046872397

Response time histogram:
  4.13e-05 [1]	|
  0.0002747858 [9044]	|∎∎∎∎∎∎∎∎∎∎∎∎∎∎∎∎∎∎∎∎∎∎∎∎∎∎∎∎∎∎∎∎∎∎∎∎∎∎∎∎
  0.0005082716 [736]	|∎∎∎
  0.0007417573999999999 [134]	|
  0.0009752432 [48]	|
  0.001208729 [13]	|
  0.0014422147999999999 [12]	|
  0.0016757006 [9]	|
  0.0019091864 [1]	|
  0.0021426722 [1]	|
  0.002376158 [1]	|

Latency distribution:
  10% in 7.6901e-05 secs.
  25% in 9.4011e-05 secs.
  50% in 0.000120961 secs.
  75% in 0.000166122 secs.
  90% in 0.000268373 secs.
  95% in 0.000368834 secs.
  99% in 0.000664298 secs.
  99.9% in 0.001480637 secs.
