pgbench (17.10 (Debian 17.10-0+deb13u1))
starting vacuum...end.
progress: 5.0 s, 23103.8 tps, lat 0.828 ms stddev 7.694, 0 failed
progress: 10.0 s, 0.0 tps, lat 0.000 ms stddev 0.000, 0 failed
progress: 15.0 s, 0.0 tps, lat 0.000 ms stddev 0.000, 0 failed
progress: 20.0 s, 0.0 tps, lat 0.000 ms stddev 0.000, 0 failed
progress: 25.0 s, 0.0 tps, lat 0.000 ms stddev 0.000, 0 failed
progress: 30.0 s, 0.0 tps, lat 0.000 ms stddev 0.000, 0 failed
progress: 35.0 s, 0.0 tps, lat 0.000 ms stddev 0.000, 0 failed
progress: 40.0 s, 0.0 tps, lat 0.000 ms stddev 0.000, 0 failed
progress: 45.0 s, 0.0 tps, lat 0.000 ms stddev 0.000, 0 failed
progress: 50.0 s, 0.0 tps, lat 0.000 ms stddev 0.000, 0 failed
progress: 55.0 s, 0.0 tps, lat 0.000 ms stddev 0.000, 0 failed
progress: 60.0 s, 0.0 tps, lat 0.000 ms stddev 0.000, 0 failed
progress: 65.0 s, 0.0 tps, lat 0.000 ms stddev 0.000, 0 failed
progress: 70.0 s, 0.0 tps, lat 0.000 ms stddev 0.000, 0 failed
progress: 75.0 s, 0.0 tps, lat 0.000 ms stddev 0.000, 0 failed
progress: 80.0 s, 0.0 tps, lat 0.000 ms stddev 0.000, 0 failed
progress: 85.0 s, 0.0 tps, lat 0.000 ms stddev 0.000, 0 failed
progress: 90.0 s, 0.0 tps, lat 0.000 ms stddev 0.000, 0 failed
progress: 95.0 s, 0.0 tps, lat 0.000 ms stddev 0.000, 0 failed
progress: 100.0 s, 0.0 tps, lat 0.000 ms stddev 0.000, 0 failed
progress: 105.0 s, 0.0 tps, lat 0.000 ms stddev 0.000, 0 failed
progress: 110.0 s, 0.0 tps, lat 0.000 ms stddev 0.000, 0 failed
pgbench: error: client 6 script 0 aborted in command 10 query 0: PANIC:  could not fdatasync file "00000001000000000000000C": Input/output error
WARNING:  terminating connection because of crash of another server process
DETAIL:  The postmaster has commanded this server process to roll back the current transaction and exit, because another server process exited abnormally and possibly corrupted shared memory.
HINT:  In a moment you should be able to reconnect to the database and repeat your command.
WARNING:  terminating connection because of crash of another server process
DETAIL:  The postmaster has commanded this server process to roll back the current transaction and exit, because another server process exited abnormally and possibly corrupted shared memory.
HINT:  In a moment you should be able to reconnect to the database and repeat your command.
WARNING:  terminating connection because of crash of another server process
DETAIL:  The postmaster has commanded this server process to roll back the current transaction and exit, because another server process exited abnormally and possibly corrupted shared memory.
HINT:  In a moment you should be able to reconnect to the database and repeat your command.
WARNING:  terminating connection because of crash of another server process
DETAIL:  The postmaster has commanded this server process to roll back the current transaction and exit, because another server process exited abnormally and possibly corrupted shared memory.
HINT:  In a moment you should be able to reconnect to the database and repeat your command.
WARNING:  terminating connection because of crash of another server process
DETAIL:  The postmaster has commanded this server process to roll back the current transaction and exit, because another server process exited abnormally and possibly corrupted shared memory.
HINT:  In a moment you should be able to reconnect to the database and repeat your command.
WARNING:  terminating connection because of crash of another server process
DETAIL:  The postmaster has commanded this server process to roll back the current transaction and exit, because another server process exited abnormally and possibly corrupted shared memory.
HINT:  In a moment you should be able to reconnect to the database and repeat your command.
WARNING:  terminating connection because of crash of another server process
DETAIL:  The postmaster has commanded this server process to roll back the current transaction and exit, because another server process exited abnormally and possibly corrupted shared memory.
HINT:  In a moment you should be able to reconnect to the database and repeat your command.
WARNING:  terminating connection because of crash of another server process
DETAIL:  The postmaster has commanded this server process to roll back the current transaction and exit, because another server process exited abnormally and possibly corrupted shared memory.
HINT:  In a moment you should be able to reconnect to the database and repeat your command.
WARNING:  terminating connection because of crash of another server process
DETAIL:  The postmaster has commanded this server process to roll back the current transaction and exit, because another server process exited abnormally and possibly corrupted shared memory.
HINT:  In a moment you should be able to reconnect to the database and repeat your command.
WARNING:  terminating connection because of crash of another server process
DETAIL:  The postmaster has commanded this server process to roll back the current transaction and exit, because another server process exited abnormally and possibly corrupted shared memory.
HINT:  In a moment you should be able to reconnect to the database and repeat your command.
WARNING:  terminating connection because of crash of another server process
DETAIL:  The postmaster has commanded this server process to roll back the current transaction and exit, because another server process exited abnormally and possibly corrupted shared memory.
HINT:  In a moment you should be able to reconnect to the database and repeat your command.
WARNING:  terminating connection because of crash of another server process
DETAIL:  The postmaster has commanded this server process to roll back the current transaction and exit, because another server process exited abnormally and possibly corrupted shared memory.
HINT:  In a moment you should be able to reconnect to the database and repeat your command.
WARNING:  terminating connection because of crash of another server process
DETAIL:  The postmaster has commanded this server process to roll back the current transaction and exit, because another server process exited abnormally and possibly corrupted shared memory.
HINT:  In a moment you should be able to reconnect to the database and repeat your command.
pgbench: error: client 7 aborted in command 7 (SQL) of script 0; perhaps the backend died while processing
pgbench: error: client 22 aborted in command 8 (SQL) of script 0; perhaps the backend died while processing
pgbench: error: client 30 aborted in command 8 (SQL) of script 0; perhaps the backend died while processing
pgbench: error: client 13 aborted in command 8 (SQL) of script 0; perhaps the backend died while processing
pgbench: error: WARNING:  terminating connection because of crash of another server process
DETAIL:  The postmaster has commanded this server process to roll back the current transaction and exit, because another server process exited abnormally and possibly corrupted shared memory.
HINT:  In a moment you should be able to reconnect to the database and repeat your command.
client 31 aborted in command 10 (SQL) of script 0; perhaps the backend died while processing
pgbench: error: client 14 aborted in command 10 (SQL) of script 0; perhaps the backend died while processing
WARNING:  terminating connection because of crash of another server process
DETAIL:  The postmaster has commanded this server process to roll back the current transaction and exit, because another server process exited abnormally and possibly corrupted shared memory.
HINT:  In a moment you should be able to reconnect to the database and repeat your command.
WARNING:  terminating connection because of crash of another server process
DETAIL:  The postmaster has commanded this server process to roll back the current transaction and exit, because another server process exited abnormally and possibly corrupted shared memory.
HINT:  In a moment you should be able to reconnect to the database and repeat your command.
WARNING:  terminating connection because of crash of another server process
DETAIL:  The postmaster has commanded this server process to roll back the current transaction and exit, because another server process exited abnormally and possibly corrupted shared memory.
HINT:  In a moment you should be able to reconnect to the database and repeat your command.
WARNING:  terminating connection because of crash of another server process
DETAIL:  The postmaster has commanded this server process to roll back the current transaction and exit, because another server process exited abnormally and possibly corrupted shared memory.
HINT:  In a moment you should be able to reconnect to the database and repeat your command.
WARNING:  terminating connection because of crash of another server process
DETAIL:  The postmaster has commanded this server process to roll back the current transaction and exit, because another server process exited abnormally and possibly corrupted shared memory.
HINT:  In a moment you should be able to reconnect to the database and repeat your command.
WARNING:  terminating connection because of crash of another server process
DETAIL:  The postmaster has commanded this server process to roll back the current transaction and exit, because another server process exited abnormally and possibly corrupted shared memory.
HINT:  In a moment you should be able to reconnect to the database and repeat your command.
pgbench: error: client 15 aborted in command 7 (SQL) of script 0; perhaps the backend died while processing
pgbench: error: client 0 aborted in command 7 (SQL) of script 0; perhaps the backend died while processing
pgbench: error: pgbench:pgbench: client 20 aborted in command 10 (SQL) of script 0; perhaps the backend died while processing
 error: client 12 aborted in command 8 (SQL) of script 0; perhaps the backend died while processing
pgbench: error: client 28 aborted in command 10 (SQL) of script 0; perhaps the backend died while processing
pgbench: error: client 23 aborted in command 8 (SQL) of script 0; perhaps the backend died while processing
error: client 5 aborted in command 7 (SQL) of script 0; perhaps the backend died while processing
WARNING:  terminating connection because of crash of another server process
DETAIL:  The postmaster has commanded this server process to roll back the current transaction and exit, because another server process exited abnormally and possibly corrupted shared memory.
HINT:  In a moment you should be able to reconnect to the database and repeat your command.
WARNING:  terminating connection because of crash of another server process
DETAIL:  The postmaster has commanded this server process to roll back the current transaction and exit, because another server process exited abnormally and possibly corrupted shared memory.
HINT:  In a moment you should be able to reconnect to the database and repeat your command.
WARNING:  terminating connection because of crash of another server process
DETAIL:  The postmaster has commanded this server process to roll back the current transaction and exit, because another server process exited abnormally and possibly corrupted shared memory.
HINT:  In a moment you should be able to reconnect to the database and repeat your command.
WARNING:  terminating connection because of crash of another server process
DETAIL:  The postmaster has commanded this server process to roll back the current transaction and exit, because another server process exited abnormally and possibly corrupted shared memory.
HINT:  In a moment you should be able to reconnect to the database and repeat your command.
WARNING:  terminating connection because of crash of another server process
DETAIL:  The postmaster has commanded this server process to roll back the current transaction and exit, because another server process exited abnormally and possibly corrupted shared memory.
HINT:  In a moment you should be able to reconnect to the database and repeat your command.
WARNING:  terminating connection because of crash of another server process
DETAIL:  The postmaster has commanded this server process to roll back the current transaction and exit, because another server process exited abnormally and possibly corrupted shared memory.
HINT:  In a moment you should be able to reconnect to the database and repeat your command.
WARNING:  terminating connection because of crash of another server process
DETAIL:  The postmaster has commanded this server process to roll back the current transaction and exit, because another server process exited abnormally and possibly corrupted shared memory.
HINT:  In a moment you should be able to reconnect to the database and repeat your command.
pgbench: error: client 11 aborted in command 7 (SQL) of script 0; perhaps the backend died while processing
WARNING:  terminating connection because of crash of another server process
DETAIL:  The postmaster has commanded this server process to roll back the current transaction and exit, because another server process exited abnormally and possibly corrupted shared memory.
HINT:  In a moment you should be able to reconnect to the database and repeat your command.
pgbench: pgbench: error: client 17 aborted in command 8 (SQL) of script 0; perhaps the backend died while processing
error: pgbench: error: client 29 aborted in command 10 (SQL) of script 0; perhaps the backend died while processing
client 9 aborted in command 8 (SQL) of script 0; perhaps the backend died while processing
pgbench: error: client 24 aborted in command 8 (SQL) of script 0; perhaps the backend died while processing
pgbench: error: client 1 aborted in command 7 (SQL) of script 0; perhaps the backend died while processing
WARNING:  terminating connection because of crash of another server process
DETAIL:  The postmaster has commanded this server process to roll back the current transaction and exit, because another server process exited abnormally and possibly corrupted shared memory.
HINT:  In a moment you should be able to reconnect to the database and repeat your command.
pgbench: error: pgbench:pgbench: error: client 18 aborted in command 7 (SQL) of script 0; perhaps the backend died while processing
 error: client 2 aborted in command 8 (SQL) of script 0; perhaps the backend died while processing
client 8 aborted in command 7 (SQL) of script 0; perhaps the backend died while processing
pgbench: error: client 3 aborted in command 8 (SQL) of script 0; perhaps the backend died while processing
pgbench: error: client 19 aborted in command 8 (SQL) of script 0; perhaps the backend died while processing
WARNING:  terminating connection because of crash of another server process
DETAIL:  The postmaster has commanded this server process to roll back the current transaction and exit, because another server process exited abnormally and possibly corrupted shared memory.
HINT:  In a moment you should be able to reconnect to the database and repeat your command.
pgbench: error: client 16 aborted in command 8 (SQL) of script 0; perhaps the backend died while processing
WARNING:  terminating connection because of crash of another server process
DETAIL:  The postmaster has commanded this server process to roll back the current transaction and exit, because another server process exited abnormally and possibly corrupted shared memory.
HINT:  In a moment you should be able to reconnect to the database and repeat your command.
pgbench: error: client 26 aborted in command 8 (SQL) of script 0; perhaps the backend died while processing
pgbench: error: client 4 aborted in command 8 (SQL) of script 0; perhaps the backend died while processing
pgbench: error: client 10 aborted in command 10 (SQL) of script 0; perhaps the backend died while processing
pgbench: error: client 21 aborted in command 8 (SQL) of script 0; perhaps the backend died while processing
pgbench: error: client 27 aborted in command 7 (SQL) of script 0; perhaps the backend died while processing
pgbench: error: client 25 aborted in command 10 (SQL) of script 0; perhaps the backend died while processing
transaction type: <builtin: TPC-B (sort of)>
scaling factor: 10
query mode: simple
number of clients: 32
number of threads: 4
maximum number of tries: 1
duration: 10 s
number of transactions actually processed: 115532
number of failed transactions: 0 (0.000%)
latency average = 0.828 ms
latency stddev = 7.694 ms
initial connection time = 8.503 ms
tps = 1012.774190 (without initial connection time)
statement latencies in milliseconds and failures:
         0.000           0  \set aid random(1, 100000 * :scale)
         0.000           0  \set bid random(1, 1 * :scale)
         0.000           0  \set tid random(1, 10 * :scale)
         0.000           0  \set delta random(-5000, 5000)
         0.013           0  BEGIN;
         0.035           0  UPDATE pgbench_accounts SET abalance = abalance + :delta WHERE aid = :aid;
         0.022           0  SELECT abalance FROM pgbench_accounts WHERE aid = :aid;
         0.188           0  UPDATE pgbench_tellers SET tbalance = tbalance + :delta WHERE tid = :tid;
         0.380           0  UPDATE pgbench_branches SET bbalance = bbalance + :delta WHERE bid = :bid;
         0.022           0  INSERT INTO pgbench_history (tid, bid, aid, delta, mtime) VALUES (:tid, :bid, :aid, :delta, CURRENT_TIMESTAMP);
         0.167           0  END;
pgbench: error: Run was aborted; the above results are incomplete.
