	Command being timed: "timeout 40 ./target/release/zcutils zcwal-ofi-send tcp rdm 127.0.0.1 43800 4 16M 1M 4 true"
	User time (seconds): 0.38
	System time (seconds): 0.22
	Percent of CPU this job got: 110%
	Elapsed (wall clock) time (h:mm:ss or m:ss): 0:00.55
	Average shared text size (kbytes): 0
	Average unshared data size (kbytes): 0
	Average stack size (kbytes): 0
	Average total size (kbytes): 0
	Maximum resident set size (kbytes): 78000
	Average resident set size (kbytes): 0
	Major (requiring I/O) page faults: 0
	Minor (reclaiming a frame) page faults: 3180
	Voluntary context switches: 602
	Involuntary context switches: 156
	Swaps: 0
	File system inputs: 0
	File system outputs: 16
	Socket messages sent: 0
	Socket messages received: 0
	Signals delivered: 0
	Page size (bytes): 4096
	Exit status: 0
