	Command being timed: "timeout 30 ./target/release/zcutils zcwal-ofi-recv tcp rdm 127.0.0.1 46200 4 4M 64K 4 true"
	User time (seconds): 1.40
	System time (seconds): 0.67
	Percent of CPU this job got: 77%
	Elapsed (wall clock) time (h:mm:ss or m:ss): 0:02.67
	Average shared text size (kbytes): 0
	Average unshared data size (kbytes): 0
	Average stack size (kbytes): 0
	Average total size (kbytes): 0
	Maximum resident set size (kbytes): 74152
	Average resident set size (kbytes): 0
	Major (requiring I/O) page faults: 0
	Minor (reclaiming a frame) page faults: 3219
	Voluntary context switches: 606
	Involuntary context switches: 534
	Swaps: 0
	File system inputs: 0
	File system outputs: 8
	Socket messages sent: 0
	Socket messages received: 0
	Signals delivered: 0
	Page size (bytes): 4096
	Exit status: 0
