zcblockbench-plan: target=/dev/zcnblk0 engine=uring-fixed mode=rw workers=16 ops_per_worker=100000 chunk_bytes=4096 iodepth=128 ring_entries=256 read_percent=50 region_bytes_per_worker=67108864 ring_mode=normal cqe=16 registered_ring=false sqpoll_idle_ms=1000 buffers=hugetlb pin_workers=true target_kind=block
zcblockbench-target: target=/dev/zcnblk0 total_region_bytes=1073741824 device_bytes=2147483648 required_alignment=4096 segment_bytes=2097152
zcblockbench-worker: affinity_index=0 target_cpu=0 status=ok
zcblockbench-worker: affinity_index=5 target_cpu=20 status=ok
zcblockbench-worker: affinity_index=7 target_cpu=28 status=ok
zcblockbench-worker: affinity_index=1 target_cpu=4 status=ok
zcblockbench-worker: affinity_index=8 target_cpu=32 status=ok
zcblockbench-worker: affinity_index=2 target_cpu=8 status=ok
zcblockbench-worker: affinity_index=9 target_cpu=36 status=ok
zcblockbench-worker: affinity_index=6 target_cpu=24 status=ok
zcblockbench-worker: affinity_index=4 target_cpu=16 status=ok
zcblockbench-worker: affinity_index=3 target_cpu=12 status=ok
zcblockbench-worker: affinity_index=10 target_cpu=40 status=ok
zcblockbench-worker: affinity_index=11 target_cpu=44 status=ok
zcblockbench-worker: affinity_index=12 target_cpu=48 status=ok
zcblockbench-worker: affinity_index=13 target_cpu=52 status=ok
zcblockbench-worker: affinity_index=14 target_cpu=56 status=ok
zcblockbench-worker: affinity_index=15 target_cpu=60 status=ok
zcblockbench-worker: engine=uring-fixed worker=0 ops=100000 reads=50089 writes=49911 seconds=1.802098 ops_per_sec=55491 cpu_seconds=0.082270 cpu_percent=4.57 cpu_ns_per_op=822.7 base_offset=0 region_bytes=67108864 depth=128 completion_batch=64 target_cpu=0 affinity_applied=true local_cpu=0 worker_numa_node=0 sqpoll_cpu=-1 buffers=hugetlb buffer_base=0xef29d4000000 buffer_alignment=67108864 buffer_stride=2097152 buffer_map_len=268435456 memory_policy=first-touch
zcblockbench-worker: engine=uring-fixed worker=1 ops=100000 reads=50168 writes=49832 seconds=1.727644 ops_per_sec=57882 cpu_seconds=0.096297 cpu_percent=5.57 cpu_ns_per_op=963.0 base_offset=67108864 region_bytes=67108864 depth=128 completion_batch=64 target_cpu=4 affinity_applied=true local_cpu=4 worker_numa_node=0 sqpoll_cpu=-1 buffers=hugetlb buffer_base=0xef2950000000 buffer_alignment=268435456 buffer_stride=2097152 buffer_map_len=268435456 memory_policy=first-touch
zcblockbench-worker: engine=uring-fixed worker=2 ops=100000 reads=50094 writes=49906 seconds=1.801778 ops_per_sec=55501 cpu_seconds=0.084915 cpu_percent=4.71 cpu_ns_per_op=849.1 base_offset=134217728 region_bytes=67108864 depth=128 completion_batch=64 target_cpu=8 affinity_applied=true local_cpu=8 worker_numa_node=0 sqpoll_cpu=-1 buffers=hugetlb buffer_base=0xef29a0000000 buffer_alignment=536870912 buffer_stride=2097152 buffer_map_len=268435456 memory_policy=first-touch
zcblockbench-worker: engine=uring-fixed worker=3 ops=100000 reads=50030 writes=49970 seconds=1.776424 ops_per_sec=56293 cpu_seconds=0.085957 cpu_percent=4.84 cpu_ns_per_op=859.6 base_offset=201326592 region_bytes=67108864 depth=128 completion_batch=64 target_cpu=12 affinity_applied=true local_cpu=12 worker_numa_node=0 sqpoll_cpu=-1 buffers=hugetlb buffer_base=0xef2920000000 buffer_alignment=536870912 buffer_stride=2097152 buffer_map_len=268435456 memory_policy=first-touch
zcblockbench-worker: engine=uring-fixed worker=4 ops=100000 reads=49987 writes=50013 seconds=1.555238 ops_per_sec=64299 cpu_seconds=0.135435 cpu_percent=8.71 cpu_ns_per_op=1354.4 base_offset=268435456 region_bytes=67108864 depth=128 completion_batch=64 target_cpu=16 affinity_applied=true local_cpu=16 worker_numa_node=0 sqpoll_cpu=-1 buffers=hugetlb buffer_base=0xef2940000000 buffer_alignment=1073741824 buffer_stride=2097152 buffer_map_len=268435456 memory_policy=first-touch
zcblockbench-worker: engine=uring-fixed worker=5 ops=100000 reads=49742 writes=50258 seconds=1.625949 ops_per_sec=61503 cpu_seconds=0.113707 cpu_percent=6.99 cpu_ns_per_op=1137.1 base_offset=335544320 region_bytes=67108864 depth=128 completion_batch=64 target_cpu=20 affinity_applied=true local_cpu=20 worker_numa_node=0 sqpoll_cpu=-1 buffers=hugetlb buffer_base=0xef2970000000 buffer_alignment=268435456 buffer_stride=2097152 buffer_map_len=268435456 memory_policy=first-touch
zcblockbench-worker: engine=uring-fixed worker=6 ops=100000 reads=49676 writes=50324 seconds=1.543602 ops_per_sec=64784 cpu_seconds=0.129528 cpu_percent=8.39 cpu_ns_per_op=1295.3 base_offset=402653184 region_bytes=67108864 depth=128 completion_batch=64 target_cpu=24 affinity_applied=true local_cpu=24 worker_numa_node=0 sqpoll_cpu=-1 buffers=hugetlb buffer_base=0xef2980000000 buffer_alignment=2147483648 buffer_stride=2097152 buffer_map_len=268435456 memory_policy=first-touch
zcblockbench-worker: engine=uring-fixed worker=7 ops=100000 reads=50013 writes=49987 seconds=1.539089 ops_per_sec=64974 cpu_seconds=0.130036 cpu_percent=8.45 cpu_ns_per_op=1300.4 base_offset=469762048 region_bytes=67108864 depth=128 completion_batch=64 target_cpu=28 affinity_applied=true local_cpu=28 worker_numa_node=0 sqpoll_cpu=-1 buffers=hugetlb buffer_base=0xef2960000000 buffer_alignment=536870912 buffer_stride=2097152 buffer_map_len=268435456 memory_policy=first-touch
zcblockbench-worker: engine=uring-fixed worker=8 ops=100000 reads=50068 writes=49932 seconds=1.789950 ops_per_sec=55867 cpu_seconds=0.087089 cpu_percent=4.87 cpu_ns_per_op=870.9 base_offset=536870912 region_bytes=67108864 depth=128 completion_batch=64 target_cpu=32 affinity_applied=true local_cpu=32 worker_numa_node=0 sqpoll_cpu=-1 buffers=hugetlb buffer_base=0xef29b8000000 buffer_alignment=134217728 buffer_stride=2097152 buffer_map_len=268435456 memory_policy=first-touch
zcblockbench-worker: engine=uring-fixed worker=9 ops=100000 reads=50115 writes=49885 seconds=1.797163 ops_per_sec=55643 cpu_seconds=0.084210 cpu_percent=4.69 cpu_ns_per_op=842.1 base_offset=603979776 region_bytes=67108864 depth=128 completion_batch=64 target_cpu=36 affinity_applied=true local_cpu=36 worker_numa_node=0 sqpoll_cpu=-1 buffers=hugetlb buffer_base=0xef2990000000 buffer_alignment=268435456 buffer_stride=2097152 buffer_map_len=268435456 memory_policy=first-touch
zcblockbench-worker: engine=uring-fixed worker=10 ops=100000 reads=50143 writes=49857 seconds=1.549837 ops_per_sec=64523 cpu_seconds=0.128521 cpu_percent=8.29 cpu_ns_per_op=1285.2 base_offset=671088640 region_bytes=67108864 depth=128 completion_batch=64 target_cpu=40 affinity_applied=true local_cpu=40 worker_numa_node=0 sqpoll_cpu=-1 buffers=hugetlb buffer_base=0xef2910000000 buffer_alignment=268435456 buffer_stride=2097152 buffer_map_len=268435456 memory_policy=first-touch
zcblockbench-worker: engine=uring-fixed worker=11 ops=100000 reads=50121 writes=49879 seconds=1.787161 ops_per_sec=55955 cpu_seconds=0.087838 cpu_percent=4.91 cpu_ns_per_op=878.4 base_offset=738197504 region_bytes=67108864 depth=128 completion_batch=64 target_cpu=44 affinity_applied=true local_cpu=44 worker_numa_node=0 sqpoll_cpu=-1 buffers=hugetlb buffer_base=0xef28f4000000 buffer_alignment=67108864 buffer_stride=2097152 buffer_map_len=268435456 memory_policy=first-touch
zcblockbench-worker: engine=uring-fixed worker=12 ops=100000 reads=50163 writes=49837 seconds=1.597923 ops_per_sec=62581 cpu_seconds=0.139132 cpu_percent=8.71 cpu_ns_per_op=1391.3 base_offset=805306368 region_bytes=67108864 depth=128 completion_batch=64 target_cpu=48 affinity_applied=true local_cpu=48 worker_numa_node=0 sqpoll_cpu=-1 buffers=hugetlb buffer_base=0xef28e4000000 buffer_alignment=67108864 buffer_stride=2097152 buffer_map_len=268435456 memory_policy=first-touch
zcblockbench-worker: engine=uring-fixed worker=13 ops=100000 reads=49807 writes=50193 seconds=1.789150 ops_per_sec=55892 cpu_seconds=0.083781 cpu_percent=4.68 cpu_ns_per_op=837.8 base_offset=872415232 region_bytes=67108864 depth=128 completion_batch=64 target_cpu=52 affinity_applied=true local_cpu=52 worker_numa_node=0 sqpoll_cpu=-1 buffers=hugetlb buffer_base=0xef28d4000000 buffer_alignment=67108864 buffer_stride=2097152 buffer_map_len=268435456 memory_policy=first-touch
zcblockbench-worker: engine=uring-fixed worker=14 ops=100000 reads=49926 writes=50074 seconds=1.782037 ops_per_sec=56116 cpu_seconds=0.091793 cpu_percent=5.15 cpu_ns_per_op=917.9 base_offset=939524096 region_bytes=67108864 depth=128 completion_batch=64 target_cpu=56 affinity_applied=true local_cpu=56 worker_numa_node=0 sqpoll_cpu=-1 buffers=hugetlb buffer_base=0xef28c4000000 buffer_alignment=67108864 buffer_stride=2097152 buffer_map_len=268435456 memory_policy=first-touch
zcblockbench-worker: engine=uring-fixed worker=15 ops=100000 reads=50197 writes=49803 seconds=1.799825 ops_per_sec=55561 cpu_seconds=0.082235 cpu_percent=4.57 cpu_ns_per_op=822.3 base_offset=1006632960 region_bytes=67108864 depth=128 completion_batch=64 target_cpu=60 affinity_applied=true local_cpu=60 worker_numa_node=0 sqpoll_cpu=-1 buffers=hugetlb buffer_base=0xef28b4000000 buffer_alignment=67108864 buffer_stride=2097152 buffer_map_len=268435456 memory_policy=first-touch
zcblockbench-result: target=/dev/zcnblk0 engine=uring-fixed mode=rw workers=16 ops_per_worker=100000 total_ops=1600000 reads=800339 writes=799661 read_percent=50 chunk_bytes=4096 region_bytes_per_worker=67108864 pipeline_per_worker=128 total_pipeline=2048 ring_entries=256 ring_mode=normal cqe=16 registered_ring=false buffers=hugetlb pin_workers=true wall_seconds=1.819519 io_seconds=1.802098 slowest_worker_seconds=1.802098 total_cpu_seconds=1.642744 aggregate_cpu_percent=91.16 cpu_ns_per_op=1026.7 MiBps=3468.18 ops_per_sec=887854
