zcnblk-send: addr=127.0.0.1 shard_count=1 base_port=20000 ports=4 connections_per_port=1 total_connections=4 bytes_per_connection=8388608 chunk_bytes=4096 workers=4 op_mode=mixed read_window=64 write_window=1024 access=random:range_bytes=8388608:seed=0x0000000000008804 verify_reads=no wait_write_acks=yes batch_depth=64 payload_pattern=fill:0x00 source_ip=kernel-route source_ports=kernel-ephemeral latency=yes encryption=none aes_frame_bytes=65536
zcnblk-send-worker: affinity_index=3 target_cpu=27 status=ok
zcnblk-send-worker: affinity_index=1 target_cpu=25 status=ok
zcnblk-send-worker: affinity_index=0 target_cpu=24 status=ok
zcnblk-send-worker: affinity_index=2 target_cpu=26 status=ok
zcnblk-send-stream: worker=0 lane=0 port=20000 conn=0 shard=0 base_offset=0
zcnblk-send-stream: worker=1 lane=1 port=20001 conn=0 shard=0 base_offset=8388608
zcnblk-send-stream: worker=3 lane=3 port=20003 conn=0 shard=0 base_offset=25165824
zcnblk-send-stream: worker=2 lane=2 port=20002 conn=0 shard=0 base_offset=16777216
zcnblk-send-worker: worker=0 streams=1 write_bytes=4194304 read_bytes=4194304 verified_read_bytes=0 read_checksum=0x0000000000000000 expected_checksum=0x0000000000000000 wire_bytes=8773568 frames=2048 read_frames=1024 write_frames=1024 frames_per_sec=513 seconds=3.988379 logical_MiBps=2.01 target_cpu=24 affinity_applied=true
zcnblk-send-worker-latency: worker=0 write_ack_count=1024 write_ack_avg_ns=241735865 write_ack_min_ns=8291659 write_ack_p50_ns=252000000 write_ack_p95_ns=257000000 write_ack_p99_ns=257000000 write_ack_p999_ns=258000000 write_ack_max_ns=259683808 read_count=1024 read_avg_ns=241737454 read_min_ns=8317780 read_p50_ns=252000000 read_p95_ns=257000000 read_p99_ns=257000000 read_p999_ns=258000000 read_max_ns=259683418
zcnblk-send-worker: worker=1 streams=1 write_bytes=4194304 read_bytes=4194304 verified_read_bytes=0 read_checksum=0x0000000000000000 expected_checksum=0x0000000000000000 wire_bytes=8773632 frames=2048 read_frames=1024 write_frames=1024 frames_per_sec=503 seconds=4.072355 logical_MiBps=1.96 target_cpu=25 affinity_applied=true
zcnblk-send-worker-latency: worker=1 write_ack_count=1024 write_ack_avg_ns=247430008 write_ack_min_ns=8279149 write_ack_p50_ns=256000000 write_ack_p95_ns=260000000 write_ack_p99_ns=261000000 write_ack_p999_ns=261000000 write_ack_max_ns=263102296 read_count=1024 read_avg_ns=247415234 read_min_ns=8321500 read_p50_ns=256000000 read_p95_ns=260000000 read_p99_ns=261000000 read_p999_ns=261000000 read_max_ns=263101966
zcnblk-send-worker: worker=2 streams=1 write_bytes=4194304 read_bytes=4194304 verified_read_bytes=0 read_checksum=0x0000000000000000 expected_checksum=0x0000000000000000 wire_bytes=8773632 frames=2048 read_frames=1024 write_frames=1024 frames_per_sec=512 seconds=3.996365 logical_MiBps=2.00 target_cpu=26 affinity_applied=true
zcnblk-send-worker-latency: worker=2 write_ack_count=1024 write_ack_avg_ns=242494624 write_ack_min_ns=8269009 write_ack_p50_ns=252000000 write_ack_p95_ns=257000000 write_ack_p99_ns=257000000 write_ack_p999_ns=257000000 write_ack_max_ns=257224856 read_count=1024 read_avg_ns=242492757 read_min_ns=8308930 read_p50_ns=252000000 read_p95_ns=257000000 read_p99_ns=257000000 read_p999_ns=257000000 read_max_ns=257224706
zcnblk-send-worker: worker=3 streams=1 write_bytes=4194304 read_bytes=4194304 verified_read_bytes=0 read_checksum=0x0000000000000000 expected_checksum=0x0000000000000000 wire_bytes=8773568 frames=2048 read_frames=1024 write_frames=1024 frames_per_sec=506 seconds=4.044363 logical_MiBps=1.98 target_cpu=27 affinity_applied=true
zcnblk-send-worker-latency: worker=3 write_ack_count=1024 write_ack_avg_ns=245555964 write_ack_min_ns=8300569 write_ack_p50_ns=253000000 write_ack_p95_ns=257000000 write_ack_p99_ns=257000000 write_ack_p999_ns=258000000 write_ack_max_ns=257638220 read_count=1024 read_avg_ns=245538037 read_min_ns=8341570 read_p50_ns=253000000 read_p95_ns=257000000 read_p99_ns=257000000 read_p999_ns=258000000 read_max_ns=257638070
zcnblk-send-summary: write_bytes=16777216 read_bytes=16777216 verified_read_bytes=0 read_checksum=0x0000000000000000 expected_checksum=0x0000000000000000 wire_bytes=35094400 frames=8192 read_frames=4096 write_frames=4096 frames_per_sec=2012
zcnblk-send-latency-summary: write_ack_count=4096 write_ack_avg_ns=244304115 write_ack_min_ns=8269009 write_ack_p50_ns=253000000 write_ack_p95_ns=257000000 write_ack_p99_ns=260000000 write_ack_p999_ns=261000000 write_ack_max_ns=263102296 read_count=4096 read_avg_ns=244295870 read_min_ns=8308930 read_p50_ns=253000000 read_p95_ns=257000000 read_p99_ns=260000000 read_p999_ns=261000000 read_max_ns=263101966
zcnblk-send: bytes=33554432 seconds=4.072355 GiBps=0.008 Gbitps=0.066
