topology_preflight=1
run_mode=local
strict=1
topology_preflight_fatal=0
topology_busy_pct=1.0
local_mapped_cpus=0,1,2,3,4,5,6,7,8
local_mapped_cpu_count=9
stage=client cpus=0-2 unique_cpus=3
stage=fan-handler cpus=3-5 unique_cpus=3
stage=fan-async cpus=6-8 unique_cpus=3
cpu=0 governor=powersave
cpu=1 governor=powersave
cpu=2 governor=powersave
cpu=3 governor=powersave
cpu=4 governor=powersave
cpu=5 governor=powersave
cpu=6 governor=powersave
cpu=7 governor=powersave
cpu=8 governor=powersave
PERF WARNING: mapped CPUs are not all using performance governor: cpu0=powersave,cpu1=powersave,cpu2=powersave,cpu3=powersave,cpu4=powersave,cpu5=powersave,cpu6=powersave,cpu7=powersave,cpu8=powersave
== mapped cpu mhz sample ==
CPU CORE SOCKET NODE L1d:L1i:L2:L3 ONLINE    MAXMHZ   MINMHZ       MHZ
  0    0      0    0 0:0:0:0          yes 5756.4521 624.1940 5540.1421
  1    1      0    0 1:1:1:0          yes 5756.4521 624.1940 5547.2832
  2    2      0    0 2:2:2:0          yes 5756.4521 624.1940 5559.5581
  3    3      0    0 3:3:3:0          yes 5756.4521 624.1940 5551.3452
  4    4      0    0 4:4:4:0          yes 5756.4521 624.1940 5531.5430
  5    5      0    0 5:5:5:0          yes 5756.4521 624.1940 5533.7622
  6    6      0    0 6:6:6:0          yes 5756.4521 624.1940 5534.2441
  7    7      0    0 7:7:7:0          yes 5756.4521 624.1940 5560.9941
  8    8      0    0 8:8:8:1          yes 5756.4521 624.1940 5574.9980
memlock_limit=8192
PERF WARNING: memlock is 8192; zero-copy/RDMA/hugetlb results are not representative without enough locked-memory headroom
nr_hugepages=0
PERF WARNING: vm.nr_hugepages is 0; this is a smoke run for hugetlb-backed zero-copy/RDMA comparisons
