zcnblk-send: addr=127.0.0.1 shard_count=1 base_port=20800 ports=8 connections_per_port=1 total_connections=8 bytes_per_connection=67108864 chunk_bytes=4096 workers=8 op_mode=write read_window=4096 write_window=4096 access=linear verify_reads=no wait_write_acks=yes batch_depth=64 payload_pattern=offset:seed=0x0000000000003039 source_ip=127.0.0.1 source_ports=kernel-ephemeral latency=yes encryption=none aes_frame_bytes=65536
zcnblk-send-worker: affinity_index=0 target_cpu=0 status=ok
zcnblk-send-worker: affinity_index=1 target_cpu=1 status=ok
zcnblk-send-worker: affinity_index=3 target_cpu=3 status=ok
zcnblk-send-worker: affinity_index=2 target_cpu=2 status=ok
zcnblk-send-stream: worker=0 lane=0 port=20800 conn=0 shard=0 base_offset=0
zcnblk-send-worker: affinity_index=4 target_cpu=4 status=ok
zcnblk-send-worker: affinity_index=5 target_cpu=5 status=ok
zcnblk-send-stream: worker=1 lane=1 port=20801 conn=0 shard=0 base_offset=67108864
zcnblk-send-stream: worker=3 lane=3 port=20803 conn=0 shard=0 base_offset=201326592
zcnblk-send-worker: affinity_index=7 target_cpu=7 status=ok
zcnblk-send-stream: worker=2 lane=2 port=20802 conn=0 shard=0 base_offset=134217728
zcnblk-send-worker: affinity_index=6 target_cpu=6 status=ok
zcnblk-send-stream: worker=4 lane=4 port=20804 conn=0 shard=0 base_offset=268435456
zcnblk-send-stream: worker=5 lane=5 port=20805 conn=0 shard=0 base_offset=335544320
zcnblk-send-stream: worker=7 lane=7 port=20807 conn=0 shard=0 base_offset=469762048
zcnblk-send-stream: worker=6 lane=6 port=20806 conn=0 shard=0 base_offset=402653184
zcnblk-send-worker: worker=0 streams=1 write_bytes=67108864 read_bytes=0 verified_read_bytes=0 read_checksum=0x0000000000000000 expected_checksum=0x0000000000000000 wire_bytes=69238784 frames=16384 read_frames=0 write_frames=16384 frames_per_sec=162981 seconds=0.100527 logical_MiBps=636.64 target_cpu=0 affinity_applied=true
zcnblk-send-worker-latency: worker=0 write_ack_count=16384 write_ack_avg_ns=23282308 write_ack_min_ns=6227241 write_ack_p50_ns=26000000 write_ack_p95_ns=37000000 write_ack_p99_ns=44000000 write_ack_p999_ns=44000000 write_ack_max_ns=43058846 read_count=0 read_avg_ns=0 read_min_ns=0 read_p50_ns=0 read_p95_ns=0 read_p99_ns=0 read_p999_ns=0 read_max_ns=0
zcnblk-send-worker: worker=1 streams=1 write_bytes=67108864 read_bytes=0 verified_read_bytes=0 read_checksum=0x0000000000000000 expected_checksum=0x0000000000000000 wire_bytes=69238784 frames=16384 read_frames=0 write_frames=16384 frames_per_sec=168592 seconds=0.097182 logical_MiBps=658.56 target_cpu=1 affinity_applied=true
zcnblk-send-worker-latency: worker=1 write_ack_count=16384 write_ack_avg_ns=22825648 write_ack_min_ns=2235103 write_ack_p50_ns=24000000 write_ack_p95_ns=40000000 write_ack_p99_ns=40000000 write_ack_p999_ns=40000000 write_ack_max_ns=39878664 read_count=0 read_avg_ns=0 read_min_ns=0 read_p50_ns=0 read_p95_ns=0 read_p99_ns=0 read_p999_ns=0 read_max_ns=0
zcnblk-send-worker: worker=2 streams=1 write_bytes=67108864 read_bytes=0 verified_read_bytes=0 read_checksum=0x0000000000000000 expected_checksum=0x0000000000000000 wire_bytes=69238784 frames=16384 read_frames=0 write_frames=16384 frames_per_sec=187350 seconds=0.087451 logical_MiBps=731.84 target_cpu=2 affinity_applied=true
zcnblk-send-worker-latency: worker=2 write_ack_count=16384 write_ack_avg_ns=20285851 write_ack_min_ns=3891389 write_ack_p50_ns=18000000 write_ack_p95_ns=40000000 write_ack_p99_ns=40000000 write_ack_p999_ns=44000000 write_ack_max_ns=43473594 read_count=0 read_avg_ns=0 read_min_ns=0 read_p50_ns=0 read_p95_ns=0 read_p99_ns=0 read_p999_ns=0 read_max_ns=0
zcnblk-send-worker: worker=3 streams=1 write_bytes=67108864 read_bytes=0 verified_read_bytes=0 read_checksum=0x0000000000000000 expected_checksum=0x0000000000000000 wire_bytes=69238784 frames=16384 read_frames=0 write_frames=16384 frames_per_sec=160895 seconds=0.101830 logical_MiBps=628.50 target_cpu=3 affinity_applied=true
zcnblk-send-worker-latency: worker=3 write_ack_count=16384 write_ack_avg_ns=23763536 write_ack_min_ns=3745128 write_ack_p50_ns=22000000 write_ack_p95_ns=47000000 write_ack_p99_ns=47000000 write_ack_p999_ns=47000000 write_ack_max_ns=46576195 read_count=0 read_avg_ns=0 read_min_ns=0 read_p50_ns=0 read_p95_ns=0 read_p99_ns=0 read_p999_ns=0 read_max_ns=0
zcnblk-send-worker: worker=4 streams=1 write_bytes=67108864 read_bytes=0 verified_read_bytes=0 read_checksum=0x0000000000000000 expected_checksum=0x0000000000000000 wire_bytes=69238784 frames=16384 read_frames=0 write_frames=16384 frames_per_sec=158711 seconds=0.103232 logical_MiBps=619.96 target_cpu=4 affinity_applied=true
zcnblk-send-worker-latency: worker=4 write_ack_count=16384 write_ack_avg_ns=23706969 write_ack_min_ns=1541316 write_ack_p50_ns=25000000 write_ack_p95_ns=36000000 write_ack_p99_ns=40000000 write_ack_p999_ns=40000000 write_ack_max_ns=39677704 read_count=0 read_avg_ns=0 read_min_ns=0 read_p50_ns=0 read_p95_ns=0 read_p99_ns=0 read_p999_ns=0 read_max_ns=0
zcnblk-send-worker: worker=5 streams=1 write_bytes=67108864 read_bytes=0 verified_read_bytes=0 read_checksum=0x0000000000000000 expected_checksum=0x0000000000000000 wire_bytes=69238784 frames=16384 read_frames=0 write_frames=16384 frames_per_sec=171737 seconds=0.095402 logical_MiBps=670.85 target_cpu=5 affinity_applied=true
zcnblk-send-worker-latency: worker=5 write_ack_count=16384 write_ack_avg_ns=22392861 write_ack_min_ns=11215467 write_ack_p50_ns=21000000 write_ack_p95_ns=39000000 write_ack_p99_ns=39000000 write_ack_p999_ns=39000000 write_ack_max_ns=38839217 read_count=0 read_avg_ns=0 read_min_ns=0 read_p50_ns=0 read_p95_ns=0 read_p99_ns=0 read_p999_ns=0 read_max_ns=0
zcnblk-send-worker: worker=6 streams=1 write_bytes=67108864 read_bytes=0 verified_read_bytes=0 read_checksum=0x0000000000000000 expected_checksum=0x0000000000000000 wire_bytes=69238784 frames=16384 read_frames=0 write_frames=16384 frames_per_sec=153630 seconds=0.106646 logical_MiBps=600.12 target_cpu=6 affinity_applied=true
zcnblk-send-worker-latency: worker=6 write_ack_count=16384 write_ack_avg_ns=25078166 write_ack_min_ns=2278223 write_ack_p50_ns=30000000 write_ack_p95_ns=38000000 write_ack_p99_ns=38000000 write_ack_p999_ns=38000000 write_ack_max_ns=37579570 read_count=0 read_avg_ns=0 read_min_ns=0 read_p50_ns=0 read_p95_ns=0 read_p99_ns=0 read_p999_ns=0 read_max_ns=0
zcnblk-send-worker: worker=7 streams=1 write_bytes=67108864 read_bytes=0 verified_read_bytes=0 read_checksum=0x0000000000000000 expected_checksum=0x0000000000000000 wire_bytes=69238784 frames=16384 read_frames=0 write_frames=16384 frames_per_sec=156497 seconds=0.104692 logical_MiBps=611.32 target_cpu=7 affinity_applied=true
zcnblk-send-worker-latency: worker=7 write_ack_count=16384 write_ack_avg_ns=24492842 write_ack_min_ns=5461964 write_ack_p50_ns=27000000 write_ack_p95_ns=47000000 write_ack_p99_ns=47000000 write_ack_p999_ns=47000000 write_ack_max_ns=46693244 read_count=0 read_avg_ns=0 read_min_ns=0 read_p50_ns=0 read_p95_ns=0 read_p99_ns=0 read_p999_ns=0 read_max_ns=0
zcnblk-send-summary: write_bytes=536870912 read_bytes=0 verified_read_bytes=0 read_checksum=0x0000000000000000 expected_checksum=0x0000000000000000 wire_bytes=553910272 frames=131072 read_frames=0 write_frames=131072 frames_per_sec=1229043
zcnblk-send-latency-summary: write_ack_count=131072 write_ack_avg_ns=23228523 write_ack_min_ns=1541316 write_ack_p50_ns=24000000 write_ack_p95_ns=40000000 write_ack_p99_ns=47000000 write_ack_p999_ns=47000000 write_ack_max_ns=46693244 read_count=0 read_avg_ns=0 read_min_ns=0 read_p50_ns=0 read_p95_ns=0 read_p99_ns=0 read_p999_ns=0 read_max_ns=0
zcnblk-send: bytes=536870912 seconds=0.106646 GiBps=4.688 Gbitps=40.273
	Command being timed: "env URING_PLAY_PIN_CPUS=1 URING_PLAY_PIN_CPU_LIST=0,1,2,3,4,5,6,7 URING_PLAY_SOURCE_IP=127.0.0.1 URING_PLAY_SOCKET_BUFFER_BYTES=67108864 URING_PLAY_TCP_NODELAY=1 URING_PLAY_ZCNBLK_OP=write URING_PLAY_ZCNBLK_ACCESS=linear URING_PLAY_ZCNBLK_VERIFY_READS=0 URING_PLAY_ZCNBLK_WAIT_WRITE_ACKS=1 URING_PLAY_ZCNBLK_BATCH_DEPTH=64 URING_PLAY_ZCNBLK_WAL_BATCH_WINDOW=64 URING_PLAY_ZCNBLK_READ_WINDOW=4096 URING_PLAY_ZCNBLK_WRITE_WINDOW=4096 URING_PLAY_ZCNBLK_LATENCY=1 URING_PLAY_SEND_PATTERN=offset URING_PLAY_SEND_PATTERN_SEED=12345 target/release/zcutils zcnblk-send 127.0.0.1 1 20800 8 1 64M 4096 8"
	User time (seconds): 0.13
	System time (seconds): 0.07
	Percent of CPU this job got: 193%
	Elapsed (wall clock) time (h:mm:ss or m:ss): 0:00.10
	Average shared text size (kbytes): 0
	Average unshared data size (kbytes): 0
	Average stack size (kbytes): 0
	Average total size (kbytes): 0
	Maximum resident set size (kbytes): 10584
	Average resident set size (kbytes): 0
	Major (requiring I/O) page faults: 0
	Minor (reclaiming a frame) page faults: 2430
	Voluntary context switches: 251
	Involuntary context switches: 80
	Swaps: 0
	File system inputs: 0
	File system outputs: 16
	Socket messages sent: 0
	Socket messages received: 0
	Signals delivered: 0
	Page size (bytes): 4096
	Exit status: 0
