zcnblk-send: addr=127.0.0.1 shard_count=1 base_port=36760 ports=8 connections_per_port=1 total_connections=8 bytes_per_connection=134217728 chunk_bytes=4096 workers=8 op_mode=write read_window=64 verify_reads=no wait_write_acks=yes batch_depth=768 payload_pattern=fill:0x00 source_ip=kernel-route source_ports=kernel-ephemeral encryption=none aes_frame_bytes=65536
zcnblk-send-worker: affinity_index=0 target_cpu=16 status=ok
zcnblk-send-worker: affinity_index=2 target_cpu=18 status=ok
zcnblk-send-worker: affinity_index=1 target_cpu=17 status=ok
zcnblk-send-worker: affinity_index=3 target_cpu=19 status=ok
zcnblk-send-stream: worker=2 lane=2 port=36762 conn=0 shard=0 base_offset=268435456
zcnblk-send-worker: affinity_index=5 target_cpu=21 status=ok
zcnblk-send-worker: affinity_index=4 target_cpu=20 status=ok
zcnblk-send-stream: worker=0 lane=0 port=36760 conn=0 shard=0 base_offset=0
zcnblk-send-stream: worker=1 lane=1 port=36761 conn=0 shard=0 base_offset=134217728
zcnblk-send-worker: affinity_index=6 target_cpu=22 status=ok
zcnblk-send-stream: worker=3 lane=3 port=36763 conn=0 shard=0 base_offset=402653184
zcnblk-send-stream: worker=5 lane=5 port=36765 conn=0 shard=0 base_offset=671088640
zcnblk-send-worker: affinity_index=7 target_cpu=23 status=ok
zcnblk-send-stream: worker=4 lane=4 port=36764 conn=0 shard=0 base_offset=536870912
zcnblk-send-stream: worker=6 lane=6 port=36766 conn=0 shard=0 base_offset=805306368
zcnblk-send-stream: worker=7 lane=7 port=36767 conn=0 shard=0 base_offset=939524096
zcnblk-send-worker: worker=0 streams=1 write_bytes=134217728 read_bytes=0 verified_read_bytes=0 read_checksum=0x0000000000000000 expected_checksum=0x0000000000000000 wire_bytes=138417536 frames=32768 read_frames=0 write_frames=32768 frames_per_sec=87570 seconds=0.374192 logical_MiBps=342.07 target_cpu=16 affinity_applied=true
zcnblk-send-worker: worker=1 streams=1 write_bytes=134217728 read_bytes=0 verified_read_bytes=0 read_checksum=0x0000000000000000 expected_checksum=0x0000000000000000 wire_bytes=138417536 frames=32768 read_frames=0 write_frames=32768 frames_per_sec=86286 seconds=0.379760 logical_MiBps=337.05 target_cpu=17 affinity_applied=true
zcnblk-send-worker: worker=2 streams=1 write_bytes=134217728 read_bytes=0 verified_read_bytes=0 read_checksum=0x0000000000000000 expected_checksum=0x0000000000000000 wire_bytes=138417536 frames=32768 read_frames=0 write_frames=32768 frames_per_sec=90967 seconds=0.360220 logical_MiBps=355.34 target_cpu=18 affinity_applied=true
zcnblk-send-worker: worker=3 streams=1 write_bytes=134217728 read_bytes=0 verified_read_bytes=0 read_checksum=0x0000000000000000 expected_checksum=0x0000000000000000 wire_bytes=138417536 frames=32768 read_frames=0 write_frames=32768 frames_per_sec=88175 seconds=0.371624 logical_MiBps=344.43 target_cpu=19 affinity_applied=true
zcnblk-send-worker: worker=4 streams=1 write_bytes=134217728 read_bytes=0 verified_read_bytes=0 read_checksum=0x0000000000000000 expected_checksum=0x0000000000000000 wire_bytes=138417536 frames=32768 read_frames=0 write_frames=32768 frames_per_sec=87223 seconds=0.375679 logical_MiBps=340.72 target_cpu=20 affinity_applied=true
zcnblk-send-worker: worker=5 streams=1 write_bytes=134217728 read_bytes=0 verified_read_bytes=0 read_checksum=0x0000000000000000 expected_checksum=0x0000000000000000 wire_bytes=138417536 frames=32768 read_frames=0 write_frames=32768 frames_per_sec=86603 seconds=0.378372 logical_MiBps=338.29 target_cpu=21 affinity_applied=true
zcnblk-send-worker: worker=6 streams=1 write_bytes=134217728 read_bytes=0 verified_read_bytes=0 read_checksum=0x0000000000000000 expected_checksum=0x0000000000000000 wire_bytes=138417536 frames=32768 read_frames=0 write_frames=32768 frames_per_sec=86653 seconds=0.378153 logical_MiBps=338.49 target_cpu=22 affinity_applied=true
zcnblk-send-worker: worker=7 streams=1 write_bytes=134217728 read_bytes=0 verified_read_bytes=0 read_checksum=0x0000000000000000 expected_checksum=0x0000000000000000 wire_bytes=138417536 frames=32768 read_frames=0 write_frames=32768 frames_per_sec=89652 seconds=0.365504 logical_MiBps=350.20 target_cpu=23 affinity_applied=true
zcnblk-send-summary: write_bytes=1073741824 read_bytes=0 verified_read_bytes=0 read_checksum=0x0000000000000000 expected_checksum=0x0000000000000000 wire_bytes=1107340288 frames=262144 read_frames=0 write_frames=262144 frames_per_sec=690288
zcnblk-send: bytes=1073741824 seconds=0.379760 GiBps=2.633 Gbitps=22.619
