zcnblk-send: addr=127.0.0.1 shard_count=1 base_port=36640 ports=8 connections_per_port=1 total_connections=8 bytes_per_connection=134217728 chunk_bytes=4096 workers=8 op_mode=write read_window=64 verify_reads=no wait_write_acks=yes batch_depth=256 payload_pattern=fill:0x00 source_ip=kernel-route source_ports=kernel-ephemeral encryption=none aes_frame_bytes=65536
zcnblk-send-worker: affinity_index=0 target_cpu=16 status=ok
zcnblk-send-worker: affinity_index=2 target_cpu=18 status=ok
zcnblk-send-worker: affinity_index=1 target_cpu=17 status=ok
zcnblk-send-stream: worker=0 lane=0 port=36640 conn=0 shard=0 base_offset=0
zcnblk-send-worker: affinity_index=3 target_cpu=19 status=ok
zcnblk-send-worker: affinity_index=4 target_cpu=20 status=ok
zcnblk-send-stream: worker=1 lane=1 port=36641 conn=0 shard=0 base_offset=134217728
zcnblk-send-stream: worker=2 lane=2 port=36642 conn=0 shard=0 base_offset=268435456
zcnblk-send-worker: affinity_index=6 target_cpu=22 status=ok
zcnblk-send-worker: affinity_index=7 target_cpu=23 status=ok
zcnblk-send-stream: worker=3 lane=3 port=36643 conn=0 shard=0 base_offset=402653184
zcnblk-send-stream: worker=4 lane=4 port=36644 conn=0 shard=0 base_offset=536870912
zcnblk-send-stream: worker=6 lane=6 port=36646 conn=0 shard=0 base_offset=805306368
zcnblk-send-worker: affinity_index=5 target_cpu=21 status=ok
zcnblk-send-stream: worker=7 lane=7 port=36647 conn=0 shard=0 base_offset=939524096
zcnblk-send-stream: worker=5 lane=5 port=36645 conn=0 shard=0 base_offset=671088640
zcnblk-send-worker: worker=0 streams=1 write_bytes=134217728 read_bytes=0 verified_read_bytes=0 read_checksum=0x0000000000000000 expected_checksum=0x0000000000000000 wire_bytes=138428416 frames=32768 read_frames=0 write_frames=32768 frames_per_sec=152884 seconds=0.214332 logical_MiBps=597.20 target_cpu=16 affinity_applied=true
zcnblk-send-worker: worker=1 streams=1 write_bytes=134217728 read_bytes=0 verified_read_bytes=0 read_checksum=0x0000000000000000 expected_checksum=0x0000000000000000 wire_bytes=138428416 frames=32768 read_frames=0 write_frames=32768 frames_per_sec=160589 seconds=0.204049 logical_MiBps=627.30 target_cpu=17 affinity_applied=true
zcnblk-send-worker: worker=2 streams=1 write_bytes=134217728 read_bytes=0 verified_read_bytes=0 read_checksum=0x0000000000000000 expected_checksum=0x0000000000000000 wire_bytes=138428416 frames=32768 read_frames=0 write_frames=32768 frames_per_sec=157138 seconds=0.208530 logical_MiBps=613.82 target_cpu=18 affinity_applied=true
zcnblk-send-worker: worker=3 streams=1 write_bytes=134217728 read_bytes=0 verified_read_bytes=0 read_checksum=0x0000000000000000 expected_checksum=0x0000000000000000 wire_bytes=138428416 frames=32768 read_frames=0 write_frames=32768 frames_per_sec=156369 seconds=0.209555 logical_MiBps=610.82 target_cpu=19 affinity_applied=true
zcnblk-send-worker: worker=4 streams=1 write_bytes=134217728 read_bytes=0 verified_read_bytes=0 read_checksum=0x0000000000000000 expected_checksum=0x0000000000000000 wire_bytes=138428416 frames=32768 read_frames=0 write_frames=32768 frames_per_sec=157097 seconds=0.208585 logical_MiBps=613.66 target_cpu=20 affinity_applied=true
zcnblk-send-worker: worker=5 streams=1 write_bytes=134217728 read_bytes=0 verified_read_bytes=0 read_checksum=0x0000000000000000 expected_checksum=0x0000000000000000 wire_bytes=138428416 frames=32768 read_frames=0 write_frames=32768 frames_per_sec=156491 seconds=0.209392 logical_MiBps=611.29 target_cpu=21 affinity_applied=true
zcnblk-send-worker: worker=6 streams=1 write_bytes=134217728 read_bytes=0 verified_read_bytes=0 read_checksum=0x0000000000000000 expected_checksum=0x0000000000000000 wire_bytes=138428416 frames=32768 read_frames=0 write_frames=32768 frames_per_sec=159839 seconds=0.205007 logical_MiBps=624.37 target_cpu=22 affinity_applied=true
zcnblk-send-worker: worker=7 streams=1 write_bytes=134217728 read_bytes=0 verified_read_bytes=0 read_checksum=0x0000000000000000 expected_checksum=0x0000000000000000 wire_bytes=138428416 frames=32768 read_frames=0 write_frames=32768 frames_per_sec=148252 seconds=0.221029 logical_MiBps=579.11 target_cpu=23 affinity_applied=true
zcnblk-send-summary: write_bytes=1073741824 read_bytes=0 verified_read_bytes=0 read_checksum=0x0000000000000000 expected_checksum=0x0000000000000000 wire_bytes=1107427328 frames=262144 read_frames=0 write_frames=262144 frames_per_sec=1186016
zcnblk-send: bytes=1073741824 seconds=0.221029 GiBps=4.524 Gbitps=38.863
