zcnblk-send: addr=127.0.0.1 shard_count=1 base_port=35320 ports=8 connections_per_port=1 total_connections=8 bytes_per_connection=33554432 chunk_bytes=4096 workers=8 op_mode=write read_window=64 verify_reads=no wait_write_acks=yes batch_depth=2048 payload_pattern=fill:0x00 source_ip=kernel-route source_ports=kernel-ephemeral encryption=none aes_frame_bytes=65536
zcnblk-send-worker: affinity_index=1 target_cpu=17 status=ok
zcnblk-send-worker: affinity_index=0 target_cpu=16 status=ok
zcnblk-send-worker: affinity_index=2 target_cpu=18 status=ok
zcnblk-send-worker: affinity_index=3 target_cpu=19 status=ok
zcnblk-send-worker: affinity_index=4 target_cpu=20 status=ok
zcnblk-send-worker: affinity_index=6 target_cpu=22 status=ok
zcnblk-send-stream: worker=3 lane=3 port=35323 conn=0 shard=0 base_offset=100663296
zcnblk-send-worker: affinity_index=5 target_cpu=21 status=ok
zcnblk-send-stream: worker=1 lane=1 port=35321 conn=0 shard=0 base_offset=33554432
zcnblk-send-stream: worker=0 lane=0 port=35320 conn=0 shard=0 base_offset=0
zcnblk-send-stream: worker=2 lane=2 port=35322 conn=0 shard=0 base_offset=67108864
zcnblk-send-stream: worker=4 lane=4 port=35324 conn=0 shard=0 base_offset=134217728
zcnblk-send-stream: worker=6 lane=6 port=35326 conn=0 shard=0 base_offset=201326592
zcnblk-send-stream: worker=5 lane=5 port=35325 conn=0 shard=0 base_offset=167772160
zcnblk-send-worker: affinity_index=7 target_cpu=23 status=ok
zcnblk-send-stream: worker=7 lane=7 port=35327 conn=0 shard=0 base_offset=234881024
zcnblk-send-worker: worker=0 streams=1 write_bytes=33554432 read_bytes=0 verified_read_bytes=0 read_checksum=0x0000000000000000 expected_checksum=0x0000000000000000 wire_bytes=34603520 frames=8192 read_frames=0 write_frames=8192 frames_per_sec=59555 seconds=0.137553 logical_MiBps=232.64 target_cpu=16 affinity_applied=true
zcnblk-send-worker: worker=1 streams=1 write_bytes=33554432 read_bytes=0 verified_read_bytes=0 read_checksum=0x0000000000000000 expected_checksum=0x0000000000000000 wire_bytes=34603520 frames=8192 read_frames=0 write_frames=8192 frames_per_sec=59444 seconds=0.137811 logical_MiBps=232.20 target_cpu=17 affinity_applied=true
zcnblk-send-worker: worker=2 streams=1 write_bytes=33554432 read_bytes=0 verified_read_bytes=0 read_checksum=0x0000000000000000 expected_checksum=0x0000000000000000 wire_bytes=34603520 frames=8192 read_frames=0 write_frames=8192 frames_per_sec=59423 seconds=0.137860 logical_MiBps=232.12 target_cpu=18 affinity_applied=true
zcnblk-send-worker: worker=3 streams=1 write_bytes=33554432 read_bytes=0 verified_read_bytes=0 read_checksum=0x0000000000000000 expected_checksum=0x0000000000000000 wire_bytes=34603520 frames=8192 read_frames=0 write_frames=8192 frames_per_sec=59740 seconds=0.137128 logical_MiBps=233.36 target_cpu=19 affinity_applied=true
zcnblk-send-worker: worker=4 streams=1 write_bytes=33554432 read_bytes=0 verified_read_bytes=0 read_checksum=0x0000000000000000 expected_checksum=0x0000000000000000 wire_bytes=34603520 frames=8192 read_frames=0 write_frames=8192 frames_per_sec=59775 seconds=0.137048 logical_MiBps=233.49 target_cpu=20 affinity_applied=true
zcnblk-send-worker: worker=5 streams=1 write_bytes=33554432 read_bytes=0 verified_read_bytes=0 read_checksum=0x0000000000000000 expected_checksum=0x0000000000000000 wire_bytes=34603520 frames=8192 read_frames=0 write_frames=8192 frames_per_sec=60189 seconds=0.136105 logical_MiBps=235.11 target_cpu=21 affinity_applied=true
zcnblk-send-worker: worker=6 streams=1 write_bytes=33554432 read_bytes=0 verified_read_bytes=0 read_checksum=0x0000000000000000 expected_checksum=0x0000000000000000 wire_bytes=34603520 frames=8192 read_frames=0 write_frames=8192 frames_per_sec=59472 seconds=0.137745 logical_MiBps=232.31 target_cpu=22 affinity_applied=true
zcnblk-send-worker: worker=7 streams=1 write_bytes=33554432 read_bytes=0 verified_read_bytes=0 read_checksum=0x0000000000000000 expected_checksum=0x0000000000000000 wire_bytes=34603520 frames=8192 read_frames=0 write_frames=8192 frames_per_sec=59926 seconds=0.136701 logical_MiBps=234.09 target_cpu=23 affinity_applied=true
zcnblk-send-summary: write_bytes=268435456 read_bytes=0 verified_read_bytes=0 read_checksum=0x0000000000000000 expected_checksum=0x0000000000000000 wire_bytes=276828160 frames=65536 read_frames=0 write_frames=65536 frames_per_sec=475382
zcnblk-send: bytes=268435456 seconds=0.137860 GiBps=1.813 Gbitps=15.577
