zcnblk-send: addr=127.0.0.1 shard_count=1 base_port=20000 ports=4 connections_per_port=1 total_connections=4 bytes_per_connection=8388608 chunk_bytes=4096 workers=4 op_mode=mixed read_window=64 write_window=1024 access=random:range_bytes=8388608:seed=0x0000000000008804 verify_reads=no wait_write_acks=yes batch_depth=64 payload_pattern=fill:0x00 source_ip=kernel-route source_ports=kernel-ephemeral latency=yes encryption=none aes_frame_bytes=65536
zcnblk-send-worker: affinity_index=0 target_cpu=24 status=ok
zcnblk-send-worker: affinity_index=1 target_cpu=25 status=ok
zcnblk-send-worker: affinity_index=3 target_cpu=27 status=ok
zcnblk-send-worker: affinity_index=2 target_cpu=26 status=ok
zcnblk-send-stream: worker=0 lane=0 port=20000 conn=0 shard=0 base_offset=0
zcnblk-send-stream: worker=3 lane=3 port=20003 conn=0 shard=0 base_offset=25165824
zcnblk-send-stream: worker=1 lane=1 port=20001 conn=0 shard=0 base_offset=8388608
zcnblk-send-stream: worker=2 lane=2 port=20002 conn=0 shard=0 base_offset=16777216
zcnblk-send-worker: worker=0 streams=1 write_bytes=4194304 read_bytes=4194304 verified_read_bytes=0 read_checksum=0x0000000000000000 expected_checksum=0x0000000000000000 wire_bytes=8773568 frames=2048 read_frames=1024 write_frames=1024 frames_per_sec=509 seconds=4.022336 logical_MiBps=1.99 target_cpu=24 affinity_applied=true
zcnblk-send-worker-latency: worker=0 write_ack_count=1024 write_ack_avg_ns=244090286 write_ack_min_ns=10258546 write_ack_p50_ns=256000000 write_ack_p95_ns=257000000 write_ack_p99_ns=257000000 write_ack_p999_ns=261000000 write_ack_max_ns=263991244 read_count=1024 read_avg_ns=244097017 read_min_ns=10289827 read_p50_ns=256000000 read_p95_ns=257000000 read_p99_ns=257000000 read_p999_ns=261000000 read_max_ns=263990984
zcnblk-send-worker: worker=1 streams=1 write_bytes=4194304 read_bytes=4194304 verified_read_bytes=0 read_checksum=0x0000000000000000 expected_checksum=0x0000000000000000 wire_bytes=8773632 frames=2048 read_frames=1024 write_frames=1024 frames_per_sec=502 seconds=4.078317 logical_MiBps=1.96 target_cpu=25 affinity_applied=true
zcnblk-send-worker-latency: worker=1 write_ack_count=1024 write_ack_avg_ns=247834878 write_ack_min_ns=14266180 write_ack_p50_ns=256000000 write_ack_p95_ns=257000000 write_ack_p99_ns=261000000 write_ack_p999_ns=263000000 write_ack_max_ns=266132061 read_count=1024 read_avg_ns=247820726 read_min_ns=14325391 read_p50_ns=256000000 read_p95_ns=257000000 read_p99_ns=261000000 read_p999_ns=263000000 read_max_ns=266137841
zcnblk-send-worker: worker=2 streams=1 write_bytes=4194304 read_bytes=4194304 verified_read_bytes=0 read_checksum=0x0000000000000000 expected_checksum=0x0000000000000000 wire_bytes=8773632 frames=2048 read_frames=1024 write_frames=1024 frames_per_sec=510 seconds=4.018328 logical_MiBps=1.99 target_cpu=26 affinity_applied=true
zcnblk-send-worker-latency: worker=2 write_ack_count=1024 write_ack_avg_ns=244146574 write_ack_min_ns=10244696 write_ack_p50_ns=253000000 write_ack_p95_ns=268000000 write_ack_p99_ns=269000000 write_ack_p999_ns=273000000 write_ack_max_ns=272535576 read_count=1024 read_avg_ns=244132853 read_min_ns=10290757 read_p50_ns=253000000 read_p95_ns=268000000 read_p99_ns=269000000 read_p999_ns=273000000 read_max_ns=272534606
zcnblk-send-worker: worker=3 streams=1 write_bytes=4194304 read_bytes=4194304 verified_read_bytes=0 read_checksum=0x0000000000000000 expected_checksum=0x0000000000000000 wire_bytes=8773568 frames=2048 read_frames=1024 write_frames=1024 frames_per_sec=507 seconds=4.038326 logical_MiBps=1.98 target_cpu=27 affinity_applied=true
zcnblk-send-worker-latency: worker=3 write_ack_count=1024 write_ack_avg_ns=245366265 write_ack_min_ns=10250176 write_ack_p50_ns=254000000 write_ack_p95_ns=257000000 write_ack_p99_ns=260000000 write_ack_p999_ns=261000000 write_ack_max_ns=260240921 read_count=1024 read_avg_ns=245352590 read_min_ns=10294887 read_p50_ns=254000000 read_p95_ns=257000000 read_p99_ns=260000000 read_p999_ns=261000000 read_max_ns=260240771
zcnblk-send-summary: write_bytes=16777216 read_bytes=16777216 verified_read_bytes=0 read_checksum=0x0000000000000000 expected_checksum=0x0000000000000000 wire_bytes=35094400 frames=8192 read_frames=4096 write_frames=4096 frames_per_sec=2009
zcnblk-send-latency-summary: write_ack_count=4096 write_ack_avg_ns=245359501 write_ack_min_ns=10244696 write_ack_p50_ns=256000000 write_ack_p95_ns=257000000 write_ack_p99_ns=268000000 write_ack_p999_ns=271000000 write_ack_max_ns=272535576 read_count=4096 read_avg_ns=245350797 read_min_ns=10289827 read_p50_ns=256000000 read_p95_ns=257000000 read_p99_ns=268000000 read_p999_ns=271000000 read_max_ns=272534606
zcnblk-send: bytes=33554432 seconds=4.078317 GiBps=0.008 Gbitps=0.066
