classification=noisy-local-control
coordination_scope=shared-host
bootstrap_manifest=/home/rob/.local/state/zcutils/adhoc-bootstrap.env
lane_count=4
topology_cpu_list=unrestricted
coordinator_cpu=none
lane=0 client_cpu=0 target_cpu=1 transport_cpu=inline kernel_cpu=2 leaf_cpu=3,7,11,15 hctx_cpus=0, 1, 2, 3, 16, 17, 18, 19
lane=1 client_cpu=4 target_cpu=5 transport_cpu=inline kernel_cpu=6 leaf_cpu=3,7,11,15 hctx_cpus=4, 5, 6, 7, 20, 21, 22, 23
lane=2 client_cpu=8 target_cpu=9 transport_cpu=inline kernel_cpu=10 leaf_cpu=3,7,11,15 hctx_cpus=8, 9, 10, 11, 24, 25, 26, 27
lane=3 client_cpu=12 target_cpu=13 transport_cpu=inline kernel_cpu=14 leaf_cpu=3,7,11,15 hctx_cpus=12, 13, 14, 15, 28, 29, 30, 31
hugepages_total=4096
hugepages_free=4096
hugepage_size_kib=2048
memlock_kib=8192
loadavg=1.40 1.59 1.39 1/5251 4134627
coordination_honored=false
target_poll_us=50
target_busy_poll_us=1000
target_busy_hysteresis_us=10000
kernel_completion_poll_us=50
block_ring_mode=normal sqpoll_cpu_list=none sqpoll_idle_ms=1000
block_engine=uring-fixed
block_latency_sample_rate=0
block_ring_stats=1 block_wait_min_completions=1 block_cqe_spin=0 block_cqe_adaptive_spin=0 block_cqe_adaptive_spin_min=0 block_cqe_adaptive_spin_max=4096 block_cqe_adaptive_wait_ns=50000 block_cqe_hot_poll=0
shm_descriptor_entries_per_channel=128
shm_payload_entries_per_channel=4096
writeback_batch_requested=8192 writeback_batch_effective=8192
request_batch=128 request_batch_fill_us=0 request_batch_fill_min=32
wal_lane_batch=1 representative_eligible=true
wal_split_transport=0 wal_transport_cpu_list=inline
wal_transport_wait_policy=greedy
transfer_payload_slots=1
wal_extent_records=128 wal_extent_fill_us=2 wal_split_min_batch_records=32
dirty_pressure_reserve=0
remote_recv_spins=0 leaf_spin_reads=1 leaf_spin_budget=unbounded
remote_recv_policy=adaptive remote_recv_adaptive_spin_min=0 remote_recv_adaptive_spin_max=4096 remote_recv_adaptive_wait_ns=50000
remote_send_mode=blocking remote_send_ring_entries=256 remote_send_zc_required=1 allow_unsafe_send_zc=0
order_smoke_pairs=0
shm_payload_slot_bytes=4096
shm_lease_release_batch=1
backend=wal-tcp local_leaf=1 leaf_target=zcmem:1G leaf_addr=127.0.0.1 leaf_port=29000 leaf_submit_mode=blocking
leaf_source_addr=kernel-route
leaf_addrs=single-address leaf_source_addrs=single-source
