Warning: Permanently added '3.17.235.82' (ED25519) to the list of known hosts.
zcofi-wal-recv: provider=efa endpoint=rdm bind=auto base_service=47000 lanes=1 bytes_per_lane=16777216 extent_bytes=4096 message_bytes=4096 workers=1 ack_enabled=yes ack_inject=yes compact_4k=yes ofi_domain=efa_0-rdm records_per_extent=1 timeout_ms=30000 busy_poll_iters=1000000 cq_sleep_ns=0
zcofi-wal-recv-worker: affinity_index=0 target_cpu=0 status=ok
zcofi-control-server: listen=0.0.0.0:48000 peer=172.31.47.214:36896 local_addr_bytes=32 remote_addr_bytes=32
zcofi-wal-recv-lane: worker=0 lane=0 provider=efa endpoint=rdm bind=auto service=47000 control_port=48000 max_msg_size=18446744073709551615 inject_size=4096
zcofi-wal-recv-worker: worker=0 streams=1 payload_bytes=16777216 wire_bytes=16777216 extents=4096 logical_records=4096 acks=4096 seconds=0.032994 payload_Gbitps=4.068 logical_iops=124145 thread_cpu_seconds=0.039594 cpu_wall_pct=120.0 target_cpu=0 affinity_applied=true start_cpu=0 end_cpu=0 voluntary_ctxt_switches=23 involuntary_ctxt_switches=0 migrations=0
zcofi-wal-recv-summary: payload_bytes=16777216 wire_bytes=16777216 extents=4096 logical_records=4096 acks=4096 seconds=0.032994 payload_Gbitps=4.068 logical_iops=124145 voluntary_ctxt_switches=23 involuntary_ctxt_switches=0 migrations=0
	Command being timed: "./target/release/zcutils zcwal-ofi-recv efa rdm auto 47000 1 16M 4K 1 true"
	User time (seconds): 0.02
	System time (seconds): 0.01
	Percent of CPU this job got: 2%
	Elapsed (wall clock) time (h:mm:ss or m:ss): 0:01.81
	Average shared text size (kbytes): 0
	Average unshared data size (kbytes): 0
	Average stack size (kbytes): 0
	Average total size (kbytes): 0
	Maximum resident set size (kbytes): 35340
	Average resident set size (kbytes): 0
	Major (requiring I/O) page faults: 0
	Minor (reclaiming a frame) page faults: 8484
	Voluntary context switches: 27
	Involuntary context switches: 1
	Swaps: 0
	File system inputs: 0
	File system outputs: 8
	Socket messages sent: 0
	Socket messages received: 0
	Signals delivered: 0
	Page size (bytes): 4096
	Exit status: 0
ZC_RECV_EXIT=0
