zcnblk-send: addr=172.31.41.87 shard_count=1 base_port=38100 ports=32 connections_per_port=1 total_connections=32 bytes_per_connection=134217728 chunk_bytes=4096 workers=32 op_mode=write-read-same read_window=16384 write_window=16384 access=linear verify_reads=yes wait_write_acks=no batch_depth=128 drain_ready_responses=yes payload_pattern=fill:0x00 source_ip=172.31.41.87 source_ports=kernel-ephemeral latency=yes encryption=none aes_frame_bytes=65536
zcnblk-send-worker: affinity_index=1 target_cpu=65 status=ok
zcnblk-send-worker: affinity_index=0 target_cpu=64 status=ok
zcnblk-send-worker: affinity_index=2 target_cpu=66 status=ok
zcnblk-send-worker: affinity_index=3 target_cpu=67 status=ok
zcnblk-send-worker: affinity_index=4 target_cpu=68 status=ok
zcnblk-send-stream: worker=1 lane=1 port=38101 conn=0 shard=0 base_offset=134217728
zcnblk-send-stream: worker=2 lane=2 port=38102 conn=0 shard=0 base_offset=268435456
zcnblk-send-stream: worker=0 lane=0 port=38100 conn=0 shard=0 base_offset=0
PERF WARNING: URING_PLAY_ZCNBLK_LATENCY=1 cannot report write latency unless URING_PLAY_ZCNBLK_WAIT_WRITE_ACKS=1; writes complete at issue time in this run
zcnblk-send-stream: worker=3 lane=3 port=38103 conn=0 shard=0 base_offset=402653184
zcnblk-send-stream: worker=4 lane=4 port=38104 conn=0 shard=0 base_offset=536870912
zcnblk-send-worker: affinity_index=6 target_cpu=70 status=ok
zcnblk-send-worker: affinity_index=5 target_cpu=69 status=ok
zcnblk-send-worker: affinity_index=7 target_cpu=71 status=ok
zcnblk-send-worker: affinity_index=8 target_cpu=72 status=ok
zcnblk-send-stream: worker=6 lane=6 port=38106 conn=0 shard=0 base_offset=805306368
zcnblk-send-stream: worker=5 lane=5 port=38105 conn=0 shard=0 base_offset=671088640
zcnblk-send-stream: worker=7 lane=7 port=38107 conn=0 shard=0 base_offset=939524096
zcnblk-send-worker: affinity_index=9 target_cpu=73 status=ok
zcnblk-send-stream: worker=8 lane=8 port=38108 conn=0 shard=0 base_offset=1073741824
zcnblk-send-worker: affinity_index=11 target_cpu=75 status=ok
zcnblk-send-stream: worker=9 lane=9 port=38109 conn=0 shard=0 base_offset=1207959552
zcnblk-send-worker: affinity_index=12 target_cpu=76 status=ok
zcnblk-send-stream: worker=11 lane=11 port=38111 conn=0 shard=0 base_offset=1476395008
zcnblk-send-stream: worker=12 lane=12 port=38112 conn=0 shard=0 base_offset=1610612736
zcnblk-send-worker: affinity_index=10 target_cpu=74 status=ok
zcnblk-send-stream: worker=10 lane=10 port=38110 conn=0 shard=0 base_offset=1342177280
zcnblk-send-worker: affinity_index=13 target_cpu=77 status=ok
zcnblk-send-worker: affinity_index=14 target_cpu=78 status=ok
zcnblk-send-worker: affinity_index=15 target_cpu=79 status=ok
zcnblk-send-stream: worker=13 lane=13 port=38113 conn=0 shard=0 base_offset=1744830464
zcnblk-send-worker: affinity_index=16 target_cpu=80 status=ok
zcnblk-send-stream: worker=14 lane=14 port=38114 conn=0 shard=0 base_offset=1879048192
zcnblk-send-stream: worker=15 lane=15 port=38115 conn=0 shard=0 base_offset=2013265920
zcnblk-send-worker: affinity_index=18 target_cpu=82 status=ok
zcnblk-send-stream: worker=16 lane=16 port=38116 conn=0 shard=0 base_offset=2147483648
zcnblk-send-worker: affinity_index=19 target_cpu=83 status=ok
zcnblk-send-stream: worker=18 lane=18 port=38118 conn=0 shard=0 base_offset=2415919104
zcnblk-send-worker: affinity_index=20 target_cpu=84 status=ok
zcnblk-send-worker: affinity_index=17 target_cpu=81 status=ok
zcnblk-send-stream: worker=19 lane=19 port=38119 conn=0 shard=0 base_offset=2550136832
zcnblk-send-worker: affinity_index=21 target_cpu=85 status=ok
zcnblk-send-worker: affinity_index=22 target_cpu=86 status=ok
zcnblk-send-stream: worker=17 lane=17 port=38117 conn=0 shard=0 base_offset=2281701376
zcnblk-send-stream: worker=20 lane=20 port=38120 conn=0 shard=0 base_offset=2684354560
zcnblk-send-worker: affinity_index=23 target_cpu=87 status=ok
zcnblk-send-stream: worker=21 lane=21 port=38121 conn=0 shard=0 base_offset=2818572288
zcnblk-send-stream: worker=22 lane=22 port=38122 conn=0 shard=0 base_offset=2952790016
zcnblk-send-worker: affinity_index=24 target_cpu=88 status=ok
zcnblk-send-stream: worker=23 lane=23 port=38123 conn=0 shard=0 base_offset=3087007744
zcnblk-send-worker: affinity_index=25 target_cpu=89 status=ok
zcnblk-send-worker: affinity_index=26 target_cpu=90 status=ok
zcnblk-send-stream: worker=24 lane=24 port=38124 conn=0 shard=0 base_offset=3221225472
zcnblk-send-stream: worker=25 lane=25 port=38125 conn=0 shard=0 base_offset=3355443200
zcnblk-send-stream: worker=26 lane=26 port=38126 conn=0 shard=0 base_offset=3489660928
zcnblk-send-worker: affinity_index=28 target_cpu=92 status=ok
zcnblk-send-worker: affinity_index=29 target_cpu=93 status=ok
zcnblk-send-worker: affinity_index=27 target_cpu=91 status=ok
zcnblk-send-stream: worker=28 lane=28 port=38128 conn=0 shard=0 base_offset=3758096384
zcnblk-send-stream: worker=27 lane=27 port=38127 conn=0 shard=0 base_offset=3623878656
zcnblk-send-stream: worker=29 lane=29 port=38129 conn=0 shard=0 base_offset=3892314112
zcnblk-send-worker: affinity_index=31 target_cpu=95 status=ok
zcnblk-send-worker: affinity_index=30 target_cpu=94 status=ok
zcnblk-send-stream: worker=31 lane=31 port=38131 conn=0 shard=0 base_offset=4160749568
zcnblk-send-stream: worker=30 lane=30 port=38130 conn=0 shard=0 base_offset=4026531840
zcnblk-send-worker: worker=0 streams=1 write_bytes=67108864 read_bytes=67108864 verified_read_bytes=67108864 read_checksum=0x0000000000000000 expected_checksum=0x0000000000000000 wire_bytes=137396224 frames=32768 read_frames=16384 write_frames=16384 sync_frames=0 frames_per_sec=29875 request_batches=256 request_batch_frames=32768 max_request_batch_frames=128 write_batches=0 write_batch_frames=0 max_write_batch_frames=0 seconds=1.096829 logical_MiBps=116.70 thread_cpu_seconds=0.055846 cpu_wall_pct=5.1 target_cpu=64 affinity_applied=true start_cpu=64 end_cpu=64 voluntary_ctxt_switches=261 involuntary_ctxt_switches=1 migrations=0
zcnblk-send-worker-latency: worker=0 write_ack_count=0 write_ack_avg_ns=0 write_ack_min_ns=0 write_ack_p50_ns=0 write_ack_p95_ns=0 write_ack_p99_ns=0 write_ack_p999_ns=0 write_ack_max_ns=0 read_count=16384 read_avg_ns=756701597 read_min_ns=24594938 read_p50_ns=978000000 read_p95_ns=18446744073709551615 read_p99_ns=18446744073709551615 read_p999_ns=18446744073709551615 read_max_ns=1070997961
zcnblk-send-worker: worker=1 streams=1 write_bytes=67108864 read_bytes=67108864 verified_read_bytes=67108864 read_checksum=0x0000000000000000 expected_checksum=0x0000000000000000 wire_bytes=137396224 frames=32768 read_frames=16384 write_frames=16384 sync_frames=0 frames_per_sec=28669 request_batches=256 request_batch_frames=32768 max_request_batch_frames=128 write_batches=0 write_batch_frames=0 max_write_batch_frames=0 seconds=1.142984 logical_MiBps=111.99 thread_cpu_seconds=0.054617 cpu_wall_pct=4.8 target_cpu=65 affinity_applied=true start_cpu=65 end_cpu=65 voluntary_ctxt_switches=263 involuntary_ctxt_switches=0 migrations=0
zcnblk-send-worker-latency: worker=1 write_ack_count=0 write_ack_avg_ns=0 write_ack_min_ns=0 write_ack_p50_ns=0 write_ack_p95_ns=0 write_ack_p99_ns=0 write_ack_p999_ns=0 write_ack_max_ns=0 read_count=16384 read_avg_ns=790438459 read_min_ns=24283237 read_p50_ns=18446744073709551615 read_p95_ns=18446744073709551615 read_p99_ns=18446744073709551615 read_p999_ns=18446744073709551615 read_max_ns=1116898044
zcnblk-send-worker: worker=2 streams=1 write_bytes=67108864 read_bytes=67108864 verified_read_bytes=67108864 read_checksum=0x0000000000000000 expected_checksum=0x0000000000000000 wire_bytes=137396224 frames=32768 read_frames=16384 write_frames=16384 sync_frames=0 frames_per_sec=29618 request_batches=256 request_batch_frames=32768 max_request_batch_frames=128 write_batches=0 write_batch_frames=0 max_write_batch_frames=0 seconds=1.106372 logical_MiBps=115.69 thread_cpu_seconds=0.054101 cpu_wall_pct=4.9 target_cpu=66 affinity_applied=true start_cpu=66 end_cpu=66 voluntary_ctxt_switches=261 involuntary_ctxt_switches=0 migrations=0
zcnblk-send-worker-latency: worker=2 write_ack_count=0 write_ack_avg_ns=0 write_ack_min_ns=0 write_ack_p50_ns=0 write_ack_p95_ns=0 write_ack_p99_ns=0 write_ack_p999_ns=0 write_ack_max_ns=0 read_count=16384 read_avg_ns=764079950 read_min_ns=23979901 read_p50_ns=982000000 read_p95_ns=18446744073709551615 read_p99_ns=18446744073709551615 read_p999_ns=18446744073709551615 read_max_ns=1080755067
zcnblk-send-worker: worker=3 streams=1 write_bytes=67108864 read_bytes=67108864 verified_read_bytes=67108864 read_checksum=0x0000000000000000 expected_checksum=0x0000000000000000 wire_bytes=137396224 frames=32768 read_frames=16384 write_frames=16384 sync_frames=0 frames_per_sec=29136 request_batches=256 request_batch_frames=32768 max_request_batch_frames=128 write_batches=0 write_batch_frames=0 max_write_batch_frames=0 seconds=1.124659 logical_MiBps=113.81 thread_cpu_seconds=0.054237 cpu_wall_pct=4.8 target_cpu=67 affinity_applied=true start_cpu=67 end_cpu=67 voluntary_ctxt_switches=278 involuntary_ctxt_switches=0 migrations=0
zcnblk-send-worker-latency: worker=3 write_ack_count=0 write_ack_avg_ns=0 write_ack_min_ns=0 write_ack_p50_ns=0 write_ack_p95_ns=0 write_ack_p99_ns=0 write_ack_p999_ns=0 write_ack_max_ns=0 read_count=16384 read_avg_ns=764931416 read_min_ns=24631821 read_p50_ns=992000000 read_p95_ns=18446744073709551615 read_p99_ns=18446744073709551615 read_p999_ns=18446744073709551615 read_max_ns=1098274017
zcnblk-send-worker: worker=4 streams=1 write_bytes=67108864 read_bytes=67108864 verified_read_bytes=67108864 read_checksum=0x0000000000000000 expected_checksum=0x0000000000000000 wire_bytes=137396224 frames=32768 read_frames=16384 write_frames=16384 sync_frames=0 frames_per_sec=29223 request_batches=256 request_batch_frames=32768 max_request_batch_frames=128 write_batches=0 write_batch_frames=0 max_write_batch_frames=0 seconds=1.121300 logical_MiBps=114.15 thread_cpu_seconds=0.054864 cpu_wall_pct=4.9 target_cpu=68 affinity_applied=true start_cpu=68 end_cpu=68 voluntary_ctxt_switches=262 involuntary_ctxt_switches=0 migrations=0
zcnblk-send-worker-latency: worker=4 write_ack_count=0 write_ack_avg_ns=0 write_ack_min_ns=0 write_ack_p50_ns=0 write_ack_p95_ns=0 write_ack_p99_ns=0 write_ack_p999_ns=0 write_ack_max_ns=0 read_count=16384 read_avg_ns=771111492 read_min_ns=23930221 read_p50_ns=990000000 read_p95_ns=18446744073709551615 read_p99_ns=18446744073709551615 read_p999_ns=18446744073709551615 read_max_ns=1095719619
zcnblk-send-worker: worker=5 streams=1 write_bytes=67108864 read_bytes=67108864 verified_read_bytes=67108864 read_checksum=0x0000000000000000 expected_checksum=0x0000000000000000 wire_bytes=137396224 frames=32768 read_frames=16384 write_frames=16384 sync_frames=0 frames_per_sec=28605 request_batches=256 request_batch_frames=32768 max_request_batch_frames=128 write_batches=0 write_batch_frames=0 max_write_batch_frames=0 seconds=1.145524 logical_MiBps=111.74 thread_cpu_seconds=0.055019 cpu_wall_pct=4.8 target_cpu=69 affinity_applied=true start_cpu=69 end_cpu=69 voluntary_ctxt_switches=266 involuntary_ctxt_switches=1 migrations=0
zcnblk-send-worker-latency: worker=5 write_ack_count=0 write_ack_avg_ns=0 write_ack_min_ns=0 write_ack_p50_ns=0 write_ack_p95_ns=0 write_ack_p99_ns=0 write_ack_p999_ns=0 write_ack_max_ns=0 read_count=16384 read_avg_ns=796909967 read_min_ns=24788831 read_p50_ns=18446744073709551615 read_p95_ns=18446744073709551615 read_p99_ns=18446744073709551615 read_p999_ns=18446744073709551615 read_max_ns=1119267531
zcnblk-send-worker: worker=6 streams=1 write_bytes=67108864 read_bytes=67108864 verified_read_bytes=67108864 read_checksum=0x0000000000000000 expected_checksum=0x0000000000000000 wire_bytes=137396224 frames=32768 read_frames=16384 write_frames=16384 sync_frames=0 frames_per_sec=28504 request_batches=256 request_batch_frames=32768 max_request_batch_frames=128 write_batches=0 write_batch_frames=0 max_write_batch_frames=0 seconds=1.149586 logical_MiBps=111.34 thread_cpu_seconds=0.055193 cpu_wall_pct=4.8 target_cpu=70 affinity_applied=true start_cpu=70 end_cpu=70 voluntary_ctxt_switches=266 involuntary_ctxt_switches=1 migrations=0
zcnblk-send-worker-latency: worker=6 write_ack_count=0 write_ack_avg_ns=0 write_ack_min_ns=0 write_ack_p50_ns=0 write_ack_p95_ns=0 write_ack_p99_ns=0 write_ack_p999_ns=0 write_ack_max_ns=0 read_count=16384 read_avg_ns=809129621 read_min_ns=24192472 read_p50_ns=18446744073709551615 read_p95_ns=18446744073709551615 read_p99_ns=18446744073709551615 read_p999_ns=18446744073709551615 read_max_ns=1123988435
zcnblk-send-worker: worker=7 streams=1 write_bytes=67108864 read_bytes=67108864 verified_read_bytes=67108864 read_checksum=0x0000000000000000 expected_checksum=0x0000000000000000 wire_bytes=137396224 frames=32768 read_frames=16384 write_frames=16384 sync_frames=0 frames_per_sec=28581 request_batches=256 request_batch_frames=32768 max_request_batch_frames=128 write_batches=0 write_batch_frames=0 max_write_batch_frames=0 seconds=1.146500 logical_MiBps=111.64 thread_cpu_seconds=0.054775 cpu_wall_pct=4.8 target_cpu=71 affinity_applied=true start_cpu=71 end_cpu=71 voluntary_ctxt_switches=530 involuntary_ctxt_switches=2 migrations=0
zcnblk-send-worker-latency: worker=7 write_ack_count=0 write_ack_avg_ns=0 write_ack_min_ns=0 write_ack_p50_ns=0 write_ack_p95_ns=0 write_ack_p99_ns=0 write_ack_p999_ns=0 write_ack_max_ns=0 read_count=16384 read_avg_ns=792058615 read_min_ns=25578617 read_p50_ns=18446744073709551615 read_p95_ns=18446744073709551615 read_p99_ns=18446744073709551615 read_p999_ns=18446744073709551615 read_max_ns=1118843414
zcnblk-send-worker: worker=8 streams=1 write_bytes=67108864 read_bytes=67108864 verified_read_bytes=67108864 read_checksum=0x0000000000000000 expected_checksum=0x0000000000000000 wire_bytes=137396224 frames=32768 read_frames=16384 write_frames=16384 sync_frames=0 frames_per_sec=28648 request_batches=256 request_batch_frames=32768 max_request_batch_frames=128 write_batches=0 write_batch_frames=0 max_write_batch_frames=0 seconds=1.143803 logical_MiBps=111.91 thread_cpu_seconds=0.054857 cpu_wall_pct=4.8 target_cpu=72 affinity_applied=true start_cpu=72 end_cpu=72 voluntary_ctxt_switches=260 involuntary_ctxt_switches=0 migrations=0
zcnblk-send-worker-latency: worker=8 write_ack_count=0 write_ack_avg_ns=0 write_ack_min_ns=0 write_ack_p50_ns=0 write_ack_p95_ns=0 write_ack_p99_ns=0 write_ack_p999_ns=0 write_ack_max_ns=0 read_count=16384 read_avg_ns=794186712 read_min_ns=24156127 read_p50_ns=18446744073709551615 read_p95_ns=18446744073709551615 read_p99_ns=18446744073709551615 read_p999_ns=18446744073709551615 read_max_ns=1118056071
zcnblk-send-worker: worker=9 streams=1 write_bytes=67108864 read_bytes=67108864 verified_read_bytes=67108864 read_checksum=0x0000000000000000 expected_checksum=0x0000000000000000 wire_bytes=137396224 frames=32768 read_frames=16384 write_frames=16384 sync_frames=0 frames_per_sec=29127 request_batches=256 request_batch_frames=32768 max_request_batch_frames=128 write_batches=0 write_batch_frames=0 max_write_batch_frames=0 seconds=1.125003 logical_MiBps=113.78 thread_cpu_seconds=0.055137 cpu_wall_pct=4.9 target_cpu=73 affinity_applied=true start_cpu=73 end_cpu=73 voluntary_ctxt_switches=266 involuntary_ctxt_switches=0 migrations=0
zcnblk-send-worker-latency: worker=9 write_ack_count=0 write_ack_avg_ns=0 write_ack_min_ns=0 write_ack_p50_ns=0 write_ack_p95_ns=0 write_ack_p99_ns=0 write_ack_p999_ns=0 write_ack_max_ns=0 read_count=16384 read_avg_ns=771120076 read_min_ns=23882428 read_p50_ns=997000000 read_p95_ns=18446744073709551615 read_p99_ns=18446744073709551615 read_p999_ns=18446744073709551615 read_max_ns=1099050377
zcnblk-send-worker: worker=10 streams=1 write_bytes=67108864 read_bytes=67108864 verified_read_bytes=67108864 read_checksum=0x0000000000000000 expected_checksum=0x0000000000000000 wire_bytes=137396224 frames=32768 read_frames=16384 write_frames=16384 sync_frames=0 frames_per_sec=28612 request_batches=256 request_batch_frames=32768 max_request_batch_frames=128 write_batches=0 write_batch_frames=0 max_write_batch_frames=0 seconds=1.145268 logical_MiBps=111.76 thread_cpu_seconds=0.055008 cpu_wall_pct=4.8 target_cpu=74 affinity_applied=true start_cpu=74 end_cpu=74 voluntary_ctxt_switches=269 involuntary_ctxt_switches=3 migrations=0
zcnblk-send-worker-latency: worker=10 write_ack_count=0 write_ack_avg_ns=0 write_ack_min_ns=0 write_ack_p50_ns=0 write_ack_p95_ns=0 write_ack_p99_ns=0 write_ack_p999_ns=0 write_ack_max_ns=0 read_count=16384 read_avg_ns=796975557 read_min_ns=24478871 read_p50_ns=18446744073709551615 read_p95_ns=18446744073709551615 read_p99_ns=18446744073709551615 read_p999_ns=18446744073709551615 read_max_ns=1119062997
zcnblk-send-worker: worker=11 streams=1 write_bytes=67108864 read_bytes=67108864 verified_read_bytes=67108864 read_checksum=0x0000000000000000 expected_checksum=0x0000000000000000 wire_bytes=137396224 frames=32768 read_frames=16384 write_frames=16384 sync_frames=0 frames_per_sec=28586 request_batches=256 request_batch_frames=32768 max_request_batch_frames=128 write_batches=0 write_batch_frames=0 max_write_batch_frames=0 seconds=1.146279 logical_MiBps=111.67 thread_cpu_seconds=0.054739 cpu_wall_pct=4.8 target_cpu=75 affinity_applied=true start_cpu=75 end_cpu=75 voluntary_ctxt_switches=261 involuntary_ctxt_switches=0 migrations=0
zcnblk-send-worker-latency: worker=11 write_ack_count=0 write_ack_avg_ns=0 write_ack_min_ns=0 write_ack_p50_ns=0 write_ack_p95_ns=0 write_ack_p99_ns=0 write_ack_p999_ns=0 write_ack_max_ns=0 read_count=16384 read_avg_ns=799539404 read_min_ns=23980063 read_p50_ns=18446744073709551615 read_p95_ns=18446744073709551615 read_p99_ns=18446744073709551615 read_p999_ns=18446744073709551615 read_max_ns=1120639066
zcnblk-send-worker: worker=12 streams=1 write_bytes=67108864 read_bytes=67108864 verified_read_bytes=67108864 read_checksum=0x0000000000000000 expected_checksum=0x0000000000000000 wire_bytes=137396224 frames=32768 read_frames=16384 write_frames=16384 sync_frames=0 frames_per_sec=28648 request_batches=256 request_batch_frames=32768 max_request_batch_frames=128 write_batches=0 write_batch_frames=0 max_write_batch_frames=0 seconds=1.143825 logical_MiBps=111.91 thread_cpu_seconds=0.055090 cpu_wall_pct=4.8 target_cpu=76 affinity_applied=true start_cpu=76 end_cpu=76 voluntary_ctxt_switches=259 involuntary_ctxt_switches=1 migrations=0
zcnblk-send-worker-latency: worker=12 write_ack_count=0 write_ack_avg_ns=0 write_ack_min_ns=0 write_ack_p50_ns=0 write_ack_p95_ns=0 write_ack_p99_ns=0 write_ack_p999_ns=0 write_ack_max_ns=0 read_count=16384 read_avg_ns=786514065 read_min_ns=23749963 read_p50_ns=18446744073709551615 read_p95_ns=18446744073709551615 read_p99_ns=18446744073709551615 read_p999_ns=18446744073709551615 read_max_ns=1117411174
zcnblk-send-worker: worker=13 streams=1 write_bytes=67108864 read_bytes=67108864 verified_read_bytes=67108864 read_checksum=0x0000000000000000 expected_checksum=0x0000000000000000 wire_bytes=137396224 frames=32768 read_frames=16384 write_frames=16384 sync_frames=0 frames_per_sec=28469 request_batches=256 request_batch_frames=32768 max_request_batch_frames=128 write_batches=0 write_batch_frames=0 max_write_batch_frames=0 seconds=1.151006 logical_MiBps=111.21 thread_cpu_seconds=0.054995 cpu_wall_pct=4.8 target_cpu=77 affinity_applied=true start_cpu=77 end_cpu=77 voluntary_ctxt_switches=262 involuntary_ctxt_switches=1 migrations=0
zcnblk-send-worker-latency: worker=13 write_ack_count=0 write_ack_avg_ns=0 write_ack_min_ns=0 write_ack_p50_ns=0 write_ack_p95_ns=0 write_ack_p99_ns=0 write_ack_p999_ns=0 write_ack_max_ns=0 read_count=16384 read_avg_ns=813870145 read_min_ns=24237996 read_p50_ns=18446744073709551615 read_p95_ns=18446744073709551615 read_p99_ns=18446744073709551615 read_p999_ns=18446744073709551615 read_max_ns=1125001939
zcnblk-send-worker: worker=14 streams=1 write_bytes=67108864 read_bytes=67108864 verified_read_bytes=67108864 read_checksum=0x0000000000000000 expected_checksum=0x0000000000000000 wire_bytes=137396224 frames=32768 read_frames=16384 write_frames=16384 sync_frames=0 frames_per_sec=29272 request_batches=256 request_batch_frames=32768 max_request_batch_frames=128 write_batches=0 write_batch_frames=0 max_write_batch_frames=0 seconds=1.119437 logical_MiBps=114.34 thread_cpu_seconds=0.054839 cpu_wall_pct=4.9 target_cpu=78 affinity_applied=true start_cpu=78 end_cpu=78 voluntary_ctxt_switches=260 involuntary_ctxt_switches=0 migrations=0
zcnblk-send-worker-latency: worker=14 write_ack_count=0 write_ack_avg_ns=0 write_ack_min_ns=0 write_ack_p50_ns=0 write_ack_p95_ns=0 write_ack_p99_ns=0 write_ack_p999_ns=0 write_ack_max_ns=0 read_count=16384 read_avg_ns=768108624 read_min_ns=23740681 read_p50_ns=988000000 read_p95_ns=18446744073709551615 read_p99_ns=18446744073709551615 read_p999_ns=18446744073709551615 read_max_ns=1093175146
zcnblk-send-worker: worker=15 streams=1 write_bytes=67108864 read_bytes=67108864 verified_read_bytes=67108864 read_checksum=0x0000000000000000 expected_checksum=0x0000000000000000 wire_bytes=137396224 frames=32768 read_frames=16384 write_frames=16384 sync_frames=0 frames_per_sec=29061 request_batches=256 request_batch_frames=32768 max_request_batch_frames=128 write_batches=0 write_batch_frames=0 max_write_batch_frames=0 seconds=1.127556 logical_MiBps=113.52 thread_cpu_seconds=0.054445 cpu_wall_pct=4.8 target_cpu=79 affinity_applied=true start_cpu=79 end_cpu=79 voluntary_ctxt_switches=259 involuntary_ctxt_switches=0 migrations=0
zcnblk-send-worker-latency: worker=15 write_ack_count=0 write_ack_avg_ns=0 write_ack_min_ns=0 write_ack_p50_ns=0 write_ack_p95_ns=0 write_ack_p99_ns=0 write_ack_p999_ns=0 write_ack_max_ns=0 read_count=16384 read_avg_ns=769361999 read_min_ns=23273109 read_p50_ns=1000000000 read_p95_ns=18446744073709551615 read_p99_ns=18446744073709551615 read_p999_ns=18446744073709551615 read_max_ns=1101682637
zcnblk-send-worker: worker=16 streams=1 write_bytes=67108864 read_bytes=67108864 verified_read_bytes=67108864 read_checksum=0x0000000000000000 expected_checksum=0x0000000000000000 wire_bytes=137396224 frames=32768 read_frames=16384 write_frames=16384 sync_frames=0 frames_per_sec=28607 request_batches=256 request_batch_frames=32768 max_request_batch_frames=128 write_batches=0 write_batch_frames=0 max_write_batch_frames=0 seconds=1.145440 logical_MiBps=111.75 thread_cpu_seconds=0.055174 cpu_wall_pct=4.8 target_cpu=80 affinity_applied=true start_cpu=80 end_cpu=80 voluntary_ctxt_switches=261 involuntary_ctxt_switches=0 migrations=0
zcnblk-send-worker-latency: worker=16 write_ack_count=0 write_ack_avg_ns=0 write_ack_min_ns=0 write_ack_p50_ns=0 write_ack_p95_ns=0 write_ack_p99_ns=0 write_ack_p999_ns=0 write_ack_max_ns=0 read_count=16384 read_avg_ns=795876578 read_min_ns=24021696 read_p50_ns=18446744073709551615 read_p95_ns=18446744073709551615 read_p99_ns=18446744073709551615 read_p999_ns=18446744073709551615 read_max_ns=1119280297
zcnblk-send-worker: worker=17 streams=1 write_bytes=67108864 read_bytes=67108864 verified_read_bytes=67108864 read_checksum=0x0000000000000000 expected_checksum=0x0000000000000000 wire_bytes=137396224 frames=32768 read_frames=16384 write_frames=16384 sync_frames=0 frames_per_sec=28750 request_batches=256 request_batch_frames=32768 max_request_batch_frames=128 write_batches=0 write_batch_frames=0 max_write_batch_frames=0 seconds=1.139756 logical_MiBps=112.30 thread_cpu_seconds=0.055335 cpu_wall_pct=4.9 target_cpu=81 affinity_applied=true start_cpu=81 end_cpu=81 voluntary_ctxt_switches=260 involuntary_ctxt_switches=1 migrations=0
zcnblk-send-worker-latency: worker=17 write_ack_count=0 write_ack_avg_ns=0 write_ack_min_ns=0 write_ack_p50_ns=0 write_ack_p95_ns=0 write_ack_p99_ns=0 write_ack_p999_ns=0 write_ack_max_ns=0 read_count=16384 read_avg_ns=794072330 read_min_ns=24452385 read_p50_ns=18446744073709551615 read_p95_ns=18446744073709551615 read_p99_ns=18446744073709551615 read_p999_ns=18446744073709551615 read_max_ns=1113626281
zcnblk-send-worker: worker=18 streams=1 write_bytes=67108864 read_bytes=67108864 verified_read_bytes=67108864 read_checksum=0x0000000000000000 expected_checksum=0x0000000000000000 wire_bytes=137396224 frames=32768 read_frames=16384 write_frames=16384 sync_frames=0 frames_per_sec=29342 request_batches=256 request_batch_frames=32768 max_request_batch_frames=128 write_batches=0 write_batch_frames=0 max_write_batch_frames=0 seconds=1.116765 logical_MiBps=114.62 thread_cpu_seconds=0.054610 cpu_wall_pct=4.9 target_cpu=82 affinity_applied=true start_cpu=82 end_cpu=82 voluntary_ctxt_switches=260 involuntary_ctxt_switches=0 migrations=0
zcnblk-send-worker-latency: worker=18 write_ack_count=0 write_ack_avg_ns=0 write_ack_min_ns=0 write_ack_p50_ns=0 write_ack_p95_ns=0 write_ack_p99_ns=0 write_ack_p999_ns=0 write_ack_max_ns=0 read_count=16384 read_avg_ns=771355797 read_min_ns=25070580 read_p50_ns=992000000 read_p95_ns=18446744073709551615 read_p99_ns=18446744073709551615 read_p999_ns=18446744073709551615 read_max_ns=1090581573
zcnblk-send-worker: worker=19 streams=1 write_bytes=67108864 read_bytes=67108864 verified_read_bytes=67108864 read_checksum=0x0000000000000000 expected_checksum=0x0000000000000000 wire_bytes=137396224 frames=32768 read_frames=16384 write_frames=16384 sync_frames=0 frames_per_sec=29179 request_batches=256 request_batch_frames=32768 max_request_batch_frames=128 write_batches=0 write_batch_frames=0 max_write_batch_frames=0 seconds=1.122999 logical_MiBps=113.98 thread_cpu_seconds=0.055116 cpu_wall_pct=4.9 target_cpu=83 affinity_applied=true start_cpu=83 end_cpu=83 voluntary_ctxt_switches=260 involuntary_ctxt_switches=0 migrations=0
zcnblk-send-worker-latency: worker=19 write_ack_count=0 write_ack_avg_ns=0 write_ack_min_ns=0 write_ack_p50_ns=0 write_ack_p95_ns=0 write_ack_p99_ns=0 write_ack_p999_ns=0 write_ack_max_ns=0 read_count=16384 read_avg_ns=775091518 read_min_ns=23701657 read_p50_ns=991000000 read_p95_ns=18446744073709551615 read_p99_ns=18446744073709551615 read_p999_ns=18446744073709551615 read_max_ns=1096635758
zcnblk-send-worker: worker=20 streams=1 write_bytes=67108864 read_bytes=67108864 verified_read_bytes=67108864 read_checksum=0x0000000000000000 expected_checksum=0x0000000000000000 wire_bytes=137396224 frames=32768 read_frames=16384 write_frames=16384 sync_frames=0 frames_per_sec=29420 request_batches=256 request_batch_frames=32768 max_request_batch_frames=128 write_batches=0 write_batch_frames=0 max_write_batch_frames=0 seconds=1.113790 logical_MiBps=114.92 thread_cpu_seconds=0.054368 cpu_wall_pct=4.9 target_cpu=84 affinity_applied=true start_cpu=84 end_cpu=84 voluntary_ctxt_switches=260 involuntary_ctxt_switches=1 migrations=0
zcnblk-send-worker-latency: worker=20 write_ack_count=0 write_ack_avg_ns=0 write_ack_min_ns=0 write_ack_p50_ns=0 write_ack_p95_ns=0 write_ack_p99_ns=0 write_ack_p999_ns=0 write_ack_max_ns=0 read_count=16384 read_avg_ns=764690908 read_min_ns=24472076 read_p50_ns=987000000 read_p95_ns=18446744073709551615 read_p99_ns=18446744073709551615 read_p999_ns=18446744073709551615 read_max_ns=1087662226
zcnblk-send-worker: worker=21 streams=1 write_bytes=67108864 read_bytes=67108864 verified_read_bytes=67108864 read_checksum=0x0000000000000000 expected_checksum=0x0000000000000000 wire_bytes=137396224 frames=32768 read_frames=16384 write_frames=16384 sync_frames=0 frames_per_sec=29148 request_batches=256 request_batch_frames=32768 max_request_batch_frames=128 write_batches=0 write_batch_frames=0 max_write_batch_frames=0 seconds=1.124177 logical_MiBps=113.86 thread_cpu_seconds=0.055700 cpu_wall_pct=5.0 target_cpu=85 affinity_applied=true start_cpu=85 end_cpu=85 voluntary_ctxt_switches=264 involuntary_ctxt_switches=0 migrations=0
zcnblk-send-worker-latency: worker=21 write_ack_count=0 write_ack_avg_ns=0 write_ack_min_ns=0 write_ack_p50_ns=0 write_ack_p95_ns=0 write_ack_p99_ns=0 write_ack_p999_ns=0 write_ack_max_ns=0 read_count=16384 read_avg_ns=783348824 read_min_ns=26413910 read_p50_ns=999000000 read_p95_ns=18446744073709551615 read_p99_ns=18446744073709551615 read_p999_ns=18446744073709551615 read_max_ns=1097663623
zcnblk-send-worker: worker=22 streams=1 write_bytes=67108864 read_bytes=67108864 verified_read_bytes=67108864 read_checksum=0x0000000000000000 expected_checksum=0x0000000000000000 wire_bytes=137396224 frames=32768 read_frames=16384 write_frames=16384 sync_frames=0 frames_per_sec=28671 request_batches=256 request_batch_frames=32768 max_request_batch_frames=128 write_batches=0 write_batch_frames=0 max_write_batch_frames=0 seconds=1.142895 logical_MiBps=112.00 thread_cpu_seconds=0.055283 cpu_wall_pct=4.8 target_cpu=86 affinity_applied=true start_cpu=86 end_cpu=86 voluntary_ctxt_switches=264 involuntary_ctxt_switches=0 migrations=0
zcnblk-send-worker-latency: worker=22 write_ack_count=0 write_ack_avg_ns=0 write_ack_min_ns=0 write_ack_p50_ns=0 write_ack_p95_ns=0 write_ack_p99_ns=0 write_ack_p999_ns=0 write_ack_max_ns=0 read_count=16384 read_avg_ns=796430794 read_min_ns=24523101 read_p50_ns=18446744073709551615 read_p95_ns=18446744073709551615 read_p99_ns=18446744073709551615 read_p999_ns=18446744073709551615 read_max_ns=1116693868
zcnblk-send-worker: worker=23 streams=1 write_bytes=67108864 read_bytes=67108864 verified_read_bytes=67108864 read_checksum=0x0000000000000000 expected_checksum=0x0000000000000000 wire_bytes=137396224 frames=32768 read_frames=16384 write_frames=16384 sync_frames=0 frames_per_sec=28702 request_batches=256 request_batch_frames=32768 max_request_batch_frames=128 write_batches=0 write_batch_frames=0 max_write_batch_frames=0 seconds=1.141650 logical_MiBps=112.12 thread_cpu_seconds=0.055340 cpu_wall_pct=4.8 target_cpu=87 affinity_applied=true start_cpu=87 end_cpu=87 voluntary_ctxt_switches=271 involuntary_ctxt_switches=0 migrations=0
zcnblk-send-worker-latency: worker=23 write_ack_count=0 write_ack_avg_ns=0 write_ack_min_ns=0 write_ack_p50_ns=0 write_ack_p95_ns=0 write_ack_p99_ns=0 write_ack_p999_ns=0 write_ack_max_ns=0 read_count=16384 read_avg_ns=801589688 read_min_ns=27896494 read_p50_ns=18446744073709551615 read_p95_ns=18446744073709551615 read_p99_ns=18446744073709551615 read_p999_ns=18446744073709551615 read_max_ns=1115363882
zcnblk-send-worker: worker=24 streams=1 write_bytes=67108864 read_bytes=67108864 verified_read_bytes=67108864 read_checksum=0x0000000000000000 expected_checksum=0x0000000000000000 wire_bytes=137396224 frames=32768 read_frames=16384 write_frames=16384 sync_frames=0 frames_per_sec=28698 request_batches=256 request_batch_frames=32768 max_request_batch_frames=128 write_batches=0 write_batch_frames=0 max_write_batch_frames=0 seconds=1.141807 logical_MiBps=112.10 thread_cpu_seconds=0.056429 cpu_wall_pct=4.9 target_cpu=88 affinity_applied=true start_cpu=88 end_cpu=88 voluntary_ctxt_switches=350 involuntary_ctxt_switches=2 migrations=0
zcnblk-send-worker-latency: worker=24 write_ack_count=0 write_ack_avg_ns=0 write_ack_min_ns=0 write_ack_p50_ns=0 write_ack_p95_ns=0 write_ack_p99_ns=0 write_ack_p999_ns=0 write_ack_max_ns=0 read_count=16384 read_avg_ns=797518764 read_min_ns=27723968 read_p50_ns=18446744073709551615 read_p95_ns=18446744073709551615 read_p99_ns=18446744073709551615 read_p999_ns=18446744073709551615 read_max_ns=1114909043
zcnblk-send-worker: worker=25 streams=1 write_bytes=67108864 read_bytes=67108864 verified_read_bytes=67108864 read_checksum=0x0000000000000000 expected_checksum=0x0000000000000000 wire_bytes=137396224 frames=32768 read_frames=16384 write_frames=16384 sync_frames=0 frames_per_sec=28571 request_batches=256 request_batch_frames=32768 max_request_batch_frames=128 write_batches=0 write_batch_frames=0 max_write_batch_frames=0 seconds=1.146911 logical_MiBps=111.60 thread_cpu_seconds=0.055720 cpu_wall_pct=4.9 target_cpu=89 affinity_applied=true start_cpu=89 end_cpu=89 voluntary_ctxt_switches=302 involuntary_ctxt_switches=0 migrations=0
zcnblk-send-worker-latency: worker=25 write_ack_count=0 write_ack_avg_ns=0 write_ack_min_ns=0 write_ack_p50_ns=0 write_ack_p95_ns=0 write_ack_p99_ns=0 write_ack_p999_ns=0 write_ack_max_ns=0 read_count=16384 read_avg_ns=810508687 read_min_ns=27639013 read_p50_ns=18446744073709551615 read_p95_ns=18446744073709551615 read_p99_ns=18446744073709551615 read_p999_ns=18446744073709551615 read_max_ns=1120362317
zcnblk-send-worker: worker=26 streams=1 write_bytes=67108864 read_bytes=67108864 verified_read_bytes=67108864 read_checksum=0x0000000000000000 expected_checksum=0x0000000000000000 wire_bytes=137396224 frames=32768 read_frames=16384 write_frames=16384 sync_frames=0 frames_per_sec=28747 request_batches=256 request_batch_frames=32768 max_request_batch_frames=128 write_batches=0 write_batch_frames=0 max_write_batch_frames=0 seconds=1.139858 logical_MiBps=112.29 thread_cpu_seconds=0.055786 cpu_wall_pct=4.9 target_cpu=90 affinity_applied=true start_cpu=90 end_cpu=90 voluntary_ctxt_switches=270 involuntary_ctxt_switches=0 migrations=0
zcnblk-send-worker-latency: worker=26 write_ack_count=0 write_ack_avg_ns=0 write_ack_min_ns=0 write_ack_p50_ns=0 write_ack_p95_ns=0 write_ack_p99_ns=0 write_ack_p999_ns=0 write_ack_max_ns=0 read_count=16384 read_avg_ns=793280424 read_min_ns=29009123 read_p50_ns=18446744073709551615 read_p95_ns=18446744073709551615 read_p99_ns=18446744073709551615 read_p999_ns=18446744073709551615 read_max_ns=1113220867
zcnblk-send-worker: worker=27 streams=1 write_bytes=67108864 read_bytes=67108864 verified_read_bytes=67108864 read_checksum=0x0000000000000000 expected_checksum=0x0000000000000000 wire_bytes=137396224 frames=32768 read_frames=16384 write_frames=16384 sync_frames=0 frames_per_sec=28564 request_batches=256 request_batch_frames=32768 max_request_batch_frames=128 write_batches=0 write_batch_frames=0 max_write_batch_frames=0 seconds=1.147158 logical_MiBps=111.58 thread_cpu_seconds=0.055465 cpu_wall_pct=4.8 target_cpu=91 affinity_applied=true start_cpu=91 end_cpu=91 voluntary_ctxt_switches=274 involuntary_ctxt_switches=0 migrations=0
zcnblk-send-worker-latency: worker=27 write_ack_count=0 write_ack_avg_ns=0 write_ack_min_ns=0 write_ack_p50_ns=0 write_ack_p95_ns=0 write_ack_p99_ns=0 write_ack_p999_ns=0 write_ack_max_ns=0 read_count=16384 read_avg_ns=806021861 read_min_ns=27901465 read_p50_ns=18446744073709551615 read_p95_ns=18446744073709551615 read_p99_ns=18446744073709551615 read_p999_ns=18446744073709551615 read_max_ns=1120797571
zcnblk-send-worker: worker=28 streams=1 write_bytes=67108864 read_bytes=67108864 verified_read_bytes=67108864 read_checksum=0x0000000000000000 expected_checksum=0x0000000000000000 wire_bytes=137396224 frames=32768 read_frames=16384 write_frames=16384 sync_frames=0 frames_per_sec=28653 request_batches=256 request_batch_frames=32768 max_request_batch_frames=128 write_batches=0 write_batch_frames=0 max_write_batch_frames=0 seconds=1.143609 logical_MiBps=111.93 thread_cpu_seconds=0.057090 cpu_wall_pct=5.0 target_cpu=92 affinity_applied=true start_cpu=92 end_cpu=92 voluntary_ctxt_switches=268 involuntary_ctxt_switches=1 migrations=0
zcnblk-send-worker-latency: worker=28 write_ack_count=0 write_ack_avg_ns=0 write_ack_min_ns=0 write_ack_p50_ns=0 write_ack_p95_ns=0 write_ack_p99_ns=0 write_ack_p999_ns=0 write_ack_max_ns=0 read_count=16384 read_avg_ns=801326188 read_min_ns=27692781 read_p50_ns=18446744073709551615 read_p95_ns=18446744073709551615 read_p99_ns=18446744073709551615 read_p999_ns=18446744073709551615 read_max_ns=1116576406
zcnblk-send-worker: worker=29 streams=1 write_bytes=67108864 read_bytes=67108864 verified_read_bytes=67108864 read_checksum=0x0000000000000000 expected_checksum=0x0000000000000000 wire_bytes=137396224 frames=32768 read_frames=16384 write_frames=16384 sync_frames=0 frames_per_sec=28767 request_batches=256 request_batch_frames=32768 max_request_batch_frames=128 write_batches=0 write_batch_frames=0 max_write_batch_frames=0 seconds=1.139094 logical_MiBps=112.37 thread_cpu_seconds=0.055889 cpu_wall_pct=4.9 target_cpu=93 affinity_applied=true start_cpu=93 end_cpu=93 voluntary_ctxt_switches=278 involuntary_ctxt_switches=0 migrations=0
zcnblk-send-worker-latency: worker=29 write_ack_count=0 write_ack_avg_ns=0 write_ack_min_ns=0 write_ack_p50_ns=0 write_ack_p95_ns=0 write_ack_p99_ns=0 write_ack_p999_ns=0 write_ack_max_ns=0 read_count=16384 read_avg_ns=792217646 read_min_ns=28031948 read_p50_ns=18446744073709551615 read_p95_ns=18446744073709551615 read_p99_ns=18446744073709551615 read_p999_ns=18446744073709551615 read_max_ns=1112624470
zcnblk-send-worker: worker=30 streams=1 write_bytes=67108864 read_bytes=67108864 verified_read_bytes=67108864 read_checksum=0x0000000000000000 expected_checksum=0x0000000000000000 wire_bytes=137396224 frames=32768 read_frames=16384 write_frames=16384 sync_frames=0 frames_per_sec=28740 request_batches=256 request_batch_frames=32768 max_request_batch_frames=128 write_batches=0 write_batch_frames=0 max_write_batch_frames=0 seconds=1.140171 logical_MiBps=112.26 thread_cpu_seconds=0.057015 cpu_wall_pct=5.0 target_cpu=94 affinity_applied=true start_cpu=94 end_cpu=94 voluntary_ctxt_switches=264 involuntary_ctxt_switches=1 migrations=0
zcnblk-send-worker-latency: worker=30 write_ack_count=0 write_ack_avg_ns=0 write_ack_min_ns=0 write_ack_p50_ns=0 write_ack_p95_ns=0 write_ack_p99_ns=0 write_ack_p999_ns=0 write_ack_max_ns=0 read_count=16384 read_avg_ns=792717229 read_min_ns=28895224 read_p50_ns=18446744073709551615 read_p95_ns=18446744073709551615 read_p99_ns=18446744073709551615 read_p999_ns=18446744073709551615 read_max_ns=1113527336
zcnblk-send-worker: worker=31 streams=1 write_bytes=67108864 read_bytes=67108864 verified_read_bytes=67108864 read_checksum=0x0000000000000000 expected_checksum=0x0000000000000000 wire_bytes=137396224 frames=32768 read_frames=16384 write_frames=16384 sync_frames=0 frames_per_sec=28433 request_batches=256 request_batch_frames=32768 max_request_batch_frames=128 write_batches=0 write_batch_frames=0 max_write_batch_frames=0 seconds=1.152466 logical_MiBps=111.07 thread_cpu_seconds=0.055748 cpu_wall_pct=4.8 target_cpu=95 affinity_applied=true start_cpu=95 end_cpu=95 voluntary_ctxt_switches=269 involuntary_ctxt_switches=0 migrations=0
zcnblk-send-worker-latency: worker=31 write_ack_count=0 write_ack_avg_ns=0 write_ack_min_ns=0 write_ack_p50_ns=0 write_ack_p95_ns=0 write_ack_p99_ns=0 write_ack_p999_ns=0 write_ack_max_ns=0 read_count=16384 read_avg_ns=821336222 read_min_ns=27381223 read_p50_ns=18446744073709551615 read_p95_ns=18446744073709551615 read_p99_ns=18446744073709551615 read_p999_ns=18446744073709551615 read_max_ns=1125907510
zcnblk-send-summary: write_bytes=2147483648 read_bytes=2147483648 verified_read_bytes=2147483648 read_checksum=0x0000000000000000 expected_checksum=0x0000000000000000 wire_bytes=4396679168 frames=1048576 read_frames=524288 write_frames=524288 sync_frames=0 request_batches=8192 request_batch_frames=1048576 max_request_batch_frames=128 write_batches=0 write_batch_frames=0 max_write_batch_frames=0 thread_cpu_seconds=1.767830 cpu_wall_ratio=1.534 voluntary_ctxt_switches=8858 involuntary_ctxt_switches=16 migrations=0 frames_per_sec=909854
zcnblk-send-latency-summary: write_ack_count=0 write_ack_avg_ns=0 write_ack_min_ns=0 write_ack_p50_ns=0 write_ack_p95_ns=0 write_ack_p99_ns=0 write_ack_p999_ns=0 write_ack_max_ns=0 read_count=524288 read_avg_ns=788825661 read_min_ns=23273109 read_p50_ns=997000000 read_p95_ns=18446744073709551615 read_p99_ns=18446744073709551615 read_p999_ns=18446744073709551615 read_max_ns=1125907510
zcnblk-send: bytes=4294967296 seconds=1.152466 GiBps=3.471 Gbitps=29.814
	Command being timed: "/home/ubuntu/uring-play/target/release/zcutils zcnblk-send 172.31.41.87 1 38100 32 1 128M 4096 32"
	User time (seconds): 0.75
	System time (seconds): 1.03
	Percent of CPU this job got: 154%
	Elapsed (wall clock) time (h:mm:ss or m:ss): 0:01.15
	Average shared text size (kbytes): 0
	Average unshared data size (kbytes): 0
	Average stack size (kbytes): 0
	Average total size (kbytes): 0
	Maximum resident set size (kbytes): 52256
	Average resident set size (kbytes): 0
	Major (requiring I/O) page faults: 0
	Minor (reclaiming a frame) page faults: 20923
	Voluntary context switches: 9023
	Involuntary context switches: 48
	Swaps: 0
	File system inputs: 0
	File system outputs: 80
	Socket messages sent: 0
	Socket messages received: 0
	Signals delivered: 0
	Page size (bytes): 4096
	Exit status: 0
