zcnblk-send: addr=172.31.37.11 shard_count=1 base_port=18400 ports=8 connections_per_port=1 total_connections=8 bytes_per_connection=33554432 chunk_bytes=4096 workers=8 op_mode=write read_window=64 write_window=4096 access=linear verify_reads=no wait_write_acks=yes batch_depth=64 payload_pattern=fill:0x00 source_ip=172.31.36.72 source_ports=kernel-ephemeral latency=yes encryption=none aes_frame_bytes=65536
zcnblk-send-worker: affinity_index=0 target_cpu=0 status=ok
zcnblk-send-worker: affinity_index=1 target_cpu=1 status=ok
zcnblk-send-worker: affinity_index=2 target_cpu=2 status=ok
zcnblk-send-worker: affinity_index=4 target_cpu=4 status=ok
zcnblk-send-worker: affinity_index=3 target_cpu=3 status=ok
zcnblk-send-worker: affinity_index=5 target_cpu=5 status=ok
zcnblk-send-worker: affinity_index=6 target_cpu=6 status=ok
zcnblk-send-worker: affinity_index=7 target_cpu=7 status=ok
zcnblk-send-stream: worker=4 lane=4 port=18404 conn=0 shard=0 base_offset=134217728
zcnblk-send-stream: worker=5 lane=5 port=18405 conn=0 shard=0 base_offset=167772160
zcnblk-send-stream: worker=2 lane=2 port=18402 conn=0 shard=0 base_offset=67108864
zcnblk-send-stream: worker=7 lane=7 port=18407 conn=0 shard=0 base_offset=234881024
zcnblk-send-stream: worker=0 lane=0 port=18400 conn=0 shard=0 base_offset=0
zcnblk-send-stream: worker=6 lane=6 port=18406 conn=0 shard=0 base_offset=201326592
zcnblk-send-stream: worker=3 lane=3 port=18403 conn=0 shard=0 base_offset=100663296
zcnblk-send-stream: worker=1 lane=1 port=18401 conn=0 shard=0 base_offset=33554432
zcnblk-send-worker: worker=0 streams=1 write_bytes=33554432 read_bytes=0 verified_read_bytes=0 read_checksum=0x0000000000000000 expected_checksum=0x0000000000000000 wire_bytes=34619392 frames=8192 read_frames=0 write_frames=8192 frames_per_sec=262622 seconds=0.031193 logical_MiBps=1025.87 target_cpu=0 affinity_applied=true
zcnblk-send-worker-latency: worker=0 write_ack_count=8192 write_ack_avg_ns=13888481 write_ack_min_ns=4110103 write_ack_p50_ns=14000000 write_ack_p95_ns=24000000 write_ack_p99_ns=24000000 write_ack_p999_ns=25000000 write_ack_max_ns=24009129 read_count=0 read_avg_ns=0 read_min_ns=0 read_p50_ns=0 read_p95_ns=0 read_p99_ns=0 read_p999_ns=0 read_max_ns=0
zcnblk-send-worker: worker=1 streams=1 write_bytes=33554432 read_bytes=0 verified_read_bytes=0 read_checksum=0x0000000000000000 expected_checksum=0x0000000000000000 wire_bytes=34619392 frames=8192 read_frames=0 write_frames=8192 frames_per_sec=263695 seconds=0.031066 logical_MiBps=1030.06 target_cpu=1 affinity_applied=true
zcnblk-send-worker-latency: worker=1 write_ack_count=8192 write_ack_avg_ns=13797533 write_ack_min_ns=3352801 write_ack_p50_ns=14000000 write_ack_p95_ns=24000000 write_ack_p99_ns=25000000 write_ack_p999_ns=25000000 write_ack_max_ns=24558187 read_count=0 read_avg_ns=0 read_min_ns=0 read_p50_ns=0 read_p95_ns=0 read_p99_ns=0 read_p999_ns=0 read_max_ns=0
zcnblk-send-worker: worker=2 streams=1 write_bytes=33554432 read_bytes=0 verified_read_bytes=0 read_checksum=0x0000000000000000 expected_checksum=0x0000000000000000 wire_bytes=34619392 frames=8192 read_frames=0 write_frames=8192 frames_per_sec=259299 seconds=0.031593 logical_MiBps=1012.89 target_cpu=2 affinity_applied=true
zcnblk-send-worker-latency: worker=2 write_ack_count=8192 write_ack_avg_ns=14135675 write_ack_min_ns=4088336 write_ack_p50_ns=14000000 write_ack_p95_ns=24000000 write_ack_p99_ns=25000000 write_ack_p999_ns=25000000 write_ack_max_ns=24346170 read_count=0 read_avg_ns=0 read_min_ns=0 read_p50_ns=0 read_p95_ns=0 read_p99_ns=0 read_p999_ns=0 read_max_ns=0
zcnblk-send-worker: worker=3 streams=1 write_bytes=33554432 read_bytes=0 verified_read_bytes=0 read_checksum=0x0000000000000000 expected_checksum=0x0000000000000000 wire_bytes=34619392 frames=8192 read_frames=0 write_frames=8192 frames_per_sec=262663 seconds=0.031188 logical_MiBps=1026.03 target_cpu=3 affinity_applied=true
zcnblk-send-worker-latency: worker=3 write_ack_count=8192 write_ack_avg_ns=13843731 write_ack_min_ns=3581501 write_ack_p50_ns=14000000 write_ack_p95_ns=23000000 write_ack_p99_ns=25000000 write_ack_p999_ns=25000000 write_ack_max_ns=24361485 read_count=0 read_avg_ns=0 read_min_ns=0 read_p50_ns=0 read_p95_ns=0 read_p99_ns=0 read_p999_ns=0 read_max_ns=0
zcnblk-send-worker: worker=4 streams=1 write_bytes=33554432 read_bytes=0 verified_read_bytes=0 read_checksum=0x0000000000000000 expected_checksum=0x0000000000000000 wire_bytes=34619392 frames=8192 read_frames=0 write_frames=8192 frames_per_sec=263392 seconds=0.031102 logical_MiBps=1028.87 target_cpu=4 affinity_applied=true
zcnblk-send-worker-latency: worker=4 write_ack_count=8192 write_ack_avg_ns=13842679 write_ack_min_ns=3800200 write_ack_p50_ns=14000000 write_ack_p95_ns=24000000 write_ack_p99_ns=25000000 write_ack_p999_ns=25000000 write_ack_max_ns=24070877 read_count=0 read_avg_ns=0 read_min_ns=0 read_p50_ns=0 read_p95_ns=0 read_p99_ns=0 read_p999_ns=0 read_max_ns=0
zcnblk-send-worker: worker=5 streams=1 write_bytes=33554432 read_bytes=0 verified_read_bytes=0 read_checksum=0x0000000000000000 expected_checksum=0x0000000000000000 wire_bytes=34619392 frames=8192 read_frames=0 write_frames=8192 frames_per_sec=249404 seconds=0.032846 logical_MiBps=974.23 target_cpu=5 affinity_applied=true
zcnblk-send-worker-latency: worker=5 write_ack_count=8192 write_ack_avg_ns=14648389 write_ack_min_ns=2848274 write_ack_p50_ns=15000000 write_ack_p95_ns=25000000 write_ack_p99_ns=26000000 write_ack_p999_ns=26000000 write_ack_max_ns=25419786 read_count=0 read_avg_ns=0 read_min_ns=0 read_p50_ns=0 read_p95_ns=0 read_p99_ns=0 read_p999_ns=0 read_max_ns=0
zcnblk-send-worker: worker=6 streams=1 write_bytes=33554432 read_bytes=0 verified_read_bytes=0 read_checksum=0x0000000000000000 expected_checksum=0x0000000000000000 wire_bytes=34619392 frames=8192 read_frames=0 write_frames=8192 frames_per_sec=261146 seconds=0.031369 logical_MiBps=1020.10 target_cpu=6 affinity_applied=true
zcnblk-send-worker-latency: worker=6 write_ack_count=8192 write_ack_avg_ns=13981143 write_ack_min_ns=3463907 write_ack_p50_ns=14000000 write_ack_p95_ns=24000000 write_ack_p99_ns=25000000 write_ack_p999_ns=25000000 write_ack_max_ns=24863442 read_count=0 read_avg_ns=0 read_min_ns=0 read_p50_ns=0 read_p95_ns=0 read_p99_ns=0 read_p999_ns=0 read_max_ns=0
zcnblk-send-worker: worker=7 streams=1 write_bytes=33554432 read_bytes=0 verified_read_bytes=0 read_checksum=0x0000000000000000 expected_checksum=0x0000000000000000 wire_bytes=34619392 frames=8192 read_frames=0 write_frames=8192 frames_per_sec=264487 seconds=0.030973 logical_MiBps=1033.15 target_cpu=7 affinity_applied=true
zcnblk-send-worker-latency: worker=7 write_ack_count=8192 write_ack_avg_ns=13730658 write_ack_min_ns=3363621 write_ack_p50_ns=14000000 write_ack_p95_ns=24000000 write_ack_p99_ns=24000000 write_ack_p999_ns=25000000 write_ack_max_ns=24285109 read_count=0 read_avg_ns=0 read_min_ns=0 read_p50_ns=0 read_p95_ns=0 read_p99_ns=0 read_p999_ns=0 read_max_ns=0
zcnblk-send-summary: write_bytes=268435456 read_bytes=0 verified_read_bytes=0 read_checksum=0x0000000000000000 expected_checksum=0x0000000000000000 wire_bytes=276955136 frames=65536 read_frames=0 write_frames=65536 frames_per_sec=1995233
zcnblk-send-latency-summary: write_ack_count=65536 write_ack_avg_ns=13983536 write_ack_min_ns=2848274 write_ack_p50_ns=14000000 write_ack_p95_ns=24000000 write_ack_p99_ns=25000000 write_ack_p999_ns=26000000 write_ack_max_ns=25419786 read_count=0 read_avg_ns=0 read_min_ns=0 read_p50_ns=0 read_p95_ns=0 read_p99_ns=0 read_p999_ns=0 read_max_ns=0
zcnblk-send: bytes=268435456 seconds=0.032846 GiBps=7.611 Gbitps=65.380
	Command being timed: "env URING_PLAY_PIN_CPUS=1 URING_PLAY_PIN_CPU_LIST=0,1,2,3,4,5,6,7 URING_PLAY_SOURCE_IP=172.31.36.72 URING_PLAY_SOCKET_BUFFER_BYTES=67108864 URING_PLAY_TCP_NODELAY=1 URING_PLAY_ZCNBLK_OP=write URING_PLAY_ZCNBLK_ACCESS=linear URING_PLAY_ZCNBLK_WAIT_WRITE_ACKS=1 URING_PLAY_ZCNBLK_BATCH_DEPTH=64 URING_PLAY_ZCNBLK_WAL_BATCH_WINDOW=64 URING_PLAY_ZCNBLK_WRITE_WINDOW=4096 URING_PLAY_ZCNBLK_LATENCY=1 target/release/zcutils zcnblk-send 172.31.37.11 1 18400 8 1 32M 4096 8"
	User time (seconds): 0.02
	System time (seconds): 0.04
	Percent of CPU this job got: 185%
	Elapsed (wall clock) time (h:mm:ss or m:ss): 0:00.03
	Average shared text size (kbytes): 0
	Average unshared data size (kbytes): 0
	Average stack size (kbytes): 0
	Average total size (kbytes): 0
	Maximum resident set size (kbytes): 9316
	Average resident set size (kbytes): 0
	Major (requiring I/O) page faults: 0
	Minor (reclaiming a frame) page faults: 2355
	Voluntary context switches: 604
	Involuntary context switches: 9
	Swaps: 0
	File system inputs: 0
	File system outputs: 16
	Socket messages sent: 0
	Socket messages received: 0
	Signals delivered: 0
	Page size (bytes): 4096
	Exit status: 0
