zcnblk-send: addr=172.31.35.30 shard_count=1 base_port=23600 ports=8 connections_per_port=1 total_connections=8 bytes_per_connection=134217728 chunk_bytes=4096 workers=8 op_mode=write read_window=64 write_window=32768 verify_reads=no wait_write_acks=yes batch_depth=2048 payload_pattern=fill:0x00 source_ip=172.31.37.180 source_ports=kernel-ephemeral encryption=none aes_frame_bytes=65536
zcnblk-send-worker: affinity_index=0 target_cpu=0 status=ok
zcnblk-send-worker: affinity_index=1 target_cpu=1 status=ok
zcnblk-send-worker: affinity_index=3 target_cpu=3 status=ok
zcnblk-send-worker: affinity_index=2 target_cpu=2 status=ok
zcnblk-send-worker: affinity_index=4 target_cpu=4 status=ok
zcnblk-send-worker: affinity_index=5 target_cpu=5 status=ok
zcnblk-send-worker: affinity_index=7 target_cpu=7 status=ok
zcnblk-send-worker: affinity_index=6 target_cpu=6 status=ok
zcnblk-send-stream: worker=3 lane=3 port=23603 conn=0 shard=0 base_offset=402653184
zcnblk-send-stream: worker=1 lane=1 port=23601 conn=0 shard=0 base_offset=134217728
zcnblk-send-stream: worker=2 lane=2 port=23602 conn=0 shard=0 base_offset=268435456
zcnblk-send-stream: worker=4 lane=4 port=23604 conn=0 shard=0 base_offset=536870912
zcnblk-send-stream: worker=5 lane=5 port=23605 conn=0 shard=0 base_offset=671088640
zcnblk-send-stream: worker=7 lane=7 port=23607 conn=0 shard=0 base_offset=939524096
zcnblk-send-stream: worker=6 lane=6 port=23606 conn=0 shard=0 base_offset=805306368
zcnblk-send-stream: worker=0 lane=0 port=23600 conn=0 shard=0 base_offset=0
zcnblk-send-worker: worker=0 streams=1 write_bytes=134217728 read_bytes=0 verified_read_bytes=0 read_checksum=0x0000000000000000 expected_checksum=0x0000000000000000 wire_bytes=138414080 frames=32768 read_frames=0 write_frames=32768 frames_per_sec=76309 seconds=0.429410 logical_MiBps=298.08 target_cpu=0 affinity_applied=true
zcnblk-send-worker: worker=1 streams=1 write_bytes=134217728 read_bytes=0 verified_read_bytes=0 read_checksum=0x0000000000000000 expected_checksum=0x0000000000000000 wire_bytes=138414080 frames=32768 read_frames=0 write_frames=32768 frames_per_sec=76217 seconds=0.429929 logical_MiBps=297.72 target_cpu=1 affinity_applied=true
zcnblk-send-worker: worker=2 streams=1 write_bytes=134217728 read_bytes=0 verified_read_bytes=0 read_checksum=0x0000000000000000 expected_checksum=0x0000000000000000 wire_bytes=138414080 frames=32768 read_frames=0 write_frames=32768 frames_per_sec=75903 seconds=0.431709 logical_MiBps=296.50 target_cpu=2 affinity_applied=true
zcnblk-send-worker: worker=3 streams=1 write_bytes=134217728 read_bytes=0 verified_read_bytes=0 read_checksum=0x0000000000000000 expected_checksum=0x0000000000000000 wire_bytes=138414080 frames=32768 read_frames=0 write_frames=32768 frames_per_sec=75482 seconds=0.434117 logical_MiBps=294.85 target_cpu=3 affinity_applied=true
zcnblk-send-worker: worker=4 streams=1 write_bytes=134217728 read_bytes=0 verified_read_bytes=0 read_checksum=0x0000000000000000 expected_checksum=0x0000000000000000 wire_bytes=138414080 frames=32768 read_frames=0 write_frames=32768 frames_per_sec=77117 seconds=0.424911 logical_MiBps=301.24 target_cpu=4 affinity_applied=true
zcnblk-send-worker: worker=5 streams=1 write_bytes=134217728 read_bytes=0 verified_read_bytes=0 read_checksum=0x0000000000000000 expected_checksum=0x0000000000000000 wire_bytes=138414080 frames=32768 read_frames=0 write_frames=32768 frames_per_sec=75939 seconds=0.431502 logical_MiBps=296.64 target_cpu=5 affinity_applied=true
zcnblk-send-worker: worker=6 streams=1 write_bytes=134217728 read_bytes=0 verified_read_bytes=0 read_checksum=0x0000000000000000 expected_checksum=0x0000000000000000 wire_bytes=138414080 frames=32768 read_frames=0 write_frames=32768 frames_per_sec=75933 seconds=0.431537 logical_MiBps=296.61 target_cpu=6 affinity_applied=true
zcnblk-send-worker: worker=7 streams=1 write_bytes=134217728 read_bytes=0 verified_read_bytes=0 read_checksum=0x0000000000000000 expected_checksum=0x0000000000000000 wire_bytes=138414080 frames=32768 read_frames=0 write_frames=32768 frames_per_sec=77309 seconds=0.423859 logical_MiBps=301.99 target_cpu=7 affinity_applied=true
zcnblk-send-summary: write_bytes=1073741824 read_bytes=0 verified_read_bytes=0 read_checksum=0x0000000000000000 expected_checksum=0x0000000000000000 wire_bytes=1107312640 frames=262144 read_frames=0 write_frames=262144 frames_per_sec=603855
zcnblk-send: bytes=1073741824 seconds=0.434117 GiBps=2.304 Gbitps=19.787
