zcnblk-send: addr=127.0.0.1 shard_count=1 base_port=23900 ports=16 connections_per_port=1 total_connections=16 bytes_per_connection=67108864 chunk_bytes=1048576 workers=16 op_mode=read read_window=64 verify_reads=no wait_write_acks=no batch_depth=1 payload_pattern=fill:0x00 source_ip=kernel-route source_ports=kernel-ephemeral encryption=none aes_frame_bytes=65536
zcnblk-send-worker: affinity_index=1 target_cpu=25 status=ok
zcnblk-send-worker: affinity_index=2 target_cpu=26 status=ok
zcnblk-send-worker: affinity_index=0 target_cpu=24 status=ok
zcnblk-send-worker: affinity_index=3 target_cpu=27 status=ok
zcnblk-send-worker: affinity_index=4 target_cpu=28 status=ok
zcnblk-send-worker: affinity_index=6 target_cpu=30 status=ok
zcnblk-send-stream: worker=1 lane=1 port=23901 conn=0 shard=0 base_offset=67108864
zcnblk-send-worker: affinity_index=7 target_cpu=31 status=ok
zcnblk-send-stream: worker=2 lane=2 port=23902 conn=0 shard=0 base_offset=134217728
zcnblk-send-stream: worker=0 lane=0 port=23900 conn=0 shard=0 base_offset=0
zcnblk-send-stream: worker=3 lane=3 port=23903 conn=0 shard=0 base_offset=201326592
zcnblk-send-stream: worker=4 lane=4 port=23904 conn=0 shard=0 base_offset=268435456
zcnblk-send-stream: worker=6 lane=6 port=23906 conn=0 shard=0 base_offset=402653184
zcnblk-send-worker: affinity_index=8 target_cpu=24 status=ok
zcnblk-send-worker: affinity_index=5 target_cpu=29 status=ok
zcnblk-send-stream: worker=7 lane=7 port=23907 conn=0 shard=0 base_offset=469762048
zcnblk-send-stream: worker=8 lane=8 port=23908 conn=0 shard=0 base_offset=536870912
zcnblk-send-stream: worker=5 lane=5 port=23905 conn=0 shard=0 base_offset=335544320
zcnblk-send-worker: affinity_index=9 target_cpu=25 status=ok
zcnblk-send-stream: worker=9 lane=9 port=23909 conn=0 shard=0 base_offset=603979776
zcnblk-send-worker: affinity_index=12 target_cpu=28 status=ok
zcnblk-send-worker: affinity_index=10 target_cpu=26 status=ok
zcnblk-send-stream: worker=12 lane=12 port=23912 conn=0 shard=0 base_offset=805306368
zcnblk-send-stream: worker=10 lane=10 port=23910 conn=0 shard=0 base_offset=671088640
zcnblk-send-worker: affinity_index=11 target_cpu=27 status=ok
zcnblk-send-stream: worker=11 lane=11 port=23911 conn=0 shard=0 base_offset=738197504
zcnblk-send-worker: affinity_index=14 target_cpu=30 status=ok
zcnblk-send-stream: worker=14 lane=14 port=23914 conn=0 shard=0 base_offset=939524096
zcnblk-send-worker: affinity_index=13 target_cpu=29 status=ok
zcnblk-send-worker: affinity_index=15 target_cpu=31 status=ok
zcnblk-send-stream: worker=13 lane=13 port=23913 conn=0 shard=0 base_offset=872415232
zcnblk-send-stream: worker=15 lane=15 port=23915 conn=0 shard=0 base_offset=1006632960
zcnblk-send-worker: worker=0 streams=1 write_bytes=0 read_bytes=67108864 verified_read_bytes=0 read_checksum=0x0000000000000000 expected_checksum=0x0000000000000000 wire_bytes=67117056 frames=64 read_frames=64 write_frames=0 frames_per_sec=281 seconds=0.227596 logical_MiBps=281.20 target_cpu=24 affinity_applied=true
zcnblk-send-worker: worker=1 streams=1 write_bytes=0 read_bytes=67108864 verified_read_bytes=0 read_checksum=0x0000000000000000 expected_checksum=0x0000000000000000 wire_bytes=67117056 frames=64 read_frames=64 write_frames=0 frames_per_sec=275 seconds=0.232858 logical_MiBps=274.85 target_cpu=25 affinity_applied=true
zcnblk-send-worker: worker=2 streams=1 write_bytes=0 read_bytes=67108864 verified_read_bytes=0 read_checksum=0x0000000000000000 expected_checksum=0x0000000000000000 wire_bytes=67117056 frames=64 read_frames=64 write_frames=0 frames_per_sec=262 seconds=0.243927 logical_MiBps=262.37 target_cpu=26 affinity_applied=true
zcnblk-send-worker: worker=3 streams=1 write_bytes=0 read_bytes=67108864 verified_read_bytes=0 read_checksum=0x0000000000000000 expected_checksum=0x0000000000000000 wire_bytes=67117056 frames=64 read_frames=64 write_frames=0 frames_per_sec=266 seconds=0.240771 logical_MiBps=265.81 target_cpu=27 affinity_applied=true
zcnblk-send-worker: worker=4 streams=1 write_bytes=0 read_bytes=67108864 verified_read_bytes=0 read_checksum=0x0000000000000000 expected_checksum=0x0000000000000000 wire_bytes=67117056 frames=64 read_frames=64 write_frames=0 frames_per_sec=271 seconds=0.236247 logical_MiBps=270.90 target_cpu=28 affinity_applied=true
zcnblk-send-worker: worker=5 streams=1 write_bytes=0 read_bytes=67108864 verified_read_bytes=0 read_checksum=0x0000000000000000 expected_checksum=0x0000000000000000 wire_bytes=67117056 frames=64 read_frames=64 write_frames=0 frames_per_sec=298 seconds=0.214906 logical_MiBps=297.80 target_cpu=29 affinity_applied=true
zcnblk-send-worker: worker=6 streams=1 write_bytes=0 read_bytes=67108864 verified_read_bytes=0 read_checksum=0x0000000000000000 expected_checksum=0x0000000000000000 wire_bytes=67117056 frames=64 read_frames=64 write_frames=0 frames_per_sec=320 seconds=0.200022 logical_MiBps=319.96 target_cpu=30 affinity_applied=true
zcnblk-send-worker: worker=7 streams=1 write_bytes=0 read_bytes=67108864 verified_read_bytes=0 read_checksum=0x0000000000000000 expected_checksum=0x0000000000000000 wire_bytes=67117056 frames=64 read_frames=64 write_frames=0 frames_per_sec=263 seconds=0.242961 logical_MiBps=263.42 target_cpu=31 affinity_applied=true
zcnblk-send-worker: worker=8 streams=1 write_bytes=0 read_bytes=67108864 verified_read_bytes=0 read_checksum=0x0000000000000000 expected_checksum=0x0000000000000000 wire_bytes=67117056 frames=64 read_frames=64 write_frames=0 frames_per_sec=266 seconds=0.240402 logical_MiBps=266.22 target_cpu=24 affinity_applied=true
zcnblk-send-worker: worker=9 streams=1 write_bytes=0 read_bytes=67108864 verified_read_bytes=0 read_checksum=0x0000000000000000 expected_checksum=0x0000000000000000 wire_bytes=67117056 frames=64 read_frames=64 write_frames=0 frames_per_sec=269 seconds=0.237602 logical_MiBps=269.36 target_cpu=25 affinity_applied=true
zcnblk-send-worker: worker=10 streams=1 write_bytes=0 read_bytes=67108864 verified_read_bytes=0 read_checksum=0x0000000000000000 expected_checksum=0x0000000000000000 wire_bytes=67117056 frames=64 read_frames=64 write_frames=0 frames_per_sec=276 seconds=0.232276 logical_MiBps=275.53 target_cpu=26 affinity_applied=true
zcnblk-send-worker: worker=11 streams=1 write_bytes=0 read_bytes=67108864 verified_read_bytes=0 read_checksum=0x0000000000000000 expected_checksum=0x0000000000000000 wire_bytes=67117056 frames=64 read_frames=64 write_frames=0 frames_per_sec=271 seconds=0.236047 logical_MiBps=271.13 target_cpu=27 affinity_applied=true
zcnblk-send-worker: worker=12 streams=1 write_bytes=0 read_bytes=67108864 verified_read_bytes=0 read_checksum=0x0000000000000000 expected_checksum=0x0000000000000000 wire_bytes=67117056 frames=64 read_frames=64 write_frames=0 frames_per_sec=268 seconds=0.239247 logical_MiBps=267.51 target_cpu=28 affinity_applied=true
zcnblk-send-worker: worker=13 streams=1 write_bytes=0 read_bytes=67108864 verified_read_bytes=0 read_checksum=0x0000000000000000 expected_checksum=0x0000000000000000 wire_bytes=67117056 frames=64 read_frames=64 write_frames=0 frames_per_sec=288 seconds=0.221926 logical_MiBps=288.38 target_cpu=29 affinity_applied=true
zcnblk-send-worker: worker=14 streams=1 write_bytes=0 read_bytes=67108864 verified_read_bytes=0 read_checksum=0x0000000000000000 expected_checksum=0x0000000000000000 wire_bytes=67117056 frames=64 read_frames=64 write_frames=0 frames_per_sec=284 seconds=0.224964 logical_MiBps=284.49 target_cpu=30 affinity_applied=true
zcnblk-send-worker: worker=15 streams=1 write_bytes=0 read_bytes=67108864 verified_read_bytes=0 read_checksum=0x0000000000000000 expected_checksum=0x0000000000000000 wire_bytes=67117056 frames=64 read_frames=64 write_frames=0 frames_per_sec=267 seconds=0.239485 logical_MiBps=267.24 target_cpu=31 affinity_applied=true
zcnblk-send-summary: write_bytes=0 read_bytes=1073741824 verified_read_bytes=0 read_checksum=0x0000000000000000 expected_checksum=0x0000000000000000 wire_bytes=1073872896 frames=1024 read_frames=1024 write_frames=0 frames_per_sec=4198
zcnblk-send: bytes=1073741824 seconds=0.243927 GiBps=4.100 Gbitps=35.215
