pid 2454509's current affinity list: 4-7,12
pid 2454509's new affinity list: 12
pid 2454511's current affinity list: 4-7,12
pid 2454511's new affinity list: 12
pid 2454512's current affinity list: 4-7,12
pid 2454512's new affinity list: 12
pid 2454513's current affinity list: 4-7,12
pid 2454513's new affinity list: 12
pid 2454514's current affinity list: 4-7,12
pid 2454514's new affinity list: 12
pid 2454515's current affinity list: 4-7,12
pid 2454515's new affinity list: 12
pid 2454517's current affinity list: 4-7,12
pid 2454517's new affinity list: 12
pid 2454512's current affinity list: 12
pid 2454512's new affinity list: 4
vcpu-map: vm=target qemu_pid=2454509 tid=2454512 guest_vcpu=0 host_cpu=4
pid 2454513's current affinity list: 12
pid 2454513's new affinity list: 5
vcpu-map: vm=target qemu_pid=2454509 tid=2454513 guest_vcpu=1 host_cpu=5
pid 2454514's current affinity list: 12
pid 2454514's new affinity list: 6
vcpu-map: vm=target qemu_pid=2454509 tid=2454514 guest_vcpu=2 host_cpu=6
pid 2454515's current affinity list: 12
pid 2454515's new affinity list: 7
vcpu-map: vm=target qemu_pid=2454509 tid=2454515 guest_vcpu=3 host_cpu=7
emulator-map: vm=target qemu_pid=2454509 host_cpu=12
pid 2454524's current affinity list: 8-11,13
pid 2454524's new affinity list: 13
pid 2454526's current affinity list: 8-11,13
pid 2454526's new affinity list: 13
pid 2454527's current affinity list: 8-11,13
pid 2454527's new affinity list: 13
pid 2454530's current affinity list: 8-11,13
pid 2454530's new affinity list: 13
pid 2454531's current affinity list: 8-11,13
pid 2454531's new affinity list: 13
pid 2454532's current affinity list: 8-11,13
pid 2454532's new affinity list: 13
pid 2454538's current affinity list: 8-11,13
pid 2454538's new affinity list: 13
pid 2454527's current affinity list: 13
pid 2454527's new affinity list: 8
vcpu-map: vm=client qemu_pid=2454524 tid=2454527 guest_vcpu=0 host_cpu=8
pid 2454530's current affinity list: 13
pid 2454530's new affinity list: 9
vcpu-map: vm=client qemu_pid=2454524 tid=2454530 guest_vcpu=1 host_cpu=9
pid 2454531's current affinity list: 13
pid 2454531's new affinity list: 10
vcpu-map: vm=client qemu_pid=2454524 tid=2454531 guest_vcpu=2 host_cpu=10
pid 2454532's current affinity list: 13
pid 2454532's new affinity list: 11
vcpu-map: vm=client qemu_pid=2454524 tid=2454532 guest_vcpu=3 host_cpu=11
emulator-map: vm=client qemu_pid=2454524 host_cpu=13
