zcnblk-send: addr=127.0.0.1 shard_count=1 base_port=23600 ports=64 connections_per_port=1 total_connections=64 bytes_per_connection=16777216 chunk_bytes=4096 workers=64 op_mode=write read_window=4 write_window=4 verify_reads=no wait_write_acks=yes batch_depth=1 payload_pattern=fill:0x00 source_ip=kernel-route source_ports=kernel-ephemeral latency=yes encryption=none aes_frame_bytes=65536
zcnblk-send-stream: worker=1 lane=1 port=23601 conn=0 shard=0 base_offset=16777216
zcnblk-send-stream: worker=2 lane=2 port=23602 conn=0 shard=0 base_offset=33554432
zcnblk-send-stream: worker=4 lane=4 port=23604 conn=0 shard=0 base_offset=67108864
zcnblk-send-stream: worker=3 lane=3 port=23603 conn=0 shard=0 base_offset=50331648
zcnblk-send-stream: worker=5 lane=5 port=23605 conn=0 shard=0 base_offset=83886080
zcnblk-send-stream: worker=7 lane=7 port=23607 conn=0 shard=0 base_offset=117440512
zcnblk-send-stream: worker=6 lane=6 port=23606 conn=0 shard=0 base_offset=100663296
zcnblk-send-stream: worker=8 lane=8 port=23608 conn=0 shard=0 base_offset=134217728
zcnblk-send-stream: worker=9 lane=9 port=23609 conn=0 shard=0 base_offset=150994944
zcnblk-send-stream: worker=10 lane=10 port=23610 conn=0 shard=0 base_offset=167772160
zcnblk-send-stream: worker=11 lane=11 port=23611 conn=0 shard=0 base_offset=184549376
zcnblk-send-stream: worker=12 lane=12 port=23612 conn=0 shard=0 base_offset=201326592
zcnblk-send-stream: worker=13 lane=13 port=23613 conn=0 shard=0 base_offset=218103808
zcnblk-send-stream: worker=15 lane=15 port=23615 conn=0 shard=0 base_offset=251658240
zcnblk-send-stream: worker=14 lane=14 port=23614 conn=0 shard=0 base_offset=234881024
zcnblk-send-stream: worker=16 lane=16 port=23616 conn=0 shard=0 base_offset=268435456
zcnblk-send-stream: worker=17 lane=17 port=23617 conn=0 shard=0 base_offset=285212672
zcnblk-send-stream: worker=18 lane=18 port=23618 conn=0 shard=0 base_offset=301989888
zcnblk-send-stream: worker=19 lane=19 port=23619 conn=0 shard=0 base_offset=318767104
zcnblk-send-stream: worker=20 lane=20 port=23620 conn=0 shard=0 base_offset=335544320
zcnblk-send-stream: worker=21 lane=21 port=23621 conn=0 shard=0 base_offset=352321536
zcnblk-send-stream: worker=0 lane=0 port=23600 conn=0 shard=0 base_offset=0
zcnblk-send-stream: worker=22 lane=22 port=23622 conn=0 shard=0 base_offset=369098752
zcnblk-send-stream: worker=23 lane=23 port=23623 conn=0 shard=0 base_offset=385875968
zcnblk-send-stream: worker=24 lane=24 port=23624 conn=0 shard=0 base_offset=402653184
zcnblk-send-stream: worker=25 lane=25 port=23625 conn=0 shard=0 base_offset=419430400
zcnblk-send-stream: worker=26 lane=26 port=23626 conn=0 shard=0 base_offset=436207616
zcnblk-send-stream: worker=28 lane=28 port=23628 conn=0 shard=0 base_offset=469762048
zcnblk-send-stream: worker=27 lane=27 port=23627 conn=0 shard=0 base_offset=452984832
zcnblk-send-stream: worker=29 lane=29 port=23629 conn=0 shard=0 base_offset=486539264
zcnblk-send-stream: worker=30 lane=30 port=23630 conn=0 shard=0 base_offset=503316480
zcnblk-send-stream: worker=31 lane=31 port=23631 conn=0 shard=0 base_offset=520093696
tcp-bench-connect-route-probe: peer=127.0.0.1:23600 local_socket=127.0.0.1:59148 probe_src=127.0.0.1 route_dev=lo route_src=127.0.0.1 route="local 127.0.0.1 from 127.0.0.1 dev lo table local uid 1000 \ cache <local>"
zcnblk-send-stream: worker=32 lane=32 port=23632 conn=0 shard=0 base_offset=536870912
zcnblk-send-stream: worker=33 lane=33 port=23633 conn=0 shard=0 base_offset=553648128
zcnblk-send-stream: worker=34 lane=34 port=23634 conn=0 shard=0 base_offset=570425344
zcnblk-send-stream: worker=35 lane=35 port=23635 conn=0 shard=0 base_offset=587202560
zcnblk-send-stream: worker=36 lane=36 port=23636 conn=0 shard=0 base_offset=603979776
zcnblk-send-stream: worker=37 lane=37 port=23637 conn=0 shard=0 base_offset=620756992
zcnblk-send-stream: worker=38 lane=38 port=23638 conn=0 shard=0 base_offset=637534208
zcnblk-send-stream: worker=40 lane=40 port=23640 conn=0 shard=0 base_offset=671088640
zcnblk-send-stream: worker=39 lane=39 port=23639 conn=0 shard=0 base_offset=654311424
zcnblk-send-stream: worker=41 lane=41 port=23641 conn=0 shard=0 base_offset=687865856
zcnblk-send-stream: worker=42 lane=42 port=23642 conn=0 shard=0 base_offset=704643072
zcnblk-send-stream: worker=43 lane=43 port=23643 conn=0 shard=0 base_offset=721420288
zcnblk-send-stream: worker=44 lane=44 port=23644 conn=0 shard=0 base_offset=738197504
zcnblk-send-stream: worker=45 lane=45 port=23645 conn=0 shard=0 base_offset=754974720
zcnblk-send-stream: worker=46 lane=46 port=23646 conn=0 shard=0 base_offset=771751936
zcnblk-send-stream: worker=47 lane=47 port=23647 conn=0 shard=0 base_offset=788529152
zcnblk-send-stream: worker=48 lane=48 port=23648 conn=0 shard=0 base_offset=805306368
zcnblk-send-stream: worker=49 lane=49 port=23649 conn=0 shard=0 base_offset=822083584
zcnblk-send-stream: worker=50 lane=50 port=23650 conn=0 shard=0 base_offset=838860800
zcnblk-send-stream: worker=51 lane=51 port=23651 conn=0 shard=0 base_offset=855638016
zcnblk-send-stream: worker=52 lane=52 port=23652 conn=0 shard=0 base_offset=872415232
zcnblk-send-stream: worker=53 lane=53 port=23653 conn=0 shard=0 base_offset=889192448
zcnblk-send-stream: worker=54 lane=54 port=23654 conn=0 shard=0 base_offset=905969664
zcnblk-send-stream: worker=55 lane=55 port=23655 conn=0 shard=0 base_offset=922746880
zcnblk-send-stream: worker=56 lane=56 port=23656 conn=0 shard=0 base_offset=939524096
zcnblk-send-stream: worker=57 lane=57 port=23657 conn=0 shard=0 base_offset=956301312
zcnblk-send-stream: worker=58 lane=58 port=23658 conn=0 shard=0 base_offset=973078528
zcnblk-send-stream: worker=59 lane=59 port=23659 conn=0 shard=0 base_offset=989855744
zcnblk-send-stream: worker=60 lane=60 port=23660 conn=0 shard=0 base_offset=1006632960
zcnblk-send-stream: worker=62 lane=62 port=23662 conn=0 shard=0 base_offset=1040187392
zcnblk-send-stream: worker=61 lane=61 port=23661 conn=0 shard=0 base_offset=1023410176
zcnblk-send-stream: worker=63 lane=63 port=23663 conn=0 shard=0 base_offset=1056964608
zcnblk-send-worker: worker=0 streams=1 write_bytes=16777216 read_bytes=0 verified_read_bytes=0 read_checksum=0x0000000000000000 expected_checksum=0x0000000000000000 wire_bytes=17301504 frames=4096 read_frames=0 write_frames=4096 frames_per_sec=3435 seconds=1.192573 logical_MiBps=13.42 target_cpu=-1 affinity_applied=false
zcnblk-send-worker-latency: worker=0 write_ack_count=4096 write_ack_avg_ns=1164242 write_ack_min_ns=595664 write_ack_p50_ns=2000000 write_ack_p95_ns=2000000 write_ack_p99_ns=2000000 write_ack_p999_ns=2000000 write_ack_max_ns=2399315 read_count=0 read_avg_ns=0 read_min_ns=0 read_p50_ns=0 read_p95_ns=0 read_p99_ns=0 read_p999_ns=0 read_max_ns=0
zcnblk-send-worker: worker=1 streams=1 write_bytes=16777216 read_bytes=0 verified_read_bytes=0 read_checksum=0x0000000000000000 expected_checksum=0x0000000000000000 wire_bytes=17301504 frames=4096 read_frames=0 write_frames=4096 frames_per_sec=4065 seconds=1.007568 logical_MiBps=15.88 target_cpu=-1 affinity_applied=false
zcnblk-send-worker-latency: worker=1 write_ack_count=4096 write_ack_avg_ns=983373 write_ack_min_ns=614251 write_ack_p50_ns=982000 write_ack_p95_ns=2000000 write_ack_p99_ns=2000000 write_ack_p999_ns=2000000 write_ack_max_ns=2669807 read_count=0 read_avg_ns=0 read_min_ns=0 read_p50_ns=0 read_p95_ns=0 read_p99_ns=0 read_p999_ns=0 read_max_ns=0
zcnblk-send-worker: worker=2 streams=1 write_bytes=16777216 read_bytes=0 verified_read_bytes=0 read_checksum=0x0000000000000000 expected_checksum=0x0000000000000000 wire_bytes=17301504 frames=4096 read_frames=0 write_frames=4096 frames_per_sec=3960 seconds=1.034236 logical_MiBps=15.47 target_cpu=-1 affinity_applied=false
zcnblk-send-worker-latency: worker=2 write_ack_count=4096 write_ack_avg_ns=1009423 write_ack_min_ns=544509 write_ack_p50_ns=2000000 write_ack_p95_ns=2000000 write_ack_p99_ns=2000000 write_ack_p999_ns=2000000 write_ack_max_ns=2421174 read_count=0 read_avg_ns=0 read_min_ns=0 read_p50_ns=0 read_p95_ns=0 read_p99_ns=0 read_p999_ns=0 read_max_ns=0
zcnblk-send-worker: worker=3 streams=1 write_bytes=16777216 read_bytes=0 verified_read_bytes=0 read_checksum=0x0000000000000000 expected_checksum=0x0000000000000000 wire_bytes=17301504 frames=4096 read_frames=0 write_frames=4096 frames_per_sec=3680 seconds=1.112961 logical_MiBps=14.38 target_cpu=-1 affinity_applied=false
zcnblk-send-worker-latency: worker=3 write_ack_count=4096 write_ack_avg_ns=1086386 write_ack_min_ns=679047 write_ack_p50_ns=2000000 write_ack_p95_ns=2000000 write_ack_p99_ns=2000000 write_ack_p999_ns=2000000 write_ack_max_ns=2657088 read_count=0 read_avg_ns=0 read_min_ns=0 read_p50_ns=0 read_p95_ns=0 read_p99_ns=0 read_p999_ns=0 read_max_ns=0
zcnblk-send-worker: worker=4 streams=1 write_bytes=16777216 read_bytes=0 verified_read_bytes=0 read_checksum=0x0000000000000000 expected_checksum=0x0000000000000000 wire_bytes=17301504 frames=4096 read_frames=0 write_frames=4096 frames_per_sec=3882 seconds=1.055072 logical_MiBps=15.16 target_cpu=-1 affinity_applied=false
zcnblk-send-worker-latency: worker=4 write_ack_count=4096 write_ack_avg_ns=1029775 write_ack_min_ns=550197 write_ack_p50_ns=2000000 write_ack_p95_ns=2000000 write_ack_p99_ns=2000000 write_ack_p999_ns=2000000 write_ack_max_ns=2509494 read_count=0 read_avg_ns=0 read_min_ns=0 read_p50_ns=0 read_p95_ns=0 read_p99_ns=0 read_p999_ns=0 read_max_ns=0
zcnblk-send-worker: worker=5 streams=1 write_bytes=16777216 read_bytes=0 verified_read_bytes=0 read_checksum=0x0000000000000000 expected_checksum=0x0000000000000000 wire_bytes=17301504 frames=4096 read_frames=0 write_frames=4096 frames_per_sec=4216 seconds=0.971434 logical_MiBps=16.47 target_cpu=-1 affinity_applied=false
zcnblk-send-worker-latency: worker=5 write_ack_count=4096 write_ack_avg_ns=948207 write_ack_min_ns=581618 write_ack_p50_ns=940000 write_ack_p95_ns=2000000 write_ack_p99_ns=2000000 write_ack_p999_ns=2000000 write_ack_max_ns=2624206 read_count=0 read_avg_ns=0 read_min_ns=0 read_p50_ns=0 read_p95_ns=0 read_p99_ns=0 read_p999_ns=0 read_max_ns=0
zcnblk-send-worker: worker=6 streams=1 write_bytes=16777216 read_bytes=0 verified_read_bytes=0 read_checksum=0x0000000000000000 expected_checksum=0x0000000000000000 wire_bytes=17301504 frames=4096 read_frames=0 write_frames=4096 frames_per_sec=3940 seconds=1.039543 logical_MiBps=15.39 target_cpu=-1 affinity_applied=false
zcnblk-send-worker-latency: worker=6 write_ack_count=4096 write_ack_avg_ns=1014571 write_ack_min_ns=550926 write_ack_p50_ns=971000 write_ack_p95_ns=2000000 write_ack_p99_ns=2000000 write_ack_p999_ns=2000000 write_ack_max_ns=2737631 read_count=0 read_avg_ns=0 read_min_ns=0 read_p50_ns=0 read_p95_ns=0 read_p99_ns=0 read_p999_ns=0 read_max_ns=0
zcnblk-send-worker: worker=7 streams=1 write_bytes=16777216 read_bytes=0 verified_read_bytes=0 read_checksum=0x0000000000000000 expected_checksum=0x0000000000000000 wire_bytes=17301504 frames=4096 read_frames=0 write_frames=4096 frames_per_sec=4677 seconds=0.875821 logical_MiBps=18.27 target_cpu=-1 affinity_applied=false
zcnblk-send-worker-latency: worker=7 write_ack_count=4096 write_ack_avg_ns=854834 write_ack_min_ns=549583 write_ack_p50_ns=855000 write_ack_p95_ns=2000000 write_ack_p99_ns=2000000 write_ack_p999_ns=2000000 write_ack_max_ns=2707602 read_count=0 read_avg_ns=0 read_min_ns=0 read_p50_ns=0 read_p95_ns=0 read_p99_ns=0 read_p999_ns=0 read_max_ns=0
zcnblk-send-worker: worker=8 streams=1 write_bytes=16777216 read_bytes=0 verified_read_bytes=0 read_checksum=0x0000000000000000 expected_checksum=0x0000000000000000 wire_bytes=17301504 frames=4096 read_frames=0 write_frames=4096 frames_per_sec=4241 seconds=0.965765 logical_MiBps=16.57 target_cpu=-1 affinity_applied=false
zcnblk-send-worker-latency: worker=8 write_ack_count=4096 write_ack_avg_ns=942717 write_ack_min_ns=532990 write_ack_p50_ns=949000 write_ack_p95_ns=2000000 write_ack_p99_ns=2000000 write_ack_p999_ns=2000000 write_ack_max_ns=2694926 read_count=0 read_avg_ns=0 read_min_ns=0 read_p50_ns=0 read_p95_ns=0 read_p99_ns=0 read_p999_ns=0 read_max_ns=0
zcnblk-send-worker: worker=9 streams=1 write_bytes=16777216 read_bytes=0 verified_read_bytes=0 read_checksum=0x0000000000000000 expected_checksum=0x0000000000000000 wire_bytes=17301504 frames=4096 read_frames=0 write_frames=4096 frames_per_sec=3723 seconds=1.100191 logical_MiBps=14.54 target_cpu=-1 affinity_applied=false
zcnblk-send-worker-latency: worker=9 write_ack_count=4096 write_ack_avg_ns=1073952 write_ack_min_ns=670787 write_ack_p50_ns=2000000 write_ack_p95_ns=2000000 write_ack_p99_ns=2000000 write_ack_p999_ns=2000000 write_ack_max_ns=2848718 read_count=0 read_avg_ns=0 read_min_ns=0 read_p50_ns=0 read_p95_ns=0 read_p99_ns=0 read_p999_ns=0 read_max_ns=0
zcnblk-send-worker: worker=10 streams=1 write_bytes=16777216 read_bytes=0 verified_read_bytes=0 read_checksum=0x0000000000000000 expected_checksum=0x0000000000000000 wire_bytes=17301504 frames=4096 read_frames=0 write_frames=4096 frames_per_sec=4014 seconds=1.020497 logical_MiBps=15.68 target_cpu=-1 affinity_applied=false
zcnblk-send-worker-latency: worker=10 write_ack_count=4096 write_ack_avg_ns=996153 write_ack_min_ns=542627 write_ack_p50_ns=2000000 write_ack_p95_ns=2000000 write_ack_p99_ns=2000000 write_ack_p999_ns=2000000 write_ack_max_ns=2795954 read_count=0 read_avg_ns=0 read_min_ns=0 read_p50_ns=0 read_p95_ns=0 read_p99_ns=0 read_p999_ns=0 read_max_ns=0
zcnblk-send-worker: worker=11 streams=1 write_bytes=16777216 read_bytes=0 verified_read_bytes=0 read_checksum=0x0000000000000000 expected_checksum=0x0000000000000000 wire_bytes=17301504 frames=4096 read_frames=0 write_frames=4096 frames_per_sec=3360 seconds=1.219024 logical_MiBps=13.13 target_cpu=-1 affinity_applied=false
zcnblk-send-worker-latency: worker=11 write_ack_count=4096 write_ack_avg_ns=1190055 write_ack_min_ns=614047 write_ack_p50_ns=2000000 write_ack_p95_ns=2000000 write_ack_p99_ns=2000000 write_ack_p999_ns=3000000 write_ack_max_ns=3071375 read_count=0 read_avg_ns=0 read_min_ns=0 read_p50_ns=0 read_p95_ns=0 read_p99_ns=0 read_p999_ns=0 read_max_ns=0
zcnblk-send-worker: worker=12 streams=1 write_bytes=16777216 read_bytes=0 verified_read_bytes=0 read_checksum=0x0000000000000000 expected_checksum=0x0000000000000000 wire_bytes=17301504 frames=4096 read_frames=0 write_frames=4096 frames_per_sec=3824 seconds=1.071080 logical_MiBps=14.94 target_cpu=-1 affinity_applied=false
zcnblk-send-worker-latency: worker=12 write_ack_count=4096 write_ack_avg_ns=1045443 write_ack_min_ns=620905 write_ack_p50_ns=2000000 write_ack_p95_ns=2000000 write_ack_p99_ns=2000000 write_ack_p999_ns=2000000 write_ack_max_ns=2897231 read_count=0 read_avg_ns=0 read_min_ns=0 read_p50_ns=0 read_p95_ns=0 read_p99_ns=0 read_p999_ns=0 read_max_ns=0
zcnblk-send-worker: worker=13 streams=1 write_bytes=16777216 read_bytes=0 verified_read_bytes=0 read_checksum=0x0000000000000000 expected_checksum=0x0000000000000000 wire_bytes=17301504 frames=4096 read_frames=0 write_frames=4096 frames_per_sec=3502 seconds=1.169712 logical_MiBps=13.68 target_cpu=-1 affinity_applied=false
zcnblk-send-worker-latency: worker=13 write_ack_count=4096 write_ack_avg_ns=1141832 write_ack_min_ns=558389 write_ack_p50_ns=2000000 write_ack_p95_ns=2000000 write_ack_p99_ns=2000000 write_ack_p999_ns=2000000 write_ack_max_ns=2956944 read_count=0 read_avg_ns=0 read_min_ns=0 read_p50_ns=0 read_p95_ns=0 read_p99_ns=0 read_p999_ns=0 read_max_ns=0
zcnblk-send-worker: worker=14 streams=1 write_bytes=16777216 read_bytes=0 verified_read_bytes=0 read_checksum=0x0000000000000000 expected_checksum=0x0000000000000000 wire_bytes=17301504 frames=4096 read_frames=0 write_frames=4096 frames_per_sec=3710 seconds=1.104067 logical_MiBps=14.49 target_cpu=-1 affinity_applied=false
zcnblk-send-worker-latency: worker=14 write_ack_count=4096 write_ack_avg_ns=1077637 write_ack_min_ns=629809 write_ack_p50_ns=2000000 write_ack_p95_ns=2000000 write_ack_p99_ns=2000000 write_ack_p999_ns=3000000 write_ack_max_ns=2816332 read_count=0 read_avg_ns=0 read_min_ns=0 read_p50_ns=0 read_p95_ns=0 read_p99_ns=0 read_p999_ns=0 read_max_ns=0
zcnblk-send-worker: worker=15 streams=1 write_bytes=16777216 read_bytes=0 verified_read_bytes=0 read_checksum=0x0000000000000000 expected_checksum=0x0000000000000000 wire_bytes=17301504 frames=4096 read_frames=0 write_frames=4096 frames_per_sec=5336 seconds=0.767686 logical_MiBps=20.84 target_cpu=-1 affinity_applied=false
zcnblk-send-worker-latency: worker=15 write_ack_count=4096 write_ack_avg_ns=749324 write_ack_min_ns=570423 write_ack_p50_ns=676000 write_ack_p95_ns=2000000 write_ack_p99_ns=2000000 write_ack_p999_ns=2000000 write_ack_max_ns=3385179 read_count=0 read_avg_ns=0 read_min_ns=0 read_p50_ns=0 read_p95_ns=0 read_p99_ns=0 read_p999_ns=0 read_max_ns=0
zcnblk-send-worker: worker=16 streams=1 write_bytes=16777216 read_bytes=0 verified_read_bytes=0 read_checksum=0x0000000000000000 expected_checksum=0x0000000000000000 wire_bytes=17301504 frames=4096 read_frames=0 write_frames=4096 frames_per_sec=3883 seconds=1.054916 logical_MiBps=15.17 target_cpu=-1 affinity_applied=false
zcnblk-send-worker-latency: worker=16 write_ack_count=4096 write_ack_avg_ns=1029685 write_ack_min_ns=615464 write_ack_p50_ns=2000000 write_ack_p95_ns=2000000 write_ack_p99_ns=2000000 write_ack_p999_ns=3000000 write_ack_max_ns=3259309 read_count=0 read_avg_ns=0 read_min_ns=0 read_p50_ns=0 read_p95_ns=0 read_p99_ns=0 read_p999_ns=0 read_max_ns=0
zcnblk-send-worker: worker=17 streams=1 write_bytes=16777216 read_bytes=0 verified_read_bytes=0 read_checksum=0x0000000000000000 expected_checksum=0x0000000000000000 wire_bytes=17301504 frames=4096 read_frames=0 write_frames=4096 frames_per_sec=4443 seconds=0.921935 logical_MiBps=17.35 target_cpu=-1 affinity_applied=false
zcnblk-send-worker-latency: worker=17 write_ack_count=4096 write_ack_avg_ns=899910 write_ack_min_ns=536050 write_ack_p50_ns=899000 write_ack_p95_ns=2000000 write_ack_p99_ns=2000000 write_ack_p999_ns=2000000 write_ack_max_ns=3655392 read_count=0 read_avg_ns=0 read_min_ns=0 read_p50_ns=0 read_p95_ns=0 read_p99_ns=0 read_p999_ns=0 read_max_ns=0
zcnblk-send-worker: worker=18 streams=1 write_bytes=16777216 read_bytes=0 verified_read_bytes=0 read_checksum=0x0000000000000000 expected_checksum=0x0000000000000000 wire_bytes=17301504 frames=4096 read_frames=0 write_frames=4096 frames_per_sec=4908 seconds=0.834505 logical_MiBps=19.17 target_cpu=-1 affinity_applied=false
zcnblk-send-worker-latency: worker=18 write_ack_count=4096 write_ack_avg_ns=814533 write_ack_min_ns=571172 write_ack_p50_ns=793000 write_ack_p95_ns=2000000 write_ack_p99_ns=2000000 write_ack_p999_ns=2000000 write_ack_max_ns=3582097 read_count=0 read_avg_ns=0 read_min_ns=0 read_p50_ns=0 read_p95_ns=0 read_p99_ns=0 read_p999_ns=0 read_max_ns=0
zcnblk-send-worker: worker=19 streams=1 write_bytes=16777216 read_bytes=0 verified_read_bytes=0 read_checksum=0x0000000000000000 expected_checksum=0x0000000000000000 wire_bytes=17301504 frames=4096 read_frames=0 write_frames=4096 frames_per_sec=3686 seconds=1.111310 logical_MiBps=14.40 target_cpu=-1 affinity_applied=false
zcnblk-send-worker-latency: worker=19 write_ack_count=4096 write_ack_avg_ns=1084697 write_ack_min_ns=659506 write_ack_p50_ns=2000000 write_ack_p95_ns=2000000 write_ack_p99_ns=2000000 write_ack_p999_ns=2000000 write_ack_max_ns=3498402 read_count=0 read_avg_ns=0 read_min_ns=0 read_p50_ns=0 read_p95_ns=0 read_p99_ns=0 read_p999_ns=0 read_max_ns=0
zcnblk-send-worker: worker=20 streams=1 write_bytes=16777216 read_bytes=0 verified_read_bytes=0 read_checksum=0x0000000000000000 expected_checksum=0x0000000000000000 wire_bytes=17301504 frames=4096 read_frames=0 write_frames=4096 frames_per_sec=4335 seconds=0.944847 logical_MiBps=16.93 target_cpu=-1 affinity_applied=false
zcnblk-send-worker-latency: worker=20 write_ack_count=4096 write_ack_avg_ns=922318 write_ack_min_ns=558694 write_ack_p50_ns=884000 write_ack_p95_ns=2000000 write_ack_p99_ns=2000000 write_ack_p999_ns=2000000 write_ack_max_ns=3604794 read_count=0 read_avg_ns=0 read_min_ns=0 read_p50_ns=0 read_p95_ns=0 read_p99_ns=0 read_p999_ns=0 read_max_ns=0
zcnblk-send-worker: worker=21 streams=1 write_bytes=16777216 read_bytes=0 verified_read_bytes=0 read_checksum=0x0000000000000000 expected_checksum=0x0000000000000000 wire_bytes=17301504 frames=4096 read_frames=0 write_frames=4096 frames_per_sec=4366 seconds=0.938209 logical_MiBps=17.05 target_cpu=-1 affinity_applied=false
zcnblk-send-worker-latency: worker=21 write_ack_count=4096 write_ack_avg_ns=915689 write_ack_min_ns=566135 write_ack_p50_ns=915000 write_ack_p95_ns=2000000 write_ack_p99_ns=2000000 write_ack_p999_ns=2000000 write_ack_max_ns=3472521 read_count=0 read_avg_ns=0 read_min_ns=0 read_p50_ns=0 read_p95_ns=0 read_p99_ns=0 read_p999_ns=0 read_max_ns=0
zcnblk-send-worker: worker=22 streams=1 write_bytes=16777216 read_bytes=0 verified_read_bytes=0 read_checksum=0x0000000000000000 expected_checksum=0x0000000000000000 wire_bytes=17301504 frames=4096 read_frames=0 write_frames=4096 frames_per_sec=4125 seconds=0.992913 logical_MiBps=16.11 target_cpu=-1 affinity_applied=false
zcnblk-send-worker-latency: worker=22 write_ack_count=4096 write_ack_avg_ns=969346 write_ack_min_ns=613864 write_ack_p50_ns=965000 write_ack_p95_ns=2000000 write_ack_p99_ns=2000000 write_ack_p999_ns=2000000 write_ack_max_ns=4129863 read_count=0 read_avg_ns=0 read_min_ns=0 read_p50_ns=0 read_p95_ns=0 read_p99_ns=0 read_p999_ns=0 read_max_ns=0
zcnblk-send-worker: worker=23 streams=1 write_bytes=16777216 read_bytes=0 verified_read_bytes=0 read_checksum=0x0000000000000000 expected_checksum=0x0000000000000000 wire_bytes=17301504 frames=4096 read_frames=0 write_frames=4096 frames_per_sec=4181 seconds=0.979700 logical_MiBps=16.33 target_cpu=-1 affinity_applied=false
zcnblk-send-worker-latency: worker=23 write_ack_count=4096 write_ack_avg_ns=956239 write_ack_min_ns=615117 write_ack_p50_ns=941000 write_ack_p95_ns=2000000 write_ack_p99_ns=2000000 write_ack_p999_ns=2000000 write_ack_max_ns=3957558 read_count=0 read_avg_ns=0 read_min_ns=0 read_p50_ns=0 read_p95_ns=0 read_p99_ns=0 read_p999_ns=0 read_max_ns=0
zcnblk-send-worker: worker=24 streams=1 write_bytes=16777216 read_bytes=0 verified_read_bytes=0 read_checksum=0x0000000000000000 expected_checksum=0x0000000000000000 wire_bytes=17301504 frames=4096 read_frames=0 write_frames=4096 frames_per_sec=4238 seconds=0.966488 logical_MiBps=16.55 target_cpu=-1 affinity_applied=false
zcnblk-send-worker-latency: worker=24 write_ack_count=4096 write_ack_avg_ns=943201 write_ack_min_ns=550777 write_ack_p50_ns=904000 write_ack_p95_ns=2000000 write_ack_p99_ns=2000000 write_ack_p999_ns=2000000 write_ack_max_ns=3857729 read_count=0 read_avg_ns=0 read_min_ns=0 read_p50_ns=0 read_p95_ns=0 read_p99_ns=0 read_p999_ns=0 read_max_ns=0
zcnblk-send-worker: worker=25 streams=1 write_bytes=16777216 read_bytes=0 verified_read_bytes=0 read_checksum=0x0000000000000000 expected_checksum=0x0000000000000000 wire_bytes=17301504 frames=4096 read_frames=0 write_frames=4096 frames_per_sec=4461 seconds=0.918244 logical_MiBps=17.42 target_cpu=-1 affinity_applied=false
zcnblk-send-worker-latency: worker=25 write_ack_count=4096 write_ack_avg_ns=896142 write_ack_min_ns=589920 write_ack_p50_ns=868000 write_ack_p95_ns=2000000 write_ack_p99_ns=2000000 write_ack_p999_ns=2000000 write_ack_max_ns=4037634 read_count=0 read_avg_ns=0 read_min_ns=0 read_p50_ns=0 read_p95_ns=0 read_p99_ns=0 read_p999_ns=0 read_max_ns=0
zcnblk-send-worker: worker=26 streams=1 write_bytes=16777216 read_bytes=0 verified_read_bytes=0 read_checksum=0x0000000000000000 expected_checksum=0x0000000000000000 wire_bytes=17301504 frames=4096 read_frames=0 write_frames=4096 frames_per_sec=3563 seconds=1.149433 logical_MiBps=13.92 target_cpu=-1 affinity_applied=false
zcnblk-send-worker-latency: worker=26 write_ack_count=4096 write_ack_avg_ns=1121909 write_ack_min_ns=562491 write_ack_p50_ns=2000000 write_ack_p95_ns=2000000 write_ack_p99_ns=2000000 write_ack_p999_ns=2000000 write_ack_max_ns=4017555 read_count=0 read_avg_ns=0 read_min_ns=0 read_p50_ns=0 read_p95_ns=0 read_p99_ns=0 read_p999_ns=0 read_max_ns=0
zcnblk-send-worker: worker=27 streams=1 write_bytes=16777216 read_bytes=0 verified_read_bytes=0 read_checksum=0x0000000000000000 expected_checksum=0x0000000000000000 wire_bytes=17301504 frames=4096 read_frames=0 write_frames=4096 frames_per_sec=3916 seconds=1.045899 logical_MiBps=15.30 target_cpu=-1 affinity_applied=false
zcnblk-send-worker-latency: worker=27 write_ack_count=4096 write_ack_avg_ns=1020957 write_ack_min_ns=542798 write_ack_p50_ns=2000000 write_ack_p95_ns=2000000 write_ack_p99_ns=2000000 write_ack_p999_ns=2000000 write_ack_max_ns=3941433 read_count=0 read_avg_ns=0 read_min_ns=0 read_p50_ns=0 read_p95_ns=0 read_p99_ns=0 read_p999_ns=0 read_max_ns=0
zcnblk-send-worker: worker=28 streams=1 write_bytes=16777216 read_bytes=0 verified_read_bytes=0 read_checksum=0x0000000000000000 expected_checksum=0x0000000000000000 wire_bytes=17301504 frames=4096 read_frames=0 write_frames=4096 frames_per_sec=4260 seconds=0.961553 logical_MiBps=16.64 target_cpu=-1 affinity_applied=false
zcnblk-send-worker-latency: worker=28 write_ack_count=4096 write_ack_avg_ns=938488 write_ack_min_ns=613541 write_ack_p50_ns=901000 write_ack_p95_ns=2000000 write_ack_p99_ns=2000000 write_ack_p999_ns=2000000 write_ack_max_ns=4129528 read_count=0 read_avg_ns=0 read_min_ns=0 read_p50_ns=0 read_p95_ns=0 read_p99_ns=0 read_p999_ns=0 read_max_ns=0
zcnblk-send-worker: worker=29 streams=1 write_bytes=16777216 read_bytes=0 verified_read_bytes=0 read_checksum=0x0000000000000000 expected_checksum=0x0000000000000000 wire_bytes=17301504 frames=4096 read_frames=0 write_frames=4096 frames_per_sec=4124 seconds=0.993276 logical_MiBps=16.11 target_cpu=-1 affinity_applied=false
zcnblk-send-worker-latency: worker=29 write_ack_count=4096 write_ack_avg_ns=969437 write_ack_min_ns=597569 write_ack_p50_ns=946000 write_ack_p95_ns=2000000 write_ack_p99_ns=2000000 write_ack_p999_ns=2000000 write_ack_max_ns=3981662 read_count=0 read_avg_ns=0 read_min_ns=0 read_p50_ns=0 read_p95_ns=0 read_p99_ns=0 read_p999_ns=0 read_max_ns=0
zcnblk-send-worker: worker=30 streams=1 write_bytes=16777216 read_bytes=0 verified_read_bytes=0 read_checksum=0x0000000000000000 expected_checksum=0x0000000000000000 wire_bytes=17301504 frames=4096 read_frames=0 write_frames=4096 frames_per_sec=3913 seconds=1.046796 logical_MiBps=15.28 target_cpu=-1 affinity_applied=false
zcnblk-send-worker-latency: worker=30 write_ack_count=4096 write_ack_avg_ns=1021782 write_ack_min_ns=581124 write_ack_p50_ns=2000000 write_ack_p95_ns=2000000 write_ack_p99_ns=2000000 write_ack_p999_ns=2000000 write_ack_max_ns=4055503 read_count=0 read_avg_ns=0 read_min_ns=0 read_p50_ns=0 read_p95_ns=0 read_p99_ns=0 read_p999_ns=0 read_max_ns=0
zcnblk-send-worker: worker=31 streams=1 write_bytes=16777216 read_bytes=0 verified_read_bytes=0 read_checksum=0x0000000000000000 expected_checksum=0x0000000000000000 wire_bytes=17301504 frames=4096 read_frames=0 write_frames=4096 frames_per_sec=4290 seconds=0.954670 logical_MiBps=16.76 target_cpu=-1 affinity_applied=false
zcnblk-send-worker-latency: worker=31 write_ack_count=4096 write_ack_avg_ns=931655 write_ack_min_ns=570715 write_ack_p50_ns=896000 write_ack_p95_ns=2000000 write_ack_p99_ns=2000000 write_ack_p999_ns=2000000 write_ack_max_ns=4737768 read_count=0 read_avg_ns=0 read_min_ns=0 read_p50_ns=0 read_p95_ns=0 read_p99_ns=0 read_p999_ns=0 read_max_ns=0
zcnblk-send-worker: worker=32 streams=1 write_bytes=16777216 read_bytes=0 verified_read_bytes=0 read_checksum=0x0000000000000000 expected_checksum=0x0000000000000000 wire_bytes=17301504 frames=4096 read_frames=0 write_frames=4096 frames_per_sec=3812 seconds=1.074429 logical_MiBps=14.89 target_cpu=-1 affinity_applied=false
zcnblk-send-worker-latency: worker=32 write_ack_count=4096 write_ack_avg_ns=1048736 write_ack_min_ns=537724 write_ack_p50_ns=2000000 write_ack_p95_ns=2000000 write_ack_p99_ns=2000000 write_ack_p999_ns=3000000 write_ack_max_ns=4588904 read_count=0 read_avg_ns=0 read_min_ns=0 read_p50_ns=0 read_p95_ns=0 read_p99_ns=0 read_p999_ns=0 read_max_ns=0
zcnblk-send-worker: worker=33 streams=1 write_bytes=16777216 read_bytes=0 verified_read_bytes=0 read_checksum=0x0000000000000000 expected_checksum=0x0000000000000000 wire_bytes=17301504 frames=4096 read_frames=0 write_frames=4096 frames_per_sec=4246 seconds=0.964570 logical_MiBps=16.59 target_cpu=-1 affinity_applied=false
zcnblk-send-worker-latency: worker=33 write_ack_count=4096 write_ack_avg_ns=941478 write_ack_min_ns=577829 write_ack_p50_ns=923000 write_ack_p95_ns=2000000 write_ack_p99_ns=2000000 write_ack_p999_ns=2000000 write_ack_max_ns=4625573 read_count=0 read_avg_ns=0 read_min_ns=0 read_p50_ns=0 read_p95_ns=0 read_p99_ns=0 read_p999_ns=0 read_max_ns=0
zcnblk-send-worker: worker=34 streams=1 write_bytes=16777216 read_bytes=0 verified_read_bytes=0 read_checksum=0x0000000000000000 expected_checksum=0x0000000000000000 wire_bytes=17301504 frames=4096 read_frames=0 write_frames=4096 frames_per_sec=3933 seconds=1.041422 logical_MiBps=15.36 target_cpu=-1 affinity_applied=false
zcnblk-send-worker-latency: worker=34 write_ack_count=4096 write_ack_avg_ns=1016609 write_ack_min_ns=610009 write_ack_p50_ns=996000 write_ack_p95_ns=2000000 write_ack_p99_ns=2000000 write_ack_p999_ns=2000000 write_ack_max_ns=4632603 read_count=0 read_avg_ns=0 read_min_ns=0 read_p50_ns=0 read_p95_ns=0 read_p99_ns=0 read_p999_ns=0 read_max_ns=0
zcnblk-send-worker: worker=35 streams=1 write_bytes=16777216 read_bytes=0 verified_read_bytes=0 read_checksum=0x0000000000000000 expected_checksum=0x0000000000000000 wire_bytes=17301504 frames=4096 read_frames=0 write_frames=4096 frames_per_sec=4052 seconds=1.010734 logical_MiBps=15.83 target_cpu=-1 affinity_applied=false
zcnblk-send-worker-latency: worker=35 write_ack_count=4096 write_ack_avg_ns=986645 write_ack_min_ns=576684 write_ack_p50_ns=965000 write_ack_p95_ns=2000000 write_ack_p99_ns=2000000 write_ack_p999_ns=2000000 write_ack_max_ns=4616965 read_count=0 read_avg_ns=0 read_min_ns=0 read_p50_ns=0 read_p95_ns=0 read_p99_ns=0 read_p999_ns=0 read_max_ns=0
zcnblk-send-worker: worker=36 streams=1 write_bytes=16777216 read_bytes=0 verified_read_bytes=0 read_checksum=0x0000000000000000 expected_checksum=0x0000000000000000 wire_bytes=17301504 frames=4096 read_frames=0 write_frames=4096 frames_per_sec=4406 seconds=0.929659 logical_MiBps=17.21 target_cpu=-1 affinity_applied=false
zcnblk-send-worker-latency: worker=36 write_ack_count=4096 write_ack_avg_ns=907510 write_ack_min_ns=544054 write_ack_p50_ns=899000 write_ack_p95_ns=2000000 write_ack_p99_ns=2000000 write_ack_p999_ns=2000000 write_ack_max_ns=4820883 read_count=0 read_avg_ns=0 read_min_ns=0 read_p50_ns=0 read_p95_ns=0 read_p99_ns=0 read_p999_ns=0 read_max_ns=0
zcnblk-send-worker: worker=37 streams=1 write_bytes=16777216 read_bytes=0 verified_read_bytes=0 read_checksum=0x0000000000000000 expected_checksum=0x0000000000000000 wire_bytes=17301504 frames=4096 read_frames=0 write_frames=4096 frames_per_sec=4006 seconds=1.022551 logical_MiBps=15.65 target_cpu=-1 affinity_applied=false
zcnblk-send-worker-latency: worker=37 write_ack_count=4096 write_ack_avg_ns=998159 write_ack_min_ns=595067 write_ack_p50_ns=994000 write_ack_p95_ns=2000000 write_ack_p99_ns=2000000 write_ack_p999_ns=2000000 write_ack_max_ns=5162940 read_count=0 read_avg_ns=0 read_min_ns=0 read_p50_ns=0 read_p95_ns=0 read_p99_ns=0 read_p999_ns=0 read_max_ns=0
zcnblk-send-worker: worker=38 streams=1 write_bytes=16777216 read_bytes=0 verified_read_bytes=0 read_checksum=0x0000000000000000 expected_checksum=0x0000000000000000 wire_bytes=17301504 frames=4096 read_frames=0 write_frames=4096 frames_per_sec=3543 seconds=1.156158 logical_MiBps=13.84 target_cpu=-1 affinity_applied=false
zcnblk-send-worker-latency: worker=38 write_ack_count=4096 write_ack_avg_ns=1128414 write_ack_min_ns=641306 write_ack_p50_ns=2000000 write_ack_p95_ns=2000000 write_ack_p99_ns=2000000 write_ack_p999_ns=3000000 write_ack_max_ns=5318062 read_count=0 read_avg_ns=0 read_min_ns=0 read_p50_ns=0 read_p95_ns=0 read_p99_ns=0 read_p999_ns=0 read_max_ns=0
zcnblk-send-worker: worker=39 streams=1 write_bytes=16777216 read_bytes=0 verified_read_bytes=0 read_checksum=0x0000000000000000 expected_checksum=0x0000000000000000 wire_bytes=17301504 frames=4096 read_frames=0 write_frames=4096 frames_per_sec=3731 seconds=1.097758 logical_MiBps=14.58 target_cpu=-1 affinity_applied=false
zcnblk-send-worker-latency: worker=39 write_ack_count=4096 write_ack_avg_ns=1071472 write_ack_min_ns=651235 write_ack_p50_ns=2000000 write_ack_p95_ns=2000000 write_ack_p99_ns=2000000 write_ack_p999_ns=2000000 write_ack_max_ns=5187388 read_count=0 read_avg_ns=0 read_min_ns=0 read_p50_ns=0 read_p95_ns=0 read_p99_ns=0 read_p999_ns=0 read_max_ns=0
zcnblk-send-worker: worker=40 streams=1 write_bytes=16777216 read_bytes=0 verified_read_bytes=0 read_checksum=0x0000000000000000 expected_checksum=0x0000000000000000 wire_bytes=17301504 frames=4096 read_frames=0 write_frames=4096 frames_per_sec=3834 seconds=1.068300 logical_MiBps=14.98 target_cpu=-1 affinity_applied=false
zcnblk-send-worker-latency: worker=40 write_ack_count=4096 write_ack_avg_ns=1042962 write_ack_min_ns=542635 write_ack_p50_ns=2000000 write_ack_p95_ns=2000000 write_ack_p99_ns=2000000 write_ack_p999_ns=2000000 write_ack_max_ns=5326948 read_count=0 read_avg_ns=0 read_min_ns=0 read_p50_ns=0 read_p95_ns=0 read_p99_ns=0 read_p999_ns=0 read_max_ns=0
zcnblk-send-worker: worker=41 streams=1 write_bytes=16777216 read_bytes=0 verified_read_bytes=0 read_checksum=0x0000000000000000 expected_checksum=0x0000000000000000 wire_bytes=17301504 frames=4096 read_frames=0 write_frames=4096 frames_per_sec=4516 seconds=0.907023 logical_MiBps=17.64 target_cpu=-1 affinity_applied=false
zcnblk-send-worker-latency: worker=41 write_ack_count=4096 write_ack_avg_ns=885210 write_ack_min_ns=582320 write_ack_p50_ns=855000 write_ack_p95_ns=2000000 write_ack_p99_ns=2000000 write_ack_p999_ns=2000000 write_ack_max_ns=5805876 read_count=0 read_avg_ns=0 read_min_ns=0 read_p50_ns=0 read_p95_ns=0 read_p99_ns=0 read_p999_ns=0 read_max_ns=0
zcnblk-send-worker: worker=42 streams=1 write_bytes=16777216 read_bytes=0 verified_read_bytes=0 read_checksum=0x0000000000000000 expected_checksum=0x0000000000000000 wire_bytes=17301504 frames=4096 read_frames=0 write_frames=4096 frames_per_sec=4018 seconds=1.019395 logical_MiBps=15.70 target_cpu=-1 affinity_applied=false
zcnblk-send-worker-latency: worker=42 write_ack_count=4096 write_ack_avg_ns=994887 write_ack_min_ns=543974 write_ack_p50_ns=2000000 write_ack_p95_ns=2000000 write_ack_p99_ns=2000000 write_ack_p999_ns=3000000 write_ack_max_ns=6374339 read_count=0 read_avg_ns=0 read_min_ns=0 read_p50_ns=0 read_p95_ns=0 read_p99_ns=0 read_p999_ns=0 read_max_ns=0
zcnblk-send-worker: worker=43 streams=1 write_bytes=16777216 read_bytes=0 verified_read_bytes=0 read_checksum=0x0000000000000000 expected_checksum=0x0000000000000000 wire_bytes=17301504 frames=4096 read_frames=0 write_frames=4096 frames_per_sec=3390 seconds=1.208413 logical_MiBps=13.24 target_cpu=-1 affinity_applied=false
zcnblk-send-worker-latency: worker=43 write_ack_count=4096 write_ack_avg_ns=1179737 write_ack_min_ns=557505 write_ack_p50_ns=2000000 write_ack_p95_ns=2000000 write_ack_p99_ns=2000000 write_ack_p999_ns=3000000 write_ack_max_ns=5520996 read_count=0 read_avg_ns=0 read_min_ns=0 read_p50_ns=0 read_p95_ns=0 read_p99_ns=0 read_p999_ns=0 read_max_ns=0
zcnblk-send-worker: worker=44 streams=1 write_bytes=16777216 read_bytes=0 verified_read_bytes=0 read_checksum=0x0000000000000000 expected_checksum=0x0000000000000000 wire_bytes=17301504 frames=4096 read_frames=0 write_frames=4096 frames_per_sec=3395 seconds=1.206473 logical_MiBps=13.26 target_cpu=-1 affinity_applied=false
zcnblk-send-worker-latency: worker=44 write_ack_count=4096 write_ack_avg_ns=1177834 write_ack_min_ns=546511 write_ack_p50_ns=2000000 write_ack_p95_ns=2000000 write_ack_p99_ns=2000000 write_ack_p999_ns=3000000 write_ack_max_ns=6126068 read_count=0 read_avg_ns=0 read_min_ns=0 read_p50_ns=0 read_p95_ns=0 read_p99_ns=0 read_p999_ns=0 read_max_ns=0
zcnblk-send-worker: worker=45 streams=1 write_bytes=16777216 read_bytes=0 verified_read_bytes=0 read_checksum=0x0000000000000000 expected_checksum=0x0000000000000000 wire_bytes=17301504 frames=4096 read_frames=0 write_frames=4096 frames_per_sec=6012 seconds=0.681296 logical_MiBps=23.48 target_cpu=-1 affinity_applied=false
zcnblk-send-worker-latency: worker=45 write_ack_count=4096 write_ack_avg_ns=664913 write_ack_min_ns=555188 write_ack_p50_ns=626000 write_ack_p95_ns=871000 write_ack_p99_ns=2000000 write_ack_p999_ns=2000000 write_ack_max_ns=6095021 read_count=0 read_avg_ns=0 read_min_ns=0 read_p50_ns=0 read_p95_ns=0 read_p99_ns=0 read_p999_ns=0 read_max_ns=0
zcnblk-send-worker: worker=46 streams=1 write_bytes=16777216 read_bytes=0 verified_read_bytes=0 read_checksum=0x0000000000000000 expected_checksum=0x0000000000000000 wire_bytes=17301504 frames=4096 read_frames=0 write_frames=4096 frames_per_sec=3292 seconds=1.244053 logical_MiBps=12.86 target_cpu=-1 affinity_applied=false
zcnblk-send-worker-latency: worker=46 write_ack_count=4096 write_ack_avg_ns=1214487 write_ack_min_ns=571102 write_ack_p50_ns=2000000 write_ack_p95_ns=2000000 write_ack_p99_ns=2000000 write_ack_p999_ns=3000000 write_ack_max_ns=6161007 read_count=0 read_avg_ns=0 read_min_ns=0 read_p50_ns=0 read_p95_ns=0 read_p99_ns=0 read_p999_ns=0 read_max_ns=0
zcnblk-send-worker: worker=47 streams=1 write_bytes=16777216 read_bytes=0 verified_read_bytes=0 read_checksum=0x0000000000000000 expected_checksum=0x0000000000000000 wire_bytes=17301504 frames=4096 read_frames=0 write_frames=4096 frames_per_sec=4395 seconds=0.932023 logical_MiBps=17.17 target_cpu=-1 affinity_applied=false
zcnblk-send-worker-latency: worker=47 write_ack_count=4096 write_ack_avg_ns=909648 write_ack_min_ns=568937 write_ack_p50_ns=901000 write_ack_p95_ns=2000000 write_ack_p99_ns=2000000 write_ack_p999_ns=2000000 write_ack_max_ns=6243699 read_count=0 read_avg_ns=0 read_min_ns=0 read_p50_ns=0 read_p95_ns=0 read_p99_ns=0 read_p999_ns=0 read_max_ns=0
zcnblk-send-worker: worker=48 streams=1 write_bytes=16777216 read_bytes=0 verified_read_bytes=0 read_checksum=0x0000000000000000 expected_checksum=0x0000000000000000 wire_bytes=17301504 frames=4096 read_frames=0 write_frames=4096 frames_per_sec=3539 seconds=1.157299 logical_MiBps=13.83 target_cpu=-1 affinity_applied=false
zcnblk-send-worker-latency: worker=48 write_ack_count=4096 write_ack_avg_ns=1129811 write_ack_min_ns=574141 write_ack_p50_ns=2000000 write_ack_p95_ns=2000000 write_ack_p99_ns=2000000 write_ack_p999_ns=3000000 write_ack_max_ns=6330719 read_count=0 read_avg_ns=0 read_min_ns=0 read_p50_ns=0 read_p95_ns=0 read_p99_ns=0 read_p999_ns=0 read_max_ns=0
zcnblk-send-worker: worker=49 streams=1 write_bytes=16777216 read_bytes=0 verified_read_bytes=0 read_checksum=0x0000000000000000 expected_checksum=0x0000000000000000 wire_bytes=17301504 frames=4096 read_frames=0 write_frames=4096 frames_per_sec=3400 seconds=1.204787 logical_MiBps=13.28 target_cpu=-1 affinity_applied=false
zcnblk-send-worker-latency: worker=49 write_ack_count=4096 write_ack_avg_ns=1176073 write_ack_min_ns=641238 write_ack_p50_ns=2000000 write_ack_p95_ns=2000000 write_ack_p99_ns=2000000 write_ack_p999_ns=3000000 write_ack_max_ns=6037443 read_count=0 read_avg_ns=0 read_min_ns=0 read_p50_ns=0 read_p95_ns=0 read_p99_ns=0 read_p999_ns=0 read_max_ns=0
zcnblk-send-worker: worker=50 streams=1 write_bytes=16777216 read_bytes=0 verified_read_bytes=0 read_checksum=0x0000000000000000 expected_checksum=0x0000000000000000 wire_bytes=17301504 frames=4096 read_frames=0 write_frames=4096 frames_per_sec=3260 seconds=1.256278 logical_MiBps=12.74 target_cpu=-1 affinity_applied=false
zcnblk-send-worker-latency: worker=50 write_ack_count=4096 write_ack_avg_ns=1226334 write_ack_min_ns=636277 write_ack_p50_ns=2000000 write_ack_p95_ns=2000000 write_ack_p99_ns=2000000 write_ack_p999_ns=2000000 write_ack_max_ns=6560017 read_count=0 read_avg_ns=0 read_min_ns=0 read_p50_ns=0 read_p95_ns=0 read_p99_ns=0 read_p999_ns=0 read_max_ns=0
zcnblk-send-worker: worker=51 streams=1 write_bytes=16777216 read_bytes=0 verified_read_bytes=0 read_checksum=0x0000000000000000 expected_checksum=0x0000000000000000 wire_bytes=17301504 frames=4096 read_frames=0 write_frames=4096 frames_per_sec=3618 seconds=1.132207 logical_MiBps=14.13 target_cpu=-1 affinity_applied=false
zcnblk-send-worker-latency: worker=51 write_ack_count=4096 write_ack_avg_ns=1105205 write_ack_min_ns=563685 write_ack_p50_ns=2000000 write_ack_p95_ns=2000000 write_ack_p99_ns=2000000 write_ack_p999_ns=2000000 write_ack_max_ns=6403888 read_count=0 read_avg_ns=0 read_min_ns=0 read_p50_ns=0 read_p95_ns=0 read_p99_ns=0 read_p999_ns=0 read_max_ns=0
zcnblk-send-worker: worker=52 streams=1 write_bytes=16777216 read_bytes=0 verified_read_bytes=0 read_checksum=0x0000000000000000 expected_checksum=0x0000000000000000 wire_bytes=17301504 frames=4096 read_frames=0 write_frames=4096 frames_per_sec=4031 seconds=1.016090 logical_MiBps=15.75 target_cpu=-1 affinity_applied=false
zcnblk-send-worker-latency: worker=52 write_ack_count=4096 write_ack_avg_ns=991752 write_ack_min_ns=622785 write_ack_p50_ns=965000 write_ack_p95_ns=2000000 write_ack_p99_ns=2000000 write_ack_p999_ns=3000000 write_ack_max_ns=6922430 read_count=0 read_avg_ns=0 read_min_ns=0 read_p50_ns=0 read_p95_ns=0 read_p99_ns=0 read_p999_ns=0 read_max_ns=0
zcnblk-send-worker: worker=53 streams=1 write_bytes=16777216 read_bytes=0 verified_read_bytes=0 read_checksum=0x0000000000000000 expected_checksum=0x0000000000000000 wire_bytes=17301504 frames=4096 read_frames=0 write_frames=4096 frames_per_sec=3709 seconds=1.104265 logical_MiBps=14.49 target_cpu=-1 affinity_applied=false
zcnblk-send-worker-latency: worker=53 write_ack_count=4096 write_ack_avg_ns=1077743 write_ack_min_ns=675361 write_ack_p50_ns=2000000 write_ack_p95_ns=2000000 write_ack_p99_ns=2000000 write_ack_p999_ns=2000000 write_ack_max_ns=6659020 read_count=0 read_avg_ns=0 read_min_ns=0 read_p50_ns=0 read_p95_ns=0 read_p99_ns=0 read_p999_ns=0 read_max_ns=0
zcnblk-send-worker: worker=54 streams=1 write_bytes=16777216 read_bytes=0 verified_read_bytes=0 read_checksum=0x0000000000000000 expected_checksum=0x0000000000000000 wire_bytes=17301504 frames=4096 read_frames=0 write_frames=4096 frames_per_sec=4414 seconds=0.928058 logical_MiBps=17.24 target_cpu=-1 affinity_applied=false
zcnblk-send-worker-latency: worker=54 write_ack_count=4096 write_ack_avg_ns=905870 write_ack_min_ns=591400 write_ack_p50_ns=880000 write_ack_p95_ns=2000000 write_ack_p99_ns=2000000 write_ack_p999_ns=2000000 write_ack_max_ns=6696655 read_count=0 read_avg_ns=0 read_min_ns=0 read_p50_ns=0 read_p95_ns=0 read_p99_ns=0 read_p999_ns=0 read_max_ns=0
zcnblk-send-worker: worker=55 streams=1 write_bytes=16777216 read_bytes=0 verified_read_bytes=0 read_checksum=0x0000000000000000 expected_checksum=0x0000000000000000 wire_bytes=17301504 frames=4096 read_frames=0 write_frames=4096 frames_per_sec=4049 seconds=1.011635 logical_MiBps=15.82 target_cpu=-1 affinity_applied=false
zcnblk-send-worker-latency: worker=55 write_ack_count=4096 write_ack_avg_ns=987572 write_ack_min_ns=570191 write_ack_p50_ns=977000 write_ack_p95_ns=2000000 write_ack_p99_ns=2000000 write_ack_p999_ns=3000000 write_ack_max_ns=7424157 read_count=0 read_avg_ns=0 read_min_ns=0 read_p50_ns=0 read_p95_ns=0 read_p99_ns=0 read_p999_ns=0 read_max_ns=0
zcnblk-send-worker: worker=56 streams=1 write_bytes=16777216 read_bytes=0 verified_read_bytes=0 read_checksum=0x0000000000000000 expected_checksum=0x0000000000000000 wire_bytes=17301504 frames=4096 read_frames=0 write_frames=4096 frames_per_sec=4504 seconds=0.909327 logical_MiBps=17.60 target_cpu=-1 affinity_applied=false
zcnblk-send-worker-latency: worker=56 write_ack_count=4096 write_ack_avg_ns=887433 write_ack_min_ns=564486 write_ack_p50_ns=854000 write_ack_p95_ns=2000000 write_ack_p99_ns=2000000 write_ack_p999_ns=2000000 write_ack_max_ns=7016760 read_count=0 read_avg_ns=0 read_min_ns=0 read_p50_ns=0 read_p95_ns=0 read_p99_ns=0 read_p999_ns=0 read_max_ns=0
zcnblk-send-worker: worker=57 streams=1 write_bytes=16777216 read_bytes=0 verified_read_bytes=0 read_checksum=0x0000000000000000 expected_checksum=0x0000000000000000 wire_bytes=17301504 frames=4096 read_frames=0 write_frames=4096 frames_per_sec=4763 seconds=0.859908 logical_MiBps=18.61 target_cpu=-1 affinity_applied=false
zcnblk-send-worker-latency: worker=57 write_ack_count=4096 write_ack_avg_ns=839269 write_ack_min_ns=552212 write_ack_p50_ns=639000 write_ack_p95_ns=2000000 write_ack_p99_ns=2000000 write_ack_p999_ns=3000000 write_ack_max_ns=7410104 read_count=0 read_avg_ns=0 read_min_ns=0 read_p50_ns=0 read_p95_ns=0 read_p99_ns=0 read_p999_ns=0 read_max_ns=0
zcnblk-send-worker: worker=58 streams=1 write_bytes=16777216 read_bytes=0 verified_read_bytes=0 read_checksum=0x0000000000000000 expected_checksum=0x0000000000000000 wire_bytes=17301504 frames=4096 read_frames=0 write_frames=4096 frames_per_sec=3902 seconds=1.049663 logical_MiBps=15.24 target_cpu=-1 affinity_applied=false
zcnblk-send-worker-latency: worker=58 write_ack_count=4096 write_ack_avg_ns=1024324 write_ack_min_ns=625658 write_ack_p50_ns=992000 write_ack_p95_ns=2000000 write_ack_p99_ns=2000000 write_ack_p999_ns=2000000 write_ack_max_ns=7494152 read_count=0 read_avg_ns=0 read_min_ns=0 read_p50_ns=0 read_p95_ns=0 read_p99_ns=0 read_p999_ns=0 read_max_ns=0
zcnblk-send-worker: worker=59 streams=1 write_bytes=16777216 read_bytes=0 verified_read_bytes=0 read_checksum=0x0000000000000000 expected_checksum=0x0000000000000000 wire_bytes=17301504 frames=4096 read_frames=0 write_frames=4096 frames_per_sec=3480 seconds=1.177134 logical_MiBps=13.59 target_cpu=-1 affinity_applied=false
zcnblk-send-worker-latency: worker=59 write_ack_count=4096 write_ack_avg_ns=1149219 write_ack_min_ns=596517 write_ack_p50_ns=2000000 write_ack_p95_ns=2000000 write_ack_p99_ns=2000000 write_ack_p999_ns=3000000 write_ack_max_ns=7856028 read_count=0 read_avg_ns=0 read_min_ns=0 read_p50_ns=0 read_p95_ns=0 read_p99_ns=0 read_p999_ns=0 read_max_ns=0
zcnblk-send-worker: worker=60 streams=1 write_bytes=16777216 read_bytes=0 verified_read_bytes=0 read_checksum=0x0000000000000000 expected_checksum=0x0000000000000000 wire_bytes=17301504 frames=4096 read_frames=0 write_frames=4096 frames_per_sec=3694 seconds=1.108939 logical_MiBps=14.43 target_cpu=-1 affinity_applied=false
zcnblk-send-worker-latency: worker=60 write_ack_count=4096 write_ack_avg_ns=1082495 write_ack_min_ns=605151 write_ack_p50_ns=2000000 write_ack_p95_ns=2000000 write_ack_p99_ns=2000000 write_ack_p999_ns=2000000 write_ack_max_ns=7802089 read_count=0 read_avg_ns=0 read_min_ns=0 read_p50_ns=0 read_p95_ns=0 read_p99_ns=0 read_p999_ns=0 read_max_ns=0
zcnblk-send-worker: worker=61 streams=1 write_bytes=16777216 read_bytes=0 verified_read_bytes=0 read_checksum=0x0000000000000000 expected_checksum=0x0000000000000000 wire_bytes=17301504 frames=4096 read_frames=0 write_frames=4096 frames_per_sec=4416 seconds=0.927626 logical_MiBps=17.25 target_cpu=-1 affinity_applied=false
zcnblk-send-worker-latency: worker=61 write_ack_count=4096 write_ack_avg_ns=905397 write_ack_min_ns=560312 write_ack_p50_ns=902000 write_ack_p95_ns=2000000 write_ack_p99_ns=2000000 write_ack_p999_ns=2000000 write_ack_max_ns=8026992 read_count=0 read_avg_ns=0 read_min_ns=0 read_p50_ns=0 read_p95_ns=0 read_p99_ns=0 read_p999_ns=0 read_max_ns=0
zcnblk-send-worker: worker=62 streams=1 write_bytes=16777216 read_bytes=0 verified_read_bytes=0 read_checksum=0x0000000000000000 expected_checksum=0x0000000000000000 wire_bytes=17301504 frames=4096 read_frames=0 write_frames=4096 frames_per_sec=4578 seconds=0.894659 logical_MiBps=17.88 target_cpu=-1 affinity_applied=false
zcnblk-send-worker-latency: worker=62 write_ack_count=4096 write_ack_avg_ns=873244 write_ack_min_ns=562714 write_ack_p50_ns=834000 write_ack_p95_ns=2000000 write_ack_p99_ns=2000000 write_ack_p999_ns=2000000 write_ack_max_ns=8010977 read_count=0 read_avg_ns=0 read_min_ns=0 read_p50_ns=0 read_p95_ns=0 read_p99_ns=0 read_p999_ns=0 read_max_ns=0
zcnblk-send-worker: worker=63 streams=1 write_bytes=16777216 read_bytes=0 verified_read_bytes=0 read_checksum=0x0000000000000000 expected_checksum=0x0000000000000000 wire_bytes=17301504 frames=4096 read_frames=0 write_frames=4096 frames_per_sec=3487 seconds=1.174502 logical_MiBps=13.62 target_cpu=-1 affinity_applied=false
zcnblk-send-worker-latency: worker=63 write_ack_count=4096 write_ack_avg_ns=1146546 write_ack_min_ns=583684 write_ack_p50_ns=2000000 write_ack_p95_ns=2000000 write_ack_p99_ns=2000000 write_ack_p999_ns=2000000 write_ack_max_ns=7935024 read_count=0 read_avg_ns=0 read_min_ns=0 read_p50_ns=0 read_p95_ns=0 read_p99_ns=0 read_p999_ns=0 read_max_ns=0
zcnblk-send-summary: write_bytes=1073741824 read_bytes=0 verified_read_bytes=0 read_checksum=0x0000000000000000 expected_checksum=0x0000000000000000 wire_bytes=1107296256 frames=262144 read_frames=0 write_frames=262144 frames_per_sec=208667
zcnblk-send-latency-summary: write_ack_count=262144 write_ack_avg_ns=1006577 write_ack_min_ns=532990 write_ack_p50_ns=992000 write_ack_p95_ns=2000000 write_ack_p99_ns=2000000 write_ack_p999_ns=3000000 write_ack_max_ns=8026992 read_count=0 read_avg_ns=0 read_min_ns=0 read_p50_ns=0 read_p95_ns=0 read_p99_ns=0 read_p999_ns=0 read_max_ns=0
zcnblk-send: bytes=1073741824 seconds=1.256278 GiBps=0.796 Gbitps=6.838
